[Level 3 step 41626] Advanced 4096000 cells
[Level 2 step 20814] ADVANCE at time 52.0325 with dt = 0.0025
[Level 2 step 20814] average evolution speed = 18.25624544 code units/h
[Level 2 step 20814] Advanced 4096000 cells
[Level 3 step 41627] ADVANCE at time 52.0325 with dt = 0.00125
[Level 3 step 41627] average evolution speed = 18.25571652 code units/h
[Level 3 step 41627] Advanced 4096000 cells
[Level 3 step 41628] ADVANCE at time 52.03375 with dt = 0.00125
[Level 3 step 41628] average evolution speed = 18.25622313 code units/h
[Level 3 step 41628] Advanced 4096000 cells
[Level 1 step 10408] ADVANCE at time 52.035 with dt = 0.005
[Level 1 step 10408] average evolution speed = 18.25666172 code units/h
[Level 1 step 10408] Advanced 4096000 cells
[Level 2 step 20815] ADVANCE at time 52.035 with dt = 0.0025
[Level 2 step 20815] average evolution speed = 18.25613445 code units/h
[Level 2 step 20815] Advanced 4096000 cells
[Level 3 step 41629] ADVANCE at time 52.035 with dt = 0.00125
[Level 3 step 41629] average evolution speed = 18.25560468 code units/h
[Level 3 step 41629] Advanced 4096000 cells
[Level 3 step 41630] ADVANCE at time 52.03625 with dt = 0.00125
[Level 3 step 41630] average evolution speed = 18.25610971 code units/h
[Level 3 step 41630] Advanced 4096000 cells
[Level 2 step 20816] ADVANCE at time 52.0375 with dt = 0.0025
[Level 2 step 20816] average evolution speed = 18.25658112 code units/h
[Level 2 step 20816] Advanced 4096000 cells
[Level 3 step 41631] ADVANCE at time 52.0375 with dt = 0.00125
[Level 3 step 41631] average evolution speed = 18.25605121 code units/h
[Level 3 step 41631] Advanced 4096000 cells
[Level 3 step 41632] ADVANCE at time 52.03875 with dt = 0.00125
[Level 3 step 41632] average evolution speed = 18.25655639 code units/h
[Level 3 step 41632] Advanced 4096000 cells

[STEP 5204] Coarse TimeStep time: 1.926927062
[STEP 5204] FAB kilobyte spread across MPI nodes: [29446378 ... 29446378]

STEP = 5204 TIME = 52.04 DT = 0.01

Now regridding at level lbase = 2
grid_places() time: 0.006137643 new finest: 3
TIME = 52.04 : REGRID  with lbase = 2
  Level 3   125 grids  4096000 cells  0.3814697266 % of domain
            smallest grid: 32 x 32 x 32  biggest grid: 32 x 32 x 32

[Level 0 step 5205] ADVANCE at time 52.04 with dt = 0.01
[Level 0 step 5205] average evolution speed = 18.25680868 code units/h
[Level 0 step 5205] Advanced 2097152 cells
[Level 1 step 10409] ADVANCE at time 52.04 with dt = 0.005
[Level 1 step 10409] average evolution speed = 18.25644776 code units/h
[Level 1 step 10409] Advanced 4096000 cells
[Level 2 step 20817] ADVANCE at time 52.04 with dt = 0.0025
[Level 2 step 20817] average evolution speed = 18.25592015 code units/h
[Level 2 step 20817] Advanced 4096000 cells
[Level 3 step 41633] ADVANCE at time 52.04 with dt = 0.00125
[Level 3 step 41633] average evolution speed = 18.25538934 code units/h
[Level 3 step 41633] Advanced 4096000 cells
[Level 3 step 41634] ADVANCE at time 52.04125 with dt = 0.00125
[Level 3 step 41634] average evolution speed = 18.25589258 code units/h
[Level 3 step 41634] Advanced 4096000 cells
[Level 2 step 20818] ADVANCE at time 52.0425 with dt = 0.0025
[Level 2 step 20818] average evolution speed = 18.25636316 code units/h
[Level 2 step 20818] Advanced 4096000 cells
[Level 3 step 41635] ADVANCE at time 52.0425 with dt = 0.00125
[Level 3 step 41635] average evolution speed = 18.2558331 code units/h
[Level 3 step 41635] Advanced 4096000 cells
[Level 3 step 41636] ADVANCE at time 52.04375 with dt = 0.00125
[Level 3 step 41636] average evolution speed = 18.25633775 code units/h
[Level 3 step 41636] Advanced 4096000 cells
[Level 1 step 10410] ADVANCE at time 52.045 with dt = 0.005
[Level 1 step 10410] average evolution speed = 18.25677473 code units/h
[Level 1 step 10410] Advanced 4096000 cells
[Level 2 step 20819] ADVANCE at time 52.045 with dt = 0.0025
[Level 2 step 20819] average evolution speed = 18.25624719 code units/h
[Level 2 step 20819] Advanced 4096000 cells
[Level 3 step 41637] ADVANCE at time 52.045 with dt = 0.00125
[Level 3 step 41637] average evolution speed = 18.25571677 code units/h
[Level 3 step 41637] Advanced 4096000 cells
[Level 3 step 41638] ADVANCE at time 52.04625 with dt = 0.00125
[Level 3 step 41638] average evolution speed = 18.25622057 code units/h
[Level 3 step 41638] Advanced 4096000 cells
[Level 2 step 20820] ADVANCE at time 52.0475 with dt = 0.0025
[Level 2 step 20820] average evolution speed = 18.25669115 code units/h
[Level 2 step 20820] Advanced 4096000 cells
[Level 3 step 41639] ADVANCE at time 52.0475 with dt = 0.00125
[Level 3 step 41639] average evolution speed = 18.25616053 code units/h
[Level 3 step 41639] Advanced 4096000 cells
[Level 3 step 41640] ADVANCE at time 52.04875 with dt = 0.00125
[Level 3 step 41640] average evolution speed = 18.25666431 code units/h
[Level 3 step 41640] Advanced 4096000 cells

[STEP 5205] Coarse TimeStep time: 1.946548723
[STEP 5205] FAB kilobyte spread across MPI nodes: [29446378 ... 29446378]

STEP = 5205 TIME = 52.05 DT = 0.01

[Level 0 step 5206] ADVANCE at time 52.05 with dt = 0.01
[Level 0 step 5206] average evolution speed = 18.2569492 code units/h
[Level 0 step 5206] Advanced 2097152 cells
[Level 1 step 10411] ADVANCE at time 52.05 with dt = 0.005
[Level 1 step 10411] average evolution speed = 18.2565882 code units/h
[Level 1 step 10411] Advanced 4096000 cells
[Level 2 step 20821] ADVANCE at time 52.05 with dt = 0.0025
[Level 2 step 20821] average evolution speed = 18.25606208 code units/h
[Level 2 step 20821] Advanced 4096000 cells
[Level 3 step 41641] ADVANCE at time 52.05 with dt = 0.00125
[Level 3 step 41641] average evolution speed = 18.25553335 code units/h
[Level 3 step 41641] Advanced 4096000 cells
[Level 3 step 41642] ADVANCE at time 52.05125 with dt = 0.00125
[Level 3 step 41642] average evolution speed = 18.25603758 code units/h
[Level 3 step 41642] Advanced 4096000 cells
[Level 2 step 20822] ADVANCE at time 52.0525 with dt = 0.0025
[Level 2 step 20822] average evolution speed = 18.25650838 code units/h
[Level 2 step 20822] Advanced 4096000 cells
[Level 3 step 41643] ADVANCE at time 52.0525 with dt = 0.00125
[Level 3 step 41643] average evolution speed = 18.25597835 code units/h
[Level 3 step 41643] Advanced 4096000 cells
[Level 3 step 41644] ADVANCE at time 52.05375 with dt = 0.00125
[Level 3 step 41644] average evolution speed = 18.25648239 code units/h
[Level 3 step 41644] Advanced 4096000 cells
[Level 1 step 10412] ADVANCE at time 52.055 with dt = 0.005
[Level 1 step 10412] average evolution speed = 18.2569189 code units/h
[Level 1 step 10412] Advanced 4096000 cells
[Level 2 step 20823] ADVANCE at time 52.055 with dt = 0.0025
[Level 2 step 20823] average evolution speed = 18.25639099 code units/h
[Level 2 step 20823] Advanced 4096000 cells
[Level 3 step 41645] ADVANCE at time 52.055 with dt = 0.00125
[Level 3 step 41645] average evolution speed = 18.25586103 code units/h
[Level 3 step 41645] Advanced 4096000 cells
[Level 3 step 41646] ADVANCE at time 52.05625 with dt = 0.00125
[Level 3 step 41646] average evolution speed = 18.25636566 code units/h
[Level 3 step 41646] Advanced 4096000 cells
[Level 2 step 20824] ADVANCE at time 52.0575 with dt = 0.0025
[Level 2 step 20824] average evolution speed = 18.25683629 code units/h
[Level 2 step 20824] Advanced 4096000 cells
[Level 3 step 41647] ADVANCE at time 52.0575 with dt = 0.00125
[Level 3 step 41647] average evolution speed = 18.25630581 code units/h
[Level 3 step 41647] Advanced 4096000 cells
[Level 3 step 41648] ADVANCE at time 52.05875 with dt = 0.00125
[Level 3 step 41648] average evolution speed = 18.25681013 code units/h
[Level 3 step 41648] Advanced 4096000 cells

[STEP 5206] Coarse TimeStep time: 1.937524128
[STEP 5206] FAB kilobyte spread across MPI nodes: [29446378 ... 29446378]

STEP = 5206 TIME = 52.06 DT = 0.01

[Level 0 step 5207] ADVANCE at time 52.06 with dt = 0.01
[Level 0 step 5207] average evolution speed = 18.2570932 code units/h
[Level 0 step 5207] Advanced 2097152 cells
[Level 1 step 10413] ADVANCE at time 52.06 with dt = 0.005
[Level 1 step 10413] average evolution speed = 18.25673673 code units/h
[Level 1 step 10413] Advanced 4096000 cells
[Level 2 step 20825] ADVANCE at time 52.06 with dt = 0.0025
[Level 2 step 20825] average evolution speed = 18.25620972 code units/h
[Level 2 step 20825] Advanced 4096000 cells
[Level 3 step 41649] ADVANCE at time 52.06 with dt = 0.00125
[Level 3 step 41649] average evolution speed = 18.25568016 code units/h
[Level 3 step 41649] Advanced 4096000 cells
[Level 3 step 41650] ADVANCE at time 52.06125 with dt = 0.00125
[Level 3 step 41650] average evolution speed = 18.2561837 code units/h
[Level 3 step 41650] Advanced 4096000 cells
[Level 2 step 20826] ADVANCE at time 52.0625 with dt = 0.0025
[Level 2 step 20826] average evolution speed = 18.25665303 code units/h
[Level 2 step 20826] Advanced 4096000 cells
[Level 3 step 41651] ADVANCE at time 52.0625 with dt = 0.00125
[Level 3 step 41651] average evolution speed = 18.25612296 code units/h
[Level 3 step 41651] Advanced 4096000 cells
[Level 3 step 41652] ADVANCE at time 52.06375 with dt = 0.00125
[Level 3 step 41652] average evolution speed = 18.25662648 code units/h
[Level 3 step 41652] Advanced 4096000 cells
[Level 1 step 10414] ADVANCE at time 52.065 with dt = 0.005
[Level 1 step 10414] average evolution speed = 18.25706365 code units/h
[Level 1 step 10414] Advanced 4096000 cells
[Level 2 step 20827] ADVANCE at time 52.065 with dt = 0.0025
[Level 2 step 20827] average evolution speed = 18.25653667 code units/h
[Level 2 step 20827] Advanced 4096000 cells
[Level 3 step 41653] ADVANCE at time 52.065 with dt = 0.00125
[Level 3 step 41653] average evolution speed = 18.25600688 code units/h
[Level 3 step 41653] Advanced 4096000 cells
[Level 3 step 41654] ADVANCE at time 52.06625 with dt = 0.00125
[Level 3 step 41654] average evolution speed = 18.25651104 code units/h
[Level 3 step 41654] Advanced 4096000 cells
[Level 2 step 20828] ADVANCE at time 52.0675 with dt = 0.0025
[Level 2 step 20828] average evolution speed = 18.25698181 code units/h
[Level 2 step 20828] Advanced 4096000 cells
[Level 3 step 41655] ADVANCE at time 52.0675 with dt = 0.00125
[Level 3 step 41655] average evolution speed = 18.25645271 code units/h
[Level 3 step 41655] Advanced 4096000 cells
NaN diagnostic: rank=0 level=3 component=1 name=h11
amrex::Abort::0::NaN in GRAMRLevel::post_timestep !!!
SIGABRT
See Backtrace.0 file for details
--------------------------------------------------------------------------
MPI_ABORT was invoked on rank 0 in communicator MPI_COMM_WORLD
  Proc: [[38407,0],0]
  Errorcode: 6

NOTE: invoking MPI_ABORT causes Open MPI to kill all MPI processes.
You may or may not see output from other processes, depending on
exactly when Open MPI kills them.
--------------------------------------------------------------------------
