[Level 7 step 319969] ADVANCE at time 99.99 with dt = 0.0003125
[Level 7 step 319969] average evolution speed = 3.292258795 code units/h
[Level 7 step 319969] Advanced 4096000 cells
[Level 7 step 319970] ADVANCE at time 99.9903125 with dt = 0.0003125
[Level 7 step 319970] average evolution speed = 3.292265073 code units/h
[Level 7 step 319970] Advanced 4096000 cells
[Level 6 step 159986] ADVANCE at time 99.990625 with dt = 0.000625
[Level 6 step 159986] average evolution speed = 3.292271144 code units/h
[Level 6 step 159986] Advanced 4096000 cells
[Level 7 step 319971] ADVANCE at time 99.990625 with dt = 0.0003125
[Level 7 step 319971] average evolution speed = 3.292267163 code units/h
[Level 7 step 319971] Advanced 4096000 cells
[Level 7 step 319972] ADVANCE at time 99.9909375 with dt = 0.0003125
[Level 7 step 319972] average evolution speed = 3.292273448 code units/h
[Level 7 step 319972] Advanced 4096000 cells
[Level 5 step 79994] ADVANCE at time 99.99125 with dt = 0.00125
[Level 5 step 79994] average evolution speed = 3.292279284 code units/h
[Level 5 step 79994] Advanced 4096000 cells
[Level 6 step 159987] ADVANCE at time 99.99125 with dt = 0.000625
[Level 6 step 159987] average evolution speed = 3.292275295 code units/h
[Level 6 step 159987] Advanced 4096000 cells
[Level 7 step 319973] ADVANCE at time 99.99125 with dt = 0.0003125
[Level 7 step 319973] average evolution speed = 3.292271299 code units/h
[Level 7 step 319973] Advanced 4096000 cells
[Level 7 step 319974] ADVANCE at time 99.9915625 with dt = 0.0003125
[Level 7 step 319974] average evolution speed = 3.292277582 code units/h
[Level 7 step 319974] Advanced 4096000 cells
[Level 6 step 159988] ADVANCE at time 99.991875 with dt = 0.000625
[Level 6 step 159988] average evolution speed = 3.292283641 code units/h
[Level 6 step 159988] Advanced 4096000 cells
[Level 7 step 319975] ADVANCE at time 99.991875 with dt = 0.0003125
[Level 7 step 319975] average evolution speed = 3.292279655 code units/h
[Level 7 step 319975] Advanced 4096000 cells
[Level 7 step 319976] ADVANCE at time 99.9921875 with dt = 0.0003125
[Level 7 step 319976] average evolution speed = 3.292285934 code units/h
[Level 7 step 319976] Advanced 4096000 cells
[Level 4 step 39998] ADVANCE at time 99.9925 with dt = 0.0025
[Level 4 step 39998] average evolution speed = 3.292291537 code units/h
[Level 4 step 39998] Advanced 4096000 cells
[Level 5 step 79995] ADVANCE at time 99.9925 with dt = 0.00125
[Level 5 step 79995] average evolution speed = 3.292287538 code units/h
[Level 5 step 79995] Advanced 4096000 cells
[Level 6 step 159989] ADVANCE at time 99.9925 with dt = 0.000625
[Level 6 step 159989] average evolution speed = 3.29228355 code units/h
[Level 6 step 159989] Advanced 4096000 cells
[Level 7 step 319977] ADVANCE at time 99.9925 with dt = 0.0003125
[Level 7 step 319977] average evolution speed = 3.292279566 code units/h
[Level 7 step 319977] Advanced 4096000 cells
[Level 7 step 319978] ADVANCE at time 99.9928125 with dt = 0.0003125
[Level 7 step 319978] average evolution speed = 3.292285853 code units/h
[Level 7 step 319978] Advanced 4096000 cells
[Level 6 step 159990] ADVANCE at time 99.993125 with dt = 0.000625
[Level 6 step 159990] average evolution speed = 3.292291921 code units/h
[Level 6 step 159990] Advanced 4096000 cells
[Level 7 step 319979] ADVANCE at time 99.993125 with dt = 0.0003125
[Level 7 step 319979] average evolution speed = 3.292287938 code units/h
[Level 7 step 319979] Advanced 4096000 cells
[Level 7 step 319980] ADVANCE at time 99.9934375 with dt = 0.0003125
[Level 7 step 319980] average evolution speed = 3.292294225 code units/h
[Level 7 step 319980] Advanced 4096000 cells
[Level 5 step 79996] ADVANCE at time 99.99375 with dt = 0.00125
[Level 5 step 79996] average evolution speed = 3.29230006 code units/h
[Level 5 step 79996] Advanced 4096000 cells
[Level 6 step 159991] ADVANCE at time 99.99375 with dt = 0.000625
[Level 6 step 159991] average evolution speed = 3.29229607 code units/h
[Level 6 step 159991] Advanced 4096000 cells
[Level 7 step 319981] ADVANCE at time 99.99375 with dt = 0.0003125
[Level 7 step 319981] average evolution speed = 3.292292081 code units/h
[Level 7 step 319981] Advanced 4096000 cells
[Level 7 step 319982] ADVANCE at time 99.9940625 with dt = 0.0003125
[Level 7 step 319982] average evolution speed = 3.292298369 code units/h
[Level 7 step 319982] Advanced 4096000 cells
[Level 6 step 159992] ADVANCE at time 99.994375 with dt = 0.000625
[Level 6 step 159992] average evolution speed = 3.292304439 code units/h
[Level 6 step 159992] Advanced 4096000 cells
[Level 7 step 319983] ADVANCE at time 99.994375 with dt = 0.0003125
[Level 7 step 319983] average evolution speed = 3.29230046 code units/h
[Level 7 step 319983] Advanced 4096000 cells
[Level 7 step 319984] ADVANCE at time 99.9946875 with dt = 0.0003125
[Level 7 step 319984] average evolution speed = 3.292306748 code units/h
[Level 7 step 319984] Advanced 4096000 cells
[Level 3 step 20000] ADVANCE at time 99.995 with dt = 0.005
[Level 3 step 20000] average evolution speed = 3.292312145 code units/h
[Level 3 step 20000] Advanced 4096000 cells
[Level 4 step 39999] ADVANCE at time 99.995 with dt = 0.0025
[Level 4 step 39999] average evolution speed = 3.292307872 code units/h
[Level 4 step 39999] Advanced 4096000 cells
[Level 5 step 79997] ADVANCE at time 99.995 with dt = 0.00125
[Level 5 step 79997] average evolution speed = 3.29230388 code units/h
[Level 5 step 79997] Advanced 4096000 cells
[Level 6 step 159993] ADVANCE at time 99.995 with dt = 0.000625
[Level 6 step 159993] average evolution speed = 3.29229989 code units/h
[Level 6 step 159993] Advanced 4096000 cells
[Level 7 step 319985] ADVANCE at time 99.995 with dt = 0.0003125
[Level 7 step 319985] average evolution speed = 3.292295902 code units/h
[Level 7 step 319985] Advanced 4096000 cells
[Level 7 step 319986] ADVANCE at time 99.9953125 with dt = 0.0003125
[Level 7 step 319986] average evolution speed = 3.292302187 code units/h
[Level 7 step 319986] Advanced 4096000 cells
[Level 6 step 159994] ADVANCE at time 99.995625 with dt = 0.000625
[Level 6 step 159994] average evolution speed = 3.292308252 code units/h
[Level 6 step 159994] Advanced 4096000 cells
[Level 7 step 319987] ADVANCE at time 99.995625 with dt = 0.0003125
[Level 7 step 319987] average evolution speed = 3.292304271 code units/h
[Level 7 step 319987] Advanced 4096000 cells
[Level 7 step 319988] ADVANCE at time 99.9959375 with dt = 0.0003125
[Level 7 step 319988] average evolution speed = 3.292310555 code units/h
[Level 7 step 319988] Advanced 4096000 cells
[Level 5 step 79998] ADVANCE at time 99.99625 with dt = 0.00125
[Level 5 step 79998] average evolution speed = 3.292316393 code units/h
[Level 5 step 79998] Advanced 4096000 cells
[Level 6 step 159995] ADVANCE at time 99.99625 with dt = 0.000625
[Level 6 step 159995] average evolution speed = 3.292312405 code units/h
[Level 6 step 159995] Advanced 4096000 cells
[Level 7 step 319989] ADVANCE at time 99.99625 with dt = 0.0003125
[Level 7 step 319989] average evolution speed = 3.292308413 code units/h
[Level 7 step 319989] Advanced 4096000 cells
[Level 7 step 319990] ADVANCE at time 99.9965625 with dt = 0.0003125
[Level 7 step 319990] average evolution speed = 3.2923147 code units/h
[Level 7 step 319990] Advanced 4096000 cells
[Level 6 step 159996] ADVANCE at time 99.996875 with dt = 0.000625
[Level 6 step 159996] average evolution speed = 3.292320758 code units/h
[Level 6 step 159996] Advanced 4096000 cells
[Level 7 step 319991] ADVANCE at time 99.996875 with dt = 0.0003125
[Level 7 step 319991] average evolution speed = 3.292316777 code units/h
[Level 7 step 319991] Advanced 4096000 cells
[Level 7 step 319992] ADVANCE at time 99.9971875 with dt = 0.0003125
[Level 7 step 319992] average evolution speed = 3.292323047 code units/h
[Level 7 step 319992] Advanced 4096000 cells
[Level 4 step 40000] ADVANCE at time 99.9975 with dt = 0.0025
[Level 4 step 40000] average evolution speed = 3.292328643 code units/h
[Level 4 step 40000] Advanced 4096000 cells
[Level 5 step 79999] ADVANCE at time 99.9975 with dt = 0.00125
[Level 5 step 79999] average evolution speed = 3.292324647 code units/h
[Level 5 step 79999] Advanced 4096000 cells
[Level 6 step 159997] ADVANCE at time 99.9975 with dt = 0.000625
[Level 6 step 159997] average evolution speed = 3.292320657 code units/h
[Level 6 step 159997] Advanced 4096000 cells
[Level 7 step 319993] ADVANCE at time 99.9975 with dt = 0.0003125
[Level 7 step 319993] average evolution speed = 3.292316666 code units/h
[Level 7 step 319993] Advanced 4096000 cells
[Level 7 step 319994] ADVANCE at time 99.9978125 with dt = 0.0003125
[Level 7 step 319994] average evolution speed = 3.292322954 code units/h
[Level 7 step 319994] Advanced 4096000 cells
[Level 6 step 159998] ADVANCE at time 99.998125 with dt = 0.000625
[Level 6 step 159998] average evolution speed = 3.292329025 code units/h
[Level 6 step 159998] Advanced 4096000 cells
[Level 7 step 319995] ADVANCE at time 99.998125 with dt = 0.0003125
[Level 7 step 319995] average evolution speed = 3.292325036 code units/h
[Level 7 step 319995] Advanced 4096000 cells
[Level 7 step 319996] ADVANCE at time 99.9984375 with dt = 0.0003125
[Level 7 step 319996] average evolution speed = 3.292331324 code units/h
[Level 7 step 319996] Advanced 4096000 cells
[Level 5 step 80000] ADVANCE at time 99.99875 with dt = 0.00125
[Level 5 step 80000] average evolution speed = 3.292337164 code units/h
[Level 5 step 80000] Advanced 4096000 cells
[Level 6 step 159999] ADVANCE at time 99.99875 with dt = 0.000625
[Level 6 step 159999] average evolution speed = 3.292333178 code units/h
[Level 6 step 159999] Advanced 4096000 cells
[Level 7 step 319997] ADVANCE at time 99.99875 with dt = 0.0003125
[Level 7 step 319997] average evolution speed = 3.292329193 code units/h
[Level 7 step 319997] Advanced 4096000 cells
[Level 7 step 319998] ADVANCE at time 99.9990625 with dt = 0.0003125
[Level 7 step 319998] average evolution speed = 3.292335482 code units/h
[Level 7 step 319998] Advanced 4096000 cells
[Level 6 step 160000] ADVANCE at time 99.999375 with dt = 0.000625
[Level 6 step 160000] average evolution speed = 3.292341541 code units/h
[Level 6 step 160000] Advanced 4096000 cells
[Level 7 step 319999] ADVANCE at time 99.999375 with dt = 0.0003125
[Level 7 step 319999] average evolution speed = 3.292337563 code units/h
[Level 7 step 319999] Advanced 4096000 cells
[Level 7 step 320000] ADVANCE at time 99.9996875 with dt = 0.0003125
[Level 7 step 320000] average evolution speed = 3.292343851 code units/h
[Level 7 step 320000] Advanced 4096000 cells

[STEP 2500] Coarse TimeStep time: 36.94314337
[STEP 2500] FAB kilobyte spread across MPI nodes: [69452555 ... 69452555]

STEP = 2500 TIME = 100 DT = 0.04

CHECKPOINT: file = /tmp/grteclyn_scratch/farzone_headon_flip_d8_L512_lvl7_t100_csm/BinaryWormholeChk02500
checkPoint() time = 26.33397426 secs.
[checkpoint_keep] removed /tmp/grteclyn_scratch/farzone_headon_flip_d8_L512_lvl7_t100_csm/BinaryWormholeChk00625 (keeping newest 3)
PLOTFILE: file = /tmp/grteclyn_scratch/farzone_headon_flip_d8_L512_lvl7_t100_csm/BinaryWormholePlt02500
Write plotfile time = 6.426922651  seconds

Unused ParmParse Variables:
  [TOP]::hdf5_subpath(nvals = 1)  :: [hdf5]
  [TOP]::nonzero_asymptotic_values(nvals = 5)  :: [1.0, 1.0, 1.0, 1.0, 1.0]
  [TOP]::nonzero_asymptotic_vars(nvals = 5)  :: [chi, h11, h22, h33, lapse]

Total GPU global memory (MB) spread across MPI: [81079 ... 81079]
Free  GPU global memory (MB) spread across MPI: [9584 ... 9584]
[The         Arena] max space (MB) allocated spread across MPI: [69590 ... 69590]
[The         Arena] max space (MB) used      spread across MPI: [67892 ... 67892]
[The Managed Arena] max space (MB) allocated spread across MPI: [8 ... 8]
[The Managed Arena] max space (MB) used      spread across MPI: [0 ... 0]
[The  Pinned Arena] max space (MB) allocated spread across MPI: [40 ... 40]
[The  Pinned Arena] max space (MB) used      spread across MPI: [35 ... 35]
AMReX (26.02-12-gd7da50458966) finalized
