Initializing AMReX (26.02-12-gd7da50458966)...
MPI initialized with 1 MPI processes
MPI initialized with thread support level 0
Initializing CUDA...
CUDA initialized with 1 device.
AMReX (26.02-12-gd7da50458966) initialized
GRTeclyn (unknown) initialized
Parameter: num_ghosts not found in parameter file. It has been set to its default value = 3.
Parameter: tag_buffer_size not found in parameter file. It has been set to its default value = 3.
Parameter: grid_buffer_size not found in parameter file. It has been set to its default value = 8.
Parameter: fill_ratio not found in parameter file. It has been set to its default value = 0.7.
Using single regrid threshold.
Parameter: max_steps not found in parameter file. It has been set to its default value = 1000000.
Parameter: lapse_shock_kappa not found in parameter file. It has been set to its default value = 0.
Parameter: extraction_file_prefix not found in parameter file. It has been set to its default value = Weyl4_extraction_.
Parameter: integral_file_prefix not found in parameter file. It has been set to its default value = Weyl4_mode_.
Parameter: lapse_power = 2 warning: set to 1.0 for 1+log slicing!
Parameter: wormhole_lapse_core_fraction not found in parameter file. It has been set to its default value = 0.3.
Parameter: wormhole_lapse_core_power not found in parameter file. It has been set to its default value = 8.
Parameter: wormhole_boost_velocity_A not found in parameter file. It has been set to its default value = 0 0 0.
Parameter: wormhole_boost_velocity_B not found in parameter file. It has been set to its default value = -0 -0 -0.
Parameter: wormhole_seed_amplitude_A not found in parameter file. It has been set to its default value = 0.
Parameter: wormhole_seed_amplitude_B not found in parameter file. It has been set to its default value = 0.
Parameter: wormhole_seed_width_A not found in parameter file. It has been set to its default value = 0.
Parameter: wormhole_seed_width_B not found in parameter file. It has been set to its default value = 0.
Parameter: wormhole_helfer_width not found in parameter file. It has been set to its default value = 0.
Parameter: wormhole_helfer_power not found in parameter file. It has been set to its default value = 2.
Parameter: recipe_initial_data_file not found in parameter file. It has been set to its default value = .
Parameter: binary_diag_min_radius not found in parameter file. It has been set to its default value = 2.
Parameter: binary_diag_collapsed_lapse not found in parameter file. It has been set to its default value = 1e-06.
Parameter: binary_diag_collapsed_min_radius not found in parameter file. It has been set to its default value = 0.5.
Parameter: core_damping_lapse_start not found in parameter file. It has been set to its default value = 0.03.
Parameter: core_damping_lapse_full not found in parameter file. It has been set to its default value = 0.001.
Parameter: core_damping_tau not found in parameter file. It has been set to its default value = 0.25.
Parameter: core_damping_radius_start not found in parameter file. It has been set to its default value = 0.
Parameter: core_damping_radius_full not found in parameter file. It has been set to its default value = 0.
Parameter: core_damping_radius_from_time not found in parameter file. It has been set to its default value = 0.
Parameter: core_freeze_radius_start not found in parameter file. It has been set to its default value = 0.
Parameter: core_freeze_radius_full not found in parameter file. It has been set to its default value = 0.
Parameter: core_freeze_from_time not found in parameter file. It has been set to its default value = 0.
Parameter: core_freeze_shift not found in parameter file. It has been set to its default value = 0.
Parameter: sponge_center not found in parameter file. It has been set to its default value = 32 32 32.
Parameter: tagging_center not found in parameter file. It has been set to its default value = 32 32 32.
Parameter: tagging_phi_weight not found in parameter file. It has been set to its default value = 0.
Parameter: tagging_K_weight not found in parameter file. It has been set to its default value = 0.
Parameter: rescale_det_h not found in parameter file. It has been set to its default value = 0.
Parameter: tagging_type = 2 warning: selects a geometric tagger (fixed or moving boxes), so regrid_threshold is ignored: refinement no longer responds to the solution at all.  Set tagging_L to control the boxes.!
Parameter: wormhole_centerA/B = 8 warning: throats are close enough that the analytic superposition error (O(b^2/d^2)) is no longer small; prefer constraint-solved initial data at this separation!
Parameter: wormhole_bare_mass/drainhole_mass_A/B = 2 warning: masses are large enough that the O(m/d) superposition error is no longer small; prefer the Helfer/Ning conformal-factor correction or constraint-solved initial data (Route B)!
Successfully read inputs file ... 
Parameter: wormhole_support_ramp_start not found in parameter file. It has been set to its default value = -1.
Parameter: wormhole_support_ramp_duration not found in parameter file. It has been set to its default value = 5.
Parameter: wormhole_support_causal_speed not found in parameter file. It has been set to its default value = 0.
Parameter: wormhole_metric_type not found in parameter file. It has been set to its default value = 1.
Successfully read inputs file ... 
grid_places() time: 0.003296475 new finest: 1
grid_places() time: 0.006669322 new finest: 2
grid_places() time: 0.007447895 new finest: 3
grid_places() time: 0.009336607 new finest: 4
grid_places() time: 0.013335235 new finest: 5
Now regridding at level lbase = 0
grid_places() time: 0.034128206 new finest: 5
STEP = 0 TIME = 0 : REGRID  with lbase = 0
  Level 1   150 grids  4915200 cells  29.296875 % of domain
            smallest grid: 32 x 32 x 32  biggest grid: 32 x 32 x 32
  Level 2   175 grids  5734400 cells  4.272460938 % of domain
            smallest grid: 32 x 32 x 32  biggest grid: 32 x 32 x 32
  Level 3   225 grids  7372800 cells  0.6866455078 % of domain
            smallest grid: 32 x 32 x 32  biggest grid: 32 x 32 x 32
  Level 4   325 grids  10649600 cells  0.1239776611 % of domain
            smallest grid: 32 x 32 x 32  biggest grid: 32 x 32 x 32
  Level 5   250 grids  8192000 cells  0.01192092896 % of domain
            smallest grid: 32 x 32 x 32  biggest grid: 32 x 32 x 32

INITIAL GRIDS 
  Level 0   64 grids  2097152 cells  100 % of domain
            smallest grid: 32 x 32 x 32  biggest grid: 32 x 32 x 32
  Level 1   150 grids  4915200 cells  29.296875 % of domain
            smallest grid: 32 x 32 x 32  biggest grid: 32 x 32 x 32
  Level 2   175 grids  5734400 cells  4.272460938 % of domain
            smallest grid: 32 x 32 x 32  biggest grid: 32 x 32 x 32
  Level 3   225 grids  7372800 cells  0.6866455078 % of domain
            smallest grid: 32 x 32 x 32  biggest grid: 32 x 32 x 32
  Level 4   325 grids  10649600 cells  0.1239776611 % of domain
            smallest grid: 32 x 32 x 32  biggest grid: 32 x 32 x 32
  Level 5   250 grids  8192000 cells  0.01192092896 % of domain
            smallest grid: 32 x 32 x 32  biggest grid: 32 x 32 x 32

CHECKPOINT: file = /tmp/grteclyn_scratch/merge_headon_flip_d8_lp2_lvl5_t030/BinaryWormholeChk00000
checkPoint() time = 11.33316049 secs.
PLOTFILE: file = /tmp/grteclyn_scratch/merge_headon_flip_d8_lp2_lvl5_t030/BinaryWormholePlt00000
Write plotfile time = 5.134932619  seconds

[Level 0 step 1] ADVANCE at time 0 with dt = 0.01
[Level 0 step 1] average evolution speed = 0 code units/h
[Level 0 step 1] Advanced 2097152 cells
[Level 1 step 1] ADVANCE at time 0 with dt = 0.005
[Level 1 step 1] average evolution speed = 0 code units/h
[Level 1 step 1] Advanced 4915200 cells
[Level 2 step 1] ADVANCE at time 0 with dt = 0.0025
[Level 2 step 1] average evolution speed = 0 code units/h
[Level 2 step 1] Advanced 5734400 cells
[Level 3 step 1] ADVANCE at time 0 with dt = 0.00125
[Level 3 step 1] average evolution speed = 0 code units/h
amrex::Abort::0::Arena out of memory!!!
Bytes to allocate: 11852352 (11 MiB)
Memory type: GPU device memory
MPI rank: 0
Error: cudaMalloc returned 2: out of memory

AMReX Arena usage so far:

Total GPU global memory (MB): 81079
Free  GPU global memory (MB): 2
[The         Arena] space allocated (MB): 32089
[The         Arena] space used      (MB): 29975
[The         Arena]: 2493 allocs, 3053 busy blocks, 878 free blocks
[The Managed Arena] space allocated (MB): 8
[The Managed Arena] space used      (MB): 0
[The Managed Arena]: 1 allocs, 2 busy blocks, 1 free blocks
[The  Pinned Arena] space allocated (MB): 19
[The  Pinned Arena] space used      (MB): 3
[The  Pinned Arena]: 2 allocs, 60 busy blocks, 15 free blocks


Out of memory, see message above !!!
SIGABRT
addr2line: 'runs/wormhole_merger/merge_headon_flip_d8_lp2_lvl5_t030/test': No such file
addr2line: 'runs/wormhole_merger/merge_headon_flip_d8_lp2_lvl5_t030/test': No such file
addr2line: 'runs/wormhole_merger/merge_headon_flip_d8_lp2_lvl5_t030/test': No such file
addr2line: 'runs/wormhole_merger/merge_headon_flip_d8_lp2_lvl5_t030/test': No such file
addr2line: 'runs/wormhole_merger/merge_headon_flip_d8_lp2_lvl5_t030/test': No such file
addr2line: 'runs/wormhole_merger/merge_headon_flip_d8_lp2_lvl5_t030/test': No such file
addr2line: 'runs/wormhole_merger/merge_headon_flip_d8_lp2_lvl5_t030/test': No such file
addr2line: 'runs/wormhole_merger/merge_headon_flip_d8_lp2_lvl5_t030/test': No such file
addr2line: 'runs/wormhole_merger/merge_headon_flip_d8_lp2_lvl5_t030/test': No such file
addr2line: 'runs/wormhole_merger/merge_headon_flip_d8_lp2_lvl5_t030/test': No such file
addr2line: 'runs/wormhole_merger/merge_headon_flip_d8_lp2_lvl5_t030/test': No such file
addr2line: 'runs/wormhole_merger/merge_headon_flip_d8_lp2_lvl5_t030/test': No such file
addr2line: 'runs/wormhole_merger/merge_headon_flip_d8_lp2_lvl5_t030/test': No such file
addr2line: 'runs/wormhole_merger/merge_headon_flip_d8_lp2_lvl5_t030/test': No such file
addr2line: 'runs/wormhole_merger/merge_headon_flip_d8_lp2_lvl5_t030/test': No such file
addr2line: 'runs/wormhole_merger/merge_headon_flip_d8_lp2_lvl5_t030/test': No such file
addr2line: 'runs/wormhole_merger/merge_headon_flip_d8_lp2_lvl5_t030/test': No such file
addr2line: 'runs/wormhole_merger/merge_headon_flip_d8_lp2_lvl5_t030/test': No such file
addr2line: 'runs/wormhole_merger/merge_headon_flip_d8_lp2_lvl5_t030/test': No such file
addr2line: 'runs/wormhole_merger/merge_headon_flip_d8_lp2_lvl5_t030/test': No such file
addr2line: 'runs/wormhole_merger/merge_headon_flip_d8_lp2_lvl5_t030/test': No such file
addr2line: 'runs/wormhole_merger/merge_headon_flip_d8_lp2_lvl5_t030/test': No such file
addr2line: 'runs/wormhole_merger/merge_headon_flip_d8_lp2_lvl5_t030/test': No such file
addr2line: 'runs/wormhole_merger/merge_headon_flip_d8_lp2_lvl5_t030/test': No such file
addr2line: 'runs/wormhole_merger/merge_headon_flip_d8_lp2_lvl5_t030/test': No such file
addr2line: 'runs/wormhole_merger/merge_headon_flip_d8_lp2_lvl5_t030/test': No such file
addr2line: 'runs/wormhole_merger/merge_headon_flip_d8_lp2_lvl5_t030/test': No such file
addr2line: 'runs/wormhole_merger/merge_headon_flip_d8_lp2_lvl5_t030/test': No such file
addr2line: 'runs/wormhole_merger/merge_headon_flip_d8_lp2_lvl5_t030/test': No such file
addr2line: 'runs/wormhole_merger/merge_headon_flip_d8_lp2_lvl5_t030/test': No such file
addr2line: 'runs/wormhole_merger/merge_headon_flip_d8_lp2_lvl5_t030/test': No such file
addr2line: 'runs/wormhole_merger/merge_headon_flip_d8_lp2_lvl5_t030/test': No such file
addr2line: 'runs/wormhole_merger/merge_headon_flip_d8_lp2_lvl5_t030/test': No such file
addr2line: 'runs/wormhole_merger/merge_headon_flip_d8_lp2_lvl5_t030/test': No such file
addr2line: 'runs/wormhole_merger/merge_headon_flip_d8_lp2_lvl5_t030/test': No such file
addr2line: 'runs/wormhole_merger/merge_headon_flip_d8_lp2_lvl5_t030/test': No such file
addr2line: 'runs/wormhole_merger/merge_headon_flip_d8_lp2_lvl5_t030/test': No such file
addr2line: 'runs/wormhole_merger/merge_headon_flip_d8_lp2_lvl5_t030/test': No such file
addr2line: 'runs/wormhole_merger/merge_headon_flip_d8_lp2_lvl5_t030/test': No such file
addr2line: 'runs/wormhole_merger/merge_headon_flip_d8_lp2_lvl5_t030/test': No such file
addr2line: 'runs/wormhole_merger/merge_headon_flip_d8_lp2_lvl5_t030/test': No such file
addr2line: 'runs/wormhole_merger/merge_headon_flip_d8_lp2_lvl5_t030/test': No such file
See Backtrace.0 file for details
--------------------------------------------------------------------------
MPI_ABORT was invoked on rank 0 in communicator MPI_COMM_WORLD
  Proc: [[26715,0],0]
  Errorcode: 6

NOTE: invoking MPI_ABORT causes Open MPI to kill all MPI processes.
You may or may not see output from other processes, depending on
exactly when Open MPI kills them.
--------------------------------------------------------------------------
