[Level 4 step 96076] average evolution speed = 3.035938203 code units/h
[Level 4 step 96076] Advanced 7372800 cells
[Level 5 step 192151] ADVANCE at time 60.046875 with dt = 0.0003125
[Level 5 step 192151] average evolution speed = 3.02382399 code units/h
[Level 5 step 192151] Advanced 6553600 cells
[Level 5 step 192152] ADVANCE at time 60.0471875 with dt = 0.0003125
[Level 5 step 192152] average evolution speed = 3.032905785 code units/h
[Level 5 step 192152] Advanced 6553600 cells
[Level 2 step 24020] ADVANCE at time 60.0475 with dt = 0.0025
[Level 2 step 24020] average evolution speed = 3.039947892 code units/h
[Level 2 step 24020] Advanced 6553600 cells
[Level 3 step 48039] ADVANCE at time 60.0475 with dt = 0.00125
[Level 3 step 48039] average evolution speed = 3.029278093 code units/h
[Level 3 step 48039] Advanced 5734400 cells
[Level 4 step 96077] ADVANCE at time 60.0475 with dt = 0.000625
[Level 4 step 96077] average evolution speed = 3.019841932 code units/h
[Level 4 step 96077] Advanced 7372800 cells
[Level 5 step 192153] ADVANCE at time 60.0475 with dt = 0.0003125
[Level 5 step 192153] average evolution speed = 3.008000237 code units/h
[Level 5 step 192153] Advanced 6553600 cells
[Level 5 step 192154] ADVANCE at time 60.0478125 with dt = 0.0003125
[Level 5 step 192154] average evolution speed = 3.016951812 code units/h
[Level 5 step 192154] Advanced 6553600 cells
[Level 4 step 96078] ADVANCE at time 60.048125 with dt = 0.000625
[Level 4 step 96078] average evolution speed = 3.025039644 code units/h
[Level 4 step 96078] Advanced 7372800 cells
[Level 5 step 192155] ADVANCE at time 60.048125 with dt = 0.0003125
[Level 5 step 192155] average evolution speed = 3.013294916 code units/h
[Level 5 step 192155] Advanced 6553600 cells
[Level 5 step 192156] ADVANCE at time 60.0484375 with dt = 0.0003125
[Level 5 step 192156] average evolution speed = 3.022118431 code units/h
[Level 5 step 192156] Advanced 6553600 cells
[Level 3 step 48040] ADVANCE at time 60.04875 with dt = 0.00125
[Level 3 step 48040] average evolution speed = 3.029311733 code units/h
[Level 3 step 48040] Advanced 5734400 cells
[Level 4 step 96079] ADVANCE at time 60.04875 with dt = 0.000625
[Level 4 step 96079] average evolution speed = 3.020141925 code units/h
[Level 4 step 96079] Advanced 7372800 cells
[Level 5 step 192157] ADVANCE at time 60.04875 with dt = 0.0003125
[Level 5 step 192157] average evolution speed = 3.008617077 code units/h
[Level 5 step 192157] Advanced 6553600 cells
[Level 5 step 192158] ADVANCE at time 60.0490625 with dt = 0.0003125
[Level 5 step 192158] average evolution speed = 3.017341324 code units/h
[Level 5 step 192158] Advanced 6553600 cells
[Level 4 step 96080] ADVANCE at time 60.049375 with dt = 0.000625
[Level 4 step 96080] average evolution speed = 3.025260672 code units/h
[Level 4 step 96080] Advanced 7372800 cells
[Level 5 step 192159] ADVANCE at time 60.049375 with dt = 0.0003125
[Level 5 step 192159] average evolution speed = 3.013828002 code units/h
[Level 5 step 192159] Advanced 6553600 cells
[Level 5 step 192160] ADVANCE at time 60.0496875 with dt = 0.0003125
[Level 5 step 192160] average evolution speed = 3.022461269 code units/h
[Level 5 step 192160] Advanced 6553600 cells

[STEP 6005] Coarse TimeStep time: 13.52504684
[STEP 6005] FAB kilobyte spread across MPI nodes: [42365328 ... 42365328]

STEP = 6005 TIME = 60.05 DT = 0.01

Now regridding at level lbase = 4
grid_places() time: 0.013951898 new finest: 5
TIME = 60.05 : REGRID  with lbase = 4
  Level 5   300 grids  9830400 cells  0.01430511475 % of domain
            smallest grid: 32 x 32 x 32  biggest grid: 32 x 32 x 32

[Level 0 step 6006] ADVANCE at time 60.05 with dt = 0.01
[Level 0 step 6006] average evolution speed = 3.007522418 code units/h
[Level 0 step 6006] Advanced 2097152 cells
[Level 1 step 12011] ADVANCE at time 60.05 with dt = 0.005
[Level 1 step 12011] average evolution speed = 3.002990883 code units/h
[Level 1 step 12011] Advanced 4915200 cells
[Level 2 step 24021] ADVANCE at time 60.05 with dt = 0.0025
[Level 2 step 24021] average evolution speed = 2.995462732 code units/h
[Level 2 step 24021] Advanced 6553600 cells
[Level 3 step 48041] ADVANCE at time 60.05 with dt = 0.00125
[Level 3 step 48041] average evolution speed = 2.985582387 code units/h
[Level 3 step 48041] Advanced 5734400 cells
[Level 4 step 96081] ADVANCE at time 60.05 with dt = 0.000625
[Level 4 step 96081] average evolution speed = 2.976869237 code units/h
[Level 4 step 96081] Advanced 7372800 cells
[Level 5 step 192161] ADVANCE at time 60.05 with dt = 0.0003125
[Level 5 step 192161] average evolution speed = 2.965941724 code units/h
[Level 5 step 192161] Advanced 9830400 cells
[Level 5 step 192162] ADVANCE at time 60.0503125 with dt = 0.0003125
[Level 5 step 192162] average evolution speed = 2.969760839 code units/h
[Level 5 step 192162] Advanced 9830400 cells
[Level 4 step 96082] ADVANCE at time 60.050625 with dt = 0.000625
[Level 4 step 96082] average evolution speed = 2.972614338 code units/h
[Level 4 step 96082] Advanced 7372800 cells
[Level 5 step 192163] ADVANCE at time 60.050625 with dt = 0.0003125
[Level 5 step 192163] average evolution speed = 2.961802231 code units/h
[Level 5 step 192163] Advanced 9830400 cells
[Level 5 step 192164] ADVANCE at time 60.0509375 with dt = 0.0003125
[Level 5 step 192164] average evolution speed = 2.965795159 code units/h
[Level 5 step 192164] Advanced 9830400 cells
[Level 3 step 48042] ADVANCE at time 60.05125 with dt = 0.00125
[Level 3 step 48042] average evolution speed = 2.968261615 code units/h
[Level 3 step 48042] Advanced 5734400 cells
[Level 4 step 96083] ADVANCE at time 60.05125 with dt = 0.000625
[Level 4 step 96083] average evolution speed = 2.959892937 code units/h
[Level 4 step 96083] Advanced 7372800 cells
[Level 5 step 192165] ADVANCE at time 60.05125 with dt = 0.0003125
[Level 5 step 192165] average evolution speed = 2.949323075 code units/h
[Level 5 step 192165] Advanced 9830400 cells
[Level 5 step 192166] ADVANCE at time 60.0515625 with dt = 0.0003125
[Level 5 step 192166] average evolution speed = 2.953293959 code units/h
[Level 5 step 192166] Advanced 9830400 cells
[Level 4 step 96084] ADVANCE at time 60.051875 with dt = 0.000625
[Level 4 step 96084] average evolution speed = 2.956424157 code units/h
[Level 4 step 96084] Advanced 7372800 cells
[Level 5 step 192167] ADVANCE at time 60.051875 with dt = 0.0003125
[Level 5 step 192167] average evolution speed = 2.946017355 code units/h
[Level 5 step 192167] Advanced 9830400 cells
[Level 5 step 192168] ADVANCE at time 60.0521875 with dt = 0.0003125
[Level 5 step 192168] average evolution speed = 2.949969652 code units/h
[Level 5 step 192168] Advanced 9830400 cells
[Level 2 step 24022] ADVANCE at time 60.0525 with dt = 0.0025
[Level 2 step 24022] average evolution speed = 2.951957407 code units/h
[Level 2 step 24022] Advanced 6553600 cells
[Level 3 step 48043] ADVANCE at time 60.0525 with dt = 0.00125
[Level 3 step 48043] average evolution speed = 2.94286851 code units/h
[Level 3 step 48043] Advanced 5734400 cells
[Level 4 step 96085] ADVANCE at time 60.0525 with dt = 0.000625
[Level 4 step 96085] average evolution speed = 2.934816152 code units/h
[Level 4 step 96085] Advanced 7372800 cells
[Level 5 step 192169] ADVANCE at time 60.0525 with dt = 0.0003125
[Level 5 step 192169] average evolution speed = 2.924666418 code units/h
[Level 5 step 192169] Advanced 9830400 cells
[Level 5 step 192170] ADVANCE at time 60.0528125 with dt = 0.0003125
[Level 5 step 192170] average evolution speed = 2.928633377 code units/h
[Level 5 step 192170] Advanced 9830400 cells
[Level 4 step 96086] ADVANCE at time 60.053125 with dt = 0.000625
[Level 4 step 96086] average evolution speed = 2.931759739 code units/h
[Level 4 step 96086] Advanced 7372800 cells
[Level 5 step 192171] ADVANCE at time 60.053125 with dt = 0.0003125
[Level 5 step 192171] average evolution speed = 2.921757505 code units/h
[Level 5 step 192171] Advanced 9830400 cells
[Level 5 step 192172] ADVANCE at time 60.0534375 with dt = 0.0003125
[Level 5 step 192172] average evolution speed = 2.925676134 code units/h
[Level 5 step 192172] Advanced 9830400 cells
[Level 3 step 48044] ADVANCE at time 60.05375 with dt = 0.00125
[Level 3 step 48044] average evolution speed = 2.928204346 code units/h
[Level 3 step 48044] Advanced 5734400 cells
[Level 4 step 96087] ADVANCE at time 60.05375 with dt = 0.000625
[Level 4 step 96087] average evolution speed = 2.920402371 code units/h
[Level 4 step 96087] Advanced 7372800 cells
[Level 5 step 192173] ADVANCE at time 60.05375 with dt = 0.0003125
[Level 5 step 192173] average evolution speed = 2.910565406 code units/h
[Level 5 step 192173] Advanced 9830400 cells
[Level 5 step 192174] ADVANCE at time 60.0540625 with dt = 0.0003125
[Level 5 step 192174] average evolution speed = 2.91446022 code units/h
[Level 5 step 192174] Advanced 9830400 cells
[Level 4 step 96088] ADVANCE at time 60.054375 with dt = 0.000625
[Level 4 step 96088] average evolution speed = 2.917554224 code units/h
[Level 4 step 96088] Advanced 7372800 cells
[Level 5 step 192175] ADVANCE at time 60.054375 with dt = 0.0003125
[Level 5 step 192175] average evolution speed = 2.907876025 code units/h
[Level 5 step 192175] Advanced 9830400 cells
[Level 5 step 192176] ADVANCE at time 60.0546875 with dt = 0.0003125
[Level 5 step 192176] average evolution speed = 2.911752504 code units/h
[Level 5 step 192176] Advanced 9830400 cells
NaN diagnostic: rank=0 level=5 component=1 name=h11
amrex::Abort::0::NaN in GRAMRLevel::post_timestep !!!
SIGABRT
addr2line: 'runs/wormhole_merger/merge_twin_p012_eta4_lvl5_t066_r06000/test': No such file
addr2line: 'runs/wormhole_merger/merge_twin_p012_eta4_lvl5_t066_r06000/test': No such file
addr2line: 'runs/wormhole_merger/merge_twin_p012_eta4_lvl5_t066_r06000/test': No such file
addr2line: 'runs/wormhole_merger/merge_twin_p012_eta4_lvl5_t066_r06000/test': No such file
addr2line: 'runs/wormhole_merger/merge_twin_p012_eta4_lvl5_t066_r06000/test': No such file
addr2line: 'runs/wormhole_merger/merge_twin_p012_eta4_lvl5_t066_r06000/test': No such file
addr2line: 'runs/wormhole_merger/merge_twin_p012_eta4_lvl5_t066_r06000/test': No such file
addr2line: 'runs/wormhole_merger/merge_twin_p012_eta4_lvl5_t066_r06000/test': No such file
addr2line: 'runs/wormhole_merger/merge_twin_p012_eta4_lvl5_t066_r06000/test': No such file
addr2line: 'runs/wormhole_merger/merge_twin_p012_eta4_lvl5_t066_r06000/test': No such file
addr2line: 'runs/wormhole_merger/merge_twin_p012_eta4_lvl5_t066_r06000/test': No such file
addr2line: 'runs/wormhole_merger/merge_twin_p012_eta4_lvl5_t066_r06000/test': No such file
addr2line: 'runs/wormhole_merger/merge_twin_p012_eta4_lvl5_t066_r06000/test': No such file
addr2line: 'runs/wormhole_merger/merge_twin_p012_eta4_lvl5_t066_r06000/test': No such file
addr2line: 'runs/wormhole_merger/merge_twin_p012_eta4_lvl5_t066_r06000/test': No such file
addr2line: 'runs/wormhole_merger/merge_twin_p012_eta4_lvl5_t066_r06000/test': No such file
addr2line: 'runs/wormhole_merger/merge_twin_p012_eta4_lvl5_t066_r06000/test': No such file
addr2line: 'runs/wormhole_merger/merge_twin_p012_eta4_lvl5_t066_r06000/test': No such file
addr2line: 'runs/wormhole_merger/merge_twin_p012_eta4_lvl5_t066_r06000/test': No such file
addr2line: 'runs/wormhole_merger/merge_twin_p012_eta4_lvl5_t066_r06000/test': No such file
addr2line: 'runs/wormhole_merger/merge_twin_p012_eta4_lvl5_t066_r06000/test': No such file
addr2line: 'runs/wormhole_merger/merge_twin_p012_eta4_lvl5_t066_r06000/test': No such file
addr2line: 'runs/wormhole_merger/merge_twin_p012_eta4_lvl5_t066_r06000/test': No such file
addr2line: 'runs/wormhole_merger/merge_twin_p012_eta4_lvl5_t066_r06000/test': No such file
addr2line: 'runs/wormhole_merger/merge_twin_p012_eta4_lvl5_t066_r06000/test': No such file
addr2line: 'runs/wormhole_merger/merge_twin_p012_eta4_lvl5_t066_r06000/test': No such file
See Backtrace.0 file for details
--------------------------------------------------------------------------
MPI_ABORT was invoked on rank 0 in communicator MPI_COMM_WORLD
  Proc: [[42685,0],0]
  Errorcode: 6

NOTE: invoking MPI_ABORT causes Open MPI to kill all MPI processes.
You may or may not see output from other processes, depending on
exactly when Open MPI kills them.
--------------------------------------------------------------------------
