[Level 2 step 5593] Advanced 4096000 cells
[Level 3 step 11185] ADVANCE at time 13.98 with dt = 0.00125
[Level 3 step 11185] average evolution speed = 13.41349127 code units/h
[Level 3 step 11185] Advanced 4096000 cells
[Level 3 step 11186] ADVANCE at time 13.98125 with dt = 0.00125
[Level 3 step 11186] average evolution speed = 13.41423592 code units/h
[Level 3 step 11186] Advanced 4096000 cells
[Level 2 step 5594] ADVANCE at time 13.9825 with dt = 0.0025
[Level 2 step 5594] average evolution speed = 13.41495268 code units/h
[Level 2 step 5594] Advanced 4096000 cells
[Level 3 step 11187] ADVANCE at time 13.9825 with dt = 0.00125
[Level 3 step 11187] average evolution speed = 13.41450074 code units/h
[Level 3 step 11187] Advanced 4096000 cells
[Level 3 step 11188] ADVANCE at time 13.98375 with dt = 0.00125
[Level 3 step 11188] average evolution speed = 13.41524505 code units/h
[Level 3 step 11188] Advanced 4096000 cells
[Level 1 step 2798] ADVANCE at time 13.985 with dt = 0.005
[Level 1 step 2798] average evolution speed = 13.41593169 code units/h
[Level 1 step 2798] Advanced 4096000 cells
[Level 2 step 5595] ADVANCE at time 13.985 with dt = 0.0025
[Level 2 step 5595] average evolution speed = 13.4154806 code units/h
[Level 2 step 5595] Advanced 4096000 cells
[Level 3 step 11189] ADVANCE at time 13.985 with dt = 0.00125
[Level 3 step 11189] average evolution speed = 13.41502681 code units/h
[Level 3 step 11189] Advanced 4096000 cells
[Level 3 step 11190] ADVANCE at time 13.98625 with dt = 0.00125
[Level 3 step 11190] average evolution speed = 13.41577154 code units/h
[Level 3 step 11190] Advanced 4096000 cells
[Level 2 step 5596] ADVANCE at time 13.9875 with dt = 0.0025
[Level 2 step 5596] average evolution speed = 13.41648735 code units/h
[Level 2 step 5596] Advanced 4096000 cells
[Level 3 step 11191] ADVANCE at time 13.9875 with dt = 0.00125
[Level 3 step 11191] average evolution speed = 13.41603536 code units/h
[Level 3 step 11191] Advanced 4096000 cells
[Level 3 step 11192] ADVANCE at time 13.98875 with dt = 0.00125
[Level 3 step 11192] average evolution speed = 13.41677988 code units/h
[Level 3 step 11192] Advanced 4096000 cells

[STEP 1399] Coarse TimeStep time: 2.11799832
[STEP 1399] FAB kilobyte spread across MPI nodes: [23603280 ... 23603280]

STEP = 1399 TIME = 13.99 DT = 0.01

[Level 0 step 1400] ADVANCE at time 13.99 with dt = 0.01
[Level 0 step 1400] average evolution speed = 13.41675121 code units/h
[Level 0 step 1400] Advanced 2097152 cells
[Level 1 step 2799] ADVANCE at time 13.99 with dt = 0.005
[Level 1 step 2799] average evolution speed = 13.41641967 code units/h
[Level 1 step 2799] Advanced 4096000 cells
[Level 2 step 5597] ADVANCE at time 13.99 with dt = 0.0025
[Level 2 step 5597] average evolution speed = 13.41596804 code units/h
[Level 2 step 5597] Advanced 4096000 cells
[Level 3 step 11193] ADVANCE at time 13.99 with dt = 0.00125
[Level 3 step 11193] average evolution speed = 13.41551454 code units/h
[Level 3 step 11193] Advanced 4096000 cells
[Level 3 step 11194] ADVANCE at time 13.99125 with dt = 0.00125
[Level 3 step 11194] average evolution speed = 13.41625881 code units/h
[Level 3 step 11194] Advanced 4096000 cells
[Level 2 step 5598] ADVANCE at time 13.9925 with dt = 0.0025
[Level 2 step 5598] average evolution speed = 13.41697413 code units/h
[Level 2 step 5598] Advanced 4096000 cells
[Level 3 step 11195] ADVANCE at time 13.9925 with dt = 0.00125
[Level 3 step 11195] average evolution speed = 13.4165219 code units/h
[Level 3 step 11195] Advanced 4096000 cells
[Level 3 step 11196] ADVANCE at time 13.99375 with dt = 0.00125
[Level 3 step 11196] average evolution speed = 13.41726617 code units/h
[Level 3 step 11196] Advanced 4096000 cells
[Level 1 step 2800] ADVANCE at time 13.995 with dt = 0.005
[Level 1 step 2800] average evolution speed = 13.41795277 code units/h
[Level 1 step 2800] Advanced 4096000 cells
[Level 2 step 5599] ADVANCE at time 13.995 with dt = 0.0025
[Level 2 step 5599] average evolution speed = 13.41750162 code units/h
[Level 2 step 5599] Advanced 4096000 cells
[Level 3 step 11197] ADVANCE at time 13.995 with dt = 0.00125
[Level 3 step 11197] average evolution speed = 13.41704792 code units/h
[Level 3 step 11197] Advanced 4096000 cells
[Level 3 step 11198] ADVANCE at time 13.99625 with dt = 0.00125
[Level 3 step 11198] average evolution speed = 13.41779181 code units/h
[Level 3 step 11198] Advanced 4096000 cells
[Level 2 step 5600] ADVANCE at time 13.9975 with dt = 0.0025
[Level 2 step 5600] average evolution speed = 13.41850734 code units/h
[Level 2 step 5600] Advanced 4096000 cells
[Level 3 step 11199] ADVANCE at time 13.9975 with dt = 0.00125
[Level 3 step 11199] average evolution speed = 13.41805558 code units/h
[Level 3 step 11199] Advanced 4096000 cells
[Level 3 step 11200] ADVANCE at time 13.99875 with dt = 0.00125
[Level 3 step 11200] average evolution speed = 13.41879931 code units/h
[Level 3 step 11200] Advanced 4096000 cells
NaN diagnostic: rank=0 level=3 component=1 name=h11
NaN autopsy [rank 0]: level 3 step 11200 (32 steps since this level was last regridded) t_old 13.99875 -> t_new 14 dt 0.00125
  cell (508,511,495) at x = (31.78125, 31.96875, 30.96875), dx = 0.0625
  cells to the edge of this level's grids (+x -x +y -y +z -z; c/f = coarse-fine, dom = domain): 16(+) 16(+) 16(+) 16(+) 16(+) 16(+)
  floors: min_chi 1e-20 min_lapse 1e-10 chi_rhs_floor 1e-08
  variable: old -> new   [|new-old|/dt when both finite]
         chi: 0.08999520053 -> 1e-20   [71.99616042]
         h11: 1.056414 -> 5.579495468e+164   [4.463596375e+167]
         h12: 0.001323434885 -> 1.291083562e+165   [1.032866849e+168]
         h13: 0.04386532972 -> 2.889534135e+164   [2.311627308e+167]
         h22: 1.115922457 -> -1.644570107e+165   [1.315656085e+168]
         h23: -0.008045039832 -> -6.223768017e+164   [4.979014413e+167]
         h33: 0.850178213 -> 6.139390809e+165   [4.911512647e+168]
           K: 0.1709489355 -> 4.798820936e+189   [3.839056749e+192]
         A11: 0.351179288 -> -nan   <-- NON-FINITE
         A12: -0.008947507844 -> -nan   <-- NON-FINITE
         A13: -0.2951569067 -> -nan   <-- NON-FINITE
         A22: -0.01207618814 -> -nan   <-- NON-FINITE
         A23: -0.008668589587 -> -nan   <-- NON-FINITE
         A33: -0.2978351218 -> -nan   <-- NON-FINITE
       Theta: 0.0003253502277 -> 2.398306053e+189   [1.918644842e+192]
      Gamma1: -0.08107488937 -> -2.056659498e+189   [1.645327599e+192]
      Gamma2: -0.008065838833 -> 1.135518936e+189   [9.084151485e+191]
      Gamma3: -0.2720741864 -> -1.181450408e+189   [9.451603267e+191]
       lapse: 0.1632216243 -> 4.417793101e+153   [3.534234481e+156]
      shift1: -0.08705231947 -> -1.105445233e+160   [8.843561868e+162]
      shift2: -0.006160828208 -> 2.361768373e+160   [1.889414698e+163]
      shift3: -0.2033184081 -> 5.652901781e+159   [4.522321425e+162]
          B1: 0.03499486992 -> -2.056659498e+189   [1.645327599e+192]
          B2: 0.000148598778 -> 1.135518936e+189   [9.084151485e+191]
          B3: -0.000982975675 -> -1.181450408e+189   [9.451603267e+191]
         phi: -0.1020434054 -> -2.852763821e+154   [2.282211057e+157]
          Pi: 0.01511570407 -> -4.456709323e+179   [3.565367458e+182]
  old chi/lapse at the six neighbours (-x +x -y +y -z +z; '-' = outside this box): 0.09344948228/0.1738810345 0.08749584897/0.1543925947 0.0906424361/0.1637487795 0.08999520053/0.1632216243 0.1008554487/0.1723426019 -/-
NaN autopsy [rank 0]: level 3 step 11200 (32 steps since this level was last regridded) t_old 13.99875 -> t_new 14 dt 0.00125
  cell (495,511,508) at x = (30.96875, 31.96875, 31.78125), dx = 0.0625
  cells to the edge of this level's grids (+x -x +y -y +z -z; c/f = coarse-fine, dom = domain): 16(+) 16(+) 16(+) 16(+) 16(+) 16(+)
  floors: min_chi 1e-20 min_lapse 1e-10 chi_rhs_floor 1e-08
  variable: old -> new   [|new-old|/dt when both finite]
         chi: 0.1297589186 -> 2.649218396e+197   [2.119374717e+200]
         h11: 1.487043582 -> 3.175448485e+218   [2.540358788e+221]
         h12: 0.007697491426 -> -2.605109666e+218   [2.084087733e+221]
         h13: 0.05387967425 -> 1.088569528e+218   [8.708556226e+220]
         h22: 0.8219997189 -> -6.999403163e+217   [5.59952253e+220]
         h23: -0.0002710620036 -> 2.994988816e+216   [2.395991053e+219]
         h33: 0.8201244977 -> 3.188372145e+217   [2.550697716e+220]
           K: 0.1129477488 -> -5.332289308e+258   [4.265831447e+261]
         A11: -0.418970707 -> -nan   <-- NON-FINITE
         A12: -0.008193879683 -> -nan   <-- NON-FINITE
         A13: -0.05735777973 -> -nan   <-- NON-FINITE
         A22: 0.1130854702 -> -nan   <-- NON-FINITE
         A23: 0.0001728584325 -> -nan   <-- NON-FINITE
         A33: 0.114272848 -> -nan   <-- NON-FINITE
       Theta: -0.001953647783 -> -2.666144657e+258   [2.132915726e+261]
      Gamma1: -0.3138094173 -> -1.778410867e+246   [1.422728693e+249]
      Gamma2: -0.008138333775 -> 1.088555421e+248   [8.708443364e+250]
      Gamma3: -0.05700572295 -> -2.095198242e+248   [1.676158593e+251]
       lapse: 0.3271798117 -> 1e-10   [261.7438493]
      shift1: -0.312941011 -> -1.229797772e+211   [9.838382173e+213]
      shift2: -0.003806223136 -> 8.036235723e+211   [6.428988578e+214]
      shift3: -0.02664805978 -> -6.383723035e+211   [5.106978428e+214]
          B1: 0.103445264 -> -1.778410867e+246   [1.422728693e+249]
          B2: -0.003063369594 -> 1.088555421e+248   [8.708443364e+250]
          B3: -0.02147497658 -> -2.095198242e+248   [1.676158593e+251]
         phi: -0.2632365647 -> -2.224080991e+205   [1.779264793e+208]
          Pi: 0.05171805232 -> 2.078483277e+238   [1.662786621e+241]
  old chi/lapse at the six neighbours (-x +x -y +y -z +z; '-' = outside this box): 0.1460637677/0.3324391958 -/- 0.1304304403/0.3267122041 0.1297589186/0.3271798117 0.1324290058/0.3253717397 0.1277281374/0.3286471306
NaN autopsy [rank 0]: level 3 step 11200 (32 steps since this level was last regridded) t_old 13.99875 -> t_new 14 dt 0.00125
  cell (495,512,508) at x = (30.96875, 32.03125, 31.78125), dx = 0.0625
  cells to the edge of this level's grids (+x -x +y -y +z -z; c/f = coarse-fine, dom = domain): 16(+) 16(+) 16(+) 16(+) 16(+) 16(+)
  floors: min_chi 1e-20 min_lapse 1e-10 chi_rhs_floor 1e-08
  variable: old -> new   [|new-old|/dt when both finite]
         chi: 0.1297589186 -> 1e-20   [103.8071349]
         h11: 1.487043582 -> -1.511315294e+192   [1.209052235e+195]
         h12: -0.007697491426 -> 4.689203011e+190   [3.751362409e+193]
         h13: 0.05387967425 -> -4.383158023e+190   [3.506526419e+193]
         h22: 0.8219997189 -> -3.81415462e+190   [3.051323696e+193]
         h23: 0.0002710620036 -> 3.887586085e+189   [3.110068868e+192]
         h33: 0.8201244977 -> -9.614040862e+189   [7.691232689e+192]
           K: 0.1129477488 -> 8.65459538e+203   [6.923676304e+206]
         A11: -0.4189707036 -> -nan   <-- NON-FINITE
         A12: 0.008193879787 -> -nan   <-- NON-FINITE
         A13: -0.05735777989 -> -nan   <-- NON-FINITE
         A22: 0.1130854693 -> -nan   <-- NON-FINITE
         A23: -0.0001728584169 -> -nan   <-- NON-FINITE
         A33: 0.114272847 -> -nan   <-- NON-FINITE
       Theta: -0.001953647902 -> -4.401583761e+220   [3.521267009e+223]
      Gamma1: -0.3138094177 -> -2.812840204e+202   [2.250272163e+205]
      Gamma2: 0.008138333703 -> -1.856109422e+203   [1.484887537e+206]
      Gamma3: -0.05700572291 -> -1.128774038e+203   [9.0301923e+205]
       lapse: 0.3271798117 -> 1.173578331e+156   [9.388626645e+158]
      shift1: -0.312941011 -> -1.595473477e+187   [1.276378782e+190]
      shift2: 0.003806223136 -> 1.349353692e+188   [1.079482953e+191]
      shift3: -0.02664805978 -> 8.213451811e+187   [6.570761449e+190]
          B1: 0.1034452636 -> -2.812840204e+202   [2.250272163e+205]
          B2: 0.003063369522 -> -1.856109422e+203   [1.484887537e+206]
          B3: -0.02147497653 -> -1.128774038e+203   [9.0301923e+205]
         phi: -0.2632365647 -> -5.333726163e+181   [4.26698093e+184]
          Pi: 0.05171805232 -> -5.958244458e+194   [4.766595567e+197]
  old chi/lapse at the six neighbours (-x +x -y +y -z +z; '-' = outside this box): 0.1460637677/0.3324391958 -/- 0.1297589186/0.3271798117 0.1304304403/0.3267122041 0.1324290058/0.3253717397 0.1277281374/0.3286471306
amrex::Abort::0::NaN in GRAMRLevel::post_timestep !!!
SIGABRT
See Backtrace.0 file for details
--------------------------------------------------------------------------
MPI_ABORT was invoked on rank 0 in communicator MPI_COMM_WORLD
  Proc: [[13150,0],0]
  Errorcode: 6

NOTE: invoking MPI_ABORT causes Open MPI to kill all MPI processes.
You may or may not see output from other processes, depending on
exactly when Open MPI kills them.
--------------------------------------------------------------------------
