[Level 0 step 1980] ADVANCE at time 19.79 with dt = 0.01
[Level 0 step 1980] average evolution speed = 18.11121393 code units/h
[Level 0 step 1980] Advanced 2097152 cells
[Level 1 step 3959] ADVANCE at time 19.79 with dt = 0.005
[Level 1 step 3959] average evolution speed = 18.1107849 code units/h
[Level 1 step 3959] Advanced 4096000 cells
[Level 2 step 7917] ADVANCE at time 19.79 with dt = 0.0025
[Level 2 step 7917] average evolution speed = 18.11019537 code units/h
[Level 2 step 7917] Advanced 4096000 cells
[Level 3 step 15833] ADVANCE at time 19.79 with dt = 0.00125
[Level 3 step 15833] average evolution speed = 18.10960202 code units/h
[Level 3 step 15833] Advanced 4096000 cells
[Level 3 step 15834] ADVANCE at time 19.79125 with dt = 0.00125
[Level 3 step 15834] average evolution speed = 18.11015245 code units/h
[Level 3 step 15834] Advanced 4096000 cells
[Level 2 step 7918] ADVANCE at time 19.7925 with dt = 0.0025
[Level 2 step 7918] average evolution speed = 18.11066538 code units/h
[Level 2 step 7918] Advanced 4096000 cells
[Level 3 step 15835] ADVANCE at time 19.7925 with dt = 0.00125
[Level 3 step 15835] average evolution speed = 18.11007293 code units/h
[Level 3 step 15835] Advanced 4096000 cells
[Level 3 step 15836] ADVANCE at time 19.79375 with dt = 0.00125
[Level 3 step 15836] average evolution speed = 18.11062228 code units/h
[Level 3 step 15836] Advanced 4096000 cells
[Level 1 step 3960] ADVANCE at time 19.795 with dt = 0.005
[Level 1 step 3960] average evolution speed = 18.11109617 code units/h
[Level 1 step 3960] Advanced 4096000 cells
[Level 2 step 7919] ADVANCE at time 19.795 with dt = 0.0025
[Level 2 step 7919] average evolution speed = 18.11050696 code units/h
[Level 2 step 7919] Advanced 4096000 cells
[Level 3 step 15837] ADVANCE at time 19.795 with dt = 0.00125
[Level 3 step 15837] average evolution speed = 18.10991358 code units/h
[Level 3 step 15837] Advanced 4096000 cells
[Level 3 step 15838] ADVANCE at time 19.79625 with dt = 0.00125
[Level 3 step 15838] average evolution speed = 18.11046342 code units/h
[Level 3 step 15838] Advanced 4096000 cells
[Level 2 step 7920] ADVANCE at time 19.7975 with dt = 0.0025
[Level 2 step 7920] average evolution speed = 18.11097505 code units/h
[Level 2 step 7920] Advanced 4096000 cells
[Level 3 step 15839] ADVANCE at time 19.7975 with dt = 0.00125
[Level 3 step 15839] average evolution speed = 18.11038364 code units/h
[Level 3 step 15839] Advanced 4096000 cells
[Level 3 step 15840] ADVANCE at time 19.79875 with dt = 0.00125
[Level 3 step 15840] average evolution speed = 18.11093348 code units/h
[Level 3 step 15840] Advanced 4096000 cells

[STEP 1980] Coarse TimeStep time: 1.982182492
[STEP 1980] FAB kilobyte spread across MPI nodes: [17299254 ... 17299254]

STEP = 1980 TIME = 19.8 DT = 0.01

Now regridding at level lbase = 2
grid_places() time: 0.006147391 new finest: 3
TIME = 19.8 : REGRID  with lbase = 2
  Level 3   125 grids  4096000 cells  0.3814697266 % of domain
            smallest grid: 32 x 32 x 32  biggest grid: 32 x 32 x 32

[Level 0 step 1981] ADVANCE at time 19.8 with dt = 0.01
[Level 0 step 1981] average evolution speed = 18.11120126 code units/h
[Level 0 step 1981] Advanced 2097152 cells
[Level 1 step 3961] ADVANCE at time 19.8 with dt = 0.005
[Level 1 step 3961] average evolution speed = 18.11077362 code units/h
[Level 1 step 3961] Advanced 4096000 cells
[Level 2 step 7921] ADVANCE at time 19.8 with dt = 0.0025
[Level 2 step 7921] average evolution speed = 18.11018919 code units/h
[Level 2 step 7921] Advanced 4096000 cells
[Level 3 step 15841] ADVANCE at time 19.8 with dt = 0.00125
[Level 3 step 15841] average evolution speed = 18.10960224 code units/h
[Level 3 step 15841] Advanced 4096000 cells
[Level 3 step 15842] ADVANCE at time 19.80125 with dt = 0.00125
[Level 3 step 15842] average evolution speed = 18.11014897 code units/h
[Level 3 step 15842] Advanced 4096000 cells
[Level 2 step 7922] ADVANCE at time 19.8025 with dt = 0.0025
[Level 2 step 7922] average evolution speed = 18.11066519 code units/h
[Level 2 step 7922] Advanced 4096000 cells
[Level 3 step 15843] ADVANCE at time 19.8025 with dt = 0.00125
[Level 3 step 15843] average evolution speed = 18.11007403 code units/h
[Level 3 step 15843] Advanced 4096000 cells
[Level 3 step 15844] ADVANCE at time 19.80375 with dt = 0.00125
[Level 3 step 15844] average evolution speed = 18.11062471 code units/h
[Level 3 step 15844] Advanced 4096000 cells
[Level 1 step 3962] ADVANCE at time 19.805 with dt = 0.005
[Level 1 step 3962] average evolution speed = 18.11110595 code units/h
[Level 1 step 3962] Advanced 4096000 cells
[Level 2 step 7923] ADVANCE at time 19.805 with dt = 0.0025
[Level 2 step 7923] average evolution speed = 18.11051854 code units/h
[Level 2 step 7923] Advanced 4096000 cells
[Level 3 step 15845] ADVANCE at time 19.805 with dt = 0.00125
[Level 3 step 15845] average evolution speed = 18.10992576 code units/h
[Level 3 step 15845] Advanced 4096000 cells
[Level 3 step 15846] ADVANCE at time 19.80625 with dt = 0.00125
[Level 3 step 15846] average evolution speed = 18.11047536 code units/h
[Level 3 step 15846] Advanced 4096000 cells
[Level 2 step 7924] ADVANCE at time 19.8075 with dt = 0.0025
[Level 2 step 7924] average evolution speed = 18.11099017 code units/h
[Level 2 step 7924] Advanced 4096000 cells
[Level 3 step 15847] ADVANCE at time 19.8075 with dt = 0.00125
[Level 3 step 15847] average evolution speed = 18.11039934 code units/h
[Level 3 step 15847] Advanced 4096000 cells
[Level 3 step 15848] ADVANCE at time 19.80875 with dt = 0.00125
[Level 3 step 15848] average evolution speed = 18.11094983 code units/h
[Level 3 step 15848] Advanced 4096000 cells

[STEP 1981] Coarse TimeStep time: 1.98100888
[STEP 1981] FAB kilobyte spread across MPI nodes: [17299254 ... 17299254]

STEP = 1981 TIME = 19.81 DT = 0.01

[Level 0 step 1982] ADVANCE at time 19.81 with dt = 0.01
[Level 0 step 1982] average evolution speed = 18.11127001 code units/h
[Level 0 step 1982] Advanced 2097152 cells
[Level 1 step 3963] ADVANCE at time 19.81 with dt = 0.005
[Level 1 step 3963] average evolution speed = 18.11086472 code units/h
[Level 1 step 3963] Advanced 4096000 cells
[Level 2 step 7925] ADVANCE at time 19.81 with dt = 0.0025
[Level 2 step 7925] average evolution speed = 18.11027676 code units/h
[Level 2 step 7925] Advanced 4096000 cells
[Level 3 step 15849] ADVANCE at time 19.81 with dt = 0.00125
[Level 3 step 15849] average evolution speed = 18.10968604 code units/h
[Level 3 step 15849] Advanced 4096000 cells
[Level 3 step 15850] ADVANCE at time 19.81125 with dt = 0.00125
[Level 3 step 15850] average evolution speed = 18.11023676 code units/h
[Level 3 step 15850] Advanced 4096000 cells
[Level 2 step 7926] ADVANCE at time 19.8125 with dt = 0.0025
[Level 2 step 7926] average evolution speed = 18.11075354 code units/h
[Level 2 step 7926] Advanced 4096000 cells
[Level 3 step 15851] ADVANCE at time 19.8125 with dt = 0.00125
[Level 3 step 15851] average evolution speed = 18.11016344 code units/h
[Level 3 step 15851] Advanced 4096000 cells
[Level 3 step 15852] ADVANCE at time 19.81375 with dt = 0.00125
[Level 3 step 15852] average evolution speed = 18.11071388 code units/h
[Level 3 step 15852] Advanced 4096000 cells
[Level 1 step 3964] ADVANCE at time 19.815 with dt = 0.005
[Level 1 step 3964] average evolution speed = 18.11119488 code units/h
[Level 1 step 3964] Advanced 4096000 cells
[Level 2 step 7927] ADVANCE at time 19.815 with dt = 0.0025
[Level 2 step 7927] average evolution speed = 18.11060729 code units/h
[Level 2 step 7927] Advanced 4096000 cells
[Level 3 step 15853] ADVANCE at time 19.815 with dt = 0.00125
[Level 3 step 15853] average evolution speed = 18.1100164 code units/h
[Level 3 step 15853] Advanced 4096000 cells
[Level 3 step 15854] ADVANCE at time 19.81625 with dt = 0.00125
[Level 3 step 15854] average evolution speed = 18.11056592 code units/h
[Level 3 step 15854] Advanced 4096000 cells
[Level 2 step 7928] ADVANCE at time 19.8175 with dt = 0.0025
[Level 2 step 7928] average evolution speed = 18.11108279 code units/h
[Level 2 step 7928] Advanced 4096000 cells
[Level 3 step 15855] ADVANCE at time 19.8175 with dt = 0.00125
[Level 3 step 15855] average evolution speed = 18.11049309 code units/h
[Level 3 step 15855] Advanced 4096000 cells
[Level 3 step 15856] ADVANCE at time 19.81875 with dt = 0.00125
[Level 3 step 15856] average evolution speed = 18.11104354 code units/h
[Level 3 step 15856] Advanced 4096000 cells

[STEP 1982] Coarse TimeStep time: 1.967634101
[STEP 1982] FAB kilobyte spread across MPI nodes: [17299254 ... 17299254]

STEP = 1982 TIME = 19.82 DT = 0.01

[Level 0 step 1983] ADVANCE at time 19.82 with dt = 0.01
[Level 0 step 1983] average evolution speed = 18.11136221 code units/h
[Level 0 step 1983] Advanced 2097152 cells
[Level 1 step 3965] ADVANCE at time 19.82 with dt = 0.005
[Level 1 step 3965] average evolution speed = 18.11095638 code units/h
[Level 1 step 3965] Advanced 4096000 cells
[Level 2 step 7929] ADVANCE at time 19.82 with dt = 0.0025
[Level 2 step 7929] average evolution speed = 18.11036894 code units/h
[Level 2 step 7929] Advanced 4096000 cells
[Level 3 step 15857] ADVANCE at time 19.82 with dt = 0.00125
[Level 3 step 15857] average evolution speed = 18.10974576 code units/h
[Level 3 step 15857] Advanced 4096000 cells
[Level 3 step 15858] ADVANCE at time 19.82125 with dt = 0.00125
[Level 3 step 15858] average evolution speed = 18.11029519 code units/h
[Level 3 step 15858] Advanced 4096000 cells
[Level 2 step 7930] ADVANCE at time 19.8225 with dt = 0.0025
[Level 2 step 7930] average evolution speed = 18.11080643 code units/h
[Level 2 step 7930] Advanced 4096000 cells
[Level 3 step 15859] ADVANCE at time 19.8225 with dt = 0.00125
[Level 3 step 15859] average evolution speed = 18.11021468 code units/h
[Level 3 step 15859] Advanced 4096000 cells
[Level 3 step 15860] ADVANCE at time 19.82375 with dt = 0.00125
[Level 3 step 15860] average evolution speed = 18.11076341 code units/h
[Level 3 step 15860] Advanced 4096000 cells
[Level 1 step 3966] ADVANCE at time 19.825 with dt = 0.005
[Level 1 step 3966] average evolution speed = 18.11123575 code units/h
[Level 1 step 3966] Advanced 4096000 cells
[Level 2 step 7931] ADVANCE at time 19.825 with dt = 0.0025
[Level 2 step 7931] average evolution speed = 18.11064438 code units/h
[Level 2 step 7931] Advanced 4096000 cells
[Level 3 step 15861] ADVANCE at time 19.825 with dt = 0.00125
[Level 3 step 15861] average evolution speed = 18.11005239 code units/h
[Level 3 step 15861] Advanced 4096000 cells
[Level 3 step 15862] ADVANCE at time 19.82625 with dt = 0.00125
[Level 3 step 15862] average evolution speed = 18.11060005 code units/h
[Level 3 step 15862] Advanced 4096000 cells
[Level 2 step 7932] ADVANCE at time 19.8275 with dt = 0.0025
[Level 2 step 7932] average evolution speed = 18.1111106 code units/h
[Level 2 step 7932] Advanced 4096000 cells
[Level 3 step 15863] ADVANCE at time 19.8275 with dt = 0.00125
[Level 3 step 15863] average evolution speed = 18.1105197 code units/h
