[Level 5 step 177909] average evolution speed = 4.349825359 code units/h
[Level 5 step 177909] Advanced 4096000 cells
[Level 5 step 177910] ADVANCE at time 55.5965625 with dt = 0.0003125
[Level 5 step 177910] average evolution speed = 4.349949625 code units/h
[Level 5 step 177910] Advanced 4096000 cells
[Level 4 step 88956] ADVANCE at time 55.596875 with dt = 0.000625
[Level 4 step 88956] average evolution speed = 4.35006666 code units/h
[Level 4 step 88956] Advanced 4096000 cells
[Level 5 step 177911] ADVANCE at time 55.596875 with dt = 0.0003125
[Level 5 step 177911] average evolution speed = 4.349948433 code units/h
[Level 5 step 177911] Advanced 4096000 cells
[Level 5 step 177912] ADVANCE at time 55.5971875 with dt = 0.0003125
[Level 5 step 177912] average evolution speed = 4.350072453 code units/h
[Level 5 step 177912] Advanced 4096000 cells
[Level 2 step 22240] ADVANCE at time 55.5975 with dt = 0.0025
[Level 2 step 22240] average evolution speed = 4.350174974 code units/h
[Level 2 step 22240] Advanced 4096000 cells
[Level 3 step 44479] ADVANCE at time 55.5975 with dt = 0.00125
[Level 3 step 44479] average evolution speed = 4.350057169 code units/h
[Level 3 step 44479] Advanced 4096000 cells
[Level 4 step 88957] ADVANCE at time 55.5975 with dt = 0.000625
[Level 4 step 88957] average evolution speed = 4.349939271 code units/h
[Level 4 step 88957] Advanced 4096000 cells
[Level 5 step 177913] ADVANCE at time 55.5975 with dt = 0.0003125
[Level 5 step 177913] average evolution speed = 4.349821297 code units/h
[Level 5 step 177913] Advanced 4096000 cells
[Level 5 step 177914] ADVANCE at time 55.5978125 with dt = 0.0003125
[Level 5 step 177914] average evolution speed = 4.349945382 code units/h
[Level 5 step 177914] Advanced 4096000 cells
[Level 4 step 88958] ADVANCE at time 55.598125 with dt = 0.000625
[Level 4 step 88958] average evolution speed = 4.350062455 code units/h
[Level 4 step 88958] Advanced 4096000 cells
[Level 5 step 177915] ADVANCE at time 55.598125 with dt = 0.0003125
[Level 5 step 177915] average evolution speed = 4.349944548 code units/h
[Level 5 step 177915] Advanced 4096000 cells
[Level 5 step 177916] ADVANCE at time 55.5984375 with dt = 0.0003125
[Level 5 step 177916] average evolution speed = 4.350068723 code units/h
[Level 5 step 177916] Advanced 4096000 cells
[Level 3 step 44480] ADVANCE at time 55.59875 with dt = 0.00125
[Level 3 step 44480] average evolution speed = 4.350178627 code units/h
[Level 3 step 44480] Advanced 4096000 cells
[Level 4 step 88959] ADVANCE at time 55.59875 with dt = 0.000625
[Level 4 step 88959] average evolution speed = 4.350060843 code units/h
[Level 4 step 88959] Advanced 4096000 cells
[Level 5 step 177917] ADVANCE at time 55.59875 with dt = 0.0003125
[Level 5 step 177917] average evolution speed = 4.349942858 code units/h
[Level 5 step 177917] Advanced 4096000 cells
[Level 5 step 177918] ADVANCE at time 55.5990625 with dt = 0.0003125
[Level 5 step 177918] average evolution speed = 4.350067012 code units/h
[Level 5 step 177918] Advanced 4096000 cells
[Level 4 step 88960] ADVANCE at time 55.599375 with dt = 0.000625
[Level 4 step 88960] average evolution speed = 4.350184122 code units/h
[Level 4 step 88960] Advanced 4096000 cells
[Level 5 step 177919] ADVANCE at time 55.599375 with dt = 0.0003125
[Level 5 step 177919] average evolution speed = 4.350066233 code units/h
[Level 5 step 177919] Advanced 4096000 cells
[Level 5 step 177920] ADVANCE at time 55.5996875 with dt = 0.0003125
[Level 5 step 177920] average evolution speed = 4.350190307 code units/h
[Level 5 step 177920] Advanced 4096000 cells

[STEP 5560] Coarse TimeStep time: 8.162974871
[STEP 5560] FAB kilobyte spread across MPI nodes: [41687969 ... 41687969]

STEP = 5560 TIME = 55.6 DT = 0.01

Now regridding at level lbase = 1
grid_places() time: 0.022001668 new finest: 5
TIME = 55.6 : REGRID  with lbase = 1
  Level 2   125 grids  4096000 cells  3.051757812 % of domain
            smallest grid: 32 x 32 x 32  biggest grid: 32 x 32 x 32
  Level 3   125 grids  4096000 cells  0.3814697266 % of domain
            smallest grid: 32 x 32 x 32  biggest grid: 32 x 32 x 32
  Level 4   125 grids  4096000 cells  0.04768371582 % of domain
            smallest grid: 32 x 32 x 32  biggest grid: 32 x 32 x 32
  Level 5   125 grids  4096000 cells  0.005960464478 % of domain
            smallest grid: 32 x 32 x 32  biggest grid: 32 x 32 x 32

[Level 0 step 5561] ADVANCE at time 55.6 with dt = 0.01
[Level 0 step 5561] average evolution speed = 4.350224061 code units/h
[Level 0 step 5561] Advanced 2097152 cells
[Level 1 step 11121] ADVANCE at time 55.6 with dt = 0.005
[Level 1 step 11121] average evolution speed = 4.350149116 code units/h
[Level 1 step 11121] Advanced 4096000 cells
[Level 2 step 22241] ADVANCE at time 55.6 with dt = 0.0025
[Level 2 step 22241] average evolution speed = 4.350031668 code units/h
[Level 2 step 22241] Advanced 4096000 cells
[Level 3 step 44481] ADVANCE at time 55.6 with dt = 0.00125
[Level 3 step 44481] average evolution speed = 4.349914052 code units/h
[Level 3 step 44481] Advanced 4096000 cells
[Level 4 step 88961] ADVANCE at time 55.6 with dt = 0.000625
[Level 4 step 88961] average evolution speed = 4.349796069 code units/h
[Level 4 step 88961] Advanced 4096000 cells
[Level 5 step 177921] ADVANCE at time 55.6 with dt = 0.0003125
[Level 5 step 177921] average evolution speed = 4.3496778 code units/h
[Level 5 step 177921] Advanced 4096000 cells
[Level 5 step 177922] ADVANCE at time 55.6003125 with dt = 0.0003125
[Level 5 step 177922] average evolution speed = 4.349801316 code units/h
[Level 5 step 177922] Advanced 4096000 cells
[Level 4 step 88962] ADVANCE at time 55.600625 with dt = 0.000625
[Level 4 step 88962] average evolution speed = 4.349917855 code units/h
[Level 4 step 88962] Advanced 4096000 cells
[Level 5 step 177923] ADVANCE at time 55.600625 with dt = 0.0003125
[Level 5 step 177923] average evolution speed = 4.349800048 code units/h
[Level 5 step 177923] Advanced 4096000 cells
[Level 5 step 177924] ADVANCE at time 55.6009375 with dt = 0.0003125
[Level 5 step 177924] average evolution speed = 4.349924005 code units/h
[Level 5 step 177924] Advanced 4096000 cells
[Level 3 step 44482] ADVANCE at time 55.60125 with dt = 0.00125
[Level 3 step 44482] average evolution speed = 4.350033678 code units/h
[Level 3 step 44482] Advanced 4096000 cells
[Level 4 step 88963] ADVANCE at time 55.60125 with dt = 0.000625
[Level 4 step 88963] average evolution speed = 4.349916012 code units/h
[Level 4 step 88963] Advanced 4096000 cells
[Level 5 step 177925] ADVANCE at time 55.60125 with dt = 0.0003125
[Level 5 step 177925] average evolution speed = 4.349798187 code units/h
[Level 5 step 177925] Advanced 4096000 cells
[Level 5 step 177926] ADVANCE at time 55.6015625 with dt = 0.0003125
[Level 5 step 177926] average evolution speed = 4.349922296 code units/h
[Level 5 step 177926] Advanced 4096000 cells
[Level 4 step 88964] ADVANCE at time 55.601875 with dt = 0.000625
[Level 4 step 88964] average evolution speed = 4.350039244 code units/h
[Level 4 step 88964] Advanced 4096000 cells
[Level 5 step 177927] ADVANCE at time 55.601875 with dt = 0.0003125
[Level 5 step 177927] average evolution speed = 4.349921372 code units/h
[Level 5 step 177927] Advanced 4096000 cells
[Level 5 step 177928] ADVANCE at time 55.6021875 with dt = 0.0003125
[Level 5 step 177928] average evolution speed = 4.350045334 code units/h
[Level 5 step 177928] Advanced 4096000 cells
[Level 2 step 22242] ADVANCE at time 55.6025 with dt = 0.0025
[Level 2 step 22242] average evolution speed = 4.350147801 code units/h
[Level 2 step 22242] Advanced 4096000 cells
[Level 3 step 44483] ADVANCE at time 55.6025 with dt = 0.00125
[Level 3 step 44483] average evolution speed = 4.350030156 code units/h
[Level 3 step 44483] Advanced 4096000 cells
[Level 4 step 88965] ADVANCE at time 55.6025 with dt = 0.000625
[Level 4 step 88965] average evolution speed = 4.349912341 code units/h
[Level 4 step 88965] Advanced 4096000 cells
[Level 5 step 177929] ADVANCE at time 55.6025 with dt = 0.0003125
[Level 5 step 177929] average evolution speed = 4.349794692 code units/h
[Level 5 step 177929] Advanced 4096000 cells
[Level 5 step 177930] ADVANCE at time 55.6028125 with dt = 0.0003125
[Level 5 step 177930] average evolution speed = 4.349918779 code units/h
[Level 5 step 177930] Advanced 4096000 cells
[Level 4 step 88966] ADVANCE at time 55.603125 with dt = 0.000625
[Level 4 step 88966] average evolution speed = 4.35003569 code units/h
[Level 4 step 88966] Advanced 4096000 cells
[Level 5 step 177931] ADVANCE at time 55.603125 with dt = 0.0003125
[Level 5 step 177931] average evolution speed = 4.349918215 code units/h
[Level 5 step 177931] Advanced 4096000 cells
[Level 5 step 177932] ADVANCE at time 55.6034375 with dt = 0.0003125
[Level 5 step 177932] average evolution speed = 4.350042462 code units/h
[Level 5 step 177932] Advanced 4096000 cells
[Level 3 step 44484] ADVANCE at time 55.60375 with dt = 0.00125
[Level 3 step 44484] average evolution speed = 4.3501523 code units/h
[Level 3 step 44484] Advanced 4096000 cells
[Level 4 step 88967] ADVANCE at time 55.60375 with dt = 0.000625
[Level 4 step 88967] average evolution speed = 4.350034784 code units/h
[Level 4 step 88967] Advanced 4096000 cells
[Level 5 step 177933] ADVANCE at time 55.60375 with dt = 0.0003125
[Level 5 step 177933] average evolution speed = 4.349917228 code units/h
[Level 5 step 177933] Advanced 4096000 cells
NaN diagnostic: rank=0 level=5 component=1 name=h11
amrex::Abort::0::NaN in GRAMRLevel::post_timestep !!!
SIGABRT
addr2line: 'Examples/BinaryWormholeMerger/main3d.gnu.MPI.CUDA.ex': No such file
addr2line: 'Examples/BinaryWormholeMerger/main3d.gnu.MPI.CUDA.ex': No such file
addr2line: 'Examples/BinaryWormholeMerger/main3d.gnu.MPI.CUDA.ex': No such file
addr2line: 'Examples/BinaryWormholeMerger/main3d.gnu.MPI.CUDA.ex': No such file
addr2line: 'Examples/BinaryWormholeMerger/main3d.gnu.MPI.CUDA.ex': No such file
addr2line: 'Examples/BinaryWormholeMerger/main3d.gnu.MPI.CUDA.ex': No such file
addr2line: 'Examples/BinaryWormholeMerger/main3d.gnu.MPI.CUDA.ex': No such file
addr2line: 'Examples/BinaryWormholeMerger/main3d.gnu.MPI.CUDA.ex': No such file
addr2line: 'Examples/BinaryWormholeMerger/main3d.gnu.MPI.CUDA.ex': No such file
addr2line: 'Examples/BinaryWormholeMerger/main3d.gnu.MPI.CUDA.ex': No such file
addr2line: 'Examples/BinaryWormholeMerger/main3d.gnu.MPI.CUDA.ex': No such file
addr2line: 'Examples/BinaryWormholeMerger/main3d.gnu.MPI.CUDA.ex': No such file
addr2line: 'Examples/BinaryWormholeMerger/main3d.gnu.MPI.CUDA.ex': No such file
addr2line: 'Examples/BinaryWormholeMerger/main3d.gnu.MPI.CUDA.ex': No such file
addr2line: 'Examples/BinaryWormholeMerger/main3d.gnu.MPI.CUDA.ex': No such file
addr2line: 'Examples/BinaryWormholeMerger/main3d.gnu.MPI.CUDA.ex': No such file
addr2line: 'Examples/BinaryWormholeMerger/main3d.gnu.MPI.CUDA.ex': No such file
addr2line: 'Examples/BinaryWormholeMerger/main3d.gnu.MPI.CUDA.ex': No such file
addr2line: 'Examples/BinaryWormholeMerger/main3d.gnu.MPI.CUDA.ex': No such file
addr2line: 'Examples/BinaryWormholeMerger/main3d.gnu.MPI.CUDA.ex': No such file
addr2line: 'Examples/BinaryWormholeMerger/main3d.gnu.MPI.CUDA.ex': No such file
addr2line: 'Examples/BinaryWormholeMerger/main3d.gnu.MPI.CUDA.ex': No such file
addr2line: 'Examples/BinaryWormholeMerger/main3d.gnu.MPI.CUDA.ex': No such file
addr2line: 'Examples/BinaryWormholeMerger/main3d.gnu.MPI.CUDA.ex': No such file
addr2line: 'Examples/BinaryWormholeMerger/main3d.gnu.MPI.CUDA.ex': No such file
addr2line: 'Examples/BinaryWormholeMerger/main3d.gnu.MPI.CUDA.ex': No such file
See Backtrace.0 file for details
--------------------------------------------------------------------------
MPI_ABORT was invoked on rank 0 in communicator MPI_COMM_WORLD
  Proc: [[10748,0],0]
  Errorcode: 6

NOTE: invoking MPI_ABORT causes Open MPI to kill all MPI processes.
You may or may not see output from other processes, depending on
exactly when Open MPI kills them.
--------------------------------------------------------------------------
