
[Level 0 step 5333] ADVANCE at time 53.32 with dt = 0.01
[Level 0 step 5333] average evolution speed = 12.40186957 code units/h
[Level 0 step 5333] Advanced 2097152 cells
[Level 1 step 10665] ADVANCE at time 53.32 with dt = 0.005
[Level 1 step 10665] average evolution speed = 12.40179389 code units/h
[Level 1 step 10665] Advanced 4096000 cells
[Level 2 step 21329] ADVANCE at time 53.32 with dt = 0.0025
[Level 2 step 21329] average evolution speed = 12.40169262 code units/h
[Level 2 step 21329] Advanced 4096000 cells
[Level 3 step 42657] ADVANCE at time 53.32 with dt = 0.00125
[Level 3 step 42657] average evolution speed = 12.40159125 code units/h
[Level 3 step 42657] Advanced 3686400 cells
[Level 3 step 42658] ADVANCE at time 53.32125 with dt = 0.00125
[Level 3 step 42658] average evolution speed = 12.40178876 code units/h
[Level 3 step 42658] Advanced 3686400 cells
[Level 2 step 21330] ADVANCE at time 53.3225 with dt = 0.0025
[Level 2 step 21330] average evolution speed = 12.40198012 code units/h
[Level 2 step 21330] Advanced 4096000 cells
[Level 3 step 42659] ADVANCE at time 53.3225 with dt = 0.00125
[Level 3 step 42659] average evolution speed = 12.40187907 code units/h
[Level 3 step 42659] Advanced 3686400 cells
[Level 3 step 42660] ADVANCE at time 53.32375 with dt = 0.00125
[Level 3 step 42660] average evolution speed = 12.40207725 code units/h
[Level 3 step 42660] Advanced 3686400 cells
[Level 1 step 10666] ADVANCE at time 53.325 with dt = 0.005
[Level 1 step 10666] average evolution speed = 12.40226372 code units/h
[Level 1 step 10666] Advanced 4096000 cells
[Level 2 step 21331] ADVANCE at time 53.325 with dt = 0.0025
[Level 2 step 21331] average evolution speed = 12.40216307 code units/h
[Level 2 step 21331] Advanced 4096000 cells
[Level 3 step 42661] ADVANCE at time 53.325 with dt = 0.00125
[Level 3 step 42661] average evolution speed = 12.40206206 code units/h
[Level 3 step 42661] Advanced 3686400 cells
[Level 3 step 42662] ADVANCE at time 53.32625 with dt = 0.00125
[Level 3 step 42662] average evolution speed = 12.40226016 code units/h
[Level 3 step 42662] Advanced 3686400 cells
[Level 2 step 21332] ADVANCE at time 53.3275 with dt = 0.0025
[Level 2 step 21332] average evolution speed = 12.40245274 code units/h
[Level 2 step 21332] Advanced 4096000 cells
[Level 3 step 42663] ADVANCE at time 53.3275 with dt = 0.00125
[Level 3 step 42663] average evolution speed = 12.40235201 code units/h
[Level 3 step 42663] Advanced 3686400 cells
[Level 3 step 42664] ADVANCE at time 53.32875 with dt = 0.00125
[Level 3 step 42664] average evolution speed = 12.40255012 code units/h
[Level 3 step 42664] Advanced 3686400 cells

[STEP 5333] Coarse TimeStep time: 2.038454394
[STEP 5333] FAB kilobyte spread across MPI nodes: [30080106 ... 30080106]

STEP = 5333 TIME = 53.33 DT = 0.01

[Level 0 step 5334] ADVANCE at time 53.33 with dt = 0.01
[Level 0 step 5334] average evolution speed = 12.40256921 code units/h
[Level 0 step 5334] Advanced 2097152 cells
[Level 1 step 10667] ADVANCE at time 53.33 with dt = 0.005
[Level 1 step 10667] average evolution speed = 12.40249967 code units/h
[Level 1 step 10667] Advanced 4096000 cells
[Level 2 step 21333] ADVANCE at time 53.33 with dt = 0.0025
[Level 2 step 21333] average evolution speed = 12.40239875 code units/h
[Level 2 step 21333] Advanced 4096000 cells
[Level 3 step 42665] ADVANCE at time 53.33 with dt = 0.00125
[Level 3 step 42665] average evolution speed = 12.40229763 code units/h
[Level 3 step 42665] Advanced 3686400 cells
[Level 3 step 42666] ADVANCE at time 53.33125 with dt = 0.00125
[Level 3 step 42666] average evolution speed = 12.40249565 code units/h
[Level 3 step 42666] Advanced 3686400 cells
[Level 2 step 21334] ADVANCE at time 53.3325 with dt = 0.0025
[Level 2 step 21334] average evolution speed = 12.40268815 code units/h
[Level 2 step 21334] Advanced 4096000 cells
[Level 3 step 42667] ADVANCE at time 53.3325 with dt = 0.00125
[Level 3 step 42667] average evolution speed = 12.40258732 code units/h
[Level 3 step 42667] Advanced 3686400 cells
[Level 3 step 42668] ADVANCE at time 53.33375 with dt = 0.00125
[Level 3 step 42668] average evolution speed = 12.40278541 code units/h
[Level 3 step 42668] Advanced 3686400 cells
[Level 1 step 10668] ADVANCE at time 53.335 with dt = 0.005
[Level 1 step 10668] average evolution speed = 12.40297176 code units/h
[Level 1 step 10668] Advanced 4096000 cells
[Level 2 step 21335] ADVANCE at time 53.335 with dt = 0.0025
[Level 2 step 21335] average evolution speed = 12.40287108 code units/h
[Level 2 step 21335] Advanced 4096000 cells
[Level 3 step 42669] ADVANCE at time 53.335 with dt = 0.00125
[Level 3 step 42669] average evolution speed = 12.40277003 code units/h
[Level 3 step 42669] Advanced 3686400 cells
[Level 3 step 42670] ADVANCE at time 53.33625 with dt = 0.00125
[Level 3 step 42670] average evolution speed = 12.40296806 code units/h
[Level 3 step 42670] Advanced 3686400 cells
[Level 2 step 21336] ADVANCE at time 53.3375 with dt = 0.0025
[Level 2 step 21336] average evolution speed = 12.40316036 code units/h
[Level 2 step 21336] Advanced 4096000 cells
[Level 3 step 42671] ADVANCE at time 53.3375 with dt = 0.00125
[Level 3 step 42671] average evolution speed = 12.40305931 code units/h
[Level 3 step 42671] Advanced 3686400 cells
[Level 3 step 42672] ADVANCE at time 53.33875 with dt = 0.00125
[Level 3 step 42672] average evolution speed = 12.40325713 code units/h
[Level 3 step 42672] Advanced 3686400 cells

[STEP 5334] Coarse TimeStep time: 2.019630152
[STEP 5334] FAB kilobyte spread across MPI nodes: [30080106 ... 30080106]

STEP = 5334 TIME = 53.34 DT = 0.01

[Level 0 step 5335] ADVANCE at time 53.34 with dt = 0.01
[Level 0 step 5335] average evolution speed = 12.40327657 code units/h
[Level 0 step 5335] Advanced 2097152 cells
[Level 1 step 10669] ADVANCE at time 53.34 with dt = 0.005
[Level 1 step 10669] average evolution speed = 12.40320063 code units/h
[Level 1 step 10669] Advanced 4096000 cells
[Level 2 step 21337] ADVANCE at time 53.34 with dt = 0.0025
[Level 2 step 21337] average evolution speed = 12.40309946 code units/h
[Level 2 step 21337] Advanced 4096000 cells
[Level 3 step 42673] ADVANCE at time 53.34 with dt = 0.00125
[Level 3 step 42673] average evolution speed = 12.40299815 code units/h
[Level 3 step 42673] Advanced 3686400 cells
[Level 3 step 42674] ADVANCE at time 53.34125 with dt = 0.00125
[Level 3 step 42674] average evolution speed = 12.40319601 code units/h
[Level 3 step 42674] Advanced 3686400 cells
[Level 2 step 21338] ADVANCE at time 53.3425 with dt = 0.0025
[Level 2 step 21338] average evolution speed = 12.40338745 code units/h
[Level 2 step 21338] Advanced 4096000 cells
[Level 3 step 42675] ADVANCE at time 53.3425 with dt = 0.00125
[Level 3 step 42675] average evolution speed = 12.40328642 code units/h
[Level 3 step 42675] Advanced 3686400 cells
[Level 3 step 42676] ADVANCE at time 53.34375 with dt = 0.00125
[Level 3 step 42676] average evolution speed = 12.40348434 code units/h
[Level 3 step 42676] Advanced 3686400 cells
[Level 1 step 10670] ADVANCE at time 53.345 with dt = 0.005
[Level 1 step 10670] average evolution speed = 12.40366893 code units/h
[Level 1 step 10670] Advanced 4096000 cells
[Level 2 step 21339] ADVANCE at time 53.345 with dt = 0.0025
[Level 2 step 21339] average evolution speed = 12.40356805 code units/h
[Level 2 step 21339] Advanced 4096000 cells
[Level 3 step 42677] ADVANCE at time 53.345 with dt = 0.00125
[Level 3 step 42677] average evolution speed = 12.4034667 code units/h
[Level 3 step 42677] Advanced 3686400 cells
[Level 3 step 42678] ADVANCE at time 53.34625 with dt = 0.00125
[Level 3 step 42678] average evolution speed = 12.40366436 code units/h
[Level 3 step 42678] Advanced 3686400 cells
[Level 2 step 21340] ADVANCE at time 53.3475 with dt = 0.0025
[Level 2 step 21340] average evolution speed = 12.40385583 code units/h
[Level 2 step 21340] Advanced 4096000 cells
[Level 3 step 42679] ADVANCE at time 53.3475 with dt = 0.00125
[Level 3 step 42679] average evolution speed = 12.40375475 code units/h
[Level 3 step 42679] Advanced 3686400 cells
[Level 3 step 42680] ADVANCE at time 53.34875 with dt = 0.00125
[Level 3 step 42680] average evolution speed = 12.40395257 code units/h
[Level 3 step 42680] Advanced 3686400 cells

[STEP 5335] Coarse TimeStep time: 2.039446339
[STEP 5335] FAB kilobyte spread across MPI nodes: [30080106 ... 30080106]

STEP = 5335 TIME = 53.35 DT = 0.01

[Level 0 step 5336] ADVANCE at time 53.35 with dt = 0.01
[Level 0 step 5336] average evolution speed = 12.40396787 code units/h
[Level 0 step 5336] Advanced 2097152 cells
[Level 1 step 10671] ADVANCE at time 53.35 with dt = 0.005
[Level 1 step 10671] average evolution speed = 12.40389221 code units/h
[Level 1 step 10671] Advanced 4096000 cells
[Level 2 step 21341] ADVANCE at time 53.35 with dt = 0.0025
[Level 2 step 21341] average evolution speed = 12.4037909 code units/h
[Level 2 step 21341] Advanced 4096000 cells
[Level 3 step 42681] ADVANCE at time 53.35 with dt = 0.00125
[Level 3 step 42681] average evolution speed = 12.40368953 code units/h
[Level 3 step 42681] Advanced 3686400 cells
[Level 3 step 42682] ADVANCE at time 53.35125 with dt = 0.00125
[Level 3 step 42682] average evolution speed = 12.40388731 code units/h
[Level 3 step 42682] Advanced 3686400 cells
[Level 2 step 21342] ADVANCE at time 53.3525 with dt = 0.0025
[Level 2 step 21342] average evolution speed = 12.4040786 code units/h
[Level 2 step 21342] Advanced 4096000 cells
[Level 3 step 42683] ADVANCE at time 53.3525 with dt = 0.00125
[Level 3 step 42683] average evolution speed = 12.40397751 code units/h
[Level 3 step 42683] Advanced 3686400 cells
[Level 3 step 42684] ADVANCE at time 53.35375 with dt = 0.00125
[Level 3 step 42684] average evolution speed = 12.40417522 code units/h
[Level 3 step 42684] Advanced 3686400 cells
[Level 1 step 10672] ADVANCE at time 53.355 with dt = 0.005
[Level 1 step 10672] average evolution speed = 12.40435971 code units/h
[Level 1 step 10672] Advanced 4096000 cells
[Level 2 step 21343] ADVANCE at time 53.355 with dt = 0.0025
[Level 2 step 21343] average evolution speed = 12.40425849 code units/h
[Level 2 step 21343] Advanced 4096000 cells
[Level 3 step 42685] ADVANCE at time 53.355 with dt = 0.00125
[Level 3 step 42685] average evolution speed = 12.40415691 code units/h
[Level 3 step 42685] Advanced 3686400 cells
NaN diagnostic: rank=0 level=3 component=1 name=h11
amrex::Abort::0::NaN in GRAMRLevel::post_timestep !!!
SIGABRT
See Backtrace.0 file for details
--------------------------------------------------------------------------
MPI_ABORT was invoked on rank 0 in communicator MPI_COMM_WORLD
  Proc: [[9917,0],0]
  Errorcode: 6

NOTE: invoking MPI_ABORT causes Open MPI to kill all MPI processes.
You may or may not see output from other processes, depending on
exactly when Open MPI kills them.
--------------------------------------------------------------------------
