[Level 5 step 125933] Advanced 7372800 cells
[Level 5 step 125934] ADVANCE at time 39.3540625 with dt = 0.0003125
[Level 5 step 125934] average evolution speed = 2.259828913 code units/h
[Level 5 step 125934] Advanced 7372800 cells
[Level 4 step 62968] ADVANCE at time 39.354375 with dt = 0.000625
[Level 4 step 62968] average evolution speed = 2.259838046 code units/h
[Level 4 step 62968] Advanced 5734400 cells
[Level 5 step 125935] ADVANCE at time 39.354375 with dt = 0.0003125
[Level 5 step 125935] average evolution speed = 2.259831605 code units/h
[Level 5 step 125935] Advanced 7372800 cells
[Level 5 step 125936] ADVANCE at time 39.3546875 with dt = 0.0003125
[Level 5 step 125936] average evolution speed = 2.259841208 code units/h
[Level 5 step 125936] Advanced 7372800 cells
[Level 1 step 7872] ADVANCE at time 39.355 with dt = 0.005
[Level 1 step 7872] average evolution speed = 2.259849361 code units/h
[Level 1 step 7872] Advanced 4096000 cells
[Level 2 step 15743] ADVANCE at time 39.355 with dt = 0.0025
[Level 2 step 15743] average evolution speed = 2.259844747 code units/h
[Level 2 step 15743] Advanced 4096000 cells
[Level 3 step 31485] ADVANCE at time 39.355 with dt = 0.00125
[Level 3 step 31485] average evolution speed = 2.259840116 code units/h
[Level 3 step 31485] Advanced 4915200 cells
[Level 4 step 62969] ADVANCE at time 39.355 with dt = 0.000625
[Level 4 step 62969] average evolution speed = 2.259834605 code units/h
[Level 4 step 62969] Advanced 5734400 cells
[Level 5 step 125937] ADVANCE at time 39.355 with dt = 0.0003125
[Level 5 step 125937] average evolution speed = 2.259828166 code units/h
[Level 5 step 125937] Advanced 7372800 cells
[Level 5 step 125938] ADVANCE at time 39.3553125 with dt = 0.0003125
[Level 5 step 125938] average evolution speed = 2.259837762 code units/h
[Level 5 step 125938] Advanced 7372800 cells
[Level 4 step 62970] ADVANCE at time 39.355625 with dt = 0.000625
[Level 4 step 62970] average evolution speed = 2.259846898 code units/h
[Level 4 step 62970] Advanced 5734400 cells
[Level 5 step 125939] ADVANCE at time 39.355625 with dt = 0.0003125
[Level 5 step 125939] average evolution speed = 2.259840459 code units/h
[Level 5 step 125939] Advanced 7372800 cells
[Level 5 step 125940] ADVANCE at time 39.3559375 with dt = 0.0003125
[Level 5 step 125940] average evolution speed = 2.259850055 code units/h
[Level 5 step 125940] Advanced 7372800 cells
[Level 3 step 31486] ADVANCE at time 39.35625 with dt = 0.00125
[Level 3 step 31486] average evolution speed = 2.259858827 code units/h
[Level 3 step 31486] Advanced 4915200 cells
[Level 4 step 62971] ADVANCE at time 39.35625 with dt = 0.000625
[Level 4 step 62971] average evolution speed = 2.259853325 code units/h
[Level 4 step 62971] Advanced 5734400 cells
[Level 5 step 125941] ADVANCE at time 39.35625 with dt = 0.0003125
[Level 5 step 125941] average evolution speed = 2.259846893 code units/h
[Level 5 step 125941] Advanced 7372800 cells
[Level 5 step 125942] ADVANCE at time 39.3565625 with dt = 0.0003125
[Level 5 step 125942] average evolution speed = 2.259856491 code units/h
[Level 5 step 125942] Advanced 7372800 cells
[Level 4 step 62972] ADVANCE at time 39.356875 with dt = 0.000625
[Level 4 step 62972] average evolution speed = 2.25986563 code units/h
[Level 4 step 62972] Advanced 5734400 cells
[Level 5 step 125943] ADVANCE at time 39.356875 with dt = 0.0003125
[Level 5 step 125943] average evolution speed = 2.259859197 code units/h
[Level 5 step 125943] Advanced 7372800 cells
[Level 5 step 125944] ADVANCE at time 39.3571875 with dt = 0.0003125
[Level 5 step 125944] average evolution speed = 2.259868805 code units/h
[Level 5 step 125944] Advanced 7372800 cells
[Level 2 step 15744] ADVANCE at time 39.3575 with dt = 0.0025
[Level 2 step 15744] average evolution speed = 2.259877241 code units/h
[Level 2 step 15744] Advanced 4096000 cells
[Level 3 step 31487] ADVANCE at time 39.3575 with dt = 0.00125
[Level 3 step 31487] average evolution speed = 2.25987262 code units/h
[Level 3 step 31487] Advanced 4915200 cells
[Level 4 step 62973] ADVANCE at time 39.3575 with dt = 0.000625
[Level 4 step 62973] average evolution speed = 2.259867117 code units/h
[Level 4 step 62973] Advanced 5734400 cells
[Level 5 step 125945] ADVANCE at time 39.3575 with dt = 0.0003125
[Level 5 step 125945] average evolution speed = 2.259860684 code units/h
[Level 5 step 125945] Advanced 7372800 cells
[Level 5 step 125946] ADVANCE at time 39.3578125 with dt = 0.0003125
[Level 5 step 125946] average evolution speed = 2.259870289 code units/h
[Level 5 step 125946] Advanced 7372800 cells
[Level 4 step 62974] ADVANCE at time 39.358125 with dt = 0.000625
[Level 4 step 62974] average evolution speed = 2.259879427 code units/h
[Level 4 step 62974] Advanced 5734400 cells
[Level 5 step 125947] ADVANCE at time 39.358125 with dt = 0.0003125
[Level 5 step 125947] average evolution speed = 2.259872986 code units/h
[Level 5 step 125947] Advanced 7372800 cells
[Level 5 step 125948] ADVANCE at time 39.3584375 with dt = 0.0003125
[Level 5 step 125948] average evolution speed = 2.259882592 code units/h
[Level 5 step 125948] Advanced 7372800 cells
[Level 3 step 31488] ADVANCE at time 39.35875 with dt = 0.00125
[Level 3 step 31488] average evolution speed = 2.25989136 code units/h
[Level 3 step 31488] Advanced 4915200 cells
[Level 4 step 62975] ADVANCE at time 39.35875 with dt = 0.000625
[Level 4 step 62975] average evolution speed = 2.259885858 code units/h
[Level 4 step 62975] Advanced 5734400 cells
[Level 5 step 125949] ADVANCE at time 39.35875 with dt = 0.0003125
[Level 5 step 125949] average evolution speed = 2.25987942 code units/h
[Level 5 step 125949] Advanced 7372800 cells
[Level 5 step 125950] ADVANCE at time 39.3590625 with dt = 0.0003125
[Level 5 step 125950] average evolution speed = 2.259889019 code units/h
[Level 5 step 125950] Advanced 7372800 cells
[Level 4 step 62976] ADVANCE at time 39.359375 with dt = 0.000625
[Level 4 step 62976] average evolution speed = 2.259898165 code units/h
[Level 4 step 62976] Advanced 5734400 cells
[Level 5 step 125951] ADVANCE at time 39.359375 with dt = 0.0003125
[Level 5 step 125951] average evolution speed = 2.259891726 code units/h
[Level 5 step 125951] Advanced 7372800 cells
[Level 5 step 125952] ADVANCE at time 39.3596875 with dt = 0.0003125
[Level 5 step 125952] average evolution speed = 2.259901338 code units/h
[Level 5 step 125952] Advanced 7372800 cells

[STEP 3936] Coarse TimeStep time: 12.81794673
[STEP 3936] FAB kilobyte spread across MPI nodes: [43874618 ... 43874618]

STEP = 3936 TIME = 39.36 DT = 0.01

Now regridding at level lbase = 0
grid_places() time: 0.02768639 new finest: 5
STEP = 3936 TIME = 39.36 : REGRID  with lbase = 0
  Level 1   125 grids  4096000 cells  24.4140625 % of domain
            smallest grid: 32 x 32 x 32  biggest grid: 32 x 32 x 32
  Level 2   125 grids  4096000 cells  3.051757812 % of domain
            smallest grid: 32 x 32 x 32  biggest grid: 32 x 32 x 32
  Level 3   150 grids  4915200 cells  0.4577636719 % of domain
            smallest grid: 32 x 32 x 32  biggest grid: 32 x 32 x 32
  Level 4   175 grids  5734400 cells  0.06675720215 % of domain
            smallest grid: 32 x 32 x 32  biggest grid: 32 x 32 x 32
  Level 5   225 grids  7372800 cells  0.01072883606 % of domain
            smallest grid: 32 x 32 x 32  biggest grid: 32 x 32 x 32

[Level 0 step 3937] ADVANCE at time 39.36 with dt = 0.01
[Level 0 step 3937] average evolution speed = 2.259903796 code units/h
[Level 0 step 3937] Advanced 2097152 cells
[Level 1 step 7873] ADVANCE at time 39.36 with dt = 0.005
[Level 1 step 7873] average evolution speed = 2.259900637 code units/h
[Level 1 step 7873] Advanced 4096000 cells
[Level 2 step 15745] ADVANCE at time 39.36 with dt = 0.0025
[Level 2 step 15745] average evolution speed = 2.259896101 code units/h
[Level 2 step 15745] Advanced 4096000 cells
[Level 3 step 31489] ADVANCE at time 39.36 with dt = 0.00125
[Level 3 step 31489] average evolution speed = 2.259891507 code units/h
[Level 3 step 31489] Advanced 4915200 cells
[Level 4 step 62977] ADVANCE at time 39.36 with dt = 0.000625
[Level 4 step 62977] average evolution speed = 2.259886023 code units/h
[Level 4 step 62977] Advanced 5734400 cells
[Level 5 step 125953] ADVANCE at time 39.36 with dt = 0.0003125
[Level 5 step 125953] average evolution speed = 2.259879642 code units/h
[Level 5 step 125953] Advanced 7372800 cells
[Level 5 step 125954] ADVANCE at time 39.3603125 with dt = 0.0003125
[Level 5 step 125954] average evolution speed = 2.259889197 code units/h
[Level 5 step 125954] Advanced 7372800 cells
[Level 4 step 62978] ADVANCE at time 39.360625 with dt = 0.000625
[Level 4 step 62978] average evolution speed = 2.259898319 code units/h
[Level 4 step 62978] Advanced 5734400 cells
[Level 5 step 125955] ADVANCE at time 39.360625 with dt = 0.0003125
[Level 5 step 125955] average evolution speed = 2.259891884 code units/h
[Level 5 step 125955] Advanced 7372800 cells
[Level 5 step 125956] ADVANCE at time 39.3609375 with dt = 0.0003125
[Level 5 step 125956] average evolution speed = 2.259901473 code units/h
[Level 5 step 125956] Advanced 7372800 cells
[Level 3 step 31490] ADVANCE at time 39.36125 with dt = 0.00125
[Level 3 step 31490] average evolution speed = 2.259910225 code units/h
[Level 3 step 31490] Advanced 4915200 cells
[Level 4 step 62979] ADVANCE at time 39.36125 with dt = 0.000625
[Level 4 step 62979] average evolution speed = 2.259904704 code units/h
[Level 4 step 62979] Advanced 5734400 cells
[Level 5 step 125957] ADVANCE at time 39.36125 with dt = 0.0003125
[Level 5 step 125957] average evolution speed = 2.259898258 code units/h
[Level 5 step 125957] Advanced 7372800 cells
[Level 5 step 125958] ADVANCE at time 39.3615625 with dt = 0.0003125
[Level 5 step 125958] average evolution speed = 2.259907857 code units/h
[Level 5 step 125958] Advanced 7372800 cells
[Level 4 step 62980] ADVANCE at time 39.361875 with dt = 0.000625
[Level 4 step 62980] average evolution speed = 2.259916955 code units/h
[Level 4 step 62980] Advanced 5734400 cells
[Level 5 step 125959] ADVANCE at time 39.361875 with dt = 0.0003125
[Level 5 step 125959] average evolution speed = 2.259910526 code units/h
[Level 5 step 125959] Advanced 7372800 cells
[Level 5 step 125960] ADVANCE at time 39.3621875 with dt = 0.0003125
[Level 5 step 125960] average evolution speed = 2.259920125 code units/h
[Level 5 step 125960] Advanced 7372800 cells
[Level 2 step 15746] ADVANCE at time 39.3625 with dt = 0.0025
[Level 2 step 15746] average evolution speed = 2.259928526 code units/h
[Level 2 step 15746] Advanced 4096000 cells
[Level 3 step 31491] ADVANCE at time 39.3625 with dt = 0.00125
[Level 3 step 31491] average evolution speed = 2.259923881 code units/h
[Level 3 step 31491] Advanced 4915200 cells
[Level 4 step 62981] ADVANCE at time 39.3625 with dt = 0.000625
[Level 4 step 62981] average evolution speed = 2.259918364 code units/h
[Level 4 step 62981] Advanced 5734400 cells
[Level 5 step 125961] ADVANCE at time 39.3625 with dt = 0.0003125
[Level 5 step 125961] average evolution speed = 2.259911919 code units/h
[Level 5 step 125961] Advanced 7372800 cells
[Level 5 step 125962] ADVANCE at time 39.3628125 with dt = 0.0003125
[Level 5 step 125962] average evolution speed = 2.259921515 code units/h
[Level 5 step 125962] Advanced 7372800 cells
[Level 4 step 62982] ADVANCE at time 39.363125 with dt = 0.000625
[Level 4 step 62982] average evolution speed = 2.259930641 code units/h
[Level 4 step 62982] Advanced 5734400 cells
[Level 5 step 125963] ADVANCE at time 39.363125 with dt = 0.0003125
[Level 5 step 125963] average evolution speed = 2.259924219 code units/h
[Level 5 step 125963] Advanced 7372800 cells
[Level 5 step 125964] ADVANCE at time 39.3634375 with dt = 0.0003125
[Level 5 step 125964] average evolution speed = 2.259933825 code units/h
