
[Level 0 step 642] ADVANCE at time 6.41 with dt = 0.01
[Level 0 step 642] average evolution speed = 313.7362385 code units/h
[Level 0 step 642] Advanced 2097152 cells

[STEP 642] Coarse TimeStep time: 0.11057924
[STEP 642] FAB kilobyte spread across MPI nodes: [3991788 ... 3991788]

STEP = 642 TIME = 6.42 DT = 0.01

[Level 0 step 643] ADVANCE at time 6.42 with dt = 0.01
[Level 0 step 643] average evolution speed = 313.7539229 code units/h
[Level 0 step 643] Advanced 2097152 cells

[STEP 643] Coarse TimeStep time: 0.110428389
[STEP 643] FAB kilobyte spread across MPI nodes: [3991788 ... 3991788]

STEP = 643 TIME = 6.43 DT = 0.01

[Level 0 step 644] ADVANCE at time 6.43 with dt = 0.01
[Level 0 step 644] average evolution speed = 313.7721994 code units/h
[Level 0 step 644] Advanced 2097152 cells

[STEP 644] Coarse TimeStep time: 0.11082239
[STEP 644] FAB kilobyte spread across MPI nodes: [3991788 ... 3991788]

STEP = 644 TIME = 6.44 DT = 0.01

[Level 0 step 645] ADVANCE at time 6.44 with dt = 0.01
[Level 0 step 645] average evolution speed = 313.7887445 code units/h
[Level 0 step 645] Advanced 2097152 cells

[STEP 645] Coarse TimeStep time: 0.110634613
[STEP 645] FAB kilobyte spread across MPI nodes: [3991788 ... 3991788]

STEP = 645 TIME = 6.45 DT = 0.01

[Level 0 step 646] ADVANCE at time 6.45 with dt = 0.01
[Level 0 step 646] average evolution speed = 313.8060366 code units/h
[Level 0 step 646] Advanced 2097152 cells

[STEP 646] Coarse TimeStep time: 0.11063636
[STEP 646] FAB kilobyte spread across MPI nodes: [3991788 ... 3991788]

STEP = 646 TIME = 6.46 DT = 0.01

[Level 0 step 647] ADVANCE at time 6.46 with dt = 0.01
[Level 0 step 647] average evolution speed = 313.8232696 code units/h
[Level 0 step 647] Advanced 2097152 cells

[STEP 647] Coarse TimeStep time: 0.110636798
[STEP 647] FAB kilobyte spread across MPI nodes: [3991788 ... 3991788]

STEP = 647 TIME = 6.47 DT = 0.01

[Level 0 step 648] ADVANCE at time 6.47 with dt = 0.01
[Level 0 step 648] average evolution speed = 313.8404497 code units/h
[Level 0 step 648] Advanced 2097152 cells

[STEP 648] Coarse TimeStep time: 0.110798076
[STEP 648] FAB kilobyte spread across MPI nodes: [3991788 ... 3991788]

STEP = 648 TIME = 6.48 DT = 0.01

[Level 0 step 649] ADVANCE at time 6.48 with dt = 0.01
[Level 0 step 649] average evolution speed = 313.8568939 code units/h
[Level 0 step 649] Advanced 2097152 cells

[STEP 649] Coarse TimeStep time: 0.111307793
[STEP 649] FAB kilobyte spread across MPI nodes: [3991788 ... 3991788]

STEP = 649 TIME = 6.49 DT = 0.01

[Level 0 step 650] ADVANCE at time 6.49 with dt = 0.01
[Level 0 step 650] average evolution speed = 313.8711289 code units/h
[Level 0 step 650] Advanced 2097152 cells

[STEP 650] Coarse TimeStep time: 0.111154222
[STEP 650] FAB kilobyte spread across MPI nodes: [3991788 ... 3991788]

STEP = 650 TIME = 6.5 DT = 0.01

PLOTFILE: file = /tmp/grteclyn_scratch/s1uni128_lapse5_sg01/BinaryWormholePlt00650
Write plotfile time = 0.095344304  seconds

[Level 0 step 651] ADVANCE at time 6.5 with dt = 0.01
[Level 0 step 651] average evolution speed = 313.4846606 code units/h
[Level 0 step 651] Advanced 2097152 cells

[STEP 651] Coarse TimeStep time: 0.110679394
[STEP 651] FAB kilobyte spread across MPI nodes: [3991788 ... 3991788]

STEP = 651 TIME = 6.51 DT = 0.01

[Level 0 step 652] ADVANCE at time 6.51 with dt = 0.01
[Level 0 step 652] average evolution speed = 313.5020549 code units/h
[Level 0 step 652] Advanced 2097152 cells

[STEP 652] Coarse TimeStep time: 0.114019746
[STEP 652] FAB kilobyte spread across MPI nodes: [3991788 ... 3991788]

STEP = 652 TIME = 6.52 DT = 0.01

[Level 0 step 653] ADVANCE at time 6.52 with dt = 0.01
[Level 0 step 653] average evolution speed = 313.5053931 code units/h
[Level 0 step 653] Advanced 2097152 cells

[STEP 653] Coarse TimeStep time: 0.109571394
[STEP 653] FAB kilobyte spread across MPI nodes: [3991788 ... 3991788]

STEP = 653 TIME = 6.53 DT = 0.01

[Level 0 step 654] ADVANCE at time 6.53 with dt = 0.01
[Level 0 step 654] average evolution speed = 313.5273236 code units/h
[Level 0 step 654] Advanced 2097152 cells

[STEP 654] Coarse TimeStep time: 0.109512239
[STEP 654] FAB kilobyte spread across MPI nodes: [3991788 ... 3991788]

STEP = 654 TIME = 6.54 DT = 0.01

[Level 0 step 655] ADVANCE at time 6.54 with dt = 0.01
[Level 0 step 655] average evolution speed = 313.5494359 code units/h
[Level 0 step 655] Advanced 2097152 cells

[STEP 655] Coarse TimeStep time: 0.110334582
[STEP 655] FAB kilobyte spread across MPI nodes: [3991788 ... 3991788]

STEP = 655 TIME = 6.55 DT = 0.01

[Level 0 step 656] ADVANCE at time 6.55 with dt = 0.01
[Level 0 step 656] average evolution speed = 313.5680406 code units/h
[Level 0 step 656] Advanced 2097152 cells

[STEP 656] Coarse TimeStep time: 0.110687918
[STEP 656] FAB kilobyte spread across MPI nodes: [3991788 ... 3991788]

STEP = 656 TIME = 6.56 DT = 0.01

[Level 0 step 657] ADVANCE at time 6.56 with dt = 0.01
[Level 0 step 657] average evolution speed = 313.5851366 code units/h
[Level 0 step 657] Advanced 2097152 cells

[STEP 657] Coarse TimeStep time: 0.11013274
[STEP 657] FAB kilobyte spread across MPI nodes: [3991788 ... 3991788]

STEP = 657 TIME = 6.57 DT = 0.01

[Level 0 step 658] ADVANCE at time 6.57 with dt = 0.01
[Level 0 step 658] average evolution speed = 313.6044832 code units/h
[Level 0 step 658] Advanced 2097152 cells

[STEP 658] Coarse TimeStep time: 0.110187738
[STEP 658] FAB kilobyte spread across MPI nodes: [3991788 ... 3991788]

STEP = 658 TIME = 6.58 DT = 0.01

[Level 0 step 659] ADVANCE at time 6.58 with dt = 0.01
[Level 0 step 659] average evolution speed = 313.6235235 code units/h
[Level 0 step 659] Advanced 2097152 cells

[STEP 659] Coarse TimeStep time: 0.110814695
[STEP 659] FAB kilobyte spread across MPI nodes: [3991788 ... 3991788]

STEP = 659 TIME = 6.59 DT = 0.01

[Level 0 step 660] ADVANCE at time 6.59 with dt = 0.01
[Level 0 step 660] average evolution speed = 313.6399304 code units/h
[Level 0 step 660] Advanced 2097152 cells

[STEP 660] Coarse TimeStep time: 0.110604394
[STEP 660] FAB kilobyte spread across MPI nodes: [3991788 ... 3991788]

STEP = 660 TIME = 6.6 DT = 0.01

[Level 0 step 661] ADVANCE at time 6.6 with dt = 0.01
[Level 0 step 661] average evolution speed = 313.6571067 code units/h
[Level 0 step 661] Advanced 2097152 cells

[STEP 661] Coarse TimeStep time: 0.112856348
[STEP 661] FAB kilobyte spread across MPI nodes: [3991788 ... 3991788]

STEP = 661 TIME = 6.61 DT = 0.01

[Level 0 step 662] ADVANCE at time 6.61 with dt = 0.01
[Level 0 step 662] average evolution speed = 313.6643653 code units/h
[Level 0 step 662] Advanced 2097152 cells

[STEP 662] Coarse TimeStep time: 0.117722899
[STEP 662] FAB kilobyte spread across MPI nodes: [3991788 ... 3991788]

STEP = 662 TIME = 6.62 DT = 0.01

[Level 0 step 663] ADVANCE at time 6.62 with dt = 0.01
[Level 0 step 663] average evolution speed = 313.6521248 code units/h
[Level 0 step 663] Advanced 2097152 cells
NaN diagnostic: rank=0 level=0 component=7 name=K
amrex::Abort::0::NaN in GRAMRLevel::post_timestep !!!
SIGABRT
See Backtrace.0 file for details
