[Level 3 step 35718] ADVANCE at time 44.64625 with dt = 0.00125
[Level 3 step 35718] average evolution speed = 10.18294349 code units/h
[Level 3 step 35718] Advanced 4096000 cells
[Level 2 step 17860] ADVANCE at time 44.6475 with dt = 0.0025
[Level 2 step 17860] average evolution speed = 10.18311421 code units/h
[Level 2 step 17860] Advanced 3686400 cells
[Level 3 step 35719] ADVANCE at time 44.6475 with dt = 0.00125
[Level 3 step 35719] average evolution speed = 10.18301943 code units/h
[Level 3 step 35719] Advanced 4096000 cells
[Level 3 step 35720] ADVANCE at time 44.64875 with dt = 0.00125
[Level 3 step 35720] average evolution speed = 10.18320094 code units/h
[Level 3 step 35720] Advanced 4096000 cells

[STEP 4465] Coarse TimeStep time: 2.584583942
[STEP 4465] FAB kilobyte spread across MPI nodes: [17299254 ... 17299254]

STEP = 4465 TIME = 44.65 DT = 0.01

[Level 0 step 4466] ADVANCE at time 44.65 with dt = 0.01
[Level 0 step 4466] average evolution speed = 10.18332035 code units/h
[Level 0 step 4466] Advanced 2097152 cells
[Level 1 step 8931] ADVANCE at time 44.65 with dt = 0.005
[Level 1 step 8931] average evolution speed = 10.18321015 code units/h
[Level 1 step 8931] Advanced 4096000 cells
[Level 2 step 17861] ADVANCE at time 44.65 with dt = 0.0025
[Level 2 step 17861] average evolution speed = 10.18312732 code units/h
[Level 2 step 17861] Advanced 3686400 cells
[Level 3 step 35721] ADVANCE at time 44.65 with dt = 0.00125
[Level 3 step 35721] average evolution speed = 10.18305194 code units/h
[Level 3 step 35721] Advanced 4096000 cells
[Level 3 step 35722] ADVANCE at time 44.65125 with dt = 0.00125
[Level 3 step 35722] average evolution speed = 10.18325414 code units/h
[Level 3 step 35722] Advanced 4096000 cells
[Level 2 step 17862] ADVANCE at time 44.6525 with dt = 0.0025
[Level 2 step 17862] average evolution speed = 10.18345139 code units/h
[Level 2 step 17862] Advanced 3686400 cells
[Level 3 step 35723] ADVANCE at time 44.6525 with dt = 0.00125
[Level 3 step 35723] average evolution speed = 10.18337599 code units/h
[Level 3 step 35723] Advanced 4096000 cells
[Level 3 step 35724] ADVANCE at time 44.65375 with dt = 0.00125
[Level 3 step 35724] average evolution speed = 10.18356525 code units/h
[Level 3 step 35724] Advanced 4096000 cells
[Level 1 step 8932] ADVANCE at time 44.655 with dt = 0.005
[Level 1 step 8932] average evolution speed = 10.18372487 code units/h
[Level 1 step 8932] Advanced 4096000 cells
[Level 2 step 17863] ADVANCE at time 44.655 with dt = 0.0025
[Level 2 step 17863] average evolution speed = 10.18362207 code units/h
[Level 2 step 17863] Advanced 3686400 cells
[Level 3 step 35725] ADVANCE at time 44.655 with dt = 0.00125
[Level 3 step 35725] average evolution speed = 10.18352655 code units/h
[Level 3 step 35725] Advanced 4096000 cells
[Level 3 step 35726] ADVANCE at time 44.65625 with dt = 0.00125
[Level 3 step 35726] average evolution speed = 10.1837078 code units/h
[Level 3 step 35726] Advanced 4096000 cells
[Level 2 step 17864] ADVANCE at time 44.6575 with dt = 0.0025
[Level 2 step 17864] average evolution speed = 10.18387884 code units/h
[Level 2 step 17864] Advanced 3686400 cells
[Level 3 step 35727] ADVANCE at time 44.6575 with dt = 0.00125
[Level 3 step 35727] average evolution speed = 10.18378412 code units/h
[Level 3 step 35727] Advanced 4096000 cells
[Level 3 step 35728] ADVANCE at time 44.65875 with dt = 0.00125
[Level 3 step 35728] average evolution speed = 10.18396516 code units/h
[Level 3 step 35728] Advanced 4096000 cells

[STEP 4466] Coarse TimeStep time: 2.351289902
[STEP 4466] FAB kilobyte spread across MPI nodes: [17299254 ... 17299254]

STEP = 4466 TIME = 44.66 DT = 0.01

[Level 0 step 4467] ADVANCE at time 44.66 with dt = 0.01
[Level 0 step 4467] average evolution speed = 10.18408401 code units/h
[Level 0 step 4467] Advanced 2097152 cells
[Level 1 step 8933] ADVANCE at time 44.66 with dt = 0.005
[Level 1 step 8933] average evolution speed = 10.18397373 code units/h
[Level 1 step 8933] Advanced 4096000 cells
[Level 2 step 17865] ADVANCE at time 44.66 with dt = 0.0025
[Level 2 step 17865] average evolution speed = 10.18387032 code units/h
[Level 2 step 17865] Advanced 3686400 cells
[Level 3 step 35729] ADVANCE at time 44.66 with dt = 0.00125
[Level 3 step 35729] average evolution speed = 10.18377426 code units/h
[Level 3 step 35729] Advanced 4096000 cells
[Level 3 step 35730] ADVANCE at time 44.66125 with dt = 0.00125
[Level 3 step 35730] average evolution speed = 10.18395587 code units/h
[Level 3 step 35730] Advanced 4096000 cells
[Level 2 step 17866] ADVANCE at time 44.6625 with dt = 0.0025
[Level 2 step 17866] average evolution speed = 10.18412702 code units/h
[Level 2 step 17866] Advanced 3686400 cells
[Level 3 step 35731] ADVANCE at time 44.6625 with dt = 0.00125
[Level 3 step 35731] average evolution speed = 10.18403231 code units/h
[Level 3 step 35731] Advanced 4096000 cells
[Level 3 step 35732] ADVANCE at time 44.66375 with dt = 0.00125
[Level 3 step 35732] average evolution speed = 10.18421435 code units/h
[Level 3 step 35732] Advanced 4096000 cells
[Level 1 step 8934] ADVANCE at time 44.665 with dt = 0.005
[Level 1 step 8934] average evolution speed = 10.18437453 code units/h
[Level 1 step 8934] Advanced 4096000 cells
[Level 2 step 17867] ADVANCE at time 44.665 with dt = 0.0025
[Level 2 step 17867] average evolution speed = 10.1842718 code units/h
[Level 2 step 17867] Advanced 3686400 cells
[Level 3 step 35733] ADVANCE at time 44.665 with dt = 0.00125
[Level 3 step 35733] average evolution speed = 10.18417599 code units/h
[Level 3 step 35733] Advanced 4096000 cells
[Level 3 step 35734] ADVANCE at time 44.66625 with dt = 0.00125
[Level 3 step 35734] average evolution speed = 10.18435749 code units/h
[Level 3 step 35734] Advanced 4096000 cells
[Level 2 step 17868] ADVANCE at time 44.6675 with dt = 0.0025
[Level 2 step 17868] average evolution speed = 10.18452389 code units/h
[Level 2 step 17868] Advanced 3686400 cells
[Level 3 step 35735] ADVANCE at time 44.6675 with dt = 0.00125
[Level 3 step 35735] average evolution speed = 10.18441134 code units/h
[Level 3 step 35735] Advanced 4096000 cells
[Level 3 step 35736] ADVANCE at time 44.66875 with dt = 0.00125
[Level 3 step 35736] average evolution speed = 10.1845703 code units/h
[Level 3 step 35736] Advanced 4096000 cells

[STEP 4467] Coarse TimeStep time: 2.87151499
[STEP 4467] FAB kilobyte spread across MPI nodes: [17299254 ... 17299254]

STEP = 4467 TIME = 44.67 DT = 0.01

[Level 0 step 4468] ADVANCE at time 44.67 with dt = 0.01
[Level 0 step 4468] average evolution speed = 10.18451189 code units/h
[Level 0 step 4468] Advanced 2097152 cells
[Level 1 step 8935] ADVANCE at time 44.67 with dt = 0.005
[Level 1 step 8935] average evolution speed = 10.184182 code units/h
[Level 1 step 8935] Advanced 4096000 cells
[Level 2 step 17869] ADVANCE at time 44.67 with dt = 0.0025
[Level 2 step 17869] average evolution speed = 10.18397061 code units/h
[Level 2 step 17869] Advanced 3686400 cells
[Level 3 step 35737] ADVANCE at time 44.67 with dt = 0.00125
[Level 3 step 35737] average evolution speed = 10.18383003 code units/h
[Level 3 step 35737] Advanced 4096000 cells
[Level 3 step 35738] ADVANCE at time 44.67125 with dt = 0.00125
[Level 3 step 35738] average evolution speed = 10.18389915 code units/h
[Level 3 step 35738] Advanced 4096000 cells
[Level 2 step 17870] ADVANCE at time 44.6725 with dt = 0.0025
[Level 2 step 17870] average evolution speed = 10.1839563 code units/h
[Level 2 step 17870] Advanced 3686400 cells
[Level 3 step 35739] ADVANCE at time 44.6725 with dt = 0.00125
[Level 3 step 35739] average evolution speed = 10.18376163 code units/h
[Level 3 step 35739] Advanced 4096000 cells
[Level 3 step 35740] ADVANCE at time 44.67375 with dt = 0.00125
[Level 3 step 35740] average evolution speed = 10.18384967 code units/h
[Level 3 step 35740] Advanced 4096000 cells
[Level 1 step 8936] ADVANCE at time 44.675 with dt = 0.005
[Level 1 step 8936] average evolution speed = 10.18395459 code units/h
[Level 1 step 8936] Advanced 4096000 cells
[Level 2 step 17871] ADVANCE at time 44.675 with dt = 0.0025
[Level 2 step 17871] average evolution speed = 10.18376846 code units/h
[Level 2 step 17871] Advanced 3686400 cells
[Level 3 step 35741] ADVANCE at time 44.675 with dt = 0.00125
[Level 3 step 35741] average evolution speed = 10.18356722 code units/h
[Level 3 step 35741] Advanced 4096000 cells
[Level 3 step 35742] ADVANCE at time 44.67625 with dt = 0.00125
[Level 3 step 35742] average evolution speed = 10.18365639 code units/h
[Level 3 step 35742] Advanced 4096000 cells
[Level 2 step 17872] ADVANCE at time 44.6775 with dt = 0.0025
[Level 2 step 17872] average evolution speed = 10.18368965 code units/h
[Level 2 step 17872] Advanced 3686400 cells
[Level 3 step 35743] ADVANCE at time 44.6775 with dt = 0.00125
[Level 3 step 35743] average evolution speed = 10.1834956 code units/h
[Level 3 step 35743] Advanced 4096000 cells
[Level 3 step 35744] ADVANCE at time 44.67875 with dt = 0.00125
[Level 3 step 35744] average evolution speed = 10.18361909 code units/h
[Level 3 step 35744] Advanced 4096000 cells
NaN diagnostic: rank=0 level=3 component=1 name=h11
amrex::Abort::0::NaN in GRAMRLevel::post_timestep !!!
SIGABRT
addr2line: 'runs/wormhole_merger/single_boost_p045_lbf_t050/test': No such file
addr2line: 'runs/wormhole_merger/single_boost_p045_lbf_t050/test': No such file
addr2line: 'runs/wormhole_merger/single_boost_p045_lbf_t050/test': No such file
addr2line: 'runs/wormhole_merger/single_boost_p045_lbf_t050/test': No such file
addr2line: 'runs/wormhole_merger/single_boost_p045_lbf_t050/test': No such file
addr2line: 'runs/wormhole_merger/single_boost_p045_lbf_t050/test': No such file
addr2line: 'runs/wormhole_merger/single_boost_p045_lbf_t050/test': No such file
addr2line: 'runs/wormhole_merger/single_boost_p045_lbf_t050/test': No such file
addr2line: 'runs/wormhole_merger/single_boost_p045_lbf_t050/test': No such file
addr2line: 'runs/wormhole_merger/single_boost_p045_lbf_t050/test': No such file
addr2line: 'runs/wormhole_merger/single_boost_p045_lbf_t050/test': No such file
addr2line: 'runs/wormhole_merger/single_boost_p045_lbf_t050/test': No such file
addr2line: 'runs/wormhole_merger/single_boost_p045_lbf_t050/test': No such file
addr2line: 'runs/wormhole_merger/single_boost_p045_lbf_t050/test': No such file
addr2line: 'runs/wormhole_merger/single_boost_p045_lbf_t050/test': No such file
addr2line: 'runs/wormhole_merger/single_boost_p045_lbf_t050/test': No such file
addr2line: 'runs/wormhole_merger/single_boost_p045_lbf_t050/test': No such file
addr2line: 'runs/wormhole_merger/single_boost_p045_lbf_t050/test': No such file
addr2line: 'runs/wormhole_merger/single_boost_p045_lbf_t050/test': No such file
addr2line: 'runs/wormhole_merger/single_boost_p045_lbf_t050/test': No such file
addr2line: 'runs/wormhole_merger/single_boost_p045_lbf_t050/test': No such file
addr2line: 'runs/wormhole_merger/single_boost_p045_lbf_t050/test': No such file
See Backtrace.0 file for details
--------------------------------------------------------------------------
MPI_ABORT was invoked on rank 0 in communicator MPI_COMM_WORLD
  Proc: [[40452,0],0]
  Errorcode: 6

NOTE: invoking MPI_ABORT causes Open MPI to kill all MPI processes.
You may or may not see output from other processes, depending on
exactly when Open MPI kills them.
--------------------------------------------------------------------------
