[Level 3 step 41648] ADVANCE at time 52.05875 with dt = 0.00125
[Level 3 step 41648] average evolution speed = 18.0898543 code units/h
[Level 3 step 41648] Advanced 4096000 cells

[STEP 5206] Coarse TimeStep time: 1.927295202
[STEP 5206] FAB kilobyte spread across MPI nodes: [29446378 ... 29446378]

STEP = 5206 TIME = 52.06 DT = 0.01

[Level 0 step 5207] ADVANCE at time 52.06 with dt = 0.01
[Level 0 step 5207] average evolution speed = 18.09293753 code units/h
[Level 0 step 5207] Advanced 2097152 cells
[Level 1 step 10413] ADVANCE at time 52.06 with dt = 0.005
[Level 1 step 10413] average evolution speed = 18.08919562 code units/h
[Level 1 step 10413] Advanced 4096000 cells
[Level 2 step 20825] ADVANCE at time 52.06 with dt = 0.0025
[Level 2 step 20825] average evolution speed = 18.08368595 code units/h
[Level 2 step 20825] Advanced 4096000 cells
[Level 3 step 41649] ADVANCE at time 52.06 with dt = 0.00125
[Level 3 step 41649] average evolution speed = 18.07815749 code units/h
[Level 3 step 41649] Advanced 4096000 cells
[Level 3 step 41650] ADVANCE at time 52.06125 with dt = 0.00125
[Level 3 step 41650] average evolution speed = 18.08359804 code units/h
[Level 3 step 41650] Advanced 4096000 cells
[Level 2 step 20826] ADVANCE at time 52.0625 with dt = 0.0025
[Level 2 step 20826] average evolution speed = 18.08868003 code units/h
[Level 2 step 20826] Advanced 4096000 cells
[Level 3 step 41651] ADVANCE at time 52.0625 with dt = 0.00125
[Level 3 step 41651] average evolution speed = 18.08315343 code units/h
[Level 3 step 41651] Advanced 4096000 cells
[Level 3 step 41652] ADVANCE at time 52.06375 with dt = 0.00125
[Level 3 step 41652] average evolution speed = 18.08857677 code units/h
[Level 3 step 41652] Advanced 4096000 cells
[Level 1 step 10414] ADVANCE at time 52.065 with dt = 0.005
[Level 1 step 10414] average evolution speed = 18.09329347 code units/h
[Level 1 step 10414] Advanced 4096000 cells
[Level 2 step 20827] ADVANCE at time 52.065 with dt = 0.0025
[Level 2 step 20827] average evolution speed = 18.08778277 code units/h
[Level 2 step 20827] Advanced 4096000 cells
[Level 3 step 41653] ADVANCE at time 52.065 with dt = 0.00125
[Level 3 step 41653] average evolution speed = 18.08226404 code units/h
[Level 3 step 41653] Advanced 4096000 cells
[Level 3 step 41654] ADVANCE at time 52.06625 with dt = 0.00125
[Level 3 step 41654] average evolution speed = 18.08768325 code units/h
[Level 3 step 41654] Advanced 4096000 cells
[Level 2 step 20828] ADVANCE at time 52.0675 with dt = 0.0025
[Level 2 step 20828] average evolution speed = 18.0927422 code units/h
[Level 2 step 20828] Advanced 4096000 cells
[Level 3 step 41655] ADVANCE at time 52.0675 with dt = 0.00125
[Level 3 step 41655] average evolution speed = 18.08722561 code units/h
[Level 3 step 41655] Advanced 4096000 cells
[Level 3 step 41656] ADVANCE at time 52.06875 with dt = 0.00125
[Level 3 step 41656] average evolution speed = 18.09263957 code units/h
[Level 3 step 41656] Advanced 4096000 cells

[STEP 5207] Coarse TimeStep time: 1.926863399
[STEP 5207] FAB kilobyte spread across MPI nodes: [29446378 ... 29446378]

STEP = 5207 TIME = 52.07 DT = 0.01

[Level 0 step 5208] ADVANCE at time 52.07 with dt = 0.01
[Level 0 step 5208] average evolution speed = 18.09569853 code units/h
[Level 0 step 5208] Advanced 2097152 cells
[Level 1 step 10415] ADVANCE at time 52.07 with dt = 0.005
[Level 1 step 10415] average evolution speed = 18.09196738 code units/h
[Level 1 step 10415] Advanced 4096000 cells
[Level 2 step 20829] ADVANCE at time 52.07 with dt = 0.0025
[Level 2 step 20829] average evolution speed = 18.08648255 code units/h
[Level 2 step 20829] Advanced 4096000 cells
[Level 3 step 41657] ADVANCE at time 52.07 with dt = 0.00125
[Level 3 step 41657] average evolution speed = 18.08097668 code units/h
[Level 3 step 41657] Advanced 4096000 cells
[Level 3 step 41658] ADVANCE at time 52.07125 with dt = 0.00125
[Level 3 step 41658] average evolution speed = 18.08637503 code units/h
[Level 3 step 41658] Advanced 4096000 cells
[Level 2 step 20830] ADVANCE at time 52.0725 with dt = 0.0025
[Level 2 step 20830] average evolution speed = 18.0914242 code units/h
[Level 2 step 20830] Advanced 4096000 cells
[Level 3 step 41659] ADVANCE at time 52.0725 with dt = 0.00125
[Level 3 step 41659] average evolution speed = 18.0859248 code units/h
[Level 3 step 41659] Advanced 4096000 cells
[Level 3 step 41660] ADVANCE at time 52.07375 with dt = 0.00125
[Level 3 step 41660] average evolution speed = 18.09132559 code units/h
[Level 3 step 41660] Advanced 4096000 cells
[Level 1 step 10416] ADVANCE at time 52.075 with dt = 0.005
[Level 1 step 10416] average evolution speed = 18.09601862 code units/h
[Level 1 step 10416] Advanced 4096000 cells
[Level 2 step 20831] ADVANCE at time 52.075 with dt = 0.0025
[Level 2 step 20831] average evolution speed = 18.09053513 code units/h
[Level 2 step 20831] Advanced 4096000 cells
[Level 3 step 41661] ADVANCE at time 52.075 with dt = 0.00125
[Level 3 step 41661] average evolution speed = 18.08504779 code units/h
[Level 3 step 41661] Advanced 4096000 cells
[Level 3 step 41662] ADVANCE at time 52.07625 with dt = 0.00125
[Level 3 step 41662] average evolution speed = 18.0904381 code units/h
[Level 3 step 41662] Advanced 4096000 cells
[Level 2 step 20832] ADVANCE at time 52.0775 with dt = 0.0025
[Level 2 step 20832] average evolution speed = 18.09547836 code units/h
[Level 2 step 20832] Advanced 4096000 cells
[Level 3 step 41663] ADVANCE at time 52.0775 with dt = 0.00125
[Level 3 step 41663] average evolution speed = 18.08999313 code units/h
[Level 3 step 41663] Advanced 4096000 cells
[Level 3 step 41664] ADVANCE at time 52.07875 with dt = 0.00125
[Level 3 step 41664] average evolution speed = 18.09537967 code units/h
[Level 3 step 41664] Advanced 4096000 cells

[STEP 5208] Coarse TimeStep time: 1.926884045
[STEP 5208] FAB kilobyte spread across MPI nodes: [29446378 ... 29446378]

STEP = 5208 TIME = 52.08 DT = 0.01

Now regridding at level lbase = 1
grid_places() time: 0.012046799 new finest: 3
TIME = 52.08 : REGRID  with lbase = 1
  Level 2   125 grids  4096000 cells  3.051757812 % of domain
            smallest grid: 32 x 32 x 32  biggest grid: 32 x 32 x 32
  Level 3   125 grids  4096000 cells  0.3814697266 % of domain
            smallest grid: 32 x 32 x 32  biggest grid: 32 x 32 x 32

[Level 0 step 5209] ADVANCE at time 52.08 with dt = 0.01
[Level 0 step 5209] average evolution speed = 18.09773135 code units/h
[Level 0 step 5209] Advanced 2097152 cells
[Level 1 step 10417] ADVANCE at time 52.08 with dt = 0.005
[Level 1 step 10417] average evolution speed = 18.09400836 code units/h
[Level 1 step 10417] Advanced 4096000 cells
[Level 2 step 20833] ADVANCE at time 52.08 with dt = 0.0025
[Level 2 step 20833] average evolution speed = 18.08854116 code units/h
[Level 2 step 20833] Advanced 4096000 cells
[Level 3 step 41665] ADVANCE at time 52.08 with dt = 0.00125
[Level 3 step 41665] average evolution speed = 18.08303574 code units/h
[Level 3 step 41665] Advanced 4096000 cells
[Level 3 step 41666] ADVANCE at time 52.08125 with dt = 0.00125
[Level 3 step 41666] average evolution speed = 18.08838774 code units/h
[Level 3 step 41666] Advanced 4096000 cells
[Level 2 step 20834] ADVANCE at time 52.0825 with dt = 0.0025
[Level 2 step 20834] average evolution speed = 18.09339905 code units/h
[Level 2 step 20834] Advanced 4096000 cells
[Level 3 step 41667] ADVANCE at time 52.0825 with dt = 0.00125
[Level 3 step 41667] average evolution speed = 18.08792148 code units/h
[Level 3 step 41667] Advanced 4096000 cells
[Level 3 step 41668] ADVANCE at time 52.08375 with dt = 0.00125
[Level 3 step 41668] average evolution speed = 18.09328224 code units/h
[Level 3 step 41668] Advanced 4096000 cells
[Level 1 step 10418] ADVANCE at time 52.085 with dt = 0.005
[Level 1 step 10418] average evolution speed = 18.09792014 code units/h
[Level 1 step 10418] Advanced 4096000 cells
[Level 2 step 20835] ADVANCE at time 52.085 with dt = 0.0025
[Level 2 step 20835] average evolution speed = 18.09243609 code units/h
[Level 2 step 20835] Advanced 4096000 cells
[Level 3 step 41669] ADVANCE at time 52.085 with dt = 0.00125
[Level 3 step 41669] average evolution speed = 18.086962 code units/h
[Level 3 step 41669] Advanced 4096000 cells
[Level 3 step 41670] ADVANCE at time 52.08625 with dt = 0.00125
[Level 3 step 41670] average evolution speed = 18.09231308 code units/h
[Level 3 step 41670] Advanced 4096000 cells
[Level 2 step 20836] ADVANCE at time 52.0875 with dt = 0.0025
[Level 2 step 20836] average evolution speed = 18.0973118 code units/h
[Level 2 step 20836] Advanced 4096000 cells
[Level 3 step 41671] ADVANCE at time 52.0875 with dt = 0.00125
[Level 3 step 41671] average evolution speed = 18.09184926 code units/h
[Level 3 step 41671] Advanced 4096000 cells
[Level 3 step 41672] ADVANCE at time 52.08875 with dt = 0.00125
[Level 3 step 41672] average evolution speed = 18.09719655 code units/h
[Level 3 step 41672] Advanced 4096000 cells

[STEP 5209] Coarse TimeStep time: 1.953955149
[STEP 5209] FAB kilobyte spread across MPI nodes: [29446378 ... 29446378]

STEP = 5209 TIME = 52.09 DT = 0.01

[Level 0 step 5210] ADVANCE at time 52.09 with dt = 0.01
[Level 0 step 5210] average evolution speed = 18.09996317 code units/h
[Level 0 step 5210] Advanced 2097152 cells
[Level 1 step 10419] ADVANCE at time 52.09 with dt = 0.005
[Level 1 step 10419] average evolution speed = 18.09624787 code units/h
[Level 1 step 10419] Advanced 4096000 cells
[Level 2 step 20837] ADVANCE at time 52.09 with dt = 0.0025
[Level 2 step 20837] average evolution speed = 18.09078952 code units/h
[Level 2 step 20837] Advanced 4096000 cells
[Level 3 step 41673] ADVANCE at time 52.09 with dt = 0.00125
[Level 3 step 41673] average evolution speed = 18.08534191 code units/h
[Level 3 step 41673] Advanced 4096000 cells
[Level 3 step 41674] ADVANCE at time 52.09125 with dt = 0.00125
[Level 3 step 41674] average evolution speed = 18.09069196 code units/h
[Level 3 step 41674] Advanced 4096000 cells
NaN diagnostic: rank=0 level=3 component=1 name=h11
amrex::Abort::0::NaN in GRAMRLevel::post_timestep !!!
SIGABRT
See Backtrace.0 file for details
--------------------------------------------------------------------------
MPI_ABORT was invoked on rank 0 in communicator MPI_COMM_WORLD
  Proc: [[3154,0],0]
  Errorcode: 6

NOTE: invoking MPI_ABORT causes Open MPI to kill all MPI processes.
You may or may not see output from other processes, depending on
exactly when Open MPI kills them.
--------------------------------------------------------------------------
[whm] draining consumer (final pass) ...
[whm] run FAILED (exit 6) -- see runs/wormhole_merger/merge_orbit_flip_d12_r05000/run.log
