[Level 2 step 10505] Advanced 4096000 cells
[Level 3 step 21009] ADVANCE at time 26.26 with dt = 0.00125
[Level 3 step 21009] average evolution speed = 18.04897022 code units/h
[Level 3 step 21009] Advanced 4096000 cells
[Level 3 step 21010] ADVANCE at time 26.26125 with dt = 0.00125
[Level 3 step 21010] average evolution speed = 18.04938617 code units/h
[Level 3 step 21010] Advanced 4096000 cells
[Level 2 step 10506] ADVANCE at time 26.2625 with dt = 0.0025
[Level 2 step 10506] average evolution speed = 18.04977629 code units/h
[Level 2 step 10506] Advanced 4096000 cells
[Level 3 step 21011] ADVANCE at time 26.2625 with dt = 0.00125
[Level 3 step 21011] average evolution speed = 18.04933413 code units/h
[Level 3 step 21011] Advanced 4096000 cells
[Level 3 step 21012] ADVANCE at time 26.26375 with dt = 0.00125
[Level 3 step 21012] average evolution speed = 18.04975016 code units/h
[Level 3 step 21012] Advanced 4096000 cells
[Level 1 step 5254] ADVANCE at time 26.265 with dt = 0.005
[Level 1 step 5254] average evolution speed = 18.05011579 code units/h
[Level 1 step 5254] Advanced 4096000 cells
[Level 2 step 10507] ADVANCE at time 26.265 with dt = 0.0025
[Level 2 step 10507] average evolution speed = 18.04967581 code units/h
[Level 2 step 10507] Advanced 4096000 cells
[Level 3 step 21013] ADVANCE at time 26.265 with dt = 0.00125
[Level 3 step 21013] average evolution speed = 18.04922962 code units/h
[Level 3 step 21013] Advanced 4096000 cells
[Level 3 step 21014] ADVANCE at time 26.26625 with dt = 0.00125
[Level 3 step 21014] average evolution speed = 18.04963849 code units/h
[Level 3 step 21014] Advanced 4096000 cells
[Level 2 step 10508] ADVANCE at time 26.2675 with dt = 0.0025
[Level 2 step 10508] average evolution speed = 18.05002785 code units/h
[Level 2 step 10508] Advanced 4096000 cells
[Level 3 step 21015] ADVANCE at time 26.2675 with dt = 0.00125
[Level 3 step 21015] average evolution speed = 18.04958619 code units/h
[Level 3 step 21015] Advanced 4096000 cells
[Level 3 step 21016] ADVANCE at time 26.26875 with dt = 0.00125
[Level 3 step 21016] average evolution speed = 18.05000218 code units/h
[Level 3 step 21016] Advanced 4096000 cells

[STEP 2627] Coarse TimeStep time: 1.968208611
[STEP 2627] FAB kilobyte spread across MPI nodes: [17299254 ... 17299254]

STEP = 2627 TIME = 26.27 DT = 0.01

[Level 0 step 2628] ADVANCE at time 26.27 with dt = 0.01
[Level 0 step 2628] average evolution speed = 18.05024493 code units/h
[Level 0 step 2628] Advanced 2097152 cells
[Level 1 step 5255] ADVANCE at time 26.27 with dt = 0.005
[Level 1 step 5255] average evolution speed = 18.04994417 code units/h
[Level 1 step 5255] Advanced 4096000 cells
[Level 2 step 10509] ADVANCE at time 26.27 with dt = 0.0025
[Level 2 step 10509] average evolution speed = 18.04950378 code units/h
[Level 2 step 10509] Advanced 4096000 cells
[Level 3 step 21017] ADVANCE at time 26.27 with dt = 0.00125
[Level 3 step 21017] average evolution speed = 18.04906129 code units/h
[Level 3 step 21017] Advanced 4096000 cells
[Level 3 step 21018] ADVANCE at time 26.27125 with dt = 0.00125
[Level 3 step 21018] average evolution speed = 18.04947746 code units/h
[Level 3 step 21018] Advanced 4096000 cells
[Level 2 step 10510] ADVANCE at time 26.2725 with dt = 0.0025
[Level 2 step 10510] average evolution speed = 18.04986738 code units/h
[Level 2 step 10510] Advanced 4096000 cells
[Level 3 step 21019] ADVANCE at time 26.2725 with dt = 0.00125
[Level 3 step 21019] average evolution speed = 18.04942596 code units/h
[Level 3 step 21019] Advanced 4096000 cells
[Level 3 step 21020] ADVANCE at time 26.27375 with dt = 0.00125
[Level 3 step 21020] average evolution speed = 18.04984131 code units/h
[Level 3 step 21020] Advanced 4096000 cells
[Level 1 step 5256] ADVANCE at time 26.275 with dt = 0.005
[Level 1 step 5256] average evolution speed = 18.05020418 code units/h
[Level 1 step 5256] Advanced 4096000 cells
[Level 2 step 10511] ADVANCE at time 26.275 with dt = 0.0025
[Level 2 step 10511] average evolution speed = 18.04976425 code units/h
[Level 2 step 10511] Advanced 4096000 cells
[Level 3 step 21021] ADVANCE at time 26.275 with dt = 0.00125
[Level 3 step 21021] average evolution speed = 18.04932185 code units/h
[Level 3 step 21021] Advanced 4096000 cells
[Level 3 step 21022] ADVANCE at time 26.27625 with dt = 0.00125
[Level 3 step 21022] average evolution speed = 18.04973756 code units/h
[Level 3 step 21022] Advanced 4096000 cells
[Level 2 step 10512] ADVANCE at time 26.2775 with dt = 0.0025
[Level 2 step 10512] average evolution speed = 18.05012713 code units/h
[Level 2 step 10512] Advanced 4096000 cells
[Level 3 step 21023] ADVANCE at time 26.2775 with dt = 0.00125
[Level 3 step 21023] average evolution speed = 18.04968484 code units/h
[Level 3 step 21023] Advanced 4096000 cells
[Level 3 step 21024] ADVANCE at time 26.27875 with dt = 0.00125
[Level 3 step 21024] average evolution speed = 18.0501004 code units/h
[Level 3 step 21024] Advanced 4096000 cells
NaN diagnostic: rank=0 level=3 component=7 name=K
NaN autopsy [rank 0]: level 3 step 21024 (32 steps since this level was last regridded) t_old 26.27875 -> t_new 26.28 dt 0.00125
  cell (511,512,509) at x = (31.96875, 32.03125, 31.84375), dx = 0.0625
  cells to the edge of this level's grids (+x -x +y -y +z -z; c/f = coarse-fine, dom = domain): 16(+) 16(+) 16(+) 16(+) 16(+) 16(+)
  floors: min_chi 1e-20 min_lapse 1e-10 chi_rhs_floor 1e-08
  variable: old -> new   [|new-old|/dt when both finite]
         chi: 1e-20 -> 1e-20   [0]
         h11: -155584.8683 -> -2.131119337e+157   [1.704895469e+160]
         h12: 168987.6257 -> 2.313832867e+157   [1.851066294e+160]
         h13: 98103.89985 -> 4.419542468e+157   [3.535633974e+160]
         h22: -154475.8278 -> -2.115942235e+157   [1.692753788e+160]
         h23: -97561.14512 -> -4.403253081e+157   [3.522602465e+160]
         h33: -17920692.79 -> -4.000943324e+160   [3.200754659e+163]
           K: 342340.4963 -> -6.965384387e+183   [5.57230751e+186]
         A11: 336401500.9 -> -nan   <-- NON-FINITE
         A12: -282254411.3 -> -nan   <-- NON-FINITE
         A13: -218414640 -> -nan   <-- NON-FINITE
         A22: 335053921.7 -> -nan   <-- NON-FINITE
         A23: 219081558.5 -> -nan   <-- NON-FINITE
         A33: 3.45113864e+10 -> -nan   <-- NON-FINITE
       Theta: 25712464.66 -> -1.77891332e+182   [1.423130656e+185]
      Gamma1: 1.379271185e+11 -> -1.746051046e+187   [1.396840837e+190]
      Gamma2: -1.38678168e+11 -> 1.755904448e+187   [1.404723558e+190]
      Gamma3: 1.332780246e+11 -> -1.67896097e+187   [1.343168776e+190]
       lapse: 3.801849413 -> 1e-10   [3041.47953]
      shift1: -133478.8991 -> 2.979542507e+144   [2.383634005e+147]
      shift2: 134216.5902 -> -2.996032993e+144   [2.396826395e+147]
      shift3: -128680.2677 -> 2.871925982e+144   [2.297540786e+147]
          B1: 1.379272965e+11 -> -1.746051046e+187   [1.396840837e+190]
          B2: -1.386783469e+11 -> 1.755904448e+187   [1.404723558e+190]
          B3: 1.332781962e+11 -> -1.67896097e+187   [1.343168776e+190]
         phi: -0.4263252681 -> -8.505268966e+138   [6.804215173e+141]
          Pi: 214.6456745 -> 1.323356108e+179   [1.058684887e+182]
  old chi/lapse at the six neighbours (-x +x -y +y -z +z; '-' = outside this box): 1e-20/3.682492674 6.386447642e-05/3.505866076 4.36294578e-05/3.334357742 1e-20/3.685628241 1e-20/2.843545088 1e-20/318.2615813
NaN autopsy [rank 0]: level 3 step 21024 (32 steps since this level was last regridded) t_old 26.27875 -> t_new 26.28 dt 0.00125
  cell (512,511,510) at x = (32.03125, 31.96875, 31.90625), dx = 0.0625
  cells to the edge of this level's grids (+x -x +y -y +z -z; c/f = coarse-fine, dom = domain): 16(+) 16(+) 16(+) 16(+) 16(+) 16(+)
  floors: min_chi 1e-20 min_lapse 1e-10 chi_rhs_floor 1e-08
  variable: old -> new   [|new-old|/dt when both finite]
         chi: 1e-20 -> 6.975871075e+156   [5.58069686e+159]
         h11: 7137886.501 -> 9.729971115e+157   [7.783976892e+160]
         h12: -6057411.1 -> -8.628336055e+157   [6.902668844e+160]
         h13: -15089343.05 -> -1.921031858e+158   [1.536825486e+161]
         h22: 7160574.195 -> 9.759052136e+157   [7.807241708e+160]
         h23: 15120984.08 -> 1.924698422e+158   [1.539758737e+161]
         h33: 33900453.08 -> 3.421173764e+158   [2.736939011e+161]
           K: -1627631807 -> 1.729580205e+183   [1.383664164e+186]
         A11: -1.924699026e+11 -> -nan   <-- NON-FINITE
         A12: 1.372624515e+11 -> -nan   <-- NON-FINITE
         A13: 3.631637903e+11 -> -nan   <-- NON-FINITE
         A22: -1.933167008e+11 -> -nan   <-- NON-FINITE
         A23: -3.645992415e+11 -> -nan   <-- NON-FINITE
         A33: -8.505432223e+11 -> -nan   <-- NON-FINITE
       Theta: -813809684.2 -> 3.139000623e+181   [2.511200498e+184]
      Gamma1: 2.196826914e+11 -> -4.324126697e+186   [3.459301357e+189]
      Gamma2: -2.207218692e+11 -> 4.347373934e+186   [3.477899147e+189]
      Gamma3: 1.876765344e+11 -> -4.154788436e+186   [3.323830748e+189]
       lapse: 1e-10 -> 1e-10   [0]
      shift1: 77175.89156 -> 6.743245108e+150   [5.394596086e+153]
      shift2: -77514.98905 -> -6.778739172e+150   [5.422991338e+153]
      shift3: 90798.85173 -> 6.496478284e+150   [5.197182628e+153]
          B1: 2.196825885e+11 -> -4.324126697e+186   [3.459301357e+189]
          B2: -2.207217659e+11 -> 4.347373934e+186   [3.477899147e+189]
          B3: 1.876764133e+11 -> -4.154788436e+186   [3.323830748e+189]
         phi: 0.7031678911 -> 1.999475522e+145   [1.599580418e+148]
          Pi: 184.7560026 -> -3.463234775e+178   [2.77058782e+181]
  old chi/lapse at the six neighbours (-x +x -y +y -z +z; '-' = outside this box): 0.03473933348/1e-10 1e-20/5.917523995 1e-20/5.909093378 0.00442794825/1e-10 5.366539286e-06/2.811622641 2787.184613/1e-10
NaN autopsy [rank 0]: level 3 step 21024 (32 steps since this level was last regridded) t_old 26.27875 -> t_new 26.28 dt 0.00125
  cell (511,512,510) at x = (31.96875, 32.03125, 31.90625), dx = 0.0625
  cells to the edge of this level's grids (+x -x +y -y +z -z; c/f = coarse-fine, dom = domain): 16(+) 16(+) 16(+) 16(+) 16(+) 16(+)
  floors: min_chi 1e-20 min_lapse 1e-10 chi_rhs_floor 1e-08
  variable: old -> new   [|new-old|/dt when both finite]
         chi: 1e-20 -> 9.721080764e+199   [7.776864611e+202]
         h11: 263262253.7 -> 1.228675439e+164   [9.829403512e+166]
         h12: -149832439.1 -> -9.467443885e+163   [7.573955108e+166]
         h13: -235436728.4 -> -1.809017726e+164   [1.447214181e+167]
         h22: 263160942.5 -> 1.224174589e+164   [9.793396716e+166]
         h23: 236985554.1 -> 1.809877199e+164   [1.447901759e+167]
         h33: 1.201102911e+10 -> 1.078017025e+167   [8.624136203e+169]
           K: -6.394799463e+10 -> -nan   <-- NON-FINITE
         A11: -1.169650465e+13 -> -nan   <-- NON-FINITE
         A12: 3.718190209e+13 -> -nan   <-- NON-FINITE
         A13: 4.802931431e+13 -> -nan   <-- NON-FINITE
         A22: -1.118399753e+13 -> -nan   <-- NON-FINITE
         A23: -4.732348408e+13 -> -nan   <-- NON-FINITE
         A33: -1.360814609e+15 -> -nan   <-- NON-FINITE
       Theta: -7983489348 -> -2.367434281e+285   [1.893947425e+288]
      Gamma1: 1.385029959e+14 -> -9.328154613e+229   [7.46252369e+232]
      Gamma2: -1.392593782e+14 -> 9.380795718e+229   [7.504636574e+232]
      Gamma3: 1.337918622e+14 -> -8.969730611e+229   [7.175784489e+232]
       lapse: 318.2615813 -> 1e-10   [254609.265]
      shift1: -124798425.1 -> -2.525970639e+164   [2.020776511e+167]
      shift2: 125488082.4 -> 2.5399508e+164   [2.03196064e+167]
      shift3: -120306125.9 -> -2.434736438e+164   [1.94778915e+167]
          B1: 1.385031623e+14 -> -9.328154613e+229   [7.46252369e+232]
          B2: -1.392595455e+14 -> 9.380795718e+229   [7.504636574e+232]
          B3: 1.337920227e+14 -> -8.969730611e+229   [7.175784489e+232]
         phi: 363.1829127 -> 7.210523422e+158   [5.768418738e+161]
          Pi: 201742.476 -> -1.060490506e+222   [8.483924051e+224]
  old chi/lapse at the six neighbours (-x +x -y +y -z +z; '-' = outside this box): 1e-20/6.49099179 0.00442794825/1e-10 0.03473933348/1e-10 1e-20/6.493589962 1e-20/3.801849413 1e-20/1e-10
amrex::Abort::0::NaN in GRAMRLevel::post_timestep !!!
SIGABRT
See Backtrace.0 file for details
--------------------------------------------------------------------------
MPI_ABORT was invoked on rank 0 in communicator MPI_COMM_WORLD
  Proc: [[30280,0],0]
  Errorcode: 6

NOTE: invoking MPI_ABORT causes Open MPI to kill all MPI processes.
You may or may not see output from other processes, depending on
exactly when Open MPI kills them.
--------------------------------------------------------------------------
