[Level 3 step 31986] ADVANCE at time 39.98125 with dt = 0.00125
[Level 3 step 31986] average evolution speed = 3.934718252 code units/h
[Level 3 step 31986] Advanced 3686400 cells
[Level 4 step 63971] ADVANCE at time 39.98125 with dt = 0.000625
[Level 4 step 63971] average evolution speed = 3.934705667 code units/h
[Level 4 step 63971] Advanced 3686400 cells
[Level 4 step 63972] ADVANCE at time 39.981875 with dt = 0.000625
[Level 4 step 63972] average evolution speed = 3.934754627 code units/h
[Level 4 step 63972] Advanced 3686400 cells
[Level 2 step 15994] ADVANCE at time 39.9825 with dt = 0.0025
[Level 2 step 15994] average evolution speed = 3.934801655 code units/h
[Level 2 step 15994] Advanced 3686400 cells
[Level 3 step 31987] ADVANCE at time 39.9825 with dt = 0.00125
[Level 3 step 31987] average evolution speed = 3.934787482 code units/h
[Level 3 step 31987] Advanced 3686400 cells
[Level 4 step 63973] ADVANCE at time 39.9825 with dt = 0.000625
[Level 4 step 63973] average evolution speed = 3.934774845 code units/h
[Level 4 step 63973] Advanced 3686400 cells
[Level 4 step 63974] ADVANCE at time 39.983125 with dt = 0.000625
[Level 4 step 63974] average evolution speed = 3.934823772 code units/h
[Level 4 step 63974] Advanced 3686400 cells
[Level 3 step 31988] ADVANCE at time 39.98375 with dt = 0.00125
[Level 3 step 31988] average evolution speed = 3.934871915 code units/h
[Level 3 step 31988] Advanced 3686400 cells
[Level 4 step 63975] ADVANCE at time 39.98375 with dt = 0.000625
[Level 4 step 63975] average evolution speed = 3.934859327 code units/h
[Level 4 step 63975] Advanced 3686400 cells
[Level 4 step 63976] ADVANCE at time 39.984375 with dt = 0.000625
[Level 4 step 63976] average evolution speed = 3.934908261 code units/h
[Level 4 step 63976] Advanced 3686400 cells
[Level 1 step 7998] ADVANCE at time 39.985 with dt = 0.005
[Level 1 step 7998] average evolution speed = 3.934954165 code units/h
[Level 1 step 7998] Advanced 19922944 cells
[Level 2 step 15995] ADVANCE at time 39.985 with dt = 0.0025
[Level 2 step 15995] average evolution speed = 3.93488236 code units/h
[Level 2 step 15995] Advanced 3686400 cells
[Level 3 step 31989] ADVANCE at time 39.985 with dt = 0.00125
[Level 3 step 31989] average evolution speed = 3.934868049 code units/h
[Level 3 step 31989] Advanced 3686400 cells
[Level 4 step 63977] ADVANCE at time 39.985 with dt = 0.000625
[Level 4 step 63977] average evolution speed = 3.934855432 code units/h
[Level 4 step 63977] Advanced 3686400 cells
[Level 4 step 63978] ADVANCE at time 39.985625 with dt = 0.000625
[Level 4 step 63978] average evolution speed = 3.934904391 code units/h
[Level 4 step 63978] Advanced 3686400 cells
[Level 3 step 31990] ADVANCE at time 39.98625 with dt = 0.00125
[Level 3 step 31990] average evolution speed = 3.934952565 code units/h
[Level 3 step 31990] Advanced 3686400 cells
[Level 4 step 63979] ADVANCE at time 39.98625 with dt = 0.000625
[Level 4 step 63979] average evolution speed = 3.934939988 code units/h
[Level 4 step 63979] Advanced 3686400 cells
[Level 4 step 63980] ADVANCE at time 39.986875 with dt = 0.000625
[Level 4 step 63980] average evolution speed = 3.934988955 code units/h
[Level 4 step 63980] Advanced 3686400 cells
[Level 2 step 15996] ADVANCE at time 39.9875 with dt = 0.0025
[Level 2 step 15996] average evolution speed = 3.935036387 code units/h
[Level 2 step 15996] Advanced 3686400 cells
[Level 3 step 31991] ADVANCE at time 39.9875 with dt = 0.00125
[Level 3 step 31991] average evolution speed = 3.935022233 code units/h
[Level 3 step 31991] Advanced 3686400 cells
[Level 4 step 63981] ADVANCE at time 39.9875 with dt = 0.000625
[Level 4 step 63981] average evolution speed = 3.935009624 code units/h
[Level 4 step 63981] Advanced 3686400 cells
[Level 4 step 63982] ADVANCE at time 39.988125 with dt = 0.000625
[Level 4 step 63982] average evolution speed = 3.935058578 code units/h
[Level 4 step 63982] Advanced 3686400 cells
[Level 3 step 31992] ADVANCE at time 39.98875 with dt = 0.00125
[Level 3 step 31992] average evolution speed = 3.935106799 code units/h
[Level 3 step 31992] Advanced 3686400 cells
[Level 4 step 63983] ADVANCE at time 39.98875 with dt = 0.000625
[Level 4 step 63983] average evolution speed = 3.935094209 code units/h
[Level 4 step 63983] Advanced 3686400 cells
[Level 4 step 63984] ADVANCE at time 39.989375 with dt = 0.000625
[Level 4 step 63984] average evolution speed = 3.935143153 code units/h
[Level 4 step 63984] Advanced 3686400 cells

[STEP 3999] Coarse TimeStep time: 5.977204316
[STEP 3999] FAB kilobyte spread across MPI nodes: [74281854 ... 74281854]

STEP = 3999 TIME = 39.99 DT = 0.01

[Level 0 step 4000] ADVANCE at time 39.99 with dt = 0.01
[Level 0 step 4000] average evolution speed = 3.935123849 code units/h
[Level 0 step 4000] Advanced 16777216 cells
[Level 1 step 7999] ADVANCE at time 39.99 with dt = 0.005
[Level 1 step 7999] average evolution speed = 3.935059553 code units/h
[Level 1 step 7999] Advanced 19922944 cells
[Level 2 step 15997] ADVANCE at time 39.99 with dt = 0.0025
[Level 2 step 15997] average evolution speed = 3.934989011 code units/h
[Level 2 step 15997] Advanced 3686400 cells
[Level 3 step 31993] ADVANCE at time 39.99 with dt = 0.00125
[Level 3 step 31993] average evolution speed = 3.934974752 code units/h
[Level 3 step 31993] Advanced 3686400 cells
[Level 4 step 63985] ADVANCE at time 39.99 with dt = 0.000625
[Level 4 step 63985] average evolution speed = 3.934962168 code units/h
[Level 4 step 63985] Advanced 3686400 cells
[Level 4 step 63986] ADVANCE at time 39.990625 with dt = 0.000625
[Level 4 step 63986] average evolution speed = 3.935011145 code units/h
[Level 4 step 63986] Advanced 3686400 cells
[Level 3 step 31994] ADVANCE at time 39.99125 with dt = 0.00125
[Level 3 step 31994] average evolution speed = 3.935059379 code units/h
[Level 3 step 31994] Advanced 3686400 cells
[Level 4 step 63987] ADVANCE at time 39.99125 with dt = 0.000625
[Level 4 step 63987] average evolution speed = 3.935046809 code units/h
[Level 4 step 63987] Advanced 3686400 cells
[Level 4 step 63988] ADVANCE at time 39.991875 with dt = 0.000625
[Level 4 step 63988] average evolution speed = 3.935095794 code units/h
[Level 4 step 63988] Advanced 3686400 cells
[Level 2 step 15998] ADVANCE at time 39.9925 with dt = 0.0025
[Level 2 step 15998] average evolution speed = 3.935143278 code units/h
[Level 2 step 15998] Advanced 3686400 cells
[Level 3 step 31995] ADVANCE at time 39.9925 with dt = 0.00125
[Level 3 step 31995] average evolution speed = 3.935129192 code units/h
[Level 3 step 31995] Advanced 3686400 cells
[Level 4 step 63989] ADVANCE at time 39.9925 with dt = 0.000625
[Level 4 step 63989] average evolution speed = 3.935116624 code units/h
[Level 4 step 63989] Advanced 3686400 cells
[Level 4 step 63990] ADVANCE at time 39.993125 with dt = 0.000625
[Level 4 step 63990] average evolution speed = 3.935165601 code units/h
[Level 4 step 63990] Advanced 3686400 cells
[Level 3 step 31996] ADVANCE at time 39.99375 with dt = 0.00125
[Level 3 step 31996] average evolution speed = 3.935213845 code units/h
[Level 3 step 31996] Advanced 3686400 cells
[Level 4 step 63991] ADVANCE at time 39.99375 with dt = 0.000625
[Level 4 step 63991] average evolution speed = 3.935201286 code units/h
[Level 4 step 63991] Advanced 3686400 cells
[Level 4 step 63992] ADVANCE at time 39.994375 with dt = 0.000625
[Level 4 step 63992] average evolution speed = 3.935250276 code units/h
[Level 4 step 63992] Advanced 3686400 cells
[Level 1 step 8000] ADVANCE at time 39.995 with dt = 0.005
[Level 1 step 8000] average evolution speed = 3.935296856 code units/h
[Level 1 step 8000] Advanced 19922944 cells
[Level 2 step 15999] ADVANCE at time 39.995 with dt = 0.0025
[Level 2 step 15999] average evolution speed = 3.935226779 code units/h
[Level 2 step 15999] Advanced 3686400 cells
[Level 3 step 31997] ADVANCE at time 39.995 with dt = 0.00125
[Level 3 step 31997] average evolution speed = 3.93521251 code units/h
[Level 3 step 31997] Advanced 3686400 cells
[Level 4 step 63993] ADVANCE at time 39.995 with dt = 0.000625
[Level 4 step 63993] average evolution speed = 3.93519994 code units/h
[Level 4 step 63993] Advanced 3686400 cells
[Level 4 step 63994] ADVANCE at time 39.995625 with dt = 0.000625
[Level 4 step 63994] average evolution speed = 3.935248922 code units/h
[Level 4 step 63994] Advanced 3686400 cells
[Level 3 step 31998] ADVANCE at time 39.99625 with dt = 0.00125
[Level 3 step 31998] average evolution speed = 3.935297154 code units/h
[Level 3 step 31998] Advanced 3686400 cells
[Level 4 step 63995] ADVANCE at time 39.99625 with dt = 0.000625
[Level 4 step 63995] average evolution speed = 3.935284597 code units/h
[Level 4 step 63995] Advanced 3686400 cells
[Level 4 step 63996] ADVANCE at time 39.996875 with dt = 0.000625
[Level 4 step 63996] average evolution speed = 3.935333586 code units/h
[Level 4 step 63996] Advanced 3686400 cells
[Level 2 step 16000] ADVANCE at time 39.9975 with dt = 0.0025
[Level 2 step 16000] average evolution speed = 3.935380862 code units/h
[Level 2 step 16000] Advanced 3686400 cells
[Level 3 step 31999] ADVANCE at time 39.9975 with dt = 0.00125
[Level 3 step 31999] average evolution speed = 3.935366776 code units/h
[Level 3 step 31999] Advanced 3686400 cells
[Level 4 step 63997] ADVANCE at time 39.9975 with dt = 0.000625
[Level 4 step 63997] average evolution speed = 3.935354204 code units/h
[Level 4 step 63997] Advanced 3686400 cells
[Level 4 step 63998] ADVANCE at time 39.998125 with dt = 0.000625
[Level 4 step 63998] average evolution speed = 3.935403179 code units/h
[Level 4 step 63998] Advanced 3686400 cells
[Level 3 step 32000] ADVANCE at time 39.99875 with dt = 0.00125
[Level 3 step 32000] average evolution speed = 3.935451424 code units/h
[Level 3 step 32000] Advanced 3686400 cells
[Level 4 step 63999] ADVANCE at time 39.99875 with dt = 0.000625
[Level 4 step 63999] average evolution speed = 3.935438859 code units/h
[Level 4 step 63999] Advanced 3686400 cells
[Level 4 step 64000] ADVANCE at time 39.999375 with dt = 0.000625
[Level 4 step 64000] average evolution speed = 3.935487842 code units/h
[Level 4 step 64000] Advanced 3686400 cells

[STEP 4000] Coarse TimeStep time: 5.957438151
[STEP 4000] FAB kilobyte spread across MPI nodes: [74281854 ... 74281854]

STEP = 4000 TIME = 40 DT = 0.01

CHECKPOINT: file = /tmp/grteclyn_scratch/v2_spiral_d12_p012_L128_lvl4w_t040_csm/BinaryWormholeChk04000
checkPoint() time = 24.09129202 secs.
[checkpoint_keep] removed /tmp/grteclyn_scratch/v2_spiral_d12_p012_L128_lvl4w_t040_csm/BinaryWormholeChk02500 (keeping newest 3)
PLOTFILE: file = /tmp/grteclyn_scratch/v2_spiral_d12_p012_L128_lvl4w_t040_csm/BinaryWormholePlt04000
Write plotfile time = 6.283457803  seconds

Unused ParmParse Variables:
  [TOP]::hdf5_subpath(nvals = 1)  :: [hdf5]
  [TOP]::nonzero_asymptotic_values(nvals = 5)  :: [1.0, 1.0, 1.0, 1.0, 1.0]
  [TOP]::nonzero_asymptotic_vars(nvals = 5)  :: [chi, h11, h22, h33, lapse]

Total GPU global memory (MB) spread across MPI: [81079 ... 81079]
Free  GPU global memory (MB) spread across MPI: [3514 ... 3514]
[The         Arena] max space (MB) allocated spread across MPI: [75486 ... 75486]
[The         Arena] max space (MB) used      spread across MPI: [72605 ... 72605]
[The Managed Arena] max space (MB) allocated spread across MPI: [8 ... 8]
[The Managed Arena] max space (MB) used      spread across MPI: [0 ... 0]
[The  Pinned Arena] max space (MB) allocated spread across MPI: [73 ... 73]
[The  Pinned Arena] max space (MB) used      spread across MPI: [31 ... 31]
AMReX (26.02-12-gd7da50458966) finalized
