[Level 3 step 11981] average evolution speed = 9.370662417 code units/h
[Level 3 step 11981] Advanced 9830400 cells
[Level 3 step 11982] ADVANCE at time 14.97625 with dt = 0.00125
[Level 3 step 11982] average evolution speed = 9.370951168 code units/h
[Level 3 step 11982] Advanced 9830400 cells
[Level 2 step 5992] ADVANCE at time 14.9775 with dt = 0.0025
[Level 2 step 5992] average evolution speed = 9.371212547 code units/h
[Level 2 step 5992] Advanced 7372800 cells
[Level 3 step 11983] ADVANCE at time 14.9775 with dt = 0.00125
[Level 3 step 11983] average evolution speed = 9.37084273 code units/h
[Level 3 step 11983] Advanced 9830400 cells
[Level 3 step 11984] ADVANCE at time 14.97875 with dt = 0.00125
[Level 3 step 11984] average evolution speed = 9.371131768 code units/h
[Level 3 step 11984] Advanced 9830400 cells

[STEP 1498] Coarse TimeStep time: 3.919190151
[STEP 1498] FAB kilobyte spread across MPI nodes: [33141617 ... 33141617]

STEP = 1498 TIME = 14.98 DT = 0.01

[Level 0 step 1499] ADVANCE at time 14.98 with dt = 0.01
[Level 0 step 1499] average evolution speed = 9.37128968 code units/h
[Level 0 step 1499] Advanced 2097152 cells
[Level 1 step 2997] ADVANCE at time 14.98 with dt = 0.005
[Level 1 step 2997] average evolution speed = 9.371148212 code units/h
[Level 1 step 2997] Advanced 5734400 cells
[Level 2 step 5993] ADVANCE at time 14.98 with dt = 0.0025
[Level 2 step 5993] average evolution speed = 9.370860496 code units/h
[Level 2 step 5993] Advanced 7372800 cells
[Level 3 step 11985] ADVANCE at time 14.98 with dt = 0.00125
[Level 3 step 11985] average evolution speed = 9.370490344 code units/h
[Level 3 step 11985] Advanced 9830400 cells
[Level 3 step 11986] ADVANCE at time 14.98125 with dt = 0.00125
[Level 3 step 11986] average evolution speed = 9.370779374 code units/h
[Level 3 step 11986] Advanced 9830400 cells
[Level 2 step 5994] ADVANCE at time 14.9825 with dt = 0.0025
[Level 2 step 5994] average evolution speed = 9.371040188 code units/h
[Level 2 step 5994] Advanced 7372800 cells
[Level 3 step 11987] ADVANCE at time 14.9825 with dt = 0.00125
[Level 3 step 11987] average evolution speed = 9.370670305 code units/h
[Level 3 step 11987] Advanced 9830400 cells
[Level 3 step 11988] ADVANCE at time 14.98375 with dt = 0.00125
[Level 3 step 11988] average evolution speed = 9.370959656 code units/h
[Level 3 step 11988] Advanced 9830400 cells
[Level 1 step 2998] ADVANCE at time 14.985 with dt = 0.005
[Level 1 step 2998] average evolution speed = 9.37119912 code units/h
[Level 1 step 2998] Advanced 5734400 cells
[Level 2 step 5995] ADVANCE at time 14.985 with dt = 0.0025
[Level 2 step 5995] average evolution speed = 9.370911756 code units/h
[Level 2 step 5995] Advanced 7372800 cells
[Level 3 step 11989] ADVANCE at time 14.985 with dt = 0.00125
[Level 3 step 11989] average evolution speed = 9.370541916 code units/h
[Level 3 step 11989] Advanced 9830400 cells
[Level 3 step 11990] ADVANCE at time 14.98625 with dt = 0.00125
[Level 3 step 11990] average evolution speed = 9.370830437 code units/h
[Level 3 step 11990] Advanced 9830400 cells
[Level 2 step 5996] ADVANCE at time 14.9875 with dt = 0.0025
[Level 2 step 5996] average evolution speed = 9.37109093 code units/h
[Level 2 step 5996] Advanced 7372800 cells
[Level 3 step 11991] ADVANCE at time 14.9875 with dt = 0.00125
[Level 3 step 11991] average evolution speed = 9.370721053 code units/h
[Level 3 step 11991] Advanced 9830400 cells
[Level 3 step 11992] ADVANCE at time 14.98875 with dt = 0.00125
[Level 3 step 11992] average evolution speed = 9.371009601 code units/h
[Level 3 step 11992] Advanced 9830400 cells

[STEP 1499] Coarse TimeStep time: 3.916301761
[STEP 1499] FAB kilobyte spread across MPI nodes: [33141617 ... 33141617]

STEP = 1499 TIME = 14.99 DT = 0.01

[Level 0 step 1500] ADVANCE at time 14.99 with dt = 0.01
[Level 0 step 1500] average evolution speed = 9.371167951 code units/h
[Level 0 step 1500] Advanced 2097152 cells
[Level 1 step 2999] ADVANCE at time 14.99 with dt = 0.005
[Level 1 step 2999] average evolution speed = 9.371026499 code units/h
[Level 1 step 2999] Advanced 5734400 cells
[Level 2 step 5997] ADVANCE at time 14.99 with dt = 0.0025
[Level 2 step 5997] average evolution speed = 9.370739163 code units/h
[Level 2 step 5997] Advanced 7372800 cells
[Level 3 step 11993] ADVANCE at time 14.99 with dt = 0.00125
[Level 3 step 11993] average evolution speed = 9.370369495 code units/h
[Level 3 step 11993] Advanced 9830400 cells
[Level 3 step 11994] ADVANCE at time 14.99125 with dt = 0.00125
[Level 3 step 11994] average evolution speed = 9.370658476 code units/h
[Level 3 step 11994] Advanced 9830400 cells
[Level 2 step 5998] ADVANCE at time 14.9925 with dt = 0.0025
[Level 2 step 5998] average evolution speed = 9.370919358 code units/h
[Level 2 step 5998] Advanced 7372800 cells
[Level 3 step 11995] ADVANCE at time 14.9925 with dt = 0.00125
[Level 3 step 11995] average evolution speed = 9.370549603 code units/h
[Level 3 step 11995] Advanced 9830400 cells
[Level 3 step 11996] ADVANCE at time 14.99375 with dt = 0.00125
[Level 3 step 11996] average evolution speed = 9.370838439 code units/h
[Level 3 step 11996] Advanced 9830400 cells
[Level 1 step 3000] ADVANCE at time 14.995 with dt = 0.005
[Level 1 step 3000] average evolution speed = 9.371078007 code units/h
[Level 1 step 3000] Advanced 5734400 cells
[Level 2 step 5999] ADVANCE at time 14.995 with dt = 0.0025
[Level 2 step 5999] average evolution speed = 9.370791234 code units/h
[Level 2 step 5999] Advanced 7372800 cells
[Level 3 step 11997] ADVANCE at time 14.995 with dt = 0.00125
[Level 3 step 11997] average evolution speed = 9.370421639 code units/h
[Level 3 step 11997] Advanced 9830400 cells
[Level 3 step 11998] ADVANCE at time 14.99625 with dt = 0.00125
[Level 3 step 11998] average evolution speed = 9.370710591 code units/h
[Level 3 step 11998] Advanced 9830400 cells
[Level 2 step 6000] ADVANCE at time 14.9975 with dt = 0.0025
[Level 2 step 6000] average evolution speed = 9.370971458 code units/h
[Level 2 step 6000] Advanced 7372800 cells
[Level 3 step 11999] ADVANCE at time 14.9975 with dt = 0.00125
[Level 3 step 11999] average evolution speed = 9.370601848 code units/h
[Level 3 step 11999] Advanced 9830400 cells
[Level 3 step 12000] ADVANCE at time 14.99875 with dt = 0.00125
[Level 3 step 12000] average evolution speed = 9.370890499 code units/h
[Level 3 step 12000] Advanced 9830400 cells

[STEP 1500] Coarse TimeStep time: 3.919399844
[STEP 1500] FAB kilobyte spread across MPI nodes: [33141617 ... 33141617]

STEP = 1500 TIME = 15 DT = 0.01

PLOTFILE: file = /tmp/grteclyn_scratch/ctrl_rest_d14/BinaryWormholePlt01500
Write plotfile time = 0.951868471  seconds

Now regridding at level lbase = 2
grid_places() time: 0.010785917 new finest: 3
TIME = 15 : REGRID  with lbase = 2
  Level 3   300 grids  9830400 cells  0.9155273438 % of domain
            smallest grid: 32 x 32 x 32  biggest grid: 32 x 32 x 32

[Level 0 step 1501] ADVANCE at time 15 with dt = 0.01
[Level 0 step 1501] average evolution speed = 9.369467918 code units/h
[Level 0 step 1501] Advanced 2097152 cells
[Level 1 step 3001] ADVANCE at time 15 with dt = 0.005
[Level 1 step 3001] average evolution speed = 9.369318347 code units/h
[Level 1 step 3001] Advanced 5734400 cells
[Level 2 step 6001] ADVANCE at time 15 with dt = 0.0025
[Level 2 step 6001] average evolution speed = 9.369033531 code units/h
[Level 2 step 6001] Advanced 7372800 cells
[Level 3 step 12001] ADVANCE at time 15 with dt = 0.00125
[Level 3 step 12001] average evolution speed = 9.368670069 code units/h
[Level 3 step 12001] Advanced 9830400 cells
[Level 3 step 12002] ADVANCE at time 15.00125 with dt = 0.00125
[Level 3 step 12002] average evolution speed = 9.368956061 code units/h
[Level 3 step 12002] Advanced 9830400 cells
[Level 2 step 6002] ADVANCE at time 15.0025 with dt = 0.0025
[Level 2 step 6002] average evolution speed = 9.369212574 code units/h
[Level 2 step 6002] Advanced 7372800 cells
[Level 3 step 12003] ADVANCE at time 15.0025 with dt = 0.00125
[Level 3 step 12003] average evolution speed = 9.368840834 code units/h
[Level 3 step 12003] Advanced 9830400 cells
[Level 3 step 12004] ADVANCE at time 15.00375 with dt = 0.00125
[Level 3 step 12004] average evolution speed = 9.369126812 code units/h
[Level 3 step 12004] Advanced 9830400 cells
[Level 1 step 3002] ADVANCE at time 15.005 with dt = 0.005
[Level 1 step 3002] average evolution speed = 9.369359386 code units/h
[Level 1 step 3002] Advanced 5734400 cells
[Level 2 step 6003] ADVANCE at time 15.005 with dt = 0.0025
[Level 2 step 6003] average evolution speed = 9.369069415 code units/h
[Level 2 step 6003] Advanced 7372800 cells
[Level 3 step 12005] ADVANCE at time 15.005 with dt = 0.00125
[Level 3 step 12005] average evolution speed = 9.368697845 code units/h
[Level 3 step 12005] Advanced 9830400 cells
[Level 3 step 12006] ADVANCE at time 15.00625 with dt = 0.00125
[Level 3 step 12006] average evolution speed = 9.368983168 code units/h
[Level 3 step 12006] Advanced 9830400 cells
[Level 2 step 6004] ADVANCE at time 15.0075 with dt = 0.0025
[Level 2 step 6004] average evolution speed = 9.369238287 code units/h
[Level 2 step 6004] Advanced 7372800 cells
[Level 3 step 12007] ADVANCE at time 15.0075 with dt = 0.00125
[Level 3 step 12007] average evolution speed = 9.368867017 code units/h
[Level 3 step 12007] Advanced 9830400 cells
[Level 3 step 12008] ADVANCE at time 15.00875 with dt = 0.00125
[Level 3 step 12008] average evolution speed = 9.369151982 code units/h
[Level 3 step 12008] Advanced 9830400 cells

[STEP 1501] Coarse TimeStep time: 3.957422016
[STEP 1501] FAB kilobyte spread across MPI nodes: [33141617 ... 33141617]

STEP = 1501 TIME = 15.01 DT = 0.01

PLOTFILE: file = /tmp/grteclyn_scratch/ctrl_rest_d14/BinaryWormholePlt01501
Write plotfile time = 0.956374237  seconds

Unused ParmParse Variables:
  [TOP]::hdf5_subpath(nvals = 1)  :: [hdf5]
  [TOP]::nonzero_asymptotic_values(nvals = 5)  :: [1.0, 1.0, 1.0, 1.0, 1.0]
  [TOP]::nonzero_asymptotic_vars(nvals = 5)  :: [chi, h11, h22, h33, lapse]
  [TOP]::write_extraction(nvals = 1)  :: [0]

Total GPU global memory (MB) spread across MPI: [81079 ... 81079]
Free  GPU global memory (MB) spread across MPI: [44702 ... 44702]
[The         Arena] max space (MB) allocated spread across MPI: [34811 ... 34811]
[The         Arena] max space (MB) used      spread across MPI: [32419 ... 32419]
[The Managed Arena] max space (MB) allocated spread across MPI: [8 ... 8]
[The Managed Arena] max space (MB) used      spread across MPI: [0 ... 0]
[The  Pinned Arena] max space (MB) allocated spread across MPI: [8 ... 8]
[The  Pinned Arena] max space (MB) used      spread across MPI: [6 ... 6]
AMReX (26.02-12-gd7da50458966) finalized
