[Level 3 step 79986] ADVANCE at time 99.98125 with dt = 0.00125
[Level 3 step 79986] average evolution speed = 7.142599608 code units/h
[Level 3 step 79986] Advanced 4096000 cells
[Level 4 step 159971] ADVANCE at time 99.98125 with dt = 0.000625
[Level 4 step 159971] average evolution speed = 7.142571925 code units/h
[Level 4 step 159971] Advanced 4096000 cells
[Level 4 step 159972] ADVANCE at time 99.981875 with dt = 0.000625
[Level 4 step 159972] average evolution speed = 7.142612778 code units/h
[Level 4 step 159972] Advanced 4096000 cells
[Level 2 step 39994] ADVANCE at time 99.9825 with dt = 0.0025
[Level 2 step 39994] average evolution speed = 7.142650678 code units/h
[Level 2 step 39994] Advanced 4096000 cells
[Level 3 step 79987] ADVANCE at time 99.9825 with dt = 0.00125
[Level 3 step 79987] average evolution speed = 7.142622945 code units/h
[Level 3 step 79987] Advanced 4096000 cells
[Level 4 step 159973] ADVANCE at time 99.9825 with dt = 0.000625
[Level 4 step 159973] average evolution speed = 7.142595159 code units/h
[Level 4 step 159973] Advanced 4096000 cells
[Level 4 step 159974] ADVANCE at time 99.983125 with dt = 0.000625
[Level 4 step 159974] average evolution speed = 7.142636027 code units/h
[Level 4 step 159974] Advanced 4096000 cells
[Level 3 step 79988] ADVANCE at time 99.98375 with dt = 0.00125
[Level 3 step 79988] average evolution speed = 7.142675487 code units/h
[Level 3 step 79988] Advanced 4096000 cells
[Level 4 step 159975] ADVANCE at time 99.98375 with dt = 0.000625
[Level 4 step 159975] average evolution speed = 7.142647754 code units/h
[Level 4 step 159975] Advanced 4096000 cells
[Level 4 step 159976] ADVANCE at time 99.984375 with dt = 0.000625
[Level 4 step 159976] average evolution speed = 7.142688641 code units/h
[Level 4 step 159976] Advanced 4096000 cells
[Level 1 step 19998] ADVANCE at time 99.985 with dt = 0.005
[Level 1 step 19998] average evolution speed = 7.142725055 code units/h
[Level 1 step 19998] Advanced 4096000 cells
[Level 2 step 39995] ADVANCE at time 99.985 with dt = 0.0025
[Level 2 step 39995] average evolution speed = 7.142694924 code units/h
[Level 2 step 39995] Advanced 4096000 cells
[Level 3 step 79989] ADVANCE at time 99.985 with dt = 0.00125
[Level 3 step 79989] average evolution speed = 7.142667151 code units/h
[Level 3 step 79989] Advanced 4096000 cells
[Level 4 step 159977] ADVANCE at time 99.985 with dt = 0.000625
[Level 4 step 159977] average evolution speed = 7.142639356 code units/h
[Level 4 step 159977] Advanced 4096000 cells
[Level 4 step 159978] ADVANCE at time 99.985625 with dt = 0.000625
[Level 4 step 159978] average evolution speed = 7.142680224 code units/h
[Level 4 step 159978] Advanced 4096000 cells
[Level 3 step 79990] ADVANCE at time 99.98625 with dt = 0.00125
[Level 3 step 79990] average evolution speed = 7.142719597 code units/h
[Level 3 step 79990] Advanced 4096000 cells
[Level 4 step 159979] ADVANCE at time 99.98625 with dt = 0.000625
[Level 4 step 159979] average evolution speed = 7.142691892 code units/h
[Level 4 step 159979] Advanced 4096000 cells
[Level 4 step 159980] ADVANCE at time 99.986875 with dt = 0.000625
[Level 4 step 159980] average evolution speed = 7.142732734 code units/h
[Level 4 step 159980] Advanced 4096000 cells
[Level 2 step 39996] ADVANCE at time 99.9875 with dt = 0.0025
[Level 2 step 39996] average evolution speed = 7.142770565 code units/h
[Level 2 step 39996] Advanced 4096000 cells
[Level 3 step 79991] ADVANCE at time 99.9875 with dt = 0.00125
[Level 3 step 79991] average evolution speed = 7.142742864 code units/h
[Level 3 step 79991] Advanced 4096000 cells
[Level 4 step 159981] ADVANCE at time 99.9875 with dt = 0.000625
[Level 4 step 159981] average evolution speed = 7.14271503 code units/h
[Level 4 step 159981] Advanced 4096000 cells
[Level 4 step 159982] ADVANCE at time 99.988125 with dt = 0.000625
[Level 4 step 159982] average evolution speed = 7.142755874 code units/h
[Level 4 step 159982] Advanced 4096000 cells
[Level 3 step 79992] ADVANCE at time 99.98875 with dt = 0.00125
[Level 3 step 79992] average evolution speed = 7.142795264 code units/h
[Level 3 step 79992] Advanced 4096000 cells
[Level 4 step 159983] ADVANCE at time 99.98875 with dt = 0.000625
[Level 4 step 159983] average evolution speed = 7.142767541 code units/h
[Level 4 step 159983] Advanced 4096000 cells
[Level 4 step 159984] ADVANCE at time 99.989375 with dt = 0.000625
[Level 4 step 159984] average evolution speed = 7.142808399 code units/h
[Level 4 step 159984] Advanced 4096000 cells

[STEP 9999] Coarse TimeStep time: 4.925323772
[STEP 9999] FAB kilobyte spread across MPI nodes: [50964136 ... 50964136]

STEP = 9999 TIME = 99.99 DT = 0.01

[Level 0 step 10000] ADVANCE at time 99.99 with dt = 0.01
[Level 0 step 10000] average evolution speed = 7.142751836 code units/h
[Level 0 step 10000] Advanced 16777216 cells
[Level 1 step 19999] ADVANCE at time 99.99 with dt = 0.005
[Level 1 step 19999] average evolution speed = 7.142632247 code units/h
[Level 1 step 19999] Advanced 4096000 cells
[Level 2 step 39997] ADVANCE at time 99.99 with dt = 0.0025
[Level 2 step 39997] average evolution speed = 7.14260178 code units/h
[Level 2 step 39997] Advanced 4096000 cells
[Level 3 step 79993] ADVANCE at time 99.99 with dt = 0.00125
[Level 3 step 79993] average evolution speed = 7.142574001 code units/h
[Level 3 step 79993] Advanced 4096000 cells
[Level 4 step 159985] ADVANCE at time 99.99 with dt = 0.000625
[Level 4 step 159985] average evolution speed = 7.142546181 code units/h
[Level 4 step 159985] Advanced 4096000 cells
[Level 4 step 159986] ADVANCE at time 99.990625 with dt = 0.000625
[Level 4 step 159986] average evolution speed = 7.142587034 code units/h
[Level 4 step 159986] Advanced 4096000 cells
[Level 3 step 79994] ADVANCE at time 99.99125 with dt = 0.00125
[Level 3 step 79994] average evolution speed = 7.142626276 code units/h
[Level 3 step 79994] Advanced 4096000 cells
[Level 4 step 159987] ADVANCE at time 99.99125 with dt = 0.000625
[Level 4 step 159987] average evolution speed = 7.142598544 code units/h
[Level 4 step 159987] Advanced 4096000 cells
[Level 4 step 159988] ADVANCE at time 99.991875 with dt = 0.000625
[Level 4 step 159988] average evolution speed = 7.142639331 code units/h
[Level 4 step 159988] Advanced 4096000 cells
[Level 2 step 39998] ADVANCE at time 99.9925 with dt = 0.0025
[Level 2 step 39998] average evolution speed = 7.142677089 code units/h
[Level 2 step 39998] Advanced 4096000 cells
[Level 3 step 79995] ADVANCE at time 99.9925 with dt = 0.00125
[Level 3 step 79995] average evolution speed = 7.14264936 code units/h
[Level 3 step 79995] Advanced 4096000 cells
[Level 4 step 159989] ADVANCE at time 99.9925 with dt = 0.000625
[Level 4 step 159989] average evolution speed = 7.142621531 code units/h
[Level 4 step 159989] Advanced 4096000 cells
[Level 4 step 159990] ADVANCE at time 99.993125 with dt = 0.000625
[Level 4 step 159990] average evolution speed = 7.142662342 code units/h
[Level 4 step 159990] Advanced 4096000 cells
[Level 3 step 79996] ADVANCE at time 99.99375 with dt = 0.00125
[Level 3 step 79996] average evolution speed = 7.142701691 code units/h
[Level 3 step 79996] Advanced 4096000 cells
[Level 4 step 159991] ADVANCE at time 99.99375 with dt = 0.000625
[Level 4 step 159991] average evolution speed = 7.142673919 code units/h
[Level 4 step 159991] Advanced 4096000 cells
[Level 4 step 159992] ADVANCE at time 99.994375 with dt = 0.000625
[Level 4 step 159992] average evolution speed = 7.142714745 code units/h
[Level 4 step 159992] Advanced 4096000 cells
[Level 1 step 20000] ADVANCE at time 99.995 with dt = 0.005
[Level 1 step 20000] average evolution speed = 7.142750905 code units/h
[Level 1 step 20000] Advanced 4096000 cells
[Level 2 step 39999] ADVANCE at time 99.995 with dt = 0.0025
[Level 2 step 39999] average evolution speed = 7.142720773 code units/h
[Level 2 step 39999] Advanced 4096000 cells
[Level 3 step 79997] ADVANCE at time 99.995 with dt = 0.00125
[Level 3 step 79997] average evolution speed = 7.142692965 code units/h
[Level 3 step 79997] Advanced 4096000 cells
[Level 4 step 159993] ADVANCE at time 99.995 with dt = 0.000625
[Level 4 step 159993] average evolution speed = 7.142665127 code units/h
[Level 4 step 159993] Advanced 4096000 cells
[Level 4 step 159994] ADVANCE at time 99.995625 with dt = 0.000625
[Level 4 step 159994] average evolution speed = 7.142705976 code units/h
[Level 4 step 159994] Advanced 4096000 cells
[Level 3 step 79998] ADVANCE at time 99.99625 with dt = 0.00125
[Level 3 step 79998] average evolution speed = 7.142745262 code units/h
[Level 3 step 79998] Advanced 4096000 cells
[Level 4 step 159995] ADVANCE at time 99.99625 with dt = 0.000625
[Level 4 step 159995] average evolution speed = 7.142717489 code units/h
[Level 4 step 159995] Advanced 4096000 cells
[Level 4 step 159996] ADVANCE at time 99.996875 with dt = 0.000625
[Level 4 step 159996] average evolution speed = 7.142758337 code units/h
[Level 4 step 159996] Advanced 4096000 cells
[Level 2 step 40000] ADVANCE at time 99.9975 with dt = 0.0025
[Level 2 step 40000] average evolution speed = 7.142796036 code units/h
[Level 2 step 40000] Advanced 4096000 cells
[Level 3 step 79999] ADVANCE at time 99.9975 with dt = 0.00125
[Level 3 step 79999] average evolution speed = 7.142768284 code units/h
[Level 3 step 79999] Advanced 4096000 cells
[Level 4 step 159997] ADVANCE at time 99.9975 with dt = 0.000625
[Level 4 step 159997] average evolution speed = 7.142740459 code units/h
[Level 4 step 159997] Advanced 4096000 cells
[Level 4 step 159998] ADVANCE at time 99.998125 with dt = 0.000625
[Level 4 step 159998] average evolution speed = 7.142781289 code units/h
[Level 4 step 159998] Advanced 4096000 cells
[Level 3 step 80000] ADVANCE at time 99.99875 with dt = 0.00125
[Level 3 step 80000] average evolution speed = 7.142820674 code units/h
[Level 3 step 80000] Advanced 4096000 cells
[Level 4 step 159999] ADVANCE at time 99.99875 with dt = 0.000625
[Level 4 step 159999] average evolution speed = 7.142792946 code units/h
[Level 4 step 159999] Advanced 4096000 cells
[Level 4 step 160000] ADVANCE at time 99.999375 with dt = 0.000625
[Level 4 step 160000] average evolution speed = 7.142833785 code units/h
[Level 4 step 160000] Advanced 4096000 cells

[STEP 10000] Coarse TimeStep time: 4.917166462
[STEP 10000] FAB kilobyte spread across MPI nodes: [50964136 ... 50964136]

STEP = 10000 TIME = 100 DT = 0.01

CHECKPOINT: file = /tmp/grteclyn_scratch/spiral_d6_p010_L128_lvl4from35_t100_lbf_csm_r03500/BinaryWormholeChk10000
checkPoint() time = 16.44006374 secs.
[checkpoint_keep] removed /tmp/grteclyn_scratch/spiral_d6_p010_L128_lvl4from35_t100_lbf_csm_r03500/BinaryWormholeChk09500 (keeping newest 1)
PLOTFILE: file = /tmp/grteclyn_scratch/spiral_d6_p010_L128_lvl4from35_t100_lbf_csm_r03500/BinaryWormholePlt10000
Write plotfile time = 4.325831459  seconds

Unused ParmParse Variables:
  [TOP]::hdf5_subpath(nvals = 1)  :: [hdf5]
  [TOP]::nonzero_asymptotic_values(nvals = 5)  :: [1.0, 1.0, 1.0, 1.0, 1.0]
  [TOP]::nonzero_asymptotic_vars(nvals = 5)  :: [chi, h11, h22, h33, lapse]

Total GPU global memory (MB) spread across MPI: [81079 ... 81079]
Free  GPU global memory (MB) spread across MPI: [28796 ... 28796]
[The         Arena] max space (MB) allocated spread across MPI: [50335 ... 50335]
[The         Arena] max space (MB) used      spread across MPI: [49829 ... 49829]
[The Managed Arena] max space (MB) allocated spread across MPI: [8 ... 8]
[The Managed Arena] max space (MB) used      spread across MPI: [0 ... 0]
[The  Pinned Arena] max space (MB) allocated spread across MPI: [41 ... 41]
[The  Pinned Arena] max space (MB) used      spread across MPI: [18 ... 18]
AMReX (26.02-12-gd7da50458966) finalized
