[Level 0 step 4005] Advanced 2097152 cells
[Level 1 step 8009] ADVANCE at time 40.04 with dt = 0.005
[Level 1 step 8009] average evolution speed = 18.14020965 code units/h
[Level 1 step 8009] Advanced 4096000 cells
[Level 2 step 16017] ADVANCE at time 40.04 with dt = 0.0025
[Level 2 step 16017] average evolution speed = 18.13992139 code units/h
[Level 2 step 16017] Advanced 4096000 cells
[Level 3 step 32033] ADVANCE at time 40.04 with dt = 0.00125
[Level 3 step 32033] average evolution speed = 18.13963167 code units/h
[Level 3 step 32033] Advanced 4096000 cells
[Level 3 step 32034] ADVANCE at time 40.04125 with dt = 0.00125
[Level 3 step 32034] average evolution speed = 18.13990479 code units/h
[Level 3 step 32034] Advanced 4096000 cells
[Level 2 step 16018] ADVANCE at time 40.0425 with dt = 0.0025
[Level 2 step 16018] average evolution speed = 18.14016148 code units/h
[Level 2 step 16018] Advanced 4096000 cells
[Level 3 step 32035] ADVANCE at time 40.0425 with dt = 0.00125
[Level 3 step 32035] average evolution speed = 18.13986976 code units/h
[Level 3 step 32035] Advanced 4096000 cells
[Level 3 step 32036] ADVANCE at time 40.04375 with dt = 0.00125
[Level 3 step 32036] average evolution speed = 18.14014346 code units/h
[Level 3 step 32036] Advanced 4096000 cells
[Level 1 step 8010] ADVANCE at time 40.045 with dt = 0.005
[Level 1 step 8010] average evolution speed = 18.14038231 code units/h
[Level 1 step 8010] Advanced 4096000 cells
[Level 2 step 16019] ADVANCE at time 40.045 with dt = 0.0025
[Level 2 step 16019] average evolution speed = 18.14009203 code units/h
[Level 2 step 16019] Advanced 4096000 cells
[Level 3 step 32037] ADVANCE at time 40.045 with dt = 0.00125
[Level 3 step 32037] average evolution speed = 18.13980026 code units/h
[Level 3 step 32037] Advanced 4096000 cells
[Level 3 step 32038] ADVANCE at time 40.04625 with dt = 0.00125
[Level 3 step 32038] average evolution speed = 18.14007438 code units/h
[Level 3 step 32038] Advanced 4096000 cells
[Level 2 step 16020] ADVANCE at time 40.0475 with dt = 0.0025
[Level 2 step 16020] average evolution speed = 18.14032934 code units/h
[Level 2 step 16020] Advanced 4096000 cells
[Level 3 step 32039] ADVANCE at time 40.0475 with dt = 0.00125
[Level 3 step 32039] average evolution speed = 18.14003794 code units/h
[Level 3 step 32039] Advanced 4096000 cells
[Level 3 step 32040] ADVANCE at time 40.04875 with dt = 0.00125
[Level 3 step 32040] average evolution speed = 18.1403119 code units/h
[Level 3 step 32040] Advanced 4096000 cells

[STEP 4005] Coarse TimeStep time: 1.963210327
[STEP 4005] FAB kilobyte spread across MPI nodes: [17299254 ... 17299254]

STEP = 4005 TIME = 40.05 DT = 0.01

[Level 0 step 4006] ADVANCE at time 40.05 with dt = 0.01
[Level 0 step 4006] average evolution speed = 18.14047313 code units/h
[Level 0 step 4006] Advanced 2097152 cells
[Level 1 step 8011] ADVANCE at time 40.05 with dt = 0.005
[Level 1 step 8011] average evolution speed = 18.14027271 code units/h
[Level 1 step 8011] Advanced 4096000 cells
[Level 2 step 16021] ADVANCE at time 40.05 with dt = 0.0025
[Level 2 step 16021] average evolution speed = 18.13998271 code units/h
[Level 2 step 16021] Advanced 4096000 cells
[Level 3 step 32041] ADVANCE at time 40.05 with dt = 0.00125
[Level 3 step 32041] average evolution speed = 18.13969106 code units/h
[Level 3 step 32041] Advanced 4096000 cells
[Level 3 step 32042] ADVANCE at time 40.05125 with dt = 0.00125
[Level 3 step 32042] average evolution speed = 18.13996482 code units/h
[Level 3 step 32042] Advanced 4096000 cells
[Level 2 step 16022] ADVANCE at time 40.0525 with dt = 0.0025
[Level 2 step 16022] average evolution speed = 18.14022136 code units/h
[Level 2 step 16022] Advanced 4096000 cells
[Level 3 step 32043] ADVANCE at time 40.0525 with dt = 0.00125
[Level 3 step 32043] average evolution speed = 18.13993015 code units/h
[Level 3 step 32043] Advanced 4096000 cells
[Level 3 step 32044] ADVANCE at time 40.05375 with dt = 0.00125
[Level 3 step 32044] average evolution speed = 18.14020414 code units/h
[Level 3 step 32044] Advanced 4096000 cells
[Level 1 step 8012] ADVANCE at time 40.055 with dt = 0.005
[Level 1 step 8012] average evolution speed = 18.14044333 code units/h
[Level 1 step 8012] Advanced 4096000 cells
[Level 2 step 16023] ADVANCE at time 40.055 with dt = 0.0025
[Level 2 step 16023] average evolution speed = 18.14015332 code units/h
[Level 2 step 16023] Advanced 4096000 cells
[Level 3 step 32045] ADVANCE at time 40.055 with dt = 0.00125
[Level 3 step 32045] average evolution speed = 18.13986161 code units/h
[Level 3 step 32045] Advanced 4096000 cells
[Level 3 step 32046] ADVANCE at time 40.05625 with dt = 0.00125
[Level 3 step 32046] average evolution speed = 18.14013527 code units/h
[Level 3 step 32046] Advanced 4096000 cells
[Level 2 step 16024] ADVANCE at time 40.0575 with dt = 0.0025
[Level 2 step 16024] average evolution speed = 18.14039193 code units/h
[Level 2 step 16024] Advanced 4096000 cells
[Level 3 step 32047] ADVANCE at time 40.0575 with dt = 0.00125
[Level 3 step 32047] average evolution speed = 18.14010037 code units/h
[Level 3 step 32047] Advanced 4096000 cells
[Level 3 step 32048] ADVANCE at time 40.05875 with dt = 0.00125
[Level 3 step 32048] average evolution speed = 18.14037386 code units/h
[Level 3 step 32048] Advanced 4096000 cells

[STEP 4006] Coarse TimeStep time: 1.957743438
[STEP 4006] FAB kilobyte spread across MPI nodes: [17299254 ... 17299254]

STEP = 4006 TIME = 40.06 DT = 0.01

[Level 0 step 4007] ADVANCE at time 40.06 with dt = 0.01
[Level 0 step 4007] average evolution speed = 18.14053417 code units/h
[Level 0 step 4007] Advanced 2097152 cells
[Level 1 step 8013] ADVANCE at time 40.06 with dt = 0.005
[Level 1 step 8013] average evolution speed = 18.14033441 code units/h
[Level 1 step 8013] Advanced 4096000 cells
[Level 2 step 16025] ADVANCE at time 40.06 with dt = 0.0025
[Level 2 step 16025] average evolution speed = 18.14004418 code units/h
[Level 2 step 16025] Advanced 4096000 cells
[Level 3 step 32049] ADVANCE at time 40.06 with dt = 0.00125
[Level 3 step 32049] average evolution speed = 18.13975259 code units/h
[Level 3 step 32049] Advanced 4096000 cells
[Level 3 step 32050] ADVANCE at time 40.06125 with dt = 0.00125
[Level 3 step 32050] average evolution speed = 18.14002644 code units/h
[Level 3 step 32050] Advanced 4096000 cells
[Level 2 step 16026] ADVANCE at time 40.0625 with dt = 0.0025
[Level 2 step 16026] average evolution speed = 18.14028296 code units/h
[Level 2 step 16026] Advanced 4096000 cells
[Level 3 step 32051] ADVANCE at time 40.0625 with dt = 0.00125
[Level 3 step 32051] average evolution speed = 18.13999153 code units/h
[Level 3 step 32051] Advanced 4096000 cells
[Level 3 step 32052] ADVANCE at time 40.06375 with dt = 0.00125
[Level 3 step 32052] average evolution speed = 18.14026528 code units/h
[Level 3 step 32052] Advanced 4096000 cells
[Level 1 step 8014] ADVANCE at time 40.065 with dt = 0.005
[Level 1 step 8014] average evolution speed = 18.14050418 code units/h
[Level 1 step 8014] Advanced 4096000 cells
[Level 2 step 16027] ADVANCE at time 40.065 with dt = 0.0025
[Level 2 step 16027] average evolution speed = 18.1402137 code units/h
[Level 2 step 16027] Advanced 4096000 cells
[Level 3 step 32053] ADVANCE at time 40.065 with dt = 0.00125
[Level 3 step 32053] average evolution speed = 18.13992217 code units/h
[Level 3 step 32053] Advanced 4096000 cells
[Level 3 step 32054] ADVANCE at time 40.06625 with dt = 0.00125
[Level 3 step 32054] average evolution speed = 18.14019581 code units/h
[Level 3 step 32054] Advanced 4096000 cells
[Level 2 step 16028] ADVANCE at time 40.0675 with dt = 0.0025
[Level 2 step 16028] average evolution speed = 18.14045249 code units/h
[Level 2 step 16028] Advanced 4096000 cells
[Level 3 step 32055] ADVANCE at time 40.0675 with dt = 0.00125
[Level 3 step 32055] average evolution speed = 18.14016122 code units/h
[Level 3 step 32055] Advanced 4096000 cells
[Level 3 step 32056] ADVANCE at time 40.06875 with dt = 0.00125
[Level 3 step 32056] average evolution speed = 18.14043506 code units/h
[Level 3 step 32056] Advanced 4096000 cells

[STEP 4007] Coarse TimeStep time: 1.95862277
[STEP 4007] FAB kilobyte spread across MPI nodes: [17299254 ... 17299254]

STEP = 4007 TIME = 40.07 DT = 0.01

[Level 0 step 4008] ADVANCE at time 40.07 with dt = 0.01
[Level 0 step 4008] average evolution speed = 18.14059317 code units/h
[Level 0 step 4008] Advanced 2097152 cells
[Level 1 step 8015] ADVANCE at time 40.07 with dt = 0.005
[Level 1 step 8015] average evolution speed = 18.14039362 code units/h
[Level 1 step 8015] Advanced 4096000 cells
[Level 2 step 16029] ADVANCE at time 40.07 with dt = 0.0025
[Level 2 step 16029] average evolution speed = 18.14010351 code units/h
[Level 2 step 16029] Advanced 4096000 cells
[Level 3 step 32057] ADVANCE at time 40.07 with dt = 0.00125
[Level 3 step 32057] average evolution speed = 18.13981171 code units/h
[Level 3 step 32057] Advanced 4096000 cells
[Level 3 step 32058] ADVANCE at time 40.07125 with dt = 0.00125
[Level 3 step 32058] average evolution speed = 18.14008398 code units/h
[Level 3 step 32058] Advanced 4096000 cells
[Level 2 step 16030] ADVANCE at time 40.0725 with dt = 0.0025
[Level 2 step 16030] average evolution speed = 18.14034026 code units/h
[Level 2 step 16030] Advanced 4096000 cells
[Level 3 step 32059] ADVANCE at time 40.0725 with dt = 0.00125
[Level 3 step 32059] average evolution speed = 18.14004854 code units/h
[Level 3 step 32059] Advanced 4096000 cells
[Level 3 step 32060] ADVANCE at time 40.07375 with dt = 0.00125
[Level 3 step 32060] average evolution speed = 18.14032221 code units/h
[Level 3 step 32060] Advanced 4096000 cells
[Level 1 step 8016] ADVANCE at time 40.075 with dt = 0.005
[Level 1 step 8016] average evolution speed = 18.14056122 code units/h
[Level 1 step 8016] Advanced 4096000 cells
[Level 2 step 16031] ADVANCE at time 40.075 with dt = 0.0025
[Level 2 step 16031] average evolution speed = 18.14027082 code units/h
[Level 2 step 16031] Advanced 4096000 cells
[Level 3 step 32061] ADVANCE at time 40.075 with dt = 0.00125
[Level 3 step 32061] average evolution speed = 18.13997896 code units/h
[Level 3 step 32061] Advanced 4096000 cells
[Level 3 step 32062] ADVANCE at time 40.07625 with dt = 0.00125
[Level 3 step 32062] average evolution speed = 18.14025267 code units/h
[Level 3 step 32062] Advanced 4096000 cells
NaN diagnostic: rank=0 level=3 component=1 name=h11
amrex::Abort::0::NaN in GRAMRLevel::post_timestep !!!
SIGABRT
See Backtrace.0 file for details
--------------------------------------------------------------------------
MPI_ABORT was invoked on rank 0 in communicator MPI_COMM_WORLD
  Proc: [[3372,0],0]
  Errorcode: 6

NOTE: invoking MPI_ABORT causes Open MPI to kill all MPI processes.
You may or may not see output from other processes, depending on
exactly when Open MPI kills them.
--------------------------------------------------------------------------
