[Level 4 step 159970] ADVANCE at time 99.980625 with dt = 0.000625
[Level 4 step 159970] average evolution speed = 7.161797578 code units/h
[Level 4 step 159970] Advanced 4096000 cells
[Level 3 step 79986] ADVANCE at time 99.98125 with dt = 0.00125
[Level 3 step 79986] average evolution speed = 7.161848673 code units/h
[Level 3 step 79986] Advanced 4096000 cells
[Level 4 step 159971] ADVANCE at time 99.98125 with dt = 0.000625
[Level 4 step 159971] average evolution speed = 7.161812419 code units/h
[Level 4 step 159971] Advanced 4096000 cells
[Level 4 step 159972] ADVANCE at time 99.981875 with dt = 0.000625
[Level 4 step 159972] average evolution speed = 7.161865551 code units/h
[Level 4 step 159972] Advanced 4096000 cells
[Level 2 step 39994] ADVANCE at time 99.9825 with dt = 0.0025
[Level 2 step 39994] average evolution speed = 7.161914502 code units/h
[Level 2 step 39994] Advanced 4096000 cells
[Level 3 step 79987] ADVANCE at time 99.9825 with dt = 0.00125
[Level 3 step 79987] average evolution speed = 7.161878205 code units/h
[Level 3 step 79987] Advanced 4096000 cells
[Level 4 step 159973] ADVANCE at time 99.9825 with dt = 0.000625
[Level 4 step 159973] average evolution speed = 7.161841792 code units/h
[Level 4 step 159973] Advanced 4096000 cells
[Level 4 step 159974] ADVANCE at time 99.983125 with dt = 0.000625
[Level 4 step 159974] average evolution speed = 7.161894928 code units/h
[Level 4 step 159974] Advanced 4096000 cells
[Level 3 step 79988] ADVANCE at time 99.98375 with dt = 0.00125
[Level 3 step 79988] average evolution speed = 7.161946005 code units/h
[Level 3 step 79988] Advanced 4096000 cells
[Level 4 step 159975] ADVANCE at time 99.98375 with dt = 0.000625
[Level 4 step 159975] average evolution speed = 7.161909736 code units/h
[Level 4 step 159975] Advanced 4096000 cells
[Level 4 step 159976] ADVANCE at time 99.984375 with dt = 0.000625
[Level 4 step 159976] average evolution speed = 7.161962881 code units/h
[Level 4 step 159976] Advanced 4096000 cells
[Level 1 step 19998] ADVANCE at time 99.985 with dt = 0.005
[Level 1 step 19998] average evolution speed = 7.162008524 code units/h
[Level 1 step 19998] Advanced 4096000 cells
[Level 2 step 39995] ADVANCE at time 99.985 with dt = 0.0025
[Level 2 step 39995] average evolution speed = 7.161968986 code units/h
[Level 2 step 39995] Advanced 4096000 cells
[Level 3 step 79989] ADVANCE at time 99.985 with dt = 0.00125
[Level 3 step 79989] average evolution speed = 7.161932481 code units/h
[Level 3 step 79989] Advanced 4096000 cells
[Level 4 step 159977] ADVANCE at time 99.985 with dt = 0.000625
[Level 4 step 159977] average evolution speed = 7.161895955 code units/h
[Level 4 step 159977] Advanced 4096000 cells
[Level 4 step 159978] ADVANCE at time 99.985625 with dt = 0.000625
[Level 4 step 159978] average evolution speed = 7.161948978 code units/h
[Level 4 step 159978] Advanced 4096000 cells
[Level 3 step 79990] ADVANCE at time 99.98625 with dt = 0.00125
[Level 3 step 79990] average evolution speed = 7.162000009 code units/h
[Level 3 step 79990] Advanced 4096000 cells
[Level 4 step 159979] ADVANCE at time 99.98625 with dt = 0.000625
[Level 4 step 159979] average evolution speed = 7.161963716 code units/h
[Level 4 step 159979] Advanced 4096000 cells
[Level 4 step 159980] ADVANCE at time 99.986875 with dt = 0.000625
[Level 4 step 159980] average evolution speed = 7.16201685 code units/h
[Level 4 step 159980] Advanced 4096000 cells
[Level 2 step 39996] ADVANCE at time 99.9875 with dt = 0.0025
[Level 2 step 39996] average evolution speed = 7.162065753 code units/h
[Level 2 step 39996] Advanced 4096000 cells
[Level 3 step 79991] ADVANCE at time 99.9875 with dt = 0.00125
[Level 3 step 79991] average evolution speed = 7.162029484 code units/h
[Level 3 step 79991] Advanced 4096000 cells
[Level 4 step 159981] ADVANCE at time 99.9875 with dt = 0.000625
[Level 4 step 159981] average evolution speed = 7.161993044 code units/h
[Level 4 step 159981] Advanced 4096000 cells
[Level 4 step 159982] ADVANCE at time 99.988125 with dt = 0.000625
[Level 4 step 159982] average evolution speed = 7.162046153 code units/h
[Level 4 step 159982] Advanced 4096000 cells
[Level 3 step 79992] ADVANCE at time 99.98875 with dt = 0.00125
[Level 3 step 79992] average evolution speed = 7.16209719 code units/h
[Level 3 step 79992] Advanced 4096000 cells
[Level 4 step 159983] ADVANCE at time 99.98875 with dt = 0.000625
[Level 4 step 159983] average evolution speed = 7.162060909 code units/h
[Level 4 step 159983] Advanced 4096000 cells
[Level 4 step 159984] ADVANCE at time 99.989375 with dt = 0.000625
[Level 4 step 159984] average evolution speed = 7.162114023 code units/h
[Level 4 step 159984] Advanced 4096000 cells

[STEP 9999] Coarse TimeStep time: 4.982212865
[STEP 9999] FAB kilobyte spread across MPI nodes: [45260592 ... 45260592]

STEP = 9999 TIME = 99.99 DT = 0.01

[Level 0 step 10000] ADVANCE at time 99.99 with dt = 0.01
[Level 0 step 10000] average evolution speed = 7.162029791 code units/h
[Level 0 step 10000] Advanced 16777216 cells
[Level 1 step 19999] ADVANCE at time 99.99 with dt = 0.005
[Level 1 step 19999] average evolution speed = 7.161872983 code units/h
[Level 1 step 19999] Advanced 4096000 cells
[Level 2 step 39997] ADVANCE at time 99.99 with dt = 0.0025
[Level 2 step 39997] average evolution speed = 7.161833179 code units/h
[Level 2 step 39997] Advanced 4096000 cells
[Level 3 step 79993] ADVANCE at time 99.99 with dt = 0.00125
[Level 3 step 79993] average evolution speed = 7.16179679 code units/h
[Level 3 step 79993] Advanced 4096000 cells
[Level 4 step 159985] ADVANCE at time 99.99 with dt = 0.000625
[Level 4 step 159985] average evolution speed = 7.161760362 code units/h
[Level 4 step 159985] Advanced 4096000 cells
[Level 4 step 159986] ADVANCE at time 99.990625 with dt = 0.000625
[Level 4 step 159986] average evolution speed = 7.161813452 code units/h
[Level 4 step 159986] Advanced 4096000 cells
[Level 3 step 79994] ADVANCE at time 99.99125 with dt = 0.00125
[Level 3 step 79994] average evolution speed = 7.161864574 code units/h
[Level 3 step 79994] Advanced 4096000 cells
[Level 4 step 159987] ADVANCE at time 99.99125 with dt = 0.000625
[Level 4 step 159987] average evolution speed = 7.161828291 code units/h
[Level 4 step 159987] Advanced 4096000 cells
[Level 4 step 159988] ADVANCE at time 99.991875 with dt = 0.000625
[Level 4 step 159988] average evolution speed = 7.161881426 code units/h
[Level 4 step 159988] Advanced 4096000 cells
[Level 2 step 39998] ADVANCE at time 99.9925 with dt = 0.0025
[Level 2 step 39998] average evolution speed = 7.161930374 code units/h
[Level 2 step 39998] Advanced 4096000 cells
[Level 3 step 79995] ADVANCE at time 99.9925 with dt = 0.00125
[Level 3 step 79995] average evolution speed = 7.161894143 code units/h
[Level 3 step 79995] Advanced 4096000 cells
[Level 4 step 159989] ADVANCE at time 99.9925 with dt = 0.000625
[Level 4 step 159989] average evolution speed = 7.161857687 code units/h
[Level 4 step 159989] Advanced 4096000 cells
[Level 4 step 159990] ADVANCE at time 99.993125 with dt = 0.000625
[Level 4 step 159990] average evolution speed = 7.161910841 code units/h
[Level 4 step 159990] Advanced 4096000 cells
[Level 3 step 79996] ADVANCE at time 99.99375 with dt = 0.00125
[Level 3 step 79996] average evolution speed = 7.161961908 code units/h
[Level 3 step 79996] Advanced 4096000 cells
[Level 4 step 159991] ADVANCE at time 99.99375 with dt = 0.000625
[Level 4 step 159991] average evolution speed = 7.161925653 code units/h
[Level 4 step 159991] Advanced 4096000 cells
[Level 4 step 159992] ADVANCE at time 99.994375 with dt = 0.000625
[Level 4 step 159992] average evolution speed = 7.16197879 code units/h
[Level 4 step 159992] Advanced 4096000 cells
[Level 1 step 20000] ADVANCE at time 99.995 with dt = 0.005
[Level 1 step 20000] average evolution speed = 7.162025629 code units/h
[Level 1 step 20000] Advanced 4096000 cells
[Level 2 step 39999] ADVANCE at time 99.995 with dt = 0.0025
[Level 2 step 39999] average evolution speed = 7.161986258 code units/h
[Level 2 step 39999] Advanced 4096000 cells
[Level 3 step 79997] ADVANCE at time 99.995 with dt = 0.00125
[Level 3 step 79997] average evolution speed = 7.161949855 code units/h
[Level 3 step 79997] Advanced 4096000 cells
[Level 4 step 159993] ADVANCE at time 99.995 with dt = 0.000625
[Level 4 step 159993] average evolution speed = 7.161913417 code units/h
[Level 4 step 159993] Advanced 4096000 cells
[Level 4 step 159994] ADVANCE at time 99.995625 with dt = 0.000625
[Level 4 step 159994] average evolution speed = 7.161966533 code units/h
[Level 4 step 159994] Advanced 4096000 cells
[Level 3 step 79998] ADVANCE at time 99.99625 with dt = 0.00125
[Level 3 step 79998] average evolution speed = 7.162017562 code units/h
[Level 3 step 79998] Advanced 4096000 cells
[Level 4 step 159995] ADVANCE at time 99.99625 with dt = 0.000625
[Level 4 step 159995] average evolution speed = 7.161981275 code units/h
[Level 4 step 159995] Advanced 4096000 cells
[Level 4 step 159996] ADVANCE at time 99.996875 with dt = 0.000625
[Level 4 step 159996] average evolution speed = 7.162034404 code units/h
[Level 4 step 159996] Advanced 4096000 cells
[Level 2 step 40000] ADVANCE at time 99.9975 with dt = 0.0025
[Level 2 step 40000] average evolution speed = 7.162083348 code units/h
[Level 2 step 40000] Advanced 4096000 cells
[Level 3 step 79999] ADVANCE at time 99.9975 with dt = 0.00125
[Level 3 step 79999] average evolution speed = 7.162047091 code units/h
[Level 3 step 79999] Advanced 4096000 cells
[Level 4 step 159997] ADVANCE at time 99.9975 with dt = 0.000625
[Level 4 step 159997] average evolution speed = 7.162010674 code units/h
[Level 4 step 159997] Advanced 4096000 cells
[Level 4 step 159998] ADVANCE at time 99.998125 with dt = 0.000625
[Level 4 step 159998] average evolution speed = 7.162063754 code units/h
[Level 4 step 159998] Advanced 4096000 cells
[Level 3 step 80000] ADVANCE at time 99.99875 with dt = 0.00125
[Level 3 step 80000] average evolution speed = 7.162114778 code units/h
[Level 3 step 80000] Advanced 4096000 cells
[Level 4 step 159999] ADVANCE at time 99.99875 with dt = 0.000625
[Level 4 step 159999] average evolution speed = 7.162078437 code units/h
[Level 4 step 159999] Advanced 4096000 cells
[Level 4 step 160000] ADVANCE at time 99.999375 with dt = 0.000625
[Level 4 step 160000] average evolution speed = 7.162131434 code units/h
[Level 4 step 160000] Advanced 4096000 cells

[STEP 10000] Coarse TimeStep time: 4.957746421
[STEP 10000] FAB kilobyte spread across MPI nodes: [45260592 ... 45260592]

STEP = 10000 TIME = 100 DT = 0.01

PLOTFILE: file = /tmp/grteclyn_scratch/merge_headon_flip_d8_v1_L128_lvl4from50_scalar_t100_csm_r05000/BinaryWormholePlt10000
Write plotfile time = 4.233051509  seconds

Unused ParmParse Variables:
  [TOP]::hdf5_subpath(nvals = 1)  :: [hdf5]
  [TOP]::nonzero_asymptotic_values(nvals = 5)  :: [1.0, 1.0, 1.0, 1.0, 1.0]
  [TOP]::nonzero_asymptotic_vars(nvals = 5)  :: [chi, h11, h22, h33, lapse]

Total GPU global memory (MB) spread across MPI: [81079 ... 81079]
Free  GPU global memory (MB) spread across MPI: [34820 ... 34820]
[The         Arena] max space (MB) allocated spread across MPI: [44389 ... 44389]
[The         Arena] max space (MB) used      spread across MPI: [44258 ... 44258]
[The Managed Arena] max space (MB) allocated spread across MPI: [8 ... 8]
[The Managed Arena] max space (MB) used      spread across MPI: [0 ... 0]
[The  Pinned Arena] max space (MB) allocated spread across MPI: [19 ... 19]
[The  Pinned Arena] max space (MB) used      spread across MPI: [12 ... 12]
AMReX (26.02-12-gd7da50458966) finalized
