[Level 3 step 10753] ADVANCE at time 13.44 with dt = 0.00125
[Level 3 step 10753] average evolution speed = 3.937502766 code units/h
[Level 3 step 10753] Advanced 4096000 cells
[Level 4 step 21505] ADVANCE at time 13.44 with dt = 0.000625
[Level 4 step 21505] average evolution speed = 3.937414112 code units/h
[Level 4 step 21505] Advanced 4096000 cells
[Level 4 step 21506] ADVANCE at time 13.440625 with dt = 0.000625
[Level 4 step 21506] average evolution speed = 3.937509768 code units/h
[Level 4 step 21506] Advanced 4096000 cells
[Level 3 step 10754] ADVANCE at time 13.44125 with dt = 0.00125
[Level 3 step 10754] average evolution speed = 3.937591519 code units/h
[Level 3 step 10754] Advanced 4096000 cells
[Level 4 step 21507] ADVANCE at time 13.44125 with dt = 0.000625
[Level 4 step 21507] average evolution speed = 3.937501747 code units/h
[Level 4 step 21507] Advanced 4096000 cells
[Level 4 step 21508] ADVANCE at time 13.441875 with dt = 0.000625
[Level 4 step 21508] average evolution speed = 3.93760803 code units/h
[Level 4 step 21508] Advanced 4096000 cells
[Level 2 step 5378] ADVANCE at time 13.4425 with dt = 0.0025
[Level 2 step 5378] average evolution speed = 3.937671499 code units/h
[Level 2 step 5378] Advanced 4096000 cells
[Level 3 step 10755] ADVANCE at time 13.4425 with dt = 0.00125
[Level 3 step 10755] average evolution speed = 3.93757692 code units/h
[Level 3 step 10755] Advanced 4096000 cells
[Level 4 step 21509] ADVANCE at time 13.4425 with dt = 0.000625
[Level 4 step 21509] average evolution speed = 3.937489891 code units/h
[Level 4 step 21509] Advanced 4096000 cells
[Level 4 step 21510] ADVANCE at time 13.443125 with dt = 0.000625
[Level 4 step 21510] average evolution speed = 3.937583415 code units/h
[Level 4 step 21510] Advanced 4096000 cells
[Level 3 step 10756] ADVANCE at time 13.44375 with dt = 0.00125
[Level 3 step 10756] average evolution speed = 3.937666139 code units/h
[Level 3 step 10756] Advanced 4096000 cells
[Level 4 step 21511] ADVANCE at time 13.44375 with dt = 0.000625
[Level 4 step 21511] average evolution speed = 3.937578458 code units/h
[Level 4 step 21511] Advanced 4096000 cells
[Level 4 step 21512] ADVANCE at time 13.444375 with dt = 0.000625
[Level 4 step 21512] average evolution speed = 3.937703773 code units/h
[Level 4 step 21512] Advanced 4096000 cells
[Level 1 step 2690] ADVANCE at time 13.445 with dt = 0.005
[Level 1 step 2690] average evolution speed = 3.937800893 code units/h
[Level 1 step 2690] Advanced 4096000 cells
[Level 2 step 5379] ADVANCE at time 13.445 with dt = 0.0025
[Level 2 step 5379] average evolution speed = 3.937728494 code units/h
[Level 2 step 5379] Advanced 4096000 cells
[Level 3 step 10757] ADVANCE at time 13.445 with dt = 0.00125
[Level 3 step 10757] average evolution speed = 3.937637941 code units/h
[Level 3 step 10757] Advanced 4096000 cells
[Level 4 step 21513] ADVANCE at time 13.445 with dt = 0.000625
[Level 4 step 21513] average evolution speed = 3.937547706 code units/h
[Level 4 step 21513] Advanced 4096000 cells
[Level 4 step 21514] ADVANCE at time 13.445625 with dt = 0.000625
[Level 4 step 21514] average evolution speed = 3.937644927 code units/h
[Level 4 step 21514] Advanced 4096000 cells
[Level 3 step 10758] ADVANCE at time 13.44625 with dt = 0.00125
[Level 3 step 10758] average evolution speed = 3.937724697 code units/h
[Level 3 step 10758] Advanced 4096000 cells
[Level 4 step 21515] ADVANCE at time 13.44625 with dt = 0.000625
[Level 4 step 21515] average evolution speed = 3.9376467 code units/h
[Level 4 step 21515] Advanced 4096000 cells
[Level 4 step 21516] ADVANCE at time 13.446875 with dt = 0.000625
[Level 4 step 21516] average evolution speed = 3.937739543 code units/h
[Level 4 step 21516] Advanced 4096000 cells
[Level 2 step 5380] ADVANCE at time 13.4475 with dt = 0.0025
[Level 2 step 5380] average evolution speed = 3.937801973 code units/h
[Level 2 step 5380] Advanced 4096000 cells
[Level 3 step 10759] ADVANCE at time 13.4475 with dt = 0.00125
[Level 3 step 10759] average evolution speed = 3.937729246 code units/h
[Level 3 step 10759] Advanced 4096000 cells
[Level 4 step 21517] ADVANCE at time 13.4475 with dt = 0.000625
[Level 4 step 21517] average evolution speed = 3.937640231 code units/h
[Level 4 step 21517] Advanced 4096000 cells
[Level 4 step 21518] ADVANCE at time 13.448125 with dt = 0.000625
[Level 4 step 21518] average evolution speed = 3.937739138 code units/h
[Level 4 step 21518] Advanced 4096000 cells
[Level 3 step 10760] ADVANCE at time 13.44875 with dt = 0.00125
[Level 3 step 10760] average evolution speed = 3.937818483 code units/h
[Level 3 step 10760] Advanced 4096000 cells
[Level 4 step 21519] ADVANCE at time 13.44875 with dt = 0.000625
[Level 4 step 21519] average evolution speed = 3.937728205 code units/h
[Level 4 step 21519] Advanced 4096000 cells
[Level 4 step 21520] ADVANCE at time 13.449375 with dt = 0.000625
[Level 4 step 21520] average evolution speed = 3.937829344 code units/h
[Level 4 step 21520] Advanced 4096000 cells

[STEP 1345] Coarse TimeStep time: 9.196140974
[STEP 1345] FAB kilobyte spread across MPI nodes: [20630826 ... 20630826]

STEP = 1345 TIME = 13.45 DT = 0.01

[Level 0 step 1346] ADVANCE at time 13.45 with dt = 0.01
[Level 0 step 1346] average evolution speed = 3.937833307 code units/h
[Level 0 step 1346] Advanced 2097152 cells
[Level 1 step 2691] ADVANCE at time 13.45 with dt = 0.005
[Level 1 step 2691] average evolution speed = 3.937690232 code units/h
[Level 1 step 2691] Advanced 4096000 cells
[Level 2 step 5381] ADVANCE at time 13.45 with dt = 0.0025
[Level 2 step 5381] average evolution speed = 3.937600752 code units/h
[Level 2 step 5381] Advanced 4096000 cells
[Level 3 step 10761] ADVANCE at time 13.45 with dt = 0.00125
[Level 3 step 10761] average evolution speed = 3.937509856 code units/h
[Level 3 step 10761] Advanced 4096000 cells
[Level 4 step 21521] ADVANCE at time 13.45 with dt = 0.000625
[Level 4 step 21521] average evolution speed = 3.937428083 code units/h
[Level 4 step 21521] Advanced 4096000 cells
[Level 4 step 21522] ADVANCE at time 13.450625 with dt = 0.000625
[Level 4 step 21522] average evolution speed = 3.937521151 code units/h
[Level 4 step 21522] Advanced 4096000 cells
[Level 3 step 10762] ADVANCE at time 13.45125 with dt = 0.00125
[Level 3 step 10762] average evolution speed = 3.93759962 code units/h
[Level 3 step 10762] Advanced 4096000 cells
[Level 4 step 21523] ADVANCE at time 13.45125 with dt = 0.000625
[Level 4 step 21523] average evolution speed = 3.937517878 code units/h
[Level 4 step 21523] Advanced 4096000 cells
[Level 4 step 21524] ADVANCE at time 13.451875 with dt = 0.000625
[Level 4 step 21524] average evolution speed = 3.937624997 code units/h
[Level 4 step 21524] Advanced 4096000 cells
[Level 2 step 5382] ADVANCE at time 13.4525 with dt = 0.0025
[Level 2 step 5382] average evolution speed = 3.937689347 code units/h
[Level 2 step 5382] Advanced 4096000 cells
[Level 3 step 10763] ADVANCE at time 13.4525 with dt = 0.00125
[Level 3 step 10763] average evolution speed = 3.937599364 code units/h
[Level 3 step 10763] Advanced 4096000 cells
[Level 4 step 21525] ADVANCE at time 13.4525 with dt = 0.000625
[Level 4 step 21525] average evolution speed = 3.937508041 code units/h
[Level 4 step 21525] Advanced 4096000 cells
[Level 4 step 21526] ADVANCE at time 13.453125 with dt = 0.000625
[Level 4 step 21526] average evolution speed = 3.937608816 code units/h
[Level 4 step 21526] Advanced 4096000 cells
[Level 3 step 10764] ADVANCE at time 13.45375 with dt = 0.00125
[Level 3 step 10764] average evolution speed = 3.937686439 code units/h
[Level 3 step 10764] Advanced 4096000 cells
[Level 4 step 21527] ADVANCE at time 13.45375 with dt = 0.000625
[Level 4 step 21527] average evolution speed = 3.937595253 code units/h
[Level 4 step 21527] Advanced 4096000 cells
[Level 4 step 21528] ADVANCE at time 13.454375 with dt = 0.000625
[Level 4 step 21528] average evolution speed = 3.937720735 code units/h
[Level 4 step 21528] Advanced 4096000 cells
[Level 1 step 2692] ADVANCE at time 13.455 with dt = 0.005
[Level 1 step 2692] average evolution speed = 3.937822735 code units/h
[Level 1 step 2692] Advanced 4096000 cells
[Level 2 step 5383] ADVANCE at time 13.455 with dt = 0.0025
[Level 2 step 5383] average evolution speed = 3.937760011 code units/h
[Level 2 step 5383] Advanced 4096000 cells
[Level 3 step 10765] ADVANCE at time 13.455 with dt = 0.00125
[Level 3 step 10765] average evolution speed = 3.937682533 code units/h
[Level 3 step 10765] Advanced 4096000 cells
[Level 4 step 21529] ADVANCE at time 13.455 with dt = 0.000625
[Level 4 step 21529] average evolution speed = 3.937591974 code units/h
[Level 4 step 21529] Advanced 4096000 cells
[Level 4 step 21530] ADVANCE at time 13.455625 with dt = 0.000625
[Level 4 step 21530] average evolution speed = 3.937685725 code units/h
[Level 4 step 21530] Advanced 4096000 cells
[Level 3 step 10766] ADVANCE at time 13.45625 with dt = 0.00125
[Level 3 step 10766] average evolution speed = 3.937764193 code units/h
[Level 3 step 10766] Advanced 4096000 cells
[Level 4 step 21531] ADVANCE at time 13.45625 with dt = 0.000625
[Level 4 step 21531] average evolution speed = 3.937676141 code units/h
[Level 4 step 21531] Advanced 4096000 cells
[Level 4 step 21532] ADVANCE at time 13.456875 with dt = 0.000625
[Level 4 step 21532] average evolution speed = 3.93777959 code units/h
[Level 4 step 21532] Advanced 4096000 cells
[Level 2 step 5384] ADVANCE at time 13.4575 with dt = 0.0025
[Level 2 step 5384] average evolution speed = 3.937844533 code units/h
[Level 2 step 5384] Advanced 4096000 cells
[Level 3 step 10767] ADVANCE at time 13.4575 with dt = 0.00125
[Level 3 step 10767] average evolution speed = 3.937755232 code units/h
[Level 3 step 10767] Advanced 4096000 cells
[Level 4 step 21533] ADVANCE at time 13.4575 with dt = 0.000625
[Level 4 step 21533] average evolution speed = 3.937682196 code units/h
[Level 4 step 21533] Advanced 4096000 cells
[Level 4 step 21534] ADVANCE at time 13.458125 with dt = 0.000625
[Level 4 step 21534] average evolution speed = 3.937775311 code units/h
[Level 4 step 21534] Advanced 4096000 cells
[Level 3 step 10768] ADVANCE at time 13.45875 with dt = 0.00125
[Level 3 step 10768] average evolution speed = 3.937853783 code units/h
[Level 3 step 10768] Advanced 4096000 cells
[Level 4 step 21535] ADVANCE at time 13.45875 with dt = 0.000625
[Level 4 step 21535] average evolution speed = 3.937766556 code units/h
[Level 4 step 21535] Advanced 4096000 cells
[Level 4 step 21536] ADVANCE at time 13.459375 with dt = 0.000625
[Level 4 step 21536] average evolution speed = 3.937869841 code units/h
[Level 4 step 21536] Advanced 4096000 cells

[STEP 1346] Coarse TimeStep time: 9.008911798
[STEP 1346] FAB kilobyte spread across MPI nodes: [20630826 ... 20630826]

STEP = 1346 TIME = 13.46 DT = 0.01

Now regridding at level lbase = 3
grid_places() time: 0.068344829 new finest: 4
TIME = 13.46 : REGRID  with lbase = 3
  Level 4   125 grids  4096000 cells  0.04768371582 % of domain
            smallest grid: 32 x 32 x 32  biggest grid: 32 x 32 x 32

[Level 0 step 1347] ADVANCE at time 13.46 with dt = 0.01
[Level 0 step 1347] average evolution speed = 3.937853101 code units/h
[Level 0 step 1347] Advanced 2097152 cells
[Level 1 step 2693] ADVANCE at time 13.46 with dt = 0.005
[Level 1 step 2693] average evolution speed = 3.937752162 code units/h
