
STEP = 5295 TIME = 52.95 DT = 0.01

[Level 0 step 5296] ADVANCE at time 52.95 with dt = 0.01
[Level 0 step 5296] average evolution speed = 5.742815259 code units/h
[Level 0 step 5296] Advanced 2097152 cells
[Level 1 step 10591] ADVANCE at time 52.95 with dt = 0.005
[Level 1 step 10591] average evolution speed = 5.742721947 code units/h
[Level 1 step 10591] Advanced 4096000 cells
[Level 2 step 21181] ADVANCE at time 52.95 with dt = 0.0025
[Level 2 step 21181] average evolution speed = 5.742672384 code units/h
[Level 2 step 21181] Advanced 4096000 cells
[Level 3 step 42361] ADVANCE at time 52.95 with dt = 0.00125
[Level 3 step 42361] average evolution speed = 5.742619386 code units/h
[Level 3 step 42361] Advanced 4096000 cells
[Level 3 step 42362] ADVANCE at time 52.95125 with dt = 0.00125
[Level 3 step 42362] average evolution speed = 5.742700837 code units/h
[Level 3 step 42362] Advanced 4096000 cells
[Level 2 step 21182] ADVANCE at time 52.9525 with dt = 0.0025
[Level 2 step 21182] average evolution speed = 5.742792208 code units/h
[Level 2 step 21182] Advanced 4096000 cells
[Level 3 step 42363] ADVANCE at time 52.9525 with dt = 0.00125
[Level 3 step 42363] average evolution speed = 5.74274358 code units/h
[Level 3 step 42363] Advanced 4096000 cells
[Level 3 step 42364] ADVANCE at time 52.95375 with dt = 0.00125
[Level 3 step 42364] average evolution speed = 5.742831007 code units/h
[Level 3 step 42364] Advanced 4096000 cells
[Level 1 step 10592] ADVANCE at time 52.955 with dt = 0.005
[Level 1 step 10592] average evolution speed = 5.742890098 code units/h
[Level 1 step 10592] Advanced 4096000 cells
[Level 2 step 21183] ADVANCE at time 52.955 with dt = 0.0025
[Level 2 step 21183] average evolution speed = 5.742848909 code units/h
[Level 2 step 21183] Advanced 4096000 cells
[Level 3 step 42365] ADVANCE at time 52.955 with dt = 0.00125
[Level 3 step 42365] average evolution speed = 5.742797006 code units/h
[Level 3 step 42365] Advanced 4096000 cells
[Level 3 step 42366] ADVANCE at time 52.95625 with dt = 0.00125
[Level 3 step 42366] average evolution speed = 5.74288102 code units/h
[Level 3 step 42366] Advanced 4096000 cells
[Level 2 step 21184] ADVANCE at time 52.9575 with dt = 0.0025
[Level 2 step 21184] average evolution speed = 5.74297171 code units/h
[Level 2 step 21184] Advanced 4096000 cells
[Level 3 step 42367] ADVANCE at time 52.9575 with dt = 0.00125
[Level 3 step 42367] average evolution speed = 5.742941212 code units/h
[Level 3 step 42367] Advanced 4096000 cells
[Level 3 step 42368] ADVANCE at time 52.95875 with dt = 0.00125
[Level 3 step 42368] average evolution speed = 5.743048301 code units/h
[Level 3 step 42368] Advanced 4096000 cells

[STEP 5296] Coarse TimeStep time: 4.475117828
[STEP 5296] FAB kilobyte spread across MPI nodes: [31668558 ... 31668558]

STEP = 5296 TIME = 52.96 DT = 0.01

Now regridding at level lbase = 0
grid_places() time: 0.172301138 new finest: 3
STEP = 5296 TIME = 52.96 : REGRID  with lbase = 0
  Level 1   125 grids  4096000 cells  24.4140625 % of domain
            smallest grid: 32 x 32 x 32  biggest grid: 32 x 32 x 32
  Level 2   125 grids  4096000 cells  3.051757812 % of domain
            smallest grid: 32 x 32 x 32  biggest grid: 32 x 32 x 32
  Level 3   125 grids  4096000 cells  0.3814697266 % of domain
            smallest grid: 32 x 32 x 32  biggest grid: 32 x 32 x 32

[Level 0 step 5297] ADVANCE at time 52.96 with dt = 0.01
[Level 0 step 5297] average evolution speed = 5.743090691 code units/h
[Level 0 step 5297] Advanced 2097152 cells
[Level 1 step 10593] ADVANCE at time 52.96 with dt = 0.005
[Level 1 step 10593] average evolution speed = 5.742993513 code units/h
[Level 1 step 10593] Advanced 4096000 cells
[Level 2 step 21185] ADVANCE at time 52.96 with dt = 0.0025
[Level 2 step 21185] average evolution speed = 5.742950946 code units/h
[Level 2 step 21185] Advanced 4096000 cells
[Level 3 step 42369] ADVANCE at time 52.96 with dt = 0.00125
[Level 3 step 42369] average evolution speed = 5.742899506 code units/h
[Level 3 step 42369] Advanced 4096000 cells
[Level 3 step 42370] ADVANCE at time 52.96125 with dt = 0.00125
[Level 3 step 42370] average evolution speed = 5.742982292 code units/h
[Level 3 step 42370] Advanced 4096000 cells
[Level 2 step 21186] ADVANCE at time 52.9625 with dt = 0.0025
[Level 2 step 21186] average evolution speed = 5.743072171 code units/h
[Level 2 step 21186] Advanced 4096000 cells
[Level 3 step 42371] ADVANCE at time 52.9625 with dt = 0.00125
[Level 3 step 42371] average evolution speed = 5.743023392 code units/h
[Level 3 step 42371] Advanced 4096000 cells
[Level 3 step 42372] ADVANCE at time 52.96375 with dt = 0.00125
[Level 3 step 42372] average evolution speed = 5.743109644 code units/h
[Level 3 step 42372] Advanced 4096000 cells
[Level 1 step 10594] ADVANCE at time 52.965 with dt = 0.005
[Level 1 step 10594] average evolution speed = 5.743172649 code units/h
[Level 1 step 10594] Advanced 4096000 cells
[Level 2 step 21187] ADVANCE at time 52.965 with dt = 0.0025
[Level 2 step 21187] average evolution speed = 5.74313076 code units/h
[Level 2 step 21187] Advanced 4096000 cells
[Level 3 step 42373] ADVANCE at time 52.965 with dt = 0.00125
[Level 3 step 42373] average evolution speed = 5.743081842 code units/h
[Level 3 step 42373] Advanced 4096000 cells
[Level 3 step 42374] ADVANCE at time 52.96625 with dt = 0.00125
[Level 3 step 42374] average evolution speed = 5.743164071 code units/h
[Level 3 step 42374] Advanced 4096000 cells
[Level 2 step 21188] ADVANCE at time 52.9675 with dt = 0.0025
[Level 2 step 21188] average evolution speed = 5.743242278 code units/h
[Level 2 step 21188] Advanced 4096000 cells
[Level 3 step 42375] ADVANCE at time 52.9675 with dt = 0.00125
[Level 3 step 42375] average evolution speed = 5.743212263 code units/h
[Level 3 step 42375] Advanced 4096000 cells
[Level 3 step 42376] ADVANCE at time 52.96875 with dt = 0.00125
[Level 3 step 42376] average evolution speed = 5.743316949 code units/h
[Level 3 step 42376] Advanced 4096000 cells

[STEP 5297] Coarse TimeStep time: 4.759087228
[STEP 5297] FAB kilobyte spread across MPI nodes: [31668558 ... 31668558]

STEP = 5297 TIME = 52.97 DT = 0.01

[Level 0 step 5298] ADVANCE at time 52.97 with dt = 0.01
[Level 0 step 5298] average evolution speed = 5.743386593 code units/h
[Level 0 step 5298] Advanced 2097152 cells
[Level 1 step 10595] ADVANCE at time 52.97 with dt = 0.005
[Level 1 step 10595] average evolution speed = 5.743290812 code units/h
[Level 1 step 10595] Advanced 4096000 cells
[Level 2 step 21189] ADVANCE at time 52.97 with dt = 0.0025
[Level 2 step 21189] average evolution speed = 5.743242159 code units/h
[Level 2 step 21189] Advanced 4096000 cells
[Level 3 step 42377] ADVANCE at time 52.97 with dt = 0.00125
[Level 3 step 42377] average evolution speed = 5.743193864 code units/h
[Level 3 step 42377] Advanced 4096000 cells
[Level 3 step 42378] ADVANCE at time 52.97125 with dt = 0.00125
[Level 3 step 42378] average evolution speed = 5.743278884 code units/h
[Level 3 step 42378] Advanced 4096000 cells
[Level 2 step 21190] ADVANCE at time 52.9725 with dt = 0.0025
[Level 2 step 21190] average evolution speed = 5.743352757 code units/h
[Level 2 step 21190] Advanced 4096000 cells
[Level 3 step 42379] ADVANCE at time 52.9725 with dt = 0.00125
[Level 3 step 42379] average evolution speed = 5.743315727 code units/h
[Level 3 step 42379] Advanced 4096000 cells
[Level 3 step 42380] ADVANCE at time 52.97375 with dt = 0.00125
[Level 3 step 42380] average evolution speed = 5.743402714 code units/h
[Level 3 step 42380] Advanced 4096000 cells
[Level 1 step 10596] ADVANCE at time 52.975 with dt = 0.005
[Level 1 step 10596] average evolution speed = 5.743464173 code units/h
[Level 1 step 10596] Advanced 4096000 cells
[Level 2 step 21191] ADVANCE at time 52.975 with dt = 0.0025
[Level 2 step 21191] average evolution speed = 5.74341155 code units/h
[Level 2 step 21191] Advanced 4096000 cells
[Level 3 step 42381] ADVANCE at time 52.975 with dt = 0.00125
[Level 3 step 42381] average evolution speed = 5.743370985 code units/h
[Level 3 step 42381] Advanced 4096000 cells
[Level 3 step 42382] ADVANCE at time 52.97625 with dt = 0.00125
[Level 3 step 42382] average evolution speed = 5.743456124 code units/h
[Level 3 step 42382] Advanced 4096000 cells
[Level 2 step 21192] ADVANCE at time 52.9775 with dt = 0.0025
[Level 2 step 21192] average evolution speed = 5.743528804 code units/h
[Level 2 step 21192] Advanced 4096000 cells
[Level 3 step 42383] ADVANCE at time 52.9775 with dt = 0.00125
[Level 3 step 42383] average evolution speed = 5.743492994 code units/h
[Level 3 step 42383] Advanced 4096000 cells
[Level 3 step 42384] ADVANCE at time 52.97875 with dt = 0.00125
[Level 3 step 42384] average evolution speed = 5.743597735 code units/h
[Level 3 step 42384] Advanced 4096000 cells

[STEP 5298] Coarse TimeStep time: 4.603532433
[STEP 5298] FAB kilobyte spread across MPI nodes: [31668558 ... 31668558]

STEP = 5298 TIME = 52.98 DT = 0.01

[Level 0 step 5299] ADVANCE at time 52.98 with dt = 0.01
[Level 0 step 5299] average evolution speed = 5.743674488 code units/h
[Level 0 step 5299] Advanced 2097152 cells
[Level 1 step 10597] ADVANCE at time 52.98 with dt = 0.005
[Level 1 step 10597] average evolution speed = 5.74358018 code units/h
[Level 1 step 10597] Advanced 4096000 cells
[Level 2 step 21193] ADVANCE at time 52.98 with dt = 0.0025
[Level 2 step 21193] average evolution speed = 5.743524239 code units/h
[Level 2 step 21193] Advanced 4096000 cells
[Level 3 step 42385] ADVANCE at time 52.98 with dt = 0.00125
[Level 3 step 42385] average evolution speed = 5.74348174 code units/h
[Level 3 step 42385] Advanced 4096000 cells
[Level 3 step 42386] ADVANCE at time 52.98125 with dt = 0.00125
[Level 3 step 42386] average evolution speed = 5.743566912 code units/h
[Level 3 step 42386] Advanced 4096000 cells
[Level 2 step 21194] ADVANCE at time 52.9825 with dt = 0.0025
[Level 2 step 21194] average evolution speed = 5.743639488 code units/h
[Level 2 step 21194] Advanced 4096000 cells
[Level 3 step 42387] ADVANCE at time 52.9825 with dt = 0.00125
[Level 3 step 42387] average evolution speed = 5.743604294 code units/h
[Level 3 step 42387] Advanced 4096000 cells
NaN diagnostic: rank=0 level=3 component=1 name=h11
amrex::Abort::0::NaN in GRAMRLevel::post_timestep !!!
SIGABRT
See Backtrace.0 file for details
--------------------------------------------------------------------------
MPI_ABORT was invoked on rank 0 in communicator MPI_COMM_WORLD
  Proc: [[48163,0],0]
  Errorcode: 6

NOTE: invoking MPI_ABORT causes Open MPI to kill all MPI processes.
You may or may not see output from other processes, depending on
exactly when Open MPI kills them.
--------------------------------------------------------------------------
