[Level 4 step 85978] Advanced 4096000 cells
[Level 3 step 42990] ADVANCE at time 53.73625 with dt = 0.00125
[Level 3 step 42990] average evolution speed = 8.911518185 code units/h
[Level 3 step 42990] Advanced 4096000 cells
[Level 4 step 85979] ADVANCE at time 53.73625 with dt = 0.000625
[Level 4 step 85979] average evolution speed = 8.910778541 code units/h
[Level 4 step 85979] Advanced 4096000 cells
[Level 4 step 85980] ADVANCE at time 53.736875 with dt = 0.000625
[Level 4 step 85980] average evolution speed = 8.911523766 code units/h
[Level 4 step 85980] Advanced 4096000 cells
[Level 2 step 21496] ADVANCE at time 53.7375 with dt = 0.0025
[Level 2 step 21496] average evolution speed = 8.912172642 code units/h
[Level 2 step 21496] Advanced 4096000 cells
[Level 3 step 42991] ADVANCE at time 53.7375 with dt = 0.00125
[Level 3 step 42991] average evolution speed = 8.911433478 code units/h
[Level 3 step 42991] Advanced 4096000 cells
[Level 4 step 85981] ADVANCE at time 53.7375 with dt = 0.000625
[Level 4 step 85981] average evolution speed = 8.910693595 code units/h
[Level 4 step 85981] Advanced 4096000 cells
[Level 4 step 85982] ADVANCE at time 53.738125 with dt = 0.000625
[Level 4 step 85982] average evolution speed = 8.911438242 code units/h
[Level 4 step 85982] Advanced 4096000 cells
[Level 3 step 42992] ADVANCE at time 53.73875 with dt = 0.00125
[Level 3 step 42992] average evolution speed = 8.912134765 code units/h
[Level 3 step 42992] Advanced 4096000 cells
[Level 4 step 85983] ADVANCE at time 53.73875 with dt = 0.000625
[Level 4 step 85983] average evolution speed = 8.911396554 code units/h
[Level 4 step 85983] Advanced 4096000 cells
[Level 4 step 85984] ADVANCE at time 53.739375 with dt = 0.000625
[Level 4 step 85984] average evolution speed = 8.912140145 code units/h
[Level 4 step 85984] Advanced 4096000 cells

[STEP 5374] Coarse TimeStep time: 4.014470887
[STEP 5374] FAB kilobyte spread across MPI nodes: [36109523 ... 36109523]

STEP = 5374 TIME = 53.74 DT = 0.01

Now regridding at level lbase = 3
grid_places() time: 0.006463296 new finest: 4
TIME = 53.74 : REGRID  with lbase = 3
  Level 4   125 grids  4096000 cells  0.04768371582 % of domain
            smallest grid: 32 x 32 x 32  biggest grid: 32 x 32 x 32

[Level 0 step 5375] ADVANCE at time 53.74 with dt = 0.01
[Level 0 step 5375] average evolution speed = 8.912458577 code units/h
[Level 0 step 5375] Advanced 2097152 cells
[Level 1 step 10749] ADVANCE at time 53.74 with dt = 0.005
[Level 1 step 10749] average evolution speed = 8.911953842 code units/h
[Level 1 step 10749] Advanced 4096000 cells
[Level 2 step 21497] ADVANCE at time 53.74 with dt = 0.0025
[Level 2 step 21497] average evolution speed = 8.911213533 code units/h
[Level 2 step 21497] Advanced 4096000 cells
[Level 3 step 42993] ADVANCE at time 53.74 with dt = 0.00125
[Level 3 step 42993] average evolution speed = 8.910472161 code units/h
[Level 3 step 42993] Advanced 4096000 cells
[Level 4 step 85985] ADVANCE at time 53.74 with dt = 0.000625
[Level 4 step 85985] average evolution speed = 8.909730394 code units/h
[Level 4 step 85985] Advanced 4096000 cells
[Level 4 step 85986] ADVANCE at time 53.740625 with dt = 0.000625
[Level 4 step 85986] average evolution speed = 8.910471799 code units/h
[Level 4 step 85986] Advanced 4096000 cells
[Level 3 step 42994] ADVANCE at time 53.74125 with dt = 0.00125
[Level 3 step 42994] average evolution speed = 8.911168584 code units/h
[Level 3 step 42994] Advanced 4096000 cells
[Level 4 step 85987] ADVANCE at time 53.74125 with dt = 0.000625
[Level 4 step 85987] average evolution speed = 8.910429666 code units/h
[Level 4 step 85987] Advanced 4096000 cells
[Level 4 step 85988] ADVANCE at time 53.741875 with dt = 0.000625
[Level 4 step 85988] average evolution speed = 8.911172906 code units/h
[Level 4 step 85988] Advanced 4096000 cells
[Level 2 step 21498] ADVANCE at time 53.7425 with dt = 0.0025
[Level 2 step 21498] average evolution speed = 8.911821437 code units/h
[Level 2 step 21498] Advanced 4096000 cells
[Level 3 step 42995] ADVANCE at time 53.7425 with dt = 0.00125
[Level 3 step 42995] average evolution speed = 8.911083126 code units/h
[Level 3 step 42995] Advanced 4096000 cells
[Level 4 step 85989] ADVANCE at time 53.7425 with dt = 0.000625
[Level 4 step 85989] average evolution speed = 8.910343489 code units/h
[Level 4 step 85989] Advanced 4096000 cells
[Level 4 step 85990] ADVANCE at time 53.743125 with dt = 0.000625
[Level 4 step 85990] average evolution speed = 8.911087035 code units/h
[Level 4 step 85990] Advanced 4096000 cells
[Level 3 step 42996] ADVANCE at time 53.74375 with dt = 0.00125
[Level 3 step 42996] average evolution speed = 8.911782911 code units/h
[Level 3 step 42996] Advanced 4096000 cells
[Level 4 step 85991] ADVANCE at time 53.74375 with dt = 0.000625
[Level 4 step 85991] average evolution speed = 8.911044172 code units/h
[Level 4 step 85991] Advanced 4096000 cells
[Level 4 step 85992] ADVANCE at time 53.744375 with dt = 0.000625
[Level 4 step 85992] average evolution speed = 8.911786741 code units/h
[Level 4 step 85992] Advanced 4096000 cells
[Level 1 step 10750] ADVANCE at time 53.745 with dt = 0.005
[Level 1 step 10750] average evolution speed = 8.912384562 code units/h
[Level 1 step 10750] Advanced 4096000 cells
[Level 2 step 21499] ADVANCE at time 53.745 with dt = 0.0025
[Level 2 step 21499] average evolution speed = 8.911648488 code units/h
[Level 2 step 21499] Advanced 4096000 cells
[Level 3 step 42997] ADVANCE at time 53.745 with dt = 0.00125
[Level 3 step 42997] average evolution speed = 8.910909356 code units/h
[Level 3 step 42997] Advanced 4096000 cells
[Level 4 step 85993] ADVANCE at time 53.745 with dt = 0.000625
[Level 4 step 85993] average evolution speed = 8.910169343 code units/h
[Level 4 step 85993] Advanced 4096000 cells
[Level 4 step 85994] ADVANCE at time 53.745625 with dt = 0.000625
[Level 4 step 85994] average evolution speed = 8.910912727 code units/h
[Level 4 step 85994] Advanced 4096000 cells
[Level 3 step 42998] ADVANCE at time 53.74625 with dt = 0.00125
[Level 3 step 42998] average evolution speed = 8.911607582 code units/h
[Level 3 step 42998] Advanced 4096000 cells
[Level 4 step 85995] ADVANCE at time 53.74625 with dt = 0.000625
[Level 4 step 85995] average evolution speed = 8.910869889 code units/h
[Level 4 step 85995] Advanced 4096000 cells
[Level 4 step 85996] ADVANCE at time 53.746875 with dt = 0.000625
[Level 4 step 85996] average evolution speed = 8.911612614 code units/h
[Level 4 step 85996] Advanced 4096000 cells
[Level 2 step 21500] ADVANCE at time 53.7475 with dt = 0.0025
[Level 2 step 21500] average evolution speed = 8.912259713 code units/h
[Level 2 step 21500] Advanced 4096000 cells
[Level 3 step 42999] ADVANCE at time 53.7475 with dt = 0.00125
[Level 3 step 42999] average evolution speed = 8.911521669 code units/h
[Level 3 step 42999] Advanced 4096000 cells
[Level 4 step 85997] ADVANCE at time 53.7475 with dt = 0.000625
[Level 4 step 85997] average evolution speed = 8.910782909 code units/h
[Level 4 step 85997] Advanced 4096000 cells
[Level 4 step 85998] ADVANCE at time 53.748125 with dt = 0.000625
[Level 4 step 85998] average evolution speed = 8.911525522 code units/h
[Level 4 step 85998] Advanced 4096000 cells
[Level 3 step 43000] ADVANCE at time 53.74875 with dt = 0.00125
[Level 3 step 43000] average evolution speed = 8.912221044 code units/h
[Level 3 step 43000] Advanced 4096000 cells
[Level 4 step 85999] ADVANCE at time 53.74875 with dt = 0.000625
[Level 4 step 85999] average evolution speed = 8.911483009 code units/h
[Level 4 step 85999] Advanced 4096000 cells
[Level 4 step 86000] ADVANCE at time 53.749375 with dt = 0.000625
[Level 4 step 86000] average evolution speed = 8.912224826 code units/h
[Level 4 step 86000] Advanced 4096000 cells

[STEP 5375] Coarse TimeStep time: 4.023748845
[STEP 5375] FAB kilobyte spread across MPI nodes: [36109523 ... 36109523]

STEP = 5375 TIME = 53.75 DT = 0.01

[Level 0 step 5376] ADVANCE at time 53.75 with dt = 0.01
[Level 0 step 5376] average evolution speed = 8.912600277 code units/h
[Level 0 step 5376] Advanced 2097152 cells
[Level 1 step 10751] ADVANCE at time 53.75 with dt = 0.005
[Level 1 step 10751] average evolution speed = 8.912101684 code units/h
[Level 1 step 10751] Advanced 4096000 cells
[Level 2 step 21501] ADVANCE at time 53.75 with dt = 0.0025
[Level 2 step 21501] average evolution speed = 8.911366732 code units/h
[Level 2 step 21501] Advanced 4096000 cells
[Level 3 step 43001] ADVANCE at time 53.75 with dt = 0.00125
[Level 3 step 43001] average evolution speed = 8.910629452 code units/h
[Level 3 step 43001] Advanced 4096000 cells
[Level 4 step 86001] ADVANCE at time 53.75 with dt = 0.000625
[Level 4 step 86001] average evolution speed = 8.909893113 code units/h
[Level 4 step 86001] Advanced 4096000 cells
[Level 4 step 86002] ADVANCE at time 53.750625 with dt = 0.000625
[Level 4 step 86002] average evolution speed = 8.910636497 code units/h
[Level 4 step 86002] Advanced 4096000 cells
[Level 3 step 43002] ADVANCE at time 53.75125 with dt = 0.00125
[Level 3 step 43002] average evolution speed = 8.911336376 code units/h
[Level 3 step 43002] Advanced 4096000 cells
[Level 4 step 86003] ADVANCE at time 53.75125 with dt = 0.000625
[Level 4 step 86003] average evolution speed = 8.910601993 code units/h
[Level 4 step 86003] Advanced 4096000 cells
[Level 4 step 86004] ADVANCE at time 53.751875 with dt = 0.000625
[Level 4 step 86004] average evolution speed = 8.911345763 code units/h
[Level 4 step 86004] Advanced 4096000 cells
[Level 2 step 21502] ADVANCE at time 53.7525 with dt = 0.0025
[Level 2 step 21502] average evolution speed = 8.912001558 code units/h
[Level 2 step 21502] Advanced 4096000 cells
[Level 3 step 43003] ADVANCE at time 53.7525 with dt = 0.00125
[Level 3 step 43003] average evolution speed = 8.911266777 code units/h
[Level 3 step 43003] Advanced 4096000 cells
[Level 4 step 86005] ADVANCE at time 53.7525 with dt = 0.000625
[Level 4 step 86005] average evolution speed = 8.910529933 code units/h
[Level 4 step 86005] Advanced 4096000 cells
[Level 4 step 86006] ADVANCE at time 53.753125 with dt = 0.000625
[Level 4 step 86006] average evolution speed = 8.911270936 code units/h
[Level 4 step 86006] Advanced 4096000 cells
[Level 3 step 43004] ADVANCE at time 53.75375 with dt = 0.00125
[Level 3 step 43004] average evolution speed = 8.911966759 code units/h
[Level 3 step 43004] Advanced 4096000 cells
[Level 4 step 86007] ADVANCE at time 53.75375 with dt = 0.000625
[Level 4 step 86007] average evolution speed = 8.911231104 code units/h
[Level 4 step 86007] Advanced 4096000 cells
NaN diagnostic: rank=0 level=4 component=1 name=h11
amrex::Abort::0::NaN in GRAMRLevel::post_timestep !!!
SIGABRT
See Backtrace.0 file for details
--------------------------------------------------------------------------
MPI_ABORT was invoked on rank 0 in communicator MPI_COMM_WORLD
  Proc: [[17671,0],0]
  Errorcode: 6

NOTE: invoking MPI_ABORT causes Open MPI to kill all MPI processes.
You may or may not see output from other processes, depending on
exactly when Open MPI kills them.
--------------------------------------------------------------------------
