[Level 3 step 2770] ADVANCE at time 3.46125 with dt = 0.00125
[Level 3 step 2770] average evolution speed = 18.03586 code units/h
[Level 3 step 2770] Advanced 4096000 cells
[Level 2 step 1386] ADVANCE at time 3.4625 with dt = 0.0025
[Level 2 step 1386] average evolution speed = 18.03877323 code units/h
[Level 2 step 1386] Advanced 4096000 cells
[Level 3 step 2771] ADVANCE at time 3.4625 with dt = 0.00125
[Level 3 step 2771] average evolution speed = 18.0354081 code units/h
[Level 3 step 2771] Advanced 4096000 cells
[Level 3 step 2772] ADVANCE at time 3.46375 with dt = 0.00125
[Level 3 step 2772] average evolution speed = 18.03853274 code units/h
[Level 3 step 2772] Advanced 4096000 cells
[Level 1 step 694] ADVANCE at time 3.465 with dt = 0.005
[Level 1 step 694] average evolution speed = 18.04122333 code units/h
[Level 1 step 694] Advanced 4096000 cells
[Level 2 step 1387] ADVANCE at time 3.465 with dt = 0.0025
[Level 2 step 1387] average evolution speed = 18.03786329 code units/h
[Level 2 step 1387] Advanced 4096000 cells
[Level 3 step 2773] ADVANCE at time 3.465 with dt = 0.00125
[Level 3 step 2773] average evolution speed = 18.03449526 code units/h
[Level 3 step 2773] Advanced 4096000 cells
[Level 3 step 2774] ADVANCE at time 3.46625 with dt = 0.00125
[Level 3 step 2774] average evolution speed = 18.0376322 code units/h
[Level 3 step 2774] Advanced 4096000 cells
[Level 2 step 1388] ADVANCE at time 3.4675 with dt = 0.0025
[Level 2 step 1388] average evolution speed = 18.04053541 code units/h
[Level 2 step 1388] Advanced 4096000 cells
[Level 3 step 2775] ADVANCE at time 3.4675 with dt = 0.00125
[Level 3 step 2775] average evolution speed = 18.03717069 code units/h
[Level 3 step 2775] Advanced 4096000 cells
[Level 3 step 2776] ADVANCE at time 3.46875 with dt = 0.00125
[Level 3 step 2776] average evolution speed = 18.04029594 code units/h
[Level 3 step 2776] Advanced 4096000 cells

[STEP 347] Coarse TimeStep time: 1.983542878
[STEP 347] FAB kilobyte spread across MPI nodes: [17299254 ... 17299254]

STEP = 347 TIME = 3.47 DT = 0.01

[Level 0 step 348] ADVANCE at time 3.47 with dt = 0.01
[Level 0 step 348] average evolution speed = 18.04208104 code units/h
[Level 0 step 348] Advanced 2097152 cells
[Level 1 step 695] ADVANCE at time 3.47 with dt = 0.005
[Level 1 step 695] average evolution speed = 18.03979225 code units/h
[Level 1 step 695] Advanced 4096000 cells
[Level 2 step 1389] ADVANCE at time 3.47 with dt = 0.0025
[Level 2 step 1389] average evolution speed = 18.03645276 code units/h
[Level 2 step 1389] Advanced 4096000 cells
[Level 3 step 2777] ADVANCE at time 3.47 with dt = 0.00125
[Level 3 step 2777] average evolution speed = 18.03309998 code units/h
[Level 3 step 2777] Advanced 4096000 cells
[Level 3 step 2778] ADVANCE at time 3.47125 with dt = 0.00125
[Level 3 step 2778] average evolution speed = 18.0362283 code units/h
[Level 3 step 2778] Advanced 4096000 cells
[Level 2 step 1390] ADVANCE at time 3.4725 with dt = 0.0025
[Level 2 step 1390] average evolution speed = 18.03915771 code units/h
[Level 2 step 1390] Advanced 4096000 cells
[Level 3 step 2779] ADVANCE at time 3.4725 with dt = 0.00125
[Level 3 step 2779] average evolution speed = 18.03578346 code units/h
[Level 3 step 2779] Advanced 4096000 cells
[Level 3 step 2780] ADVANCE at time 3.47375 with dt = 0.00125
[Level 3 step 2780] average evolution speed = 18.03892092 code units/h
[Level 3 step 2780] Advanced 4096000 cells
[Level 1 step 696] ADVANCE at time 3.475 with dt = 0.005
[Level 1 step 696] average evolution speed = 18.04166133 code units/h
[Level 1 step 696] Advanced 4096000 cells
[Level 2 step 1391] ADVANCE at time 3.475 with dt = 0.0025
[Level 2 step 1391] average evolution speed = 18.03833243 code units/h
[Level 2 step 1391] Advanced 4096000 cells
[Level 3 step 2781] ADVANCE at time 3.475 with dt = 0.00125
[Level 3 step 2781] average evolution speed = 18.03498792 code units/h
[Level 3 step 2781] Advanced 4096000 cells
[Level 3 step 2782] ADVANCE at time 3.47625 with dt = 0.00125
[Level 3 step 2782] average evolution speed = 18.0381192 code units/h
[Level 3 step 2782] Advanced 4096000 cells
[Level 2 step 1392] ADVANCE at time 3.4775 with dt = 0.0025
[Level 2 step 1392] average evolution speed = 18.0410557 code units/h
[Level 2 step 1392] Advanced 4096000 cells
[Level 3 step 2783] ADVANCE at time 3.4775 with dt = 0.00125
[Level 3 step 2783] average evolution speed = 18.03771358 code units/h
[Level 3 step 2783] Advanced 4096000 cells
[Level 3 step 2784] ADVANCE at time 3.47875 with dt = 0.00125
[Level 3 step 2784] average evolution speed = 18.04084532 code units/h
[Level 3 step 2784] Advanced 4096000 cells

[STEP 348] Coarse TimeStep time: 1.973349224
[STEP 348] FAB kilobyte spread across MPI nodes: [17299254 ... 17299254]

STEP = 348 TIME = 3.48 DT = 0.01

Now regridding at level lbase = 2
grid_places() time: 0.00502938 new finest: 3
TIME = 3.48 : REGRID  with lbase = 2
  Level 3   125 grids  4096000 cells  0.3814697266 % of domain
            smallest grid: 32 x 32 x 32  biggest grid: 32 x 32 x 32

[Level 0 step 349] ADVANCE at time 3.48 with dt = 0.01
[Level 0 step 349] average evolution speed = 18.04246524 code units/h
[Level 0 step 349] Advanced 2097152 cells
[Level 1 step 697] ADVANCE at time 3.48 with dt = 0.005
[Level 1 step 697] average evolution speed = 18.04018273 code units/h
[Level 1 step 697] Advanced 4096000 cells
[Level 2 step 1393] ADVANCE at time 3.48 with dt = 0.0025
[Level 2 step 1393] average evolution speed = 18.03689276 code units/h
[Level 2 step 1393] Advanced 4096000 cells
[Level 3 step 2785] ADVANCE at time 3.48 with dt = 0.00125
[Level 3 step 2785] average evolution speed = 18.03359717 code units/h
[Level 3 step 2785] Advanced 4096000 cells
[Level 3 step 2786] ADVANCE at time 3.48125 with dt = 0.00125
[Level 3 step 2786] average evolution speed = 18.03671796 code units/h
[Level 3 step 2786] Advanced 4096000 cells
[Level 2 step 1394] ADVANCE at time 3.4825 with dt = 0.0025
[Level 2 step 1394] average evolution speed = 18.03964865 code units/h
[Level 2 step 1394] Advanced 4096000 cells
[Level 3 step 2787] ADVANCE at time 3.4825 with dt = 0.00125
[Level 3 step 2787] average evolution speed = 18.03631474 code units/h
[Level 3 step 2787] Advanced 4096000 cells
[Level 3 step 2788] ADVANCE at time 3.48375 with dt = 0.00125
[Level 3 step 2788] average evolution speed = 18.03943802 code units/h
[Level 3 step 2788] Advanced 4096000 cells
[Level 1 step 698] ADVANCE at time 3.485 with dt = 0.005
[Level 1 step 698] average evolution speed = 18.04217043 code units/h
[Level 1 step 698] Advanced 4096000 cells
[Level 2 step 1395] ADVANCE at time 3.485 with dt = 0.0025
[Level 2 step 1395] average evolution speed = 18.03885276 code units/h
[Level 2 step 1395] Advanced 4096000 cells
[Level 3 step 2789] ADVANCE at time 3.485 with dt = 0.00125
[Level 3 step 2789] average evolution speed = 18.03552252 code units/h
[Level 3 step 2789] Advanced 4096000 cells
[Level 3 step 2790] ADVANCE at time 3.48625 with dt = 0.00125
[Level 3 step 2790] average evolution speed = 18.03864376 code units/h
[Level 3 step 2790] Advanced 4096000 cells
[Level 2 step 1396] ADVANCE at time 3.4875 with dt = 0.0025
[Level 2 step 1396] average evolution speed = 18.04001795 code units/h
[Level 2 step 1396] Advanced 4096000 cells
[Level 3 step 2791] ADVANCE at time 3.4875 with dt = 0.00125
[Level 3 step 2791] average evolution speed = 18.03669105 code units/h
[Level 3 step 2791] Advanced 4096000 cells
[Level 3 step 2792] ADVANCE at time 3.48875 with dt = 0.00125
[Level 3 step 2792] average evolution speed = 18.03981632 code units/h
[Level 3 step 2792] Advanced 4096000 cells

[STEP 349] Coarse TimeStep time: 2.035565297
[STEP 349] FAB kilobyte spread across MPI nodes: [17299254 ... 17299254]

STEP = 349 TIME = 3.49 DT = 0.01

[Level 0 step 350] ADVANCE at time 3.49 with dt = 0.01
[Level 0 step 350] average evolution speed = 18.04160716 code units/h
[Level 0 step 350] Advanced 2097152 cells
[Level 1 step 699] ADVANCE at time 3.49 with dt = 0.005
[Level 1 step 699] average evolution speed = 18.03931667 code units/h
[Level 1 step 699] Advanced 4096000 cells
[Level 2 step 1397] ADVANCE at time 3.49 with dt = 0.0025
[Level 2 step 1397] average evolution speed = 18.0359992 code units/h
[Level 2 step 1397] Advanced 4096000 cells
[Level 3 step 2793] ADVANCE at time 3.49 with dt = 0.00125
[Level 3 step 2793] average evolution speed = 18.0326706 code units/h
[Level 3 step 2793] Advanced 4096000 cells
[Level 3 step 2794] ADVANCE at time 3.49125 with dt = 0.00125
[Level 3 step 2794] average evolution speed = 18.03579207 code units/h
[Level 3 step 2794] Advanced 4096000 cells
[Level 2 step 1398] ADVANCE at time 3.4925 with dt = 0.0025
[Level 2 step 1398] average evolution speed = 18.03870946 code units/h
[Level 2 step 1398] Advanced 4096000 cells
[Level 3 step 2795] ADVANCE at time 3.4925 with dt = 0.00125
[Level 3 step 2795] average evolution speed = 18.0353813 code units/h
[Level 3 step 2795] Advanced 4096000 cells
[Level 3 step 2796] ADVANCE at time 3.49375 with dt = 0.00125
[Level 3 step 2796] average evolution speed = 18.03850482 code units/h
[Level 3 step 2796] Advanced 4096000 cells
[Level 1 step 700] ADVANCE at time 3.495 with dt = 0.005
[Level 1 step 700] average evolution speed = 18.04122887 code units/h
[Level 1 step 700] Advanced 4096000 cells
[Level 2 step 1399] ADVANCE at time 3.495 with dt = 0.0025
[Level 2 step 1399] average evolution speed = 18.03791464 code units/h
[Level 2 step 1399] Advanced 4096000 cells
[Level 3 step 2797] ADVANCE at time 3.495 with dt = 0.00125
[Level 3 step 2797] average evolution speed = 18.03458918 code units/h
[Level 3 step 2797] Advanced 4096000 cells
[Level 3 step 2798] ADVANCE at time 3.49625 with dt = 0.00125
[Level 3 step 2798] average evolution speed = 18.03770669 code units/h
[Level 3 step 2798] Advanced 4096000 cells
[Level 2 step 1400] ADVANCE at time 3.4975 with dt = 0.0025
[Level 2 step 1400] average evolution speed = 18.0406244 code units/h
[Level 2 step 1400] Advanced 4096000 cells
[Level 3 step 2799] ADVANCE at time 3.4975 with dt = 0.00125
[Level 3 step 2799] average evolution speed = 18.03730423 code units/h
[Level 3 step 2799] Advanced 4096000 cells
[Level 3 step 2800] ADVANCE at time 3.49875 with dt = 0.00125
[Level 3 step 2800] average evolution speed = 18.04041861 code units/h
[Level 3 step 2800] Advanced 4096000 cells

[STEP 350] Coarse TimeStep time: 1.972529495
[STEP 350] FAB kilobyte spread across MPI nodes: [17299254 ... 17299254]

STEP = 350 TIME = 3.5 DT = 0.01

[Level 0 step 351] ADVANCE at time 3.5 with dt = 0.01
[Level 0 step 351] average evolution speed = 18.04219663 code units/h
