[Level 2 step 11021] ADVANCE at time 27.55 with dt = 0.0025
[Level 2 step 11021] average evolution speed = 16.63078424 code units/h
[Level 2 step 11021] Advanced 4096000 cells
[Level 3 step 22041] ADVANCE at time 27.55 with dt = 0.00125
[Level 3 step 22041] average evolution speed = 16.6304266 code units/h
[Level 3 step 22041] Advanced 4096000 cells
[Level 3 step 22042] ADVANCE at time 27.55125 with dt = 0.00125
[Level 3 step 22042] average evolution speed = 16.63082282 code units/h
[Level 3 step 22042] Advanced 4096000 cells
[Level 2 step 11022] ADVANCE at time 27.5525 with dt = 0.0025
[Level 2 step 11022] average evolution speed = 16.63119846 code units/h
[Level 2 step 11022] Advanced 4096000 cells
[Level 3 step 22043] ADVANCE at time 27.5525 with dt = 0.00125
[Level 3 step 22043] average evolution speed = 16.63084118 code units/h
[Level 3 step 22043] Advanced 4096000 cells
[Level 3 step 22044] ADVANCE at time 27.55375 with dt = 0.00125
[Level 3 step 22044] average evolution speed = 16.63123721 code units/h
[Level 3 step 22044] Advanced 4096000 cells
[Level 1 step 5512] ADVANCE at time 27.555 with dt = 0.005
[Level 1 step 5512] average evolution speed = 16.63159173 code units/h
[Level 1 step 5512] Advanced 4096000 cells
[Level 2 step 11023] ADVANCE at time 27.555 with dt = 0.0025
[Level 2 step 11023] average evolution speed = 16.63122443 code units/h
[Level 2 step 11023] Advanced 4096000 cells
[Level 3 step 22045] ADVANCE at time 27.555 with dt = 0.00125
[Level 3 step 22045] average evolution speed = 16.63086556 code units/h
[Level 3 step 22045] Advanced 4096000 cells
[Level 3 step 22046] ADVANCE at time 27.55625 with dt = 0.00125
[Level 3 step 22046] average evolution speed = 16.63125964 code units/h
[Level 3 step 22046] Advanced 4096000 cells
[Level 2 step 11024] ADVANCE at time 27.5575 with dt = 0.0025
[Level 2 step 11024] average evolution speed = 16.63162937 code units/h
[Level 2 step 11024] Advanced 4096000 cells
[Level 3 step 22047] ADVANCE at time 27.5575 with dt = 0.00125
[Level 3 step 22047] average evolution speed = 16.63127115 code units/h
[Level 3 step 22047] Advanced 4096000 cells
[Level 3 step 22048] ADVANCE at time 27.55875 with dt = 0.00125
[Level 3 step 22048] average evolution speed = 16.63166712 code units/h
[Level 3 step 22048] Advanced 4096000 cells

[STEP 2756] Coarse TimeStep time: 1.975670634
[STEP 2756] FAB kilobyte spread across MPI nodes: [17299254 ... 17299254]

STEP = 2756 TIME = 27.56 DT = 0.01

Now regridding at level lbase = 2
grid_places() time: 0.007136991 new finest: 3
TIME = 27.56 : REGRID  with lbase = 2
  Level 3   125 grids  4096000 cells  0.3814697266 % of domain
            smallest grid: 32 x 32 x 32  biggest grid: 32 x 32 x 32

[Level 0 step 2757] ADVANCE at time 27.56 with dt = 0.01
[Level 0 step 2757] average evolution speed = 16.63187764 code units/h
[Level 0 step 2757] Advanced 2097152 cells
[Level 1 step 5513] ADVANCE at time 27.56 with dt = 0.005
[Level 1 step 5513] average evolution speed = 16.63160949 code units/h
[Level 1 step 5513] Advanced 4096000 cells
[Level 2 step 11025] ADVANCE at time 27.56 with dt = 0.0025
[Level 2 step 11025] average evolution speed = 16.63125536 code units/h
[Level 2 step 11025] Advanced 4096000 cells
[Level 3 step 22049] ADVANCE at time 27.56 with dt = 0.00125
[Level 3 step 22049] average evolution speed = 16.63090013 code units/h
[Level 3 step 22049] Advanced 4096000 cells
[Level 3 step 22050] ADVANCE at time 27.56125 with dt = 0.00125
[Level 3 step 22050] average evolution speed = 16.63129385 code units/h
[Level 3 step 22050] Advanced 4096000 cells
[Level 2 step 11026] ADVANCE at time 27.5625 with dt = 0.0025
[Level 2 step 11026] average evolution speed = 16.63166417 code units/h
[Level 2 step 11026] Advanced 4096000 cells
[Level 3 step 22051] ADVANCE at time 27.5625 with dt = 0.00125
[Level 3 step 22051] average evolution speed = 16.63130581 code units/h
[Level 3 step 22051] Advanced 4096000 cells
[Level 3 step 22052] ADVANCE at time 27.56375 with dt = 0.00125
[Level 3 step 22052] average evolution speed = 16.63170085 code units/h
[Level 3 step 22052] Advanced 4096000 cells
[Level 1 step 5514] ADVANCE at time 27.565 with dt = 0.005
[Level 1 step 5514] average evolution speed = 16.63204491 code units/h
[Level 1 step 5514] Advanced 4096000 cells
[Level 2 step 11027] ADVANCE at time 27.565 with dt = 0.0025
[Level 2 step 11027] average evolution speed = 16.63168833 code units/h
[Level 2 step 11027] Advanced 4096000 cells
[Level 3 step 22053] ADVANCE at time 27.565 with dt = 0.00125
[Level 3 step 22053] average evolution speed = 16.63132987 code units/h
[Level 3 step 22053] Advanced 4096000 cells
[Level 3 step 22054] ADVANCE at time 27.56625 with dt = 0.00125
[Level 3 step 22054] average evolution speed = 16.63172495 code units/h
[Level 3 step 22054] Advanced 4096000 cells
[Level 2 step 11028] ADVANCE at time 27.5675 with dt = 0.0025
[Level 2 step 11028] average evolution speed = 16.63209375 code units/h
[Level 2 step 11028] Advanced 4096000 cells
[Level 3 step 22055] ADVANCE at time 27.5675 with dt = 0.00125
[Level 3 step 22055] average evolution speed = 16.63173556 code units/h
[Level 3 step 22055] Advanced 4096000 cells
[Level 3 step 22056] ADVANCE at time 27.56875 with dt = 0.00125
[Level 3 step 22056] average evolution speed = 16.6321307 code units/h
[Level 3 step 22056] Advanced 4096000 cells

[STEP 2757] Coarse TimeStep time: 2.017789445
[STEP 2757] FAB kilobyte spread across MPI nodes: [17299254 ... 17299254]

STEP = 2757 TIME = 27.57 DT = 0.01

[Level 0 step 2758] ADVANCE at time 27.57 with dt = 0.01
[Level 0 step 2758] average evolution speed = 16.63231238 code units/h
[Level 0 step 2758] Advanced 2097152 cells
[Level 1 step 5515] ADVANCE at time 27.57 with dt = 0.005
[Level 1 step 5515] average evolution speed = 16.63207653 code units/h
[Level 1 step 5515] Advanced 4096000 cells
[Level 2 step 11029] ADVANCE at time 27.57 with dt = 0.0025
[Level 2 step 11029] average evolution speed = 16.63172097 code units/h
[Level 2 step 11029] Advanced 4096000 cells
[Level 3 step 22057] ADVANCE at time 27.57 with dt = 0.00125
[Level 3 step 22057] average evolution speed = 16.63136365 code units/h
[Level 3 step 22057] Advanced 4096000 cells
[Level 3 step 22058] ADVANCE at time 27.57125 with dt = 0.00125
[Level 3 step 22058] average evolution speed = 16.63175906 code units/h
[Level 3 step 22058] Advanced 4096000 cells
[Level 2 step 11030] ADVANCE at time 27.5725 with dt = 0.0025
[Level 2 step 11030] average evolution speed = 16.6321305 code units/h
[Level 2 step 11030] Advanced 4096000 cells
[Level 3 step 22059] ADVANCE at time 27.5725 with dt = 0.00125
[Level 3 step 22059] average evolution speed = 16.63177231 code units/h
[Level 3 step 22059] Advanced 4096000 cells
[Level 3 step 22060] ADVANCE at time 27.57375 with dt = 0.00125
[Level 3 step 22060] average evolution speed = 16.63216742 code units/h
[Level 3 step 22060] Advanced 4096000 cells
[Level 1 step 5516] ADVANCE at time 27.575 with dt = 0.005
[Level 1 step 5516] average evolution speed = 16.6325116 code units/h
[Level 1 step 5516] Advanced 4096000 cells
[Level 2 step 11031] ADVANCE at time 27.575 with dt = 0.0025
[Level 2 step 11031] average evolution speed = 16.63215523 code units/h
[Level 2 step 11031] Advanced 4096000 cells
[Level 3 step 22061] ADVANCE at time 27.575 with dt = 0.00125
[Level 3 step 22061] average evolution speed = 16.63179802 code units/h
[Level 3 step 22061] Advanced 4096000 cells
[Level 3 step 22062] ADVANCE at time 27.57625 with dt = 0.00125
[Level 3 step 22062] average evolution speed = 16.63219299 code units/h
[Level 3 step 22062] Advanced 4096000 cells
[Level 2 step 11032] ADVANCE at time 27.5775 with dt = 0.0025
[Level 2 step 11032] average evolution speed = 16.63256227 code units/h
[Level 2 step 11032] Advanced 4096000 cells
[Level 3 step 22063] ADVANCE at time 27.5775 with dt = 0.00125
[Level 3 step 22063] average evolution speed = 16.63220424 code units/h
[Level 3 step 22063] Advanced 4096000 cells
[Level 3 step 22064] ADVANCE at time 27.57875 with dt = 0.00125
[Level 3 step 22064] average evolution speed = 16.63259921 code units/h
[Level 3 step 22064] Advanced 4096000 cells

[STEP 2758] Coarse TimeStep time: 1.969764164
[STEP 2758] FAB kilobyte spread across MPI nodes: [17299254 ... 17299254]

STEP = 2758 TIME = 27.58 DT = 0.01

[Level 0 step 2759] ADVANCE at time 27.58 with dt = 0.01
[Level 0 step 2759] average evolution speed = 16.63285478 code units/h
[Level 0 step 2759] Advanced 2097152 cells
[Level 1 step 5517] ADVANCE at time 27.58 with dt = 0.005
[Level 1 step 5517] average evolution speed = 16.63261604 code units/h
[Level 1 step 5517] Advanced 4096000 cells
[Level 2 step 11033] ADVANCE at time 27.58 with dt = 0.0025
[Level 2 step 11033] average evolution speed = 16.63226064 code units/h
[Level 2 step 11033] Advanced 4096000 cells
[Level 3 step 22065] ADVANCE at time 27.58 with dt = 0.00125
[Level 3 step 22065] average evolution speed = 16.63190355 code units/h
[Level 3 step 22065] Advanced 4096000 cells
NaN diagnostic: rank=0 level=3 component=1 name=h11
amrex::Abort::0::NaN in GRAMRLevel::post_timestep !!!
SIGABRT
addr2line: 'runs/wormhole_merger/single_eps_p1e2_q1e2_chk_t100/test': No such file
addr2line: 'runs/wormhole_merger/single_eps_p1e2_q1e2_chk_t100/test': No such file
addr2line: 'runs/wormhole_merger/single_eps_p1e2_q1e2_chk_t100/test': No such file
addr2line: 'runs/wormhole_merger/single_eps_p1e2_q1e2_chk_t100/test': No such file
addr2line: 'runs/wormhole_merger/single_eps_p1e2_q1e2_chk_t100/test': No such file
addr2line: 'runs/wormhole_merger/single_eps_p1e2_q1e2_chk_t100/test': No such file
addr2line: 'runs/wormhole_merger/single_eps_p1e2_q1e2_chk_t100/test': No such file
addr2line: 'runs/wormhole_merger/single_eps_p1e2_q1e2_chk_t100/test': No such file
addr2line: 'runs/wormhole_merger/single_eps_p1e2_q1e2_chk_t100/test': No such file
addr2line: 'runs/wormhole_merger/single_eps_p1e2_q1e2_chk_t100/test': No such file
addr2line: 'runs/wormhole_merger/single_eps_p1e2_q1e2_chk_t100/test': No such file
addr2line: 'runs/wormhole_merger/single_eps_p1e2_q1e2_chk_t100/test': No such file
addr2line: 'runs/wormhole_merger/single_eps_p1e2_q1e2_chk_t100/test': No such file
addr2line: 'runs/wormhole_merger/single_eps_p1e2_q1e2_chk_t100/test': No such file
addr2line: 'runs/wormhole_merger/single_eps_p1e2_q1e2_chk_t100/test': No such file
addr2line: 'runs/wormhole_merger/single_eps_p1e2_q1e2_chk_t100/test': No such file
addr2line: 'runs/wormhole_merger/single_eps_p1e2_q1e2_chk_t100/test': No such file
addr2line: 'runs/wormhole_merger/single_eps_p1e2_q1e2_chk_t100/test': No such file
addr2line: 'runs/wormhole_merger/single_eps_p1e2_q1e2_chk_t100/test': No such file
addr2line: 'runs/wormhole_merger/single_eps_p1e2_q1e2_chk_t100/test': No such file
addr2line: 'runs/wormhole_merger/single_eps_p1e2_q1e2_chk_t100/test': No such file
addr2line: 'runs/wormhole_merger/single_eps_p1e2_q1e2_chk_t100/test': No such file
See Backtrace.0 file for details
--------------------------------------------------------------------------
MPI_ABORT was invoked on rank 0 in communicator MPI_COMM_WORLD
  Proc: [[16587,0],0]
  Errorcode: 6

NOTE: invoking MPI_ABORT causes Open MPI to kill all MPI processes.
You may or may not see output from other processes, depending on
exactly when Open MPI kills them.
--------------------------------------------------------------------------
