[Level 3 step 41321] ADVANCE at time 51.65 with dt = 0.00125
[Level 3 step 41321] average evolution speed = 18.04879284 code units/h
[Level 3 step 41321] Advanced 4096000 cells
[Level 3 step 41322] ADVANCE at time 51.65125 with dt = 0.00125
[Level 3 step 41322] average evolution speed = 18.05552426 code units/h
[Level 3 step 41322] Advanced 4096000 cells
[Level 2 step 20662] ADVANCE at time 51.6525 with dt = 0.0025
[Level 2 step 20662] average evolution speed = 18.06183176 code units/h
[Level 2 step 20662] Advanced 4096000 cells
[Level 3 step 41323] ADVANCE at time 51.6525 with dt = 0.00125
[Level 3 step 41323] average evolution speed = 18.05497185 code units/h
[Level 3 step 41323] Advanced 4096000 cells
[Level 3 step 41324] ADVANCE at time 51.65375 with dt = 0.00125
[Level 3 step 41324] average evolution speed = 18.06169248 code units/h
[Level 3 step 41324] Advanced 4096000 cells
[Level 1 step 10332] ADVANCE at time 51.655 with dt = 0.005
[Level 1 step 10332] average evolution speed = 18.06760291 code units/h
[Level 1 step 10332] Advanced 4096000 cells
[Level 2 step 20663] ADVANCE at time 51.655 with dt = 0.0025
[Level 2 step 20663] average evolution speed = 18.06077546 code units/h
[Level 2 step 20663] Advanced 4096000 cells
[Level 3 step 41325] ADVANCE at time 51.655 with dt = 0.00125
[Level 3 step 41325] average evolution speed = 18.05393578 code units/h
[Level 3 step 41325] Advanced 4096000 cells
[Level 3 step 41326] ADVANCE at time 51.65625 with dt = 0.00125
[Level 3 step 41326] average evolution speed = 18.06066479 code units/h
[Level 3 step 41326] Advanced 4096000 cells
[Level 2 step 20664] ADVANCE at time 51.6575 with dt = 0.0025
[Level 2 step 20664] average evolution speed = 18.06699412 code units/h
[Level 2 step 20664] Advanced 4096000 cells
[Level 3 step 41327] ADVANCE at time 51.6575 with dt = 0.00125
[Level 3 step 41327] average evolution speed = 18.06016876 code units/h
[Level 3 step 41327] Advanced 4096000 cells
[Level 3 step 41328] ADVANCE at time 51.65875 with dt = 0.00125
[Level 3 step 41328] average evolution speed = 18.0668849 code units/h
[Level 3 step 41328] Advanced 4096000 cells

[STEP 5166] Coarse TimeStep time: 1.924998963
[STEP 5166] FAB kilobyte spread across MPI nodes: [29446378 ... 29446378]

STEP = 5166 TIME = 51.66 DT = 0.01

[Level 0 step 5167] ADVANCE at time 51.66 with dt = 0.01
[Level 0 step 5167] average evolution speed = 18.07086291 code units/h
[Level 0 step 5167] Advanced 2097152 cells
[Level 1 step 10333] ADVANCE at time 51.66 with dt = 0.005
[Level 1 step 10333] average evolution speed = 18.0665178 code units/h
[Level 1 step 10333] Advanced 4096000 cells
[Level 2 step 20665] ADVANCE at time 51.66 with dt = 0.0025
[Level 2 step 20665] average evolution speed = 18.05971733 code units/h
[Level 2 step 20665] Advanced 4096000 cells
[Level 3 step 41329] ADVANCE at time 51.66 with dt = 0.00125
[Level 3 step 41329] average evolution speed = 18.05290172 code units/h
[Level 3 step 41329] Advanced 4096000 cells
[Level 3 step 41330] ADVANCE at time 51.66125 with dt = 0.00125
[Level 3 step 41330] average evolution speed = 18.05960836 code units/h
[Level 3 step 41330] Advanced 4096000 cells
[Level 2 step 20666] ADVANCE at time 51.6625 with dt = 0.0025
[Level 2 step 20666] average evolution speed = 18.06592893 code units/h
[Level 2 step 20666] Advanced 4096000 cells
[Level 3 step 41331] ADVANCE at time 51.6625 with dt = 0.00125
[Level 3 step 41331] average evolution speed = 18.05912806 code units/h
[Level 3 step 41331] Advanced 4096000 cells
[Level 3 step 41332] ADVANCE at time 51.66375 with dt = 0.00125
[Level 3 step 41332] average evolution speed = 18.06582794 code units/h
[Level 3 step 41332] Advanced 4096000 cells
[Level 1 step 10334] ADVANCE at time 51.665 with dt = 0.005
[Level 1 step 10334] average evolution speed = 18.07170766 code units/h
[Level 1 step 10334] Advanced 4096000 cells
[Level 2 step 20667] ADVANCE at time 51.665 with dt = 0.0025
[Level 2 step 20667] average evolution speed = 18.06491759 code units/h
[Level 2 step 20667] Advanced 4096000 cells
[Level 3 step 41333] ADVANCE at time 51.665 with dt = 0.00125
[Level 3 step 41333] average evolution speed = 18.05810984 code units/h
[Level 3 step 41333] Advanced 4096000 cells
[Level 3 step 41334] ADVANCE at time 51.66625 with dt = 0.00125
[Level 3 step 41334] average evolution speed = 18.0648005 code units/h
[Level 3 step 41334] Advanced 4096000 cells
[Level 2 step 20668] ADVANCE at time 51.6675 with dt = 0.0025
[Level 2 step 20668] average evolution speed = 18.07110563 code units/h
[Level 2 step 20668] Advanced 4096000 cells
[Level 3 step 41335] ADVANCE at time 51.6675 with dt = 0.00125
[Level 3 step 41335] average evolution speed = 18.06431914 code units/h
[Level 3 step 41335] Advanced 4096000 cells
[Level 3 step 41336] ADVANCE at time 51.66875 with dt = 0.00125
[Level 3 step 41336] average evolution speed = 18.0709923 code units/h
[Level 3 step 41336] Advanced 4096000 cells

[STEP 5167] Coarse TimeStep time: 1.917060862
[STEP 5167] FAB kilobyte spread across MPI nodes: [29446378 ... 29446378]

STEP = 5167 TIME = 51.67 DT = 0.01

[Level 0 step 5168] ADVANCE at time 51.67 with dt = 0.01
[Level 0 step 5168] average evolution speed = 18.07494177 code units/h
[Level 0 step 5168] Advanced 2097152 cells
[Level 1 step 10335] ADVANCE at time 51.67 with dt = 0.005
[Level 1 step 10335] average evolution speed = 18.07062402 code units/h
[Level 1 step 10335] Advanced 4096000 cells
[Level 2 step 20669] ADVANCE at time 51.67 with dt = 0.0025
[Level 2 step 20669] average evolution speed = 18.06386718 code units/h
[Level 2 step 20669] Advanced 4096000 cells
[Level 3 step 41337] ADVANCE at time 51.67 with dt = 0.00125
[Level 3 step 41337] average evolution speed = 18.05708481 code units/h
[Level 3 step 41337] Advanced 4096000 cells
[Level 3 step 41338] ADVANCE at time 51.67125 with dt = 0.00125
[Level 3 step 41338] average evolution speed = 18.06375971 code units/h
[Level 3 step 41338] Advanced 4096000 cells
[Level 2 step 20670] ADVANCE at time 51.6725 with dt = 0.0025
[Level 2 step 20670] average evolution speed = 18.07004087 code units/h
[Level 2 step 20670] Advanced 4096000 cells
[Level 3 step 41339] ADVANCE at time 51.6725 with dt = 0.00125
[Level 3 step 41339] average evolution speed = 18.06328067 code units/h
[Level 3 step 41339] Advanced 4096000 cells
[Level 3 step 41340] ADVANCE at time 51.67375 with dt = 0.00125
[Level 3 step 41340] average evolution speed = 18.06993702 code units/h
[Level 3 step 41340] Advanced 4096000 cells
[Level 1 step 10336] ADVANCE at time 51.675 with dt = 0.005
[Level 1 step 10336] average evolution speed = 18.07579397 code units/h
[Level 1 step 10336] Advanced 4096000 cells
[Level 2 step 20671] ADVANCE at time 51.675 with dt = 0.0025
[Level 2 step 20671] average evolution speed = 18.06904317 code units/h
[Level 2 step 20671] Advanced 4096000 cells
[Level 3 step 41341] ADVANCE at time 51.675 with dt = 0.00125
[Level 3 step 41341] average evolution speed = 18.06228221 code units/h
[Level 3 step 41341] Advanced 4096000 cells
[Level 3 step 41342] ADVANCE at time 51.67625 with dt = 0.00125
[Level 3 step 41342] average evolution speed = 18.0689315 code units/h
[Level 3 step 41342] Advanced 4096000 cells
[Level 2 step 20672] ADVANCE at time 51.6775 with dt = 0.0025
[Level 2 step 20672] average evolution speed = 18.07519631 code units/h
[Level 2 step 20672] Advanced 4096000 cells
[Level 3 step 41343] ADVANCE at time 51.6775 with dt = 0.00125
[Level 3 step 41343] average evolution speed = 18.0684419 code units/h
[Level 3 step 41343] Advanced 4096000 cells
[Level 3 step 41344] ADVANCE at time 51.67875 with dt = 0.00125
[Level 3 step 41344] average evolution speed = 18.07507662 code units/h
[Level 3 step 41344] Advanced 4096000 cells

[STEP 5168] Coarse TimeStep time: 1.917054165
[STEP 5168] FAB kilobyte spread across MPI nodes: [29446378 ... 29446378]

STEP = 5168 TIME = 51.68 DT = 0.01

Now regridding at level lbase = 0
grid_places() time: 0.01269165 new finest: 3
STEP = 5168 TIME = 51.68 : REGRID  with lbase = 0
  Level 1   125 grids  4096000 cells  24.4140625 % of domain
            smallest grid: 32 x 32 x 32  biggest grid: 32 x 32 x 32
  Level 2   125 grids  4096000 cells  3.051757812 % of domain
            smallest grid: 32 x 32 x 32  biggest grid: 32 x 32 x 32
  Level 3   125 grids  4096000 cells  0.3814697266 % of domain
            smallest grid: 32 x 32 x 32  biggest grid: 32 x 32 x 32

[Level 0 step 5169] ADVANCE at time 51.68 with dt = 0.01
[Level 0 step 5169] average evolution speed = 18.07796684 code units/h
[Level 0 step 5169] Advanced 2097152 cells
[Level 1 step 10337] ADVANCE at time 51.68 with dt = 0.005
[Level 1 step 10337] average evolution speed = 18.07362348 code units/h
[Level 1 step 10337] Advanced 4096000 cells
[Level 2 step 20673] ADVANCE at time 51.68 with dt = 0.0025
[Level 2 step 20673] average evolution speed = 18.06688718 code units/h
[Level 2 step 20673] Advanced 4096000 cells
[Level 3 step 41345] ADVANCE at time 51.68 with dt = 0.00125
[Level 3 step 41345] average evolution speed = 18.06010275 code units/h
[Level 3 step 41345] Advanced 4096000 cells
[Level 3 step 41346] ADVANCE at time 51.68125 with dt = 0.00125
[Level 3 step 41346] average evolution speed = 18.06672479 code units/h
[Level 3 step 41346] Advanced 4096000 cells
[Level 2 step 20674] ADVANCE at time 51.6825 with dt = 0.0025
[Level 2 step 20674] average evolution speed = 18.07296243 code units/h
[Level 2 step 20674] Advanced 4096000 cells
[Level 3 step 41347] ADVANCE at time 51.6825 with dt = 0.00125
[Level 3 step 41347] average evolution speed = 18.06622309 code units/h
[Level 3 step 41347] Advanced 4096000 cells
[Level 3 step 41348] ADVANCE at time 51.68375 with dt = 0.00125
[Level 3 step 41348] average evolution speed = 18.07284774 code units/h
[Level 3 step 41348] Advanced 4096000 cells
[Level 1 step 10338] ADVANCE at time 51.685 with dt = 0.005
[Level 1 step 10338] average evolution speed = 18.07866825 code units/h
[Level 1 step 10338] Advanced 4096000 cells
[Level 2 step 20675] ADVANCE at time 51.685 with dt = 0.0025
[Level 2 step 20675] average evolution speed = 18.07193153 code units/h
[Level 2 step 20675] Advanced 4096000 cells
[Level 3 step 41349] ADVANCE at time 51.685 with dt = 0.00125
[Level 3 step 41349] average evolution speed = 18.06518752 code units/h
[Level 3 step 41349] Advanced 4096000 cells
NaN diagnostic: rank=0 level=3 component=7 name=K
amrex::Abort::0::NaN in GRAMRLevel::post_timestep !!!
SIGABRT
See Backtrace.0 file for details
--------------------------------------------------------------------------
MPI_ABORT was invoked on rank 0 in communicator MPI_COMM_WORLD
  Proc: [[52423,0],0]
  Errorcode: 6

NOTE: invoking MPI_ABORT causes Open MPI to kill all MPI processes.
You may or may not see output from other processes, depending on
exactly when Open MPI kills them.
--------------------------------------------------------------------------
