[Level 5 step 289597] average evolution speed = 4.032271837 code units/h
[Level 5 step 289597] Advanced 4096000 cells
[Level 5 step 289598] ADVANCE at time 90.4990625 with dt = 0.0003125
[Level 5 step 289598] average evolution speed = 4.03362873 code units/h
[Level 5 step 289598] Advanced 4096000 cells
[Level 4 step 144800] ADVANCE at time 90.499375 with dt = 0.000625
[Level 4 step 144800] average evolution speed = 4.034916688 code units/h
[Level 4 step 144800] Advanced 4096000 cells
[Level 5 step 289599] ADVANCE at time 90.499375 with dt = 0.0003125
[Level 5 step 289599] average evolution speed = 4.033767844 code units/h
[Level 5 step 289599] Advanced 4096000 cells
[Level 5 step 289600] ADVANCE at time 90.4996875 with dt = 0.0003125
[Level 5 step 289600] average evolution speed = 4.035123326 code units/h
[Level 5 step 289600] Advanced 4096000 cells

[STEP 9050] Coarse TimeStep time: 8.403488711
[STEP 9050] FAB kilobyte spread across MPI nodes: [44840766 ... 44840766]

STEP = 9050 TIME = 90.5 DT = 0.01

PLOTFILE: file = /tmp/grteclyn_scratch/m9b_weyltest_r09000/BinaryWormholePlt09050
Write plotfile time = 2.305158742  seconds

Now regridding at level lbase = 3
grid_places() time: 0.010705202 new finest: 5
TIME = 90.5 : REGRID  with lbase = 3
  Level 4   125 grids  4096000 cells  0.04768371582 % of domain
            smallest grid: 32 x 32 x 32  biggest grid: 32 x 32 x 32
  Level 5   125 grids  4096000 cells  0.005960464478 % of domain
            smallest grid: 32 x 32 x 32  biggest grid: 32 x 32 x 32

[Level 0 step 9051] ADVANCE at time 90.5 with dt = 0.01
[Level 0 step 9051] average evolution speed = 4.013822402 code units/h
[Level 0 step 9051] Advanced 2097152 cells
[Level 1 step 18101] ADVANCE at time 90.5 with dt = 0.005
[Level 1 step 18101] average evolution speed = 4.013100936 code units/h
[Level 1 step 18101] Advanced 4096000 cells
[Level 2 step 36201] ADVANCE at time 90.5 with dt = 0.0025
[Level 2 step 36201] average evolution speed = 4.011974292 code units/h
[Level 2 step 36201] Advanced 4096000 cells
[Level 3 step 72401] ADVANCE at time 90.5 with dt = 0.00125
[Level 3 step 72401] average evolution speed = 4.01084611 code units/h
[Level 3 step 72401] Advanced 4096000 cells
[Level 4 step 144801] ADVANCE at time 90.5 with dt = 0.000625
[Level 4 step 144801] average evolution speed = 4.009714516 code units/h
[Level 4 step 144801] Advanced 4096000 cells
[Level 5 step 289601] ADVANCE at time 90.5 with dt = 0.0003125
[Level 5 step 289601] average evolution speed = 4.008578503 code units/h
[Level 5 step 289601] Advanced 4096000 cells
[Level 5 step 289602] ADVANCE at time 90.5003125 with dt = 0.0003125
[Level 5 step 289602] average evolution speed = 4.009924881 code units/h
[Level 5 step 289602] Advanced 4096000 cells
[Level 4 step 144802] ADVANCE at time 90.500625 with dt = 0.000625
[Level 4 step 144802] average evolution speed = 4.011211368 code units/h
[Level 4 step 144802] Advanced 4096000 cells
[Level 5 step 289603] ADVANCE at time 90.500625 with dt = 0.0003125
[Level 5 step 289603] average evolution speed = 4.010085042 code units/h
[Level 5 step 289603] Advanced 4096000 cells
[Level 5 step 289604] ADVANCE at time 90.5009375 with dt = 0.0003125
[Level 5 step 289604] average evolution speed = 4.011436272 code units/h
[Level 5 step 289604] Advanced 4096000 cells
[Level 3 step 72402] ADVANCE at time 90.50125 with dt = 0.00125
[Level 3 step 72402] average evolution speed = 4.012653309 code units/h
[Level 3 step 72402] Advanced 4096000 cells
[Level 4 step 144803] ADVANCE at time 90.50125 with dt = 0.000625
[Level 4 step 144803] average evolution speed = 4.011529397 code units/h
[Level 4 step 144803] Advanced 4096000 cells
[Level 5 step 289605] ADVANCE at time 90.50125 with dt = 0.0003125
[Level 5 step 289605] average evolution speed = 4.010400487 code units/h
[Level 5 step 289605] Advanced 4096000 cells
[Level 5 step 289606] ADVANCE at time 90.5015625 with dt = 0.0003125
[Level 5 step 289606] average evolution speed = 4.011750737 code units/h
[Level 5 step 289606] Advanced 4096000 cells
[Level 4 step 144804] ADVANCE at time 90.501875 with dt = 0.000625
[Level 4 step 144804] average evolution speed = 4.013035835 code units/h
[Level 4 step 144804] Advanced 4096000 cells
[Level 5 step 289607] ADVANCE at time 90.501875 with dt = 0.0003125
[Level 5 step 289607] average evolution speed = 4.011911478 code units/h
[Level 5 step 289607] Advanced 4096000 cells
[Level 5 step 289608] ADVANCE at time 90.5021875 with dt = 0.0003125
[Level 5 step 289608] average evolution speed = 4.013261012 code units/h
[Level 5 step 289608] Advanced 4096000 cells
[Level 2 step 36202] ADVANCE at time 90.5025 with dt = 0.0025
[Level 2 step 36202] average evolution speed = 4.014408379 code units/h
[Level 2 step 36202] Advanced 4096000 cells
[Level 3 step 72403] ADVANCE at time 90.5025 with dt = 0.00125
[Level 3 step 72403] average evolution speed = 4.013290767 code units/h
[Level 3 step 72403] Advanced 4096000 cells
[Level 4 step 144805] ADVANCE at time 90.5025 with dt = 0.000625
[Level 4 step 144805] average evolution speed = 4.012166783 code units/h
[Level 4 step 144805] Advanced 4096000 cells
[Level 5 step 289609] ADVANCE at time 90.5025 with dt = 0.0003125
[Level 5 step 289609] average evolution speed = 4.011040218 code units/h
[Level 5 step 289609] Advanced 4096000 cells
[Level 5 step 289610] ADVANCE at time 90.5028125 with dt = 0.0003125
[Level 5 step 289610] average evolution speed = 4.012387398 code units/h
[Level 5 step 289610] Advanced 4096000 cells
[Level 4 step 144806] ADVANCE at time 90.503125 with dt = 0.000625
[Level 4 step 144806] average evolution speed = 4.013669641 code units/h
[Level 4 step 144806] Advanced 4096000 cells
[Level 5 step 289611] ADVANCE at time 90.503125 with dt = 0.0003125
[Level 5 step 289611] average evolution speed = 4.012547429 code units/h
[Level 5 step 289611] Advanced 4096000 cells
[Level 5 step 289612] ADVANCE at time 90.5034375 with dt = 0.0003125
[Level 5 step 289612] average evolution speed = 4.01389287 code units/h
[Level 5 step 289612] Advanced 4096000 cells
[Level 3 step 72404] ADVANCE at time 90.50375 with dt = 0.00125
[Level 3 step 72404] average evolution speed = 4.015104141 code units/h
[Level 3 step 72404] Advanced 4096000 cells
[Level 4 step 144807] ADVANCE at time 90.50375 with dt = 0.000625
[Level 4 step 144807] average evolution speed = 4.013983745 code units/h
[Level 4 step 144807] Advanced 4096000 cells
[Level 5 step 289613] ADVANCE at time 90.50375 with dt = 0.0003125
[Level 5 step 289613] average evolution speed = 4.012859991 code units/h
[Level 5 step 289613] Advanced 4096000 cells
[Level 5 step 289614] ADVANCE at time 90.5040625 with dt = 0.0003125
[Level 5 step 289614] average evolution speed = 4.014204472 code units/h
[Level 5 step 289614] Advanced 4096000 cells
[Level 4 step 144808] ADVANCE at time 90.504375 with dt = 0.000625
[Level 4 step 144808] average evolution speed = 4.015482452 code units/h
[Level 4 step 144808] Advanced 4096000 cells
[Level 5 step 289615] ADVANCE at time 90.504375 with dt = 0.0003125
[Level 5 step 289615] average evolution speed = 4.014361994 code units/h
[Level 5 step 289615] Advanced 4096000 cells
[Level 5 step 289616] ADVANCE at time 90.5046875 with dt = 0.0003125
[Level 5 step 289616] average evolution speed = 4.015704253 code units/h
[Level 5 step 289616] Advanced 4096000 cells
[Level 1 step 18102] ADVANCE at time 90.505 with dt = 0.005
[Level 1 step 18102] average evolution speed = 4.016777727 code units/h
[Level 1 step 18102] Advanced 4096000 cells
[Level 2 step 36203] ADVANCE at time 90.505 with dt = 0.0025
[Level 2 step 36203] average evolution speed = 4.015663809 code units/h
[Level 2 step 36203] Advanced 4096000 cells
[Level 3 step 72405] ADVANCE at time 90.505 with dt = 0.00125
[Level 3 step 72405] average evolution speed = 4.014548401 code units/h
[Level 3 step 72405] Advanced 4096000 cells
[Level 4 step 144809] ADVANCE at time 90.505 with dt = 0.000625
[Level 4 step 144809] average evolution speed = 4.013429612 code units/h
[Level 4 step 144809] Advanced 4096000 cells
[Level 5 step 289617] ADVANCE at time 90.505 with dt = 0.0003125
[Level 5 step 289617] average evolution speed = 4.012306988 code units/h
[Level 5 step 289617] Advanced 4096000 cells
[Level 5 step 289618] ADVANCE at time 90.5053125 with dt = 0.0003125
[Level 5 step 289618] average evolution speed = 4.013645774 code units/h
[Level 5 step 289618] Advanced 4096000 cells
[Level 4 step 144810] ADVANCE at time 90.505625 with dt = 0.000625
[Level 4 step 144810] average evolution speed = 4.014918178 code units/h
[Level 4 step 144810] Advanced 4096000 cells
[Level 5 step 289619] ADVANCE at time 90.505625 with dt = 0.0003125
[Level 5 step 289619] average evolution speed = 4.013800153 code units/h
[Level 5 step 289619] Advanced 4096000 cells
[Level 5 step 289620] ADVANCE at time 90.5059375 with dt = 0.0003125
[Level 5 step 289620] average evolution speed = 4.015137935 code units/h
[Level 5 step 289620] Advanced 4096000 cells
[Level 3 step 72406] ADVANCE at time 90.50625 with dt = 0.00125
[Level 3 step 72406] average evolution speed = 4.016341417 code units/h
[Level 3 step 72406] Advanced 4096000 cells
[Level 4 step 144811] ADVANCE at time 90.50625 with dt = 0.000625
[Level 4 step 144811] average evolution speed = 4.015226752 code units/h
[Level 4 step 144811] Advanced 4096000 cells
[Level 5 step 289621] ADVANCE at time 90.50625 with dt = 0.0003125
[Level 5 step 289621] average evolution speed = 4.014106526 code units/h
[Level 5 step 289621] Advanced 4096000 cells
[Level 5 step 289622] ADVANCE at time 90.5065625 with dt = 0.0003125
[Level 5 step 289622] average evolution speed = 4.015442872 code units/h
[Level 5 step 289622] Advanced 4096000 cells
[Level 4 step 144812] ADVANCE at time 90.506875 with dt = 0.000625
[Level 4 step 144812] average evolution speed = 4.016714512 code units/h
[Level 4 step 144812] Advanced 4096000 cells
[Level 5 step 289623] ADVANCE at time 90.506875 with dt = 0.0003125
[Level 5 step 289623] average evolution speed = 4.015598458 code units/h
[Level 5 step 289623] Advanced 4096000 cells
[Level 5 step 289624] ADVANCE at time 90.5071875 with dt = 0.0003125
[Level 5 step 289624] average evolution speed = 4.016933343 code units/h
[Level 5 step 289624] Advanced 4096000 cells
[Level 2 step 36204] ADVANCE at time 90.5075 with dt = 0.0025
[Level 2 step 36204] average evolution speed = 4.018069062 code units/h
[Level 2 step 36204] Advanced 4096000 cells
[Level 3 step 72407] ADVANCE at time 90.5075 with dt = 0.00125
[Level 3 step 72407] average evolution speed = 4.016960202 code units/h
[Level 3 step 72407] Advanced 4096000 cells
[Level 4 step 144813] ADVANCE at time 90.5075 with dt = 0.000625
[Level 4 step 144813] average evolution speed = 4.015846193 code units/h
[Level 4 step 144813] Advanced 4096000 cells
[Level 5 step 289625] ADVANCE at time 90.5075 with dt = 0.0003125
[Level 5 step 289625] average evolution speed = 4.014729085 code units/h
[Level 5 step 289625] Advanced 4096000 cells
NaN diagnostic: rank=0 level=5 component=1 name=h11
amrex::Abort::0::NaN in GRAMRLevel::post_timestep !!!
SIGABRT
See Backtrace.0 file for details
--------------------------------------------------------------------------
MPI_ABORT was invoked on rank 0 in communicator MPI_COMM_WORLD
  Proc: [[2784,0],0]
  Errorcode: 6

NOTE: invoking MPI_ABORT causes Open MPI to kill all MPI processes.
You may or may not see output from other processes, depending on
exactly when Open MPI kills them.
--------------------------------------------------------------------------
