Initializing AMReX (26.02-12-gd7da50458966)...
MPI initialized with 1 MPI processes
MPI initialized with thread support level 0
Initializing CUDA...
CUDA initialized with 1 device.
AMReX (26.02-12-gd7da50458966) initialized
GRTeclyn (5f988dbc) initialized
Parameter: verbosity not found in parameter file. It has been set to its default value = 0.
Parameter: num_ghosts not found in parameter file. It has been set to its default value = 3.
Parameter: tag_buffer_size not found in parameter file. It has been set to its default value = 3.
Parameter: grid_buffer_size not found in parameter file. It has been set to its default value = 8.
Parameter: fill_ratio not found in parameter file. It has been set to its default value = 0.7.
Using single regrid threshold.
Parameter: checkpoint_keep not found in parameter file. It has been set to its default value = 0.
Parameter: lapse_shock_kappa not found in parameter file. It has been set to its default value = 0.
Parameter: extraction_center not found in parameter file. It has been set to its default value = 32 32 32.
Parameter: wormhole_lapse_core_fraction not found in parameter file. It has been set to its default value = 0.3.
Parameter: wormhole_lapse_core_power not found in parameter file. It has been set to its default value = 8.
Parameter: wormhole_boost_velocity_A not found in parameter file. It has been set to its default value = 0 0 0.
Parameter: wormhole_boost_velocity_B not found in parameter file. It has been set to its default value = -0 -0 -0.
Parameter: wormhole_seed_amplitude_A not found in parameter file. It has been set to its default value = 0.
Parameter: wormhole_seed_amplitude_B not found in parameter file. It has been set to its default value = 0.
Parameter: wormhole_seed_width_A not found in parameter file. It has been set to its default value = 0.
Parameter: wormhole_seed_width_B not found in parameter file. It has been set to its default value = 0.
Parameter: wormhole_seed_l2_amplitude_A not found in parameter file. It has been set to its default value = 0.
Parameter: wormhole_seed_l2_amplitude_B not found in parameter file. It has been set to its default value = 0.
Parameter: wormhole_helfer_width not found in parameter file. It has been set to its default value = 0.
Parameter: wormhole_helfer_power not found in parameter file. It has been set to its default value = 2.
Parameter: constraint_solve_puncture_coefficient_A not found in parameter file. It has been set to its default value = 0.
Parameter: constraint_solve_puncture_coefficient_B not found in parameter file. It has been set to its default value = 0.
Parameter: constraint_solve_match_charge not found in parameter file. It has been set to its default value = 1.
Parameter: constraint_solve_match_tolerance not found in parameter file. It has been set to its default value = 1e-06.
Parameter: constraint_solve_match_max_iter not found in parameter file. It has been set to its default value = 10.
Parameter: constraint_solve_tolerance not found in parameter file. It has been set to its default value = 1e-10.
Parameter: constraint_solve_tolerance_abs not found in parameter file. It has been set to its default value = 0.
Parameter: constraint_solve_max_iter not found in parameter file. It has been set to its default value = 200.
Parameter: constraint_solve_max_newton not found in parameter file. It has been set to its default value = 30.
Parameter: constraint_solve_newton_tolerance not found in parameter file. It has been set to its default value = 1e-10.
Parameter: recipe_initial_data_file not found in parameter file. It has been set to its default value = .
Parameter: binary_diag_min_radius not found in parameter file. It has been set to its default value = 2.
Parameter: binary_diag_collapsed_lapse not found in parameter file. It has been set to its default value = 1e-06.
Parameter: binary_diag_collapsed_min_radius not found in parameter file. It has been set to its default value = 0.5.
Parameter: core_radial_profile not found in parameter file. It has been set to its default value = 0.
Parameter: core_profile_r_max not found in parameter file. It has been set to its default value = 2.
Parameter: core_profile_dr not found in parameter file. It has been set to its default value = 0.03125.
Parameter: core_profile_interval not found in parameter file. It has been set to its default value = 1.
Parameter: core_damping_lapse_start not found in parameter file. It has been set to its default value = 0.03.
Parameter: core_damping_lapse_full not found in parameter file. It has been set to its default value = 0.001.
Parameter: core_damping_tau not found in parameter file. It has been set to its default value = 0.25.
Parameter: core_damping_radius_start not found in parameter file. It has been set to its default value = 0.
Parameter: core_damping_radius_full not found in parameter file. It has been set to its default value = 0.
Parameter: core_damping_radius_from_time not found in parameter file. It has been set to its default value = 0.
Parameter: core_lapse_freeze not found in parameter file. It has been set to its default value = 0.
Parameter: core_freeze_radius_start not found in parameter file. It has been set to its default value = 0.
Parameter: core_freeze_radius_full not found in parameter file. It has been set to its default value = 0.
Parameter: core_freeze_from_time not found in parameter file. It has been set to its default value = 0.
Parameter: core_freeze_shift not found in parameter file. It has been set to its default value = 0.
Parameter: core_freeze_fill not found in parameter file. It has been set to its default value = 0.
Parameter: core_fill_radius_start not found in parameter file. It has been set to its default value = 0.
Parameter: core_fill_radius_full not found in parameter file. It has been set to its default value = 0.
Parameter: core_fill_from_time not found in parameter file. It has been set to its default value = 0.
Parameter: sponge_center not found in parameter file. It has been set to its default value = 32 32 32.
Parameter: tagging_center not found in parameter file. It has been set to its default value = 32 32 32.
Parameter: tagging_phi_weight not found in parameter file. It has been set to its default value = 0.
Parameter: tagging_K_weight not found in parameter file. It has been set to its default value = 0.
Parameter: rescale_det_h not found in parameter file. It has been set to its default value = 0.
Parameter: tagging_type = 2 warning: selects a geometric tagger (fixed or moving boxes), so regrid_threshold is ignored: refinement no longer responds to the solution at all.  Set tagging_L to control the boxes.!
Parameter: wormhole_support_ramp_start not found in parameter file. It has been set to its default value = -1.
Parameter: wormhole_support_ramp_duration not found in parameter file. It has been set to its default value = 5.
Parameter: wormhole_support_causal_speed not found in parameter file. It has been set to its default value = 0.
Parameter: wormhole_metric_type not found in parameter file. It has been set to its default value = 1.
Constraint solve: Newton 1, MLMG final residual 1.61712664e-11, max |w_new - w_old| = 0.001078571303
Constraint solve, far-side matching: start c = 2.171011872 2.171011872, max |M_far/M_iso - 1| = 2.102318152e-05
Constraint solve: Newton 1, MLMG final residual 3.00135499e-12, max |w_new - w_old| = 0.001634594478
Constraint solve: Newton 1, MLMG final residual 1.190978363e-11, max |w_new - w_old| = 0.001573476912
Constraint solve: Newton 1, MLMG final residual 3.181385455e-12, max |w_new - w_old| = 0.001701608647
Constraint solve, far-side matching: pass 1, c = 2.17092528 2.17092528, max |M_far/M_iso - 1| = 2.971760615e-10
Constraint solve (Hamiltonian, t = 0): 1 Newton pass(es), last update 0.001701608647; far-side matching (mass and charge): 1 pass(es), 4 solves, max |M_far/M_iso - 1| = 2.971760615e-10
  puncture coefficient A 2.17092528 (superposed 2.170836926), B 2.17092528 (superposed 2.170836926)
  max |w| per level: 0.0009951555333 0.001066413182 0.001110074883 0.001130896311
  M_ADM ~ 1.959791619 + 2 x -0.002053140349 = 1.955685338  (background mass + twice <r w> on the level-0 boundary; biased low by the Robin face)
  mouth A: c 2.17092528, coordinate scale 0.9797191006 (a 1.959438201, m 0.9797191006); d = -1.107424076 + w0 -0.000508431405 (level 3, r < 0.4898595503, 2008 cells)
    far-side mass -4.81047738 (0.9999999997 x the isolated -4.810477381), far-side charge 3.034367982 (1 x 3.034367982); one-body drainhole a 2.000000001, m 1
  mouth B: c 2.17092528, coordinate scale 0.9797191006 (a 1.959438201, m 0.9797191006); d = -1.107424076 + w0 -0.000508431405 (level 3, r < 0.4898595503, 2008 cells)
    far-side mass -4.81047738 (0.9999999997 x the isolated -4.810477381), far-side charge 3.034367982 (1 x 3.034367982); one-body drainhole a 2.000000001, m 1
  M_ADM = 2.084391554 (volume identity; tail 0.7102270482); one-body masses 2.000000001, M_ADM - their sum = 0.08439155371
[Level 0 step 1] average evolution speed = 0 code units/h
[Level 1 step 1] average evolution speed = 0 code units/h
[Level 2 step 1] average evolution speed = 0 code units/h
[Level 3 step 1] average evolution speed = 0 code units/h
[Level 3 step 2] average evolution speed = 3.565568901 code units/h
[Level 2 step 2] average evolution speed = 5.622628727 code units/h
[Level 3 step 3] average evolution speed = 4.888040728 code units/h
[Level 3 step 4] average evolution speed = 6.435744973 code units/h
[Level 1 step 2] average evolution speed = 7.544729308 code units/h
[Level 2 step 3] average evolution speed = 6.91455828 code units/h
[Level 3 step 5] average evolution speed = 6.324203998 code units/h
[Level 3 step 6] average evolution speed = 7.250034563 code units/h
[Level 2 step 4] average evolution speed = 8.001790049 code units/h
[Level 3 step 7] average evolution speed = 7.469729246 code units/h
[Level 3 step 8] average evolution speed = 8.137214028 code units/h
Unused ParmParse Variables:
  [TOP]::hdf5_subpath(nvals = 1)  :: [hdf5]
  [TOP]::nonzero_asymptotic_values(nvals = 5)  :: [1.0, 1.0, 1.0, 1.0, 1.0]
  [TOP]::nonzero_asymptotic_vars(nvals = 5)  :: [chi, h11, h22, h33, lapse]
  [TOP]::write_extraction(nvals = 1)  :: [0]

Total GPU global memory (MB) spread across MPI: [81079 ... 81079]
Free  GPU global memory (MB) spread across MPI: [46210 ... 46210]
[The         Arena] max space (MB) allocated spread across MPI: [32966 ... 32966]
[The         Arena] max space (MB) used      spread across MPI: [30002 ... 30002]
[The Managed Arena] max space (MB) allocated spread across MPI: [8 ... 8]
[The Managed Arena] max space (MB) used      spread across MPI: [0 ... 0]
[The  Pinned Arena] max space (MB) allocated spread across MPI: [16 ... 16]
[The  Pinned Arena] max space (MB) used      spread across MPI: [12 ... 12]
AMReX (26.02-12-gd7da50458966) finalized
