[Level 3 step 47982] average evolution speed = 7.5620881 code units/h
[Level 3 step 47982] Advanced 4096000 cells
[Level 2 step 23992] ADVANCE at time 59.9775 with dt = 0.0025
[Level 2 step 23992] average evolution speed = 7.562209986 code units/h
[Level 2 step 23992] Advanced 4096000 cells
[Level 3 step 47983] ADVANCE at time 59.9775 with dt = 0.00125
[Level 3 step 47983] average evolution speed = 7.562176389 code units/h
[Level 3 step 47983] Advanced 4096000 cells
[Level 3 step 47984] ADVANCE at time 59.97875 with dt = 0.00125
[Level 3 step 47984] average evolution speed = 7.562300295 code units/h
[Level 3 step 47984] Advanced 4096000 cells

[STEP 5998] Coarse TimeStep time: 2.120608647
[STEP 5998] FAB kilobyte spread across MPI nodes: [30080106 ... 30080106]

STEP = 5998 TIME = 59.98 DT = 0.01

[Level 0 step 5999] ADVANCE at time 59.98 with dt = 0.01
[Level 0 step 5999] average evolution speed = 7.56236513 code units/h
[Level 0 step 5999] Advanced 2097152 cells
[Level 1 step 11997] ADVANCE at time 59.98 with dt = 0.005
[Level 1 step 11997] average evolution speed = 7.562341192 code units/h
[Level 1 step 11997] Advanced 4096000 cells
[Level 2 step 23993] ADVANCE at time 59.98 with dt = 0.0025
[Level 2 step 23993] average evolution speed = 7.562307531 code units/h
[Level 2 step 23993] Advanced 4096000 cells
[Level 3 step 47985] ADVANCE at time 59.98 with dt = 0.00125
[Level 3 step 47985] average evolution speed = 7.562273815 code units/h
[Level 3 step 47985] Advanced 4096000 cells
[Level 3 step 47986] ADVANCE at time 59.98125 with dt = 0.00125
[Level 3 step 47986] average evolution speed = 7.562397766 code units/h
[Level 3 step 47986] Advanced 4096000 cells
[Level 2 step 23994] ADVANCE at time 59.9825 with dt = 0.0025
[Level 2 step 23994] average evolution speed = 7.562519629 code units/h
[Level 2 step 23994] Advanced 4096000 cells
[Level 3 step 47987] ADVANCE at time 59.9825 with dt = 0.00125
[Level 3 step 47987] average evolution speed = 7.562486028 code units/h
[Level 3 step 47987] Advanced 4096000 cells
[Level 3 step 47988] ADVANCE at time 59.98375 with dt = 0.00125
[Level 3 step 47988] average evolution speed = 7.562609966 code units/h
[Level 3 step 47988] Advanced 4096000 cells
[Level 1 step 11998] ADVANCE at time 59.985 with dt = 0.005
[Level 1 step 11998] average evolution speed = 7.562729831 code units/h
[Level 1 step 11998] Advanced 4096000 cells
[Level 2 step 23995] ADVANCE at time 59.985 with dt = 0.0025
[Level 2 step 23995] average evolution speed = 7.562696252 code units/h
[Level 2 step 23995] Advanced 4096000 cells
[Level 3 step 47989] ADVANCE at time 59.985 with dt = 0.00125
[Level 3 step 47989] average evolution speed = 7.56266255 code units/h
[Level 3 step 47989] Advanced 4096000 cells
[Level 3 step 47990] ADVANCE at time 59.98625 with dt = 0.00125
[Level 3 step 47990] average evolution speed = 7.562786498 code units/h
[Level 3 step 47990] Advanced 4096000 cells
[Level 2 step 23996] ADVANCE at time 59.9875 with dt = 0.0025
[Level 2 step 23996] average evolution speed = 7.562908419 code units/h
[Level 2 step 23996] Advanced 4096000 cells
[Level 3 step 47991] ADVANCE at time 59.9875 with dt = 0.00125
[Level 3 step 47991] average evolution speed = 7.562874814 code units/h
[Level 3 step 47991] Advanced 4096000 cells
[Level 3 step 47992] ADVANCE at time 59.98875 with dt = 0.00125
[Level 3 step 47992] average evolution speed = 7.562998827 code units/h
[Level 3 step 47992] Advanced 4096000 cells

[STEP 5999] Coarse TimeStep time: 2.121345617
[STEP 5999] FAB kilobyte spread across MPI nodes: [30080106 ... 30080106]

STEP = 5999 TIME = 59.99 DT = 0.01

[Level 0 step 6000] ADVANCE at time 59.99 with dt = 0.01
[Level 0 step 6000] average evolution speed = 7.563064041 code units/h
[Level 0 step 6000] Advanced 2097152 cells
[Level 1 step 11999] ADVANCE at time 59.99 with dt = 0.005
[Level 1 step 11999] average evolution speed = 7.563040732 code units/h
[Level 1 step 11999] Advanced 4096000 cells
[Level 2 step 23997] ADVANCE at time 59.99 with dt = 0.0025
[Level 2 step 23997] average evolution speed = 7.563007189 code units/h
[Level 2 step 23997] Advanced 4096000 cells
[Level 3 step 47993] ADVANCE at time 59.99 with dt = 0.00125
[Level 3 step 47993] average evolution speed = 7.562973554 code units/h
[Level 3 step 47993] Advanced 4096000 cells
[Level 3 step 47994] ADVANCE at time 59.99125 with dt = 0.00125
[Level 3 step 47994] average evolution speed = 7.563097569 code units/h
[Level 3 step 47994] Advanced 4096000 cells
[Level 2 step 23998] ADVANCE at time 59.9925 with dt = 0.0025
[Level 2 step 23998] average evolution speed = 7.563219666 code units/h
[Level 2 step 23998] Advanced 4096000 cells
[Level 3 step 47995] ADVANCE at time 59.9925 with dt = 0.00125
[Level 3 step 47995] average evolution speed = 7.563186137 code units/h
[Level 3 step 47995] Advanced 4096000 cells
[Level 3 step 47996] ADVANCE at time 59.99375 with dt = 0.00125
[Level 3 step 47996] average evolution speed = 7.563310086 code units/h
[Level 3 step 47996] Advanced 4096000 cells
[Level 1 step 12000] ADVANCE at time 59.995 with dt = 0.005
[Level 1 step 12000] average evolution speed = 7.563430105 code units/h
[Level 1 step 12000] Advanced 4096000 cells
[Level 2 step 23999] ADVANCE at time 59.995 with dt = 0.0025
[Level 2 step 23999] average evolution speed = 7.563396616 code units/h
[Level 2 step 23999] Advanced 4096000 cells
[Level 3 step 47997] ADVANCE at time 59.995 with dt = 0.00125
[Level 3 step 47997] average evolution speed = 7.563362986 code units/h
[Level 3 step 47997] Advanced 4096000 cells
[Level 3 step 47998] ADVANCE at time 59.99625 with dt = 0.00125
[Level 3 step 47998] average evolution speed = 7.563486928 code units/h
[Level 3 step 47998] Advanced 4096000 cells
[Level 2 step 24000] ADVANCE at time 59.9975 with dt = 0.0025
[Level 2 step 24000] average evolution speed = 7.563608949 code units/h
[Level 2 step 24000] Advanced 4096000 cells
[Level 3 step 47999] ADVANCE at time 59.9975 with dt = 0.00125
[Level 3 step 47999] average evolution speed = 7.56357539 code units/h
[Level 3 step 47999] Advanced 4096000 cells
[Level 3 step 48000] ADVANCE at time 59.99875 with dt = 0.00125
[Level 3 step 48000] average evolution speed = 7.563699381 code units/h
[Level 3 step 48000] Advanced 4096000 cells

[STEP 6000] Coarse TimeStep time: 2.115371939
[STEP 6000] FAB kilobyte spread across MPI nodes: [30080106 ... 30080106]

STEP = 6000 TIME = 60 DT = 0.01

PLOTFILE: file = /tmp/grteclyn_scratch/merge_twin_p012_eta4_t060/BinaryWormholePlt06000
Write plotfile time = 1.526913053  seconds

Now regridding at level lbase = 0
grid_places() time: 0.013649558 new finest: 3
STEP = 6000 TIME = 60 : REGRID  with lbase = 0
  Level 1   125 grids  4096000 cells  24.4140625 % of domain
            smallest grid: 32 x 32 x 32  biggest grid: 32 x 32 x 32
  Level 2   125 grids  4096000 cells  3.051757812 % of domain
            smallest grid: 32 x 32 x 32  biggest grid: 32 x 32 x 32
  Level 3   125 grids  4096000 cells  0.3814697266 % of domain
            smallest grid: 32 x 32 x 32  biggest grid: 32 x 32 x 32

[Level 0 step 6001] ADVANCE at time 60 with dt = 0.01
[Level 0 step 6001] average evolution speed = 7.563354643 code units/h
[Level 0 step 6001] Advanced 2097152 cells
[Level 1 step 12001] ADVANCE at time 60 with dt = 0.005
[Level 1 step 12001] average evolution speed = 7.563331329 code units/h
[Level 1 step 12001] Advanced 4096000 cells
[Level 2 step 24001] ADVANCE at time 60 with dt = 0.0025
[Level 2 step 24001] average evolution speed = 7.563297785 code units/h
[Level 2 step 24001] Advanced 4096000 cells
[Level 3 step 48001] ADVANCE at time 60 with dt = 0.00125
[Level 3 step 48001] average evolution speed = 7.563264128 code units/h
[Level 3 step 48001] Advanced 4096000 cells
[Level 3 step 48002] ADVANCE at time 60.00125 with dt = 0.00125
[Level 3 step 48002] average evolution speed = 7.563388064 code units/h
[Level 3 step 48002] Advanced 4096000 cells
[Level 2 step 24002] ADVANCE at time 60.0025 with dt = 0.0025
[Level 2 step 24002] average evolution speed = 7.563510106 code units/h
[Level 2 step 24002] Advanced 4096000 cells
[Level 3 step 48003] ADVANCE at time 60.0025 with dt = 0.00125
[Level 3 step 48003] average evolution speed = 7.563476544 code units/h
[Level 3 step 48003] Advanced 4096000 cells
[Level 3 step 48004] ADVANCE at time 60.00375 with dt = 0.00125
[Level 3 step 48004] average evolution speed = 7.56360057 code units/h
[Level 3 step 48004] Advanced 4096000 cells
[Level 1 step 12002] ADVANCE at time 60.005 with dt = 0.005
[Level 1 step 12002] average evolution speed = 7.563720642 code units/h
[Level 1 step 12002] Advanced 4096000 cells
[Level 2 step 24003] ADVANCE at time 60.005 with dt = 0.0025
[Level 2 step 24003] average evolution speed = 7.563687269 code units/h
[Level 2 step 24003] Advanced 4096000 cells
[Level 3 step 48005] ADVANCE at time 60.005 with dt = 0.00125
[Level 3 step 48005] average evolution speed = 7.56365354 code units/h
[Level 3 step 48005] Advanced 4096000 cells
[Level 3 step 48006] ADVANCE at time 60.00625 with dt = 0.00125
[Level 3 step 48006] average evolution speed = 7.563777534 code units/h
[Level 3 step 48006] Advanced 4096000 cells
[Level 2 step 24004] ADVANCE at time 60.0075 with dt = 0.0025
[Level 2 step 24004] average evolution speed = 7.563899458 code units/h
[Level 2 step 24004] Advanced 4096000 cells
[Level 3 step 48007] ADVANCE at time 60.0075 with dt = 0.00125
[Level 3 step 48007] average evolution speed = 7.563865881 code units/h
[Level 3 step 48007] Advanced 4096000 cells
[Level 3 step 48008] ADVANCE at time 60.00875 with dt = 0.00125
[Level 3 step 48008] average evolution speed = 7.563989894 code units/h
[Level 3 step 48008] Advanced 4096000 cells

[STEP 6001] Coarse TimeStep time: 2.142298901
[STEP 6001] FAB kilobyte spread across MPI nodes: [30080106 ... 30080106]

STEP = 6001 TIME = 60.01 DT = 0.01

PLOTFILE: file = /tmp/grteclyn_scratch/merge_twin_p012_eta4_t060/BinaryWormholePlt06001
Write plotfile time = 1.456397544  seconds

Unused ParmParse Variables:
  [TOP]::hdf5_subpath(nvals = 1)  :: [hdf5]
  [TOP]::nonzero_asymptotic_values(nvals = 5)  :: [1.0, 1.0, 1.0, 1.0, 1.0]
  [TOP]::nonzero_asymptotic_vars(nvals = 5)  :: [chi, h11, h22, h33, lapse]

Total GPU global memory (MB) spread across MPI: [81079 ... 81079]
Free  GPU global memory (MB) spread across MPI: [46910 ... 46910]
[The         Arena] max space (MB) allocated spread across MPI: [32648 ... 32648]
[The         Arena] max space (MB) used      spread across MPI: [29429 ... 29429]
[The Managed Arena] max space (MB) allocated spread across MPI: [8 ... 8]
[The Managed Arena] max space (MB) used      spread across MPI: [0 ... 0]
[The  Pinned Arena] max space (MB) allocated spread across MPI: [24 ... 24]
[The  Pinned Arena] max space (MB) used      spread across MPI: [10 ... 10]
AMReX (26.02-12-gd7da50458966) finalized
