[Level 3 step 41641] average evolution speed = 12.10718463 code units/h
[Level 3 step 41641] Advanced 4096000 cells
[Level 3 step 41642] ADVANCE at time 52.05125 with dt = 0.00125
[Level 3 step 41642] average evolution speed = 12.10737644 code units/h
[Level 3 step 41642] Advanced 4096000 cells
[Level 2 step 20822] ADVANCE at time 52.0525 with dt = 0.0025
[Level 2 step 20822] average evolution speed = 12.1075618 code units/h
[Level 2 step 20822] Advanced 4096000 cells
[Level 3 step 41643] ADVANCE at time 52.0525 with dt = 0.00125
[Level 3 step 41643] average evolution speed = 12.10746335 code units/h
[Level 3 step 41643] Advanced 4096000 cells
[Level 3 step 41644] ADVANCE at time 52.05375 with dt = 0.00125
[Level 3 step 41644] average evolution speed = 12.10765526 code units/h
[Level 3 step 41644] Advanced 4096000 cells
[Level 1 step 10412] ADVANCE at time 52.055 with dt = 0.005
[Level 1 step 10412] average evolution speed = 12.10783375 code units/h
[Level 1 step 10412] Advanced 4096000 cells
[Level 2 step 20823] ADVANCE at time 52.055 with dt = 0.0025
[Level 2 step 20823] average evolution speed = 12.10773567 code units/h
[Level 2 step 20823] Advanced 4096000 cells
[Level 3 step 41645] ADVANCE at time 52.055 with dt = 0.00125
[Level 3 step 41645] average evolution speed = 12.10763698 code units/h
[Level 3 step 41645] Advanced 4096000 cells
[Level 3 step 41646] ADVANCE at time 52.05625 with dt = 0.00125
[Level 3 step 41646] average evolution speed = 12.10782896 code units/h
[Level 3 step 41646] Advanced 4096000 cells
[Level 2 step 20824] ADVANCE at time 52.0575 with dt = 0.0025
[Level 2 step 20824] average evolution speed = 12.10801418 code units/h
[Level 2 step 20824] Advanced 4096000 cells
[Level 3 step 41647] ADVANCE at time 52.0575 with dt = 0.00125
[Level 3 step 41647] average evolution speed = 12.10791571 code units/h
[Level 3 step 41647] Advanced 4096000 cells
[Level 3 step 41648] ADVANCE at time 52.05875 with dt = 0.00125
[Level 3 step 41648] average evolution speed = 12.10810762 code units/h
[Level 3 step 41648] Advanced 4096000 cells

[STEP 5206] Coarse TimeStep time: 2.120981569
[STEP 5206] FAB kilobyte spread across MPI nodes: [30862031 ... 30862031]

STEP = 5206 TIME = 52.06 DT = 0.01

[Level 0 step 5207] ADVANCE at time 52.06 with dt = 0.01
[Level 0 step 5207] average evolution speed = 12.10811966 code units/h
[Level 0 step 5207] Advanced 2097152 cells
[Level 1 step 10413] ADVANCE at time 52.06 with dt = 0.005
[Level 1 step 10413] average evolution speed = 12.10804606 code units/h
[Level 1 step 10413] Advanced 4096000 cells
[Level 2 step 20825] ADVANCE at time 52.06 with dt = 0.0025
[Level 2 step 20825] average evolution speed = 12.10794769 code units/h
[Level 2 step 20825] Advanced 4096000 cells
[Level 3 step 41649] ADVANCE at time 52.06 with dt = 0.00125
[Level 3 step 41649] average evolution speed = 12.10784887 code units/h
[Level 3 step 41649] Advanced 4096000 cells
[Level 3 step 41650] ADVANCE at time 52.06125 with dt = 0.00125
[Level 3 step 41650] average evolution speed = 12.10804077 code units/h
[Level 3 step 41650] Advanced 4096000 cells
[Level 2 step 20826] ADVANCE at time 52.0625 with dt = 0.0025
[Level 2 step 20826] average evolution speed = 12.10822618 code units/h
[Level 2 step 20826] Advanced 4096000 cells
[Level 3 step 41651] ADVANCE at time 52.0625 with dt = 0.00125
[Level 3 step 41651] average evolution speed = 12.10812768 code units/h
[Level 3 step 41651] Advanced 4096000 cells
[Level 3 step 41652] ADVANCE at time 52.06375 with dt = 0.00125
[Level 3 step 41652] average evolution speed = 12.10831949 code units/h
[Level 3 step 41652] Advanced 4096000 cells
[Level 1 step 10414] ADVANCE at time 52.065 with dt = 0.005
[Level 1 step 10414] average evolution speed = 12.10849794 code units/h
[Level 1 step 10414] Advanced 4096000 cells
[Level 2 step 20827] ADVANCE at time 52.065 with dt = 0.0025
[Level 2 step 20827] average evolution speed = 12.10839963 code units/h
[Level 2 step 20827] Advanced 4096000 cells
[Level 3 step 41653] ADVANCE at time 52.065 with dt = 0.00125
[Level 3 step 41653] average evolution speed = 12.10830074 code units/h
[Level 3 step 41653] Advanced 4096000 cells
[Level 3 step 41654] ADVANCE at time 52.06625 with dt = 0.00125
[Level 3 step 41654] average evolution speed = 12.10849257 code units/h
[Level 3 step 41654] Advanced 4096000 cells
[Level 2 step 20828] ADVANCE at time 52.0675 with dt = 0.0025
[Level 2 step 20828] average evolution speed = 12.10867814 code units/h
[Level 2 step 20828] Advanced 4096000 cells
[Level 3 step 41655] ADVANCE at time 52.0675 with dt = 0.00125
[Level 3 step 41655] average evolution speed = 12.10857947 code units/h
[Level 3 step 41655] Advanced 4096000 cells
[Level 3 step 41656] ADVANCE at time 52.06875 with dt = 0.00125
[Level 3 step 41656] average evolution speed = 12.10877155 code units/h
[Level 3 step 41656] Advanced 4096000 cells

[STEP 5207] Coarse TimeStep time: 2.121899915
[STEP 5207] FAB kilobyte spread across MPI nodes: [30862031 ... 30862031]

STEP = 5207 TIME = 52.07 DT = 0.01

[Level 0 step 5208] ADVANCE at time 52.07 with dt = 0.01
[Level 0 step 5208] average evolution speed = 12.1087855 code units/h
[Level 0 step 5208] Advanced 2097152 cells
[Level 1 step 10415] ADVANCE at time 52.07 with dt = 0.005
[Level 1 step 10415] average evolution speed = 12.10871759 code units/h
[Level 1 step 10415] Advanced 4096000 cells
[Level 2 step 20829] ADVANCE at time 52.07 with dt = 0.0025
[Level 2 step 20829] average evolution speed = 12.10861936 code units/h
[Level 2 step 20829] Advanced 4096000 cells
[Level 3 step 41657] ADVANCE at time 52.07 with dt = 0.00125
[Level 3 step 41657] average evolution speed = 12.10852095 code units/h
[Level 3 step 41657] Advanced 4096000 cells
[Level 3 step 41658] ADVANCE at time 52.07125 with dt = 0.00125
[Level 3 step 41658] average evolution speed = 12.10871315 code units/h
[Level 3 step 41658] Advanced 4096000 cells
[Level 2 step 20830] ADVANCE at time 52.0725 with dt = 0.0025
[Level 2 step 20830] average evolution speed = 12.10889947 code units/h
[Level 2 step 20830] Advanced 4096000 cells
[Level 3 step 41659] ADVANCE at time 52.0725 with dt = 0.00125
[Level 3 step 41659] average evolution speed = 12.10880115 code units/h
[Level 3 step 41659] Advanced 4096000 cells
[Level 3 step 41660] ADVANCE at time 52.07375 with dt = 0.00125
[Level 3 step 41660] average evolution speed = 12.10899325 code units/h
[Level 3 step 41660] Advanced 4096000 cells
[Level 1 step 10416] ADVANCE at time 52.075 with dt = 0.005
[Level 1 step 10416] average evolution speed = 12.10917369 code units/h
[Level 1 step 10416] Advanced 4096000 cells
[Level 2 step 20831] ADVANCE at time 52.075 with dt = 0.0025
[Level 2 step 20831] average evolution speed = 12.10907586 code units/h
[Level 2 step 20831] Advanced 4096000 cells
[Level 3 step 41661] ADVANCE at time 52.075 with dt = 0.00125
[Level 3 step 41661] average evolution speed = 12.10897739 code units/h
[Level 3 step 41661] Advanced 4096000 cells
[Level 3 step 41662] ADVANCE at time 52.07625 with dt = 0.00125
[Level 3 step 41662] average evolution speed = 12.10916952 code units/h
[Level 3 step 41662] Advanced 4096000 cells
[Level 2 step 20832] ADVANCE at time 52.0775 with dt = 0.0025
[Level 2 step 20832] average evolution speed = 12.10935585 code units/h
[Level 2 step 20832] Advanced 4096000 cells
[Level 3 step 41663] ADVANCE at time 52.0775 with dt = 0.00125
[Level 3 step 41663] average evolution speed = 12.10925757 code units/h
[Level 3 step 41663] Advanced 4096000 cells
[Level 3 step 41664] ADVANCE at time 52.07875 with dt = 0.00125
[Level 3 step 41664] average evolution speed = 12.10944965 code units/h
[Level 3 step 41664] Advanced 4096000 cells

[STEP 5208] Coarse TimeStep time: 2.103223587
[STEP 5208] FAB kilobyte spread across MPI nodes: [30862031 ... 30862031]

STEP = 5208 TIME = 52.08 DT = 0.01

Now regridding at level lbase = 1
grid_places() time: 0.011289405 new finest: 3
TIME = 52.08 : REGRID  with lbase = 1
  Level 2   125 grids  4096000 cells  3.051757812 % of domain
            smallest grid: 32 x 32 x 32  biggest grid: 32 x 32 x 32
  Level 3   125 grids  4096000 cells  0.3814697266 % of domain
            smallest grid: 32 x 32 x 32  biggest grid: 32 x 32 x 32

[Level 0 step 5209] ADVANCE at time 52.08 with dt = 0.01
[Level 0 step 5209] average evolution speed = 12.10945359 code units/h
[Level 0 step 5209] Advanced 2097152 cells
[Level 1 step 10417] ADVANCE at time 52.08 with dt = 0.005
[Level 1 step 10417] average evolution speed = 12.10938479 code units/h
[Level 1 step 10417] Advanced 4096000 cells
[Level 2 step 20833] ADVANCE at time 52.08 with dt = 0.0025
[Level 2 step 20833] average evolution speed = 12.10928653 code units/h
[Level 2 step 20833] Advanced 4096000 cells
[Level 3 step 41665] ADVANCE at time 52.08 with dt = 0.00125
[Level 3 step 41665] average evolution speed = 12.10918748 code units/h
[Level 3 step 41665] Advanced 4096000 cells
[Level 3 step 41666] ADVANCE at time 52.08125 with dt = 0.00125
[Level 3 step 41666] average evolution speed = 12.10937903 code units/h
[Level 3 step 41666] Advanced 4096000 cells
[Level 2 step 20834] ADVANCE at time 52.0825 with dt = 0.0025
[Level 2 step 20834] average evolution speed = 12.10956519 code units/h
[Level 2 step 20834] Advanced 4096000 cells
[Level 3 step 41667] ADVANCE at time 52.0825 with dt = 0.00125
[Level 3 step 41667] average evolution speed = 12.10946664 code units/h
[Level 3 step 41667] Advanced 4096000 cells
[Level 3 step 41668] ADVANCE at time 52.08375 with dt = 0.00125
[Level 3 step 41668] average evolution speed = 12.10965853 code units/h
[Level 3 step 41668] Advanced 4096000 cells
[Level 1 step 10418] ADVANCE at time 52.085 with dt = 0.005
[Level 1 step 10418] average evolution speed = 12.10983717 code units/h
[Level 1 step 10418] Advanced 4096000 cells
[Level 2 step 20835] ADVANCE at time 52.085 with dt = 0.0025
[Level 2 step 20835] average evolution speed = 12.10973855 code units/h
[Level 2 step 20835] Advanced 4096000 cells
[Level 3 step 41669] ADVANCE at time 52.085 with dt = 0.00125
[Level 3 step 41669] average evolution speed = 12.10963956 code units/h
[Level 3 step 41669] Advanced 4096000 cells
[Level 3 step 41670] ADVANCE at time 52.08625 with dt = 0.00125
[Level 3 step 41670] average evolution speed = 12.10983133 code units/h
[Level 3 step 41670] Advanced 4096000 cells
NaN diagnostic: rank=0 level=3 component=7 name=K
amrex::Abort::0::NaN in GRAMRLevel::post_timestep !!!
SIGABRT
See Backtrace.0 file for details
--------------------------------------------------------------------------
MPI_ABORT was invoked on rank 0 in communicator MPI_COMM_WORLD
  Proc: [[4993,0],0]
  Errorcode: 6

NOTE: invoking MPI_ABORT causes Open MPI to kill all MPI processes.
You may or may not see output from other processes, depending on
exactly when Open MPI kills them.
--------------------------------------------------------------------------
