[Level 4 step 88816] Advanced 4096000 cells

[STEP 5551] Coarse TimeStep time: 4.928147201
[STEP 5551] FAB kilobyte spread across MPI nodes: [54658261 ... 54658261]

STEP = 5551 TIME = 55.51 DT = 0.01

[Level 0 step 5552] ADVANCE at time 55.51 with dt = 0.01
[Level 0 step 5552] average evolution speed = 7.319531325 code units/h
[Level 0 step 5552] Advanced 16777216 cells
[Level 1 step 11103] ADVANCE at time 55.51 with dt = 0.005
[Level 1 step 11103] average evolution speed = 7.318991191 code units/h
[Level 1 step 11103] Advanced 4096000 cells
[Level 2 step 22205] ADVANCE at time 55.51 with dt = 0.0025
[Level 2 step 22205] average evolution speed = 7.318853847 code units/h
[Level 2 step 22205] Advanced 4096000 cells
[Level 3 step 44409] ADVANCE at time 55.51 with dt = 0.00125
[Level 3 step 44409] average evolution speed = 7.31872985 code units/h
[Level 3 step 44409] Advanced 3686400 cells
[Level 4 step 88817] ADVANCE at time 55.51 with dt = 0.000625
[Level 4 step 88817] average evolution speed = 7.318616785 code units/h
[Level 4 step 88817] Advanced 4096000 cells
[Level 4 step 88818] ADVANCE at time 55.510625 with dt = 0.000625
[Level 4 step 88818] average evolution speed = 7.318787837 code units/h
[Level 4 step 88818] Advanced 4096000 cells
[Level 3 step 44410] ADVANCE at time 55.51125 with dt = 0.00125
[Level 3 step 44410] average evolution speed = 7.31895143 code units/h
[Level 3 step 44410] Advanced 3686400 cells
[Level 4 step 88819] ADVANCE at time 55.51125 with dt = 0.000625
[Level 4 step 88819] average evolution speed = 7.318838062 code units/h
[Level 4 step 88819] Advanced 4096000 cells
[Level 4 step 88820] ADVANCE at time 55.511875 with dt = 0.000625
[Level 4 step 88820] average evolution speed = 7.319008786 code units/h
[Level 4 step 88820] Advanced 4096000 cells
[Level 2 step 22206] ADVANCE at time 55.5125 with dt = 0.0025
[Level 2 step 22206] average evolution speed = 7.31916547 code units/h
[Level 2 step 22206] Advanced 4096000 cells
[Level 3 step 44411] ADVANCE at time 55.5125 with dt = 0.00125
[Level 3 step 44411] average evolution speed = 7.319041667 code units/h
[Level 3 step 44411] Advanced 3686400 cells
[Level 4 step 88821] ADVANCE at time 55.5125 with dt = 0.000625
[Level 4 step 88821] average evolution speed = 7.31892854 code units/h
[Level 4 step 88821] Advanced 4096000 cells
[Level 4 step 88822] ADVANCE at time 55.513125 with dt = 0.000625
[Level 4 step 88822] average evolution speed = 7.319099441 code units/h
[Level 4 step 88822] Advanced 4096000 cells
[Level 3 step 44412] ADVANCE at time 55.51375 with dt = 0.00125
[Level 3 step 44412] average evolution speed = 7.319263064 code units/h
[Level 3 step 44412] Advanced 3686400 cells
[Level 4 step 88823] ADVANCE at time 55.51375 with dt = 0.000625
[Level 4 step 88823] average evolution speed = 7.319149992 code units/h
[Level 4 step 88823] Advanced 4096000 cells
[Level 4 step 88824] ADVANCE at time 55.514375 with dt = 0.000625
[Level 4 step 88824] average evolution speed = 7.319321072 code units/h
[Level 4 step 88824] Advanced 4096000 cells
[Level 1 step 11104] ADVANCE at time 55.515 with dt = 0.005
[Level 1 step 11104] average evolution speed = 7.319470393 code units/h
[Level 1 step 11104] Advanced 4096000 cells
[Level 2 step 22207] ADVANCE at time 55.515 with dt = 0.0025
[Level 2 step 22207] average evolution speed = 7.319334644 code units/h
[Level 2 step 22207] Advanced 4096000 cells
[Level 3 step 44413] ADVANCE at time 55.515 with dt = 0.00125
[Level 3 step 44413] average evolution speed = 7.319211146 code units/h
[Level 3 step 44413] Advanced 3686400 cells
[Level 4 step 88825] ADVANCE at time 55.515 with dt = 0.000625
[Level 4 step 88825] average evolution speed = 7.31909828 code units/h
[Level 4 step 88825] Advanced 4096000 cells
[Level 4 step 88826] ADVANCE at time 55.515625 with dt = 0.000625
[Level 4 step 88826] average evolution speed = 7.319269417 code units/h
[Level 4 step 88826] Advanced 4096000 cells
[Level 3 step 44414] ADVANCE at time 55.51625 with dt = 0.00125
[Level 3 step 44414] average evolution speed = 7.319433225 code units/h
[Level 3 step 44414] Advanced 3686400 cells
[Level 4 step 88827] ADVANCE at time 55.51625 with dt = 0.000625
[Level 4 step 88827] average evolution speed = 7.319320213 code units/h
[Level 4 step 88827] Advanced 4096000 cells
[Level 4 step 88828] ADVANCE at time 55.516875 with dt = 0.000625
[Level 4 step 88828] average evolution speed = 7.319491346 code units/h
[Level 4 step 88828] Advanced 4096000 cells
[Level 2 step 22208] ADVANCE at time 55.5175 with dt = 0.0025
[Level 2 step 22208] average evolution speed = 7.319648473 code units/h
[Level 2 step 22208] Advanced 4096000 cells
[Level 3 step 44415] ADVANCE at time 55.5175 with dt = 0.00125
[Level 3 step 44415] average evolution speed = 7.319524958 code units/h
[Level 3 step 44415] Advanced 3686400 cells
[Level 4 step 88829] ADVANCE at time 55.5175 with dt = 0.000625
[Level 4 step 88829] average evolution speed = 7.319411848 code units/h
[Level 4 step 88829] Advanced 4096000 cells
[Level 4 step 88830] ADVANCE at time 55.518125 with dt = 0.000625
[Level 4 step 88830] average evolution speed = 7.319582658 code units/h
[Level 4 step 88830] Advanced 4096000 cells
[Level 3 step 44416] ADVANCE at time 55.51875 with dt = 0.00125
[Level 3 step 44416] average evolution speed = 7.319746498 code units/h
[Level 3 step 44416] Advanced 3686400 cells
[Level 4 step 88831] ADVANCE at time 55.51875 with dt = 0.000625
[Level 4 step 88831] average evolution speed = 7.319633474 code units/h
[Level 4 step 88831] Advanced 4096000 cells
[Level 4 step 88832] ADVANCE at time 55.519375 with dt = 0.000625
[Level 4 step 88832] average evolution speed = 7.319804451 code units/h
[Level 4 step 88832] Advanced 4096000 cells

[STEP 5552] Coarse TimeStep time: 4.908438495
[STEP 5552] FAB kilobyte spread across MPI nodes: [54658261 ... 54658261]

STEP = 5552 TIME = 55.52 DT = 0.01

Now regridding at level lbase = 0
grid_places() time: 0.039653179 new finest: 4
STEP = 5552 TIME = 55.52 : REGRID  with lbase = 0
  Level 1   125 grids  4096000 cells  3.051757812 % of domain
            smallest grid: 32 x 32 x 32  biggest grid: 32 x 32 x 32
  Level 2   125 grids  4096000 cells  0.3814697266 % of domain
            smallest grid: 32 x 32 x 32  biggest grid: 32 x 32 x 32
  Level 3   125 grids  4096000 cells  0.04768371582 % of domain
            smallest grid: 32 x 32 x 32  biggest grid: 32 x 32 x 32
  Level 4   125 grids  3686400 cells  0.00536441803 % of domain
            smallest grid: 32 x 16 x 32  biggest grid: 32 x 32 x 32

[Level 0 step 5553] ADVANCE at time 55.52 with dt = 0.01
[Level 0 step 5553] average evolution speed = 7.319493866 code units/h
[Level 0 step 5553] Advanced 16777216 cells
[Level 1 step 11105] ADVANCE at time 55.52 with dt = 0.005
[Level 1 step 11105] average evolution speed = 7.318950734 code units/h
[Level 1 step 11105] Advanced 4096000 cells
[Level 2 step 22209] ADVANCE at time 55.52 with dt = 0.0025
[Level 2 step 22209] average evolution speed = 7.318815712 code units/h
[Level 2 step 22209] Advanced 4096000 cells
[Level 3 step 44417] ADVANCE at time 55.52 with dt = 0.00125
[Level 3 step 44417] average evolution speed = 7.318691754 code units/h
[Level 3 step 44417] Advanced 4096000 cells
[Level 4 step 88833] ADVANCE at time 55.52 with dt = 0.000625
[Level 4 step 88833] average evolution speed = 7.3185648 code units/h
[Level 4 step 88833] Advanced 3686400 cells
[Level 4 step 88834] ADVANCE at time 55.520625 with dt = 0.000625
[Level 4 step 88834] average evolution speed = 7.318743591 code units/h
[Level 4 step 88834] Advanced 3686400 cells
[Level 3 step 44418] ADVANCE at time 55.52125 with dt = 0.00125
[Level 3 step 44418] average evolution speed = 7.318916525 code units/h
[Level 3 step 44418] Advanced 4096000 cells
[Level 4 step 88835] ADVANCE at time 55.52125 with dt = 0.000625
[Level 4 step 88835] average evolution speed = 7.318792174 code units/h
[Level 4 step 88835] Advanced 3686400 cells
[Level 4 step 88836] ADVANCE at time 55.521875 with dt = 0.000625
[Level 4 step 88836] average evolution speed = 7.318973221 code units/h
[Level 4 step 88836] Advanced 3686400 cells
[Level 2 step 22210] ADVANCE at time 55.5225 with dt = 0.0025
[Level 2 step 22210] average evolution speed = 7.319138665 code units/h
[Level 2 step 22210] Advanced 4096000 cells
[Level 3 step 44419] ADVANCE at time 55.5225 with dt = 0.00125
[Level 3 step 44419] average evolution speed = 7.31901418 code units/h
[Level 3 step 44419] Advanced 4096000 cells
[Level 4 step 88837] ADVANCE at time 55.5225 with dt = 0.000625
[Level 4 step 88837] average evolution speed = 7.318889595 code units/h
[Level 4 step 88837] Advanced 3686400 cells
[Level 4 step 88838] ADVANCE at time 55.523125 with dt = 0.000625
[Level 4 step 88838] average evolution speed = 7.319070582 code units/h
[Level 4 step 88838] Advanced 3686400 cells
[Level 3 step 44420] ADVANCE at time 55.52375 with dt = 0.00125
[Level 3 step 44420] average evolution speed = 7.319244885 code units/h
[Level 3 step 44420] Advanced 4096000 cells
[Level 4 step 88839] ADVANCE at time 55.52375 with dt = 0.000625
[Level 4 step 88839] average evolution speed = 7.319120919 code units/h
[Level 4 step 88839] Advanced 3686400 cells
NaN diagnostic: rank=0 level=4 component=1 name=h11
amrex::Abort::0::NaN in GRAMRLevel::post_timestep !!!
SIGABRT
addr2line: 'runs/wormhole_merger/merge_orbit_flip_d12_p060_L128_lvl4_t100_lbf_csm_r04000/test': No such file
addr2line: 'runs/wormhole_merger/merge_orbit_flip_d12_p060_L128_lvl4_t100_lbf_csm_r04000/test': No such file
addr2line: 'runs/wormhole_merger/merge_orbit_flip_d12_p060_L128_lvl4_t100_lbf_csm_r04000/test': No such file
addr2line: 'runs/wormhole_merger/merge_orbit_flip_d12_p060_L128_lvl4_t100_lbf_csm_r04000/test': No such file
addr2line: 'runs/wormhole_merger/merge_orbit_flip_d12_p060_L128_lvl4_t100_lbf_csm_r04000/test': No such file
addr2line: 'runs/wormhole_merger/merge_orbit_flip_d12_p060_L128_lvl4_t100_lbf_csm_r04000/test': No such file
addr2line: 'runs/wormhole_merger/merge_orbit_flip_d12_p060_L128_lvl4_t100_lbf_csm_r04000/test': No such file
addr2line: 'runs/wormhole_merger/merge_orbit_flip_d12_p060_L128_lvl4_t100_lbf_csm_r04000/test': No such file
addr2line: 'runs/wormhole_merger/merge_orbit_flip_d12_p060_L128_lvl4_t100_lbf_csm_r04000/test': No such file
addr2line: 'runs/wormhole_merger/merge_orbit_flip_d12_p060_L128_lvl4_t100_lbf_csm_r04000/test': No such file
addr2line: 'runs/wormhole_merger/merge_orbit_flip_d12_p060_L128_lvl4_t100_lbf_csm_r04000/test': No such file
addr2line: 'runs/wormhole_merger/merge_orbit_flip_d12_p060_L128_lvl4_t100_lbf_csm_r04000/test': No such file
addr2line: 'runs/wormhole_merger/merge_orbit_flip_d12_p060_L128_lvl4_t100_lbf_csm_r04000/test': No such file
addr2line: 'runs/wormhole_merger/merge_orbit_flip_d12_p060_L128_lvl4_t100_lbf_csm_r04000/test': No such file
addr2line: 'runs/wormhole_merger/merge_orbit_flip_d12_p060_L128_lvl4_t100_lbf_csm_r04000/test': No such file
addr2line: 'runs/wormhole_merger/merge_orbit_flip_d12_p060_L128_lvl4_t100_lbf_csm_r04000/test': No such file
addr2line: 'runs/wormhole_merger/merge_orbit_flip_d12_p060_L128_lvl4_t100_lbf_csm_r04000/test': No such file
addr2line: 'runs/wormhole_merger/merge_orbit_flip_d12_p060_L128_lvl4_t100_lbf_csm_r04000/test': No such file
addr2line: 'runs/wormhole_merger/merge_orbit_flip_d12_p060_L128_lvl4_t100_lbf_csm_r04000/test': No such file
addr2line: 'runs/wormhole_merger/merge_orbit_flip_d12_p060_L128_lvl4_t100_lbf_csm_r04000/test': No such file
addr2line: 'runs/wormhole_merger/merge_orbit_flip_d12_p060_L128_lvl4_t100_lbf_csm_r04000/test': No such file
addr2line: 'runs/wormhole_merger/merge_orbit_flip_d12_p060_L128_lvl4_t100_lbf_csm_r04000/test': No such file
addr2line: 'runs/wormhole_merger/merge_orbit_flip_d12_p060_L128_lvl4_t100_lbf_csm_r04000/test': No such file
addr2line: 'runs/wormhole_merger/merge_orbit_flip_d12_p060_L128_lvl4_t100_lbf_csm_r04000/test': No such file
See Backtrace.0 file for details
--------------------------------------------------------------------------
MPI_ABORT was invoked on rank 0 in communicator MPI_COMM_WORLD
  Proc: [[18952,0],0]
  Errorcode: 6

NOTE: invoking MPI_ABORT causes Open MPI to kill all MPI processes.
You may or may not see output from other processes, depending on
exactly when Open MPI kills them.
--------------------------------------------------------------------------
