[Level 5 step 255969] average evolution speed = 4.320562487 code units/h
[Level 5 step 255969] Advanced 4096000 cells
[Level 5 step 255970] ADVANCE at time 79.9903125 with dt = 0.0003125
[Level 5 step 255970] average evolution speed = 4.320585111 code units/h
[Level 5 step 255970] Advanced 4096000 cells
[Level 4 step 127986] ADVANCE at time 79.990625 with dt = 0.000625
[Level 4 step 127986] average evolution speed = 4.320606343 code units/h
[Level 4 step 127986] Advanced 4096000 cells
[Level 5 step 255971] ADVANCE at time 79.990625 with dt = 0.0003125
[Level 5 step 255971] average evolution speed = 4.320584415 code units/h
[Level 5 step 255971] Advanced 4096000 cells
[Level 5 step 255972] ADVANCE at time 79.9909375 with dt = 0.0003125
[Level 5 step 255972] average evolution speed = 4.320606573 code units/h
[Level 5 step 255972] Advanced 4096000 cells
[Level 3 step 63994] ADVANCE at time 79.99125 with dt = 0.00125
[Level 3 step 63994] average evolution speed = 4.320626749 code units/h
[Level 3 step 63994] Advanced 4096000 cells
[Level 4 step 127987] ADVANCE at time 79.99125 with dt = 0.000625
[Level 4 step 127987] average evolution speed = 4.320605013 code units/h
[Level 4 step 127987] Advanced 4096000 cells
[Level 5 step 255973] ADVANCE at time 79.99125 with dt = 0.0003125
[Level 5 step 255973] average evolution speed = 4.320583151 code units/h
[Level 5 step 255973] Advanced 4096000 cells
[Level 5 step 255974] ADVANCE at time 79.9915625 with dt = 0.0003125
[Level 5 step 255974] average evolution speed = 4.320605857 code units/h
[Level 5 step 255974] Advanced 4096000 cells
[Level 4 step 127988] ADVANCE at time 79.991875 with dt = 0.000625
[Level 4 step 127988] average evolution speed = 4.320627297 code units/h
[Level 4 step 127988] Advanced 4096000 cells
[Level 5 step 255975] ADVANCE at time 79.991875 with dt = 0.0003125
[Level 5 step 255975] average evolution speed = 4.320605436 code units/h
[Level 5 step 255975] Advanced 4096000 cells
[Level 5 step 255976] ADVANCE at time 79.9921875 with dt = 0.0003125
[Level 5 step 255976] average evolution speed = 4.320628188 code units/h
[Level 5 step 255976] Advanced 4096000 cells
[Level 2 step 31998] ADVANCE at time 79.9925 with dt = 0.0025
[Level 2 step 31998] average evolution speed = 4.320646604 code units/h
[Level 2 step 31998] Advanced 4096000 cells
[Level 3 step 63995] ADVANCE at time 79.9925 with dt = 0.00125
[Level 3 step 63995] average evolution speed = 4.320624817 code units/h
[Level 3 step 63995] Advanced 4096000 cells
[Level 4 step 127989] ADVANCE at time 79.9925 with dt = 0.000625
[Level 4 step 127989] average evolution speed = 4.32060302 code units/h
[Level 4 step 127989] Advanced 4096000 cells
[Level 5 step 255977] ADVANCE at time 79.9925 with dt = 0.0003125
[Level 5 step 255977] average evolution speed = 4.320581142 code units/h
[Level 5 step 255977] Advanced 4096000 cells
[Level 5 step 255978] ADVANCE at time 79.9928125 with dt = 0.0003125
[Level 5 step 255978] average evolution speed = 4.320603711 code units/h
[Level 5 step 255978] Advanced 4096000 cells
[Level 4 step 127990] ADVANCE at time 79.993125 with dt = 0.000625
[Level 4 step 127990] average evolution speed = 4.32062516 code units/h
[Level 4 step 127990] Advanced 4096000 cells
[Level 5 step 255979] ADVANCE at time 79.993125 with dt = 0.0003125
[Level 5 step 255979] average evolution speed = 4.320603322 code units/h
[Level 5 step 255979] Advanced 4096000 cells
[Level 5 step 255980] ADVANCE at time 79.9934375 with dt = 0.0003125
[Level 5 step 255980] average evolution speed = 4.32062607 code units/h
[Level 5 step 255980] Advanced 4096000 cells
[Level 3 step 63996] ADVANCE at time 79.99375 with dt = 0.00125
[Level 3 step 63996] average evolution speed = 4.320646216 code units/h
[Level 3 step 63996] Advanced 4096000 cells
[Level 4 step 127991] ADVANCE at time 79.99375 with dt = 0.000625
[Level 4 step 127991] average evolution speed = 4.320624509 code units/h
[Level 4 step 127991] Advanced 4096000 cells
[Level 5 step 255981] ADVANCE at time 79.99375 with dt = 0.0003125
[Level 5 step 255981] average evolution speed = 4.320602675 code units/h
[Level 5 step 255981] Advanced 4096000 cells
[Level 5 step 255982] ADVANCE at time 79.9940625 with dt = 0.0003125
[Level 5 step 255982] average evolution speed = 4.320625422 code units/h
[Level 5 step 255982] Advanced 4096000 cells
[Level 4 step 127992] ADVANCE at time 79.994375 with dt = 0.000625
[Level 4 step 127992] average evolution speed = 4.320646872 code units/h
[Level 4 step 127992] Advanced 4096000 cells
[Level 5 step 255983] ADVANCE at time 79.994375 with dt = 0.0003125
[Level 5 step 255983] average evolution speed = 4.320625043 code units/h
[Level 5 step 255983] Advanced 4096000 cells
[Level 5 step 255984] ADVANCE at time 79.9946875 with dt = 0.0003125
[Level 5 step 255984] average evolution speed = 4.320647802 code units/h
[Level 5 step 255984] Advanced 4096000 cells
[Level 1 step 16000] ADVANCE at time 79.995 with dt = 0.005
[Level 1 step 16000] average evolution speed = 4.320665308 code units/h
[Level 1 step 16000] Advanced 4096000 cells
[Level 2 step 31999] ADVANCE at time 79.995 with dt = 0.0025
[Level 2 step 31999] average evolution speed = 4.320643683 code units/h
[Level 2 step 31999] Advanced 4096000 cells
[Level 3 step 63997] ADVANCE at time 79.995 with dt = 0.00125
[Level 3 step 63997] average evolution speed = 4.320621966 code units/h
[Level 3 step 63997] Advanced 4096000 cells
[Level 4 step 127993] ADVANCE at time 79.995 with dt = 0.000625
[Level 4 step 127993] average evolution speed = 4.32060021 code units/h
[Level 4 step 127993] Advanced 4096000 cells
[Level 5 step 255985] ADVANCE at time 79.995 with dt = 0.0003125
[Level 5 step 255985] average evolution speed = 4.320578383 code units/h
[Level 5 step 255985] Advanced 4096000 cells
[Level 5 step 255986] ADVANCE at time 79.9953125 with dt = 0.0003125
[Level 5 step 255986] average evolution speed = 4.320601113 code units/h
[Level 5 step 255986] Advanced 4096000 cells
[Level 4 step 127994] ADVANCE at time 79.995625 with dt = 0.000625
[Level 4 step 127994] average evolution speed = 4.320622546 code units/h
[Level 4 step 127994] Advanced 4096000 cells
[Level 5 step 255987] ADVANCE at time 79.995625 with dt = 0.0003125
[Level 5 step 255987] average evolution speed = 4.320600711 code units/h
[Level 5 step 255987] Advanced 4096000 cells
[Level 5 step 255988] ADVANCE at time 79.9959375 with dt = 0.0003125
[Level 5 step 255988] average evolution speed = 4.320623376 code units/h
[Level 5 step 255988] Advanced 4096000 cells
[Level 3 step 63998] ADVANCE at time 79.99625 with dt = 0.00125
[Level 3 step 63998] average evolution speed = 4.320643213 code units/h
[Level 3 step 63998] Advanced 4096000 cells
[Level 4 step 127995] ADVANCE at time 79.99625 with dt = 0.000625
[Level 4 step 127995] average evolution speed = 4.320621435 code units/h
[Level 4 step 127995] Advanced 4096000 cells
[Level 5 step 255989] ADVANCE at time 79.99625 with dt = 0.0003125
[Level 5 step 255989] average evolution speed = 4.320599547 code units/h
[Level 5 step 255989] Advanced 4096000 cells
[Level 5 step 255990] ADVANCE at time 79.9965625 with dt = 0.0003125
[Level 5 step 255990] average evolution speed = 4.320622223 code units/h
[Level 5 step 255990] Advanced 4096000 cells
[Level 4 step 127996] ADVANCE at time 79.996875 with dt = 0.000625
[Level 4 step 127996] average evolution speed = 4.320643502 code units/h
[Level 4 step 127996] Advanced 4096000 cells
[Level 5 step 255991] ADVANCE at time 79.996875 with dt = 0.0003125
[Level 5 step 255991] average evolution speed = 4.320621615 code units/h
[Level 5 step 255991] Advanced 4096000 cells
[Level 5 step 255992] ADVANCE at time 79.9971875 with dt = 0.0003125
[Level 5 step 255992] average evolution speed = 4.320644292 code units/h
[Level 5 step 255992] Advanced 4096000 cells
[Level 2 step 32000] ADVANCE at time 79.9975 with dt = 0.0025
[Level 2 step 32000] average evolution speed = 4.320662676 code units/h
[Level 2 step 32000] Advanced 4096000 cells
[Level 3 step 63999] ADVANCE at time 79.9975 with dt = 0.00125
[Level 3 step 63999] average evolution speed = 4.320640912 code units/h
[Level 3 step 63999] Advanced 4096000 cells
[Level 4 step 127997] ADVANCE at time 79.9975 with dt = 0.000625
[Level 4 step 127997] average evolution speed = 4.320619121 code units/h
[Level 4 step 127997] Advanced 4096000 cells
[Level 5 step 255993] ADVANCE at time 79.9975 with dt = 0.0003125
[Level 5 step 255993] average evolution speed = 4.320597229 code units/h
[Level 5 step 255993] Advanced 4096000 cells
[Level 5 step 255994] ADVANCE at time 79.9978125 with dt = 0.0003125
[Level 5 step 255994] average evolution speed = 4.320619882 code units/h
[Level 5 step 255994] Advanced 4096000 cells
[Level 4 step 127998] ADVANCE at time 79.998125 with dt = 0.000625
[Level 4 step 127998] average evolution speed = 4.320641116 code units/h
[Level 4 step 127998] Advanced 4096000 cells
[Level 5 step 255995] ADVANCE at time 79.998125 with dt = 0.0003125
[Level 5 step 255995] average evolution speed = 4.320619227 code units/h
[Level 5 step 255995] Advanced 4096000 cells
[Level 5 step 255996] ADVANCE at time 79.9984375 with dt = 0.0003125
[Level 5 step 255996] average evolution speed = 4.320641879 code units/h
[Level 5 step 255996] Advanced 4096000 cells
[Level 3 step 64000] ADVANCE at time 79.99875 with dt = 0.00125
[Level 3 step 64000] average evolution speed = 4.320661705 code units/h
[Level 3 step 64000] Advanced 4096000 cells
[Level 4 step 127999] ADVANCE at time 79.99875 with dt = 0.000625
[Level 4 step 127999] average evolution speed = 4.320639946 code units/h
[Level 4 step 127999] Advanced 4096000 cells
[Level 5 step 255997] ADVANCE at time 79.99875 with dt = 0.0003125
[Level 5 step 255997] average evolution speed = 4.320618068 code units/h
[Level 5 step 255997] Advanced 4096000 cells
[Level 5 step 255998] ADVANCE at time 79.9990625 with dt = 0.0003125
[Level 5 step 255998] average evolution speed = 4.32064071 code units/h
[Level 5 step 255998] Advanced 4096000 cells
[Level 4 step 128000] ADVANCE at time 79.999375 with dt = 0.000625
[Level 4 step 128000] average evolution speed = 4.32066197 code units/h
[Level 4 step 128000] Advanced 4096000 cells
[Level 5 step 255999] ADVANCE at time 79.999375 with dt = 0.0003125
[Level 5 step 255999] average evolution speed = 4.320640057 code units/h
[Level 5 step 255999] Advanced 4096000 cells
[Level 5 step 256000] ADVANCE at time 79.9996875 with dt = 0.0003125
[Level 5 step 256000] average evolution speed = 4.320662719 code units/h
[Level 5 step 256000] Advanced 4096000 cells

[STEP 8000] Coarse TimeStep time: 8.293721755
[STEP 8000] FAB kilobyte spread across MPI nodes: [41687969 ... 41687969]

STEP = 8000 TIME = 80 DT = 0.01

CHECKPOINT: file = /tmp/grteclyn_scratch/m9b_fill80_r05000/BinaryWormholeChk08000
checkPoint() time = 8.4637944 secs.
[checkpoint_keep] removed /tmp/grteclyn_scratch/m9b_fill80_r05000/BinaryWormholeChk07000 (keeping newest 1)
PLOTFILE: file = /tmp/grteclyn_scratch/m9b_fill80_r05000/BinaryWormholePlt08000
Write plotfile time = 2.295688814  seconds

Unused ParmParse Variables:
  [TOP]::hdf5_subpath(nvals = 1)  :: [hdf5]
  [TOP]::nonzero_asymptotic_values(nvals = 5)  :: [1.0, 1.0, 1.0, 1.0, 1.0]
  [TOP]::nonzero_asymptotic_vars(nvals = 5)  :: [chi, h11, h22, h33, lapse]
  [TOP]::write_extraction(nvals = 1)  :: [0]

Total GPU global memory (MB) spread across MPI: [81079 ... 81079]
Free  GPU global memory (MB) spread across MPI: [36990 ... 36990]
[The         Arena] max space (MB) allocated spread across MPI: [42380 ... 42380]
[The         Arena] max space (MB) used      spread across MPI: [40767 ... 40767]
[The Managed Arena] max space (MB) allocated spread across MPI: [8 ... 8]
[The Managed Arena] max space (MB) used      spread across MPI: [0 ... 0]
[The  Pinned Arena] max space (MB) allocated spread across MPI: [41 ... 41]
[The  Pinned Arena] max space (MB) used      spread across MPI: [15 ... 15]
AMReX (26.02-12-gd7da50458966) finalized
