[Level 1 step 637] ADVANCE at time 15.9 with dt = 0.025
[Level 1 step 637] average evolution speed = 89.25440241 code units/h
[Level 1 step 637] Advanced 4096000 cells
[Level 2 step 1273] ADVANCE at time 15.9 with dt = 0.0125
[Level 2 step 1273] average evolution speed = 89.23682094 code units/h
[Level 2 step 1273] Advanced 4096000 cells
[Level 3 step 2545] ADVANCE at time 15.9 with dt = 0.00625
[Level 3 step 2545] average evolution speed = 89.21913755 code units/h
[Level 3 step 2545] Advanced 4096000 cells
[Level 3 step 2546] ADVANCE at time 15.90625 with dt = 0.00625
[Level 3 step 2546] average evolution speed = 89.23648281 code units/h
[Level 3 step 2546] Advanced 4096000 cells
[Level 2 step 1274] ADVANCE at time 15.9125 with dt = 0.0125
[Level 2 step 1274] average evolution speed = 89.25278736 code units/h
[Level 2 step 1274] Advanced 4096000 cells
[Level 3 step 2547] ADVANCE at time 15.9125 with dt = 0.00625
[Level 3 step 2547] average evolution speed = 89.23515468 code units/h
[Level 3 step 2547] Advanced 4096000 cells
[Level 3 step 2548] ADVANCE at time 15.91875 with dt = 0.00625
[Level 3 step 2548] average evolution speed = 89.25247136 code units/h
[Level 3 step 2548] Advanced 4096000 cells
[Level 1 step 638] ADVANCE at time 15.925 with dt = 0.025
[Level 1 step 638] average evolution speed = 89.26769384 code units/h
[Level 1 step 638] Advanced 4096000 cells
[Level 2 step 1275] ADVANCE at time 15.925 with dt = 0.0125
[Level 2 step 1275] average evolution speed = 89.25016951 code units/h
[Level 2 step 1275] Advanced 4096000 cells
[Level 3 step 2549] ADVANCE at time 15.925 with dt = 0.00625
[Level 3 step 2549] average evolution speed = 89.23252841 code units/h
[Level 3 step 2549] Advanced 4096000 cells
[Level 3 step 2550] ADVANCE at time 15.93125 with dt = 0.00625
[Level 3 step 2550] average evolution speed = 89.24983747 code units/h
[Level 3 step 2550] Advanced 4096000 cells
[Level 2 step 1276] ADVANCE at time 15.9375 with dt = 0.0125
[Level 2 step 1276] average evolution speed = 89.26611263 code units/h
[Level 2 step 1276] Advanced 4096000 cells
[Level 3 step 2551] ADVANCE at time 15.9375 with dt = 0.00625
[Level 3 step 2551] average evolution speed = 89.24848153 code units/h
[Level 3 step 2551] Advanced 4096000 cells
[Level 3 step 2552] ADVANCE at time 15.94375 with dt = 0.00625
[Level 3 step 2552] average evolution speed = 89.26578341 code units/h
[Level 3 step 2552] Advanced 4096000 cells

[STEP 319] Coarse TimeStep time: 1.945710302
[STEP 319] FAB kilobyte spread across MPI nodes: [17299254 ... 17299254]

STEP = 319 TIME = 15.95 DT = 0.05

[Level 0 step 320] ADVANCE at time 15.95 with dt = 0.05
[Level 0 step 320] average evolution speed = 89.27628548 code units/h
[Level 0 step 320] Advanced 2097152 cells
[Level 1 step 639] ADVANCE at time 15.95 with dt = 0.025
[Level 1 step 639] average evolution speed = 89.2636971 code units/h
[Level 1 step 639] Advanced 4096000 cells
[Level 2 step 1277] ADVANCE at time 15.95 with dt = 0.0125
[Level 2 step 1277] average evolution speed = 89.24615352 code units/h
[Level 2 step 1277] Advanced 4096000 cells
[Level 3 step 2553] ADVANCE at time 15.95 with dt = 0.00625
[Level 3 step 2553] average evolution speed = 89.22852987 code units/h
[Level 3 step 2553] Advanced 4096000 cells
[Level 3 step 2554] ADVANCE at time 15.95625 with dt = 0.00625
[Level 3 step 2554] average evolution speed = 89.24579925 code units/h
[Level 3 step 2554] Advanced 4096000 cells
[Level 2 step 1278] ADVANCE at time 15.9625 with dt = 0.0125
[Level 2 step 1278] average evolution speed = 89.26198149 code units/h
[Level 2 step 1278] Advanced 4096000 cells
[Level 3 step 2555] ADVANCE at time 15.9625 with dt = 0.00625
[Level 3 step 2555] average evolution speed = 89.24430698 code units/h
[Level 3 step 2555] Advanced 4096000 cells
[Level 3 step 2556] ADVANCE at time 15.96875 with dt = 0.00625
[Level 3 step 2556] average evolution speed = 89.26153849 code units/h
[Level 3 step 2556] Advanced 4096000 cells
[Level 1 step 640] ADVANCE at time 15.975 with dt = 0.025
[Level 1 step 640] average evolution speed = 89.27669532 code units/h
[Level 1 step 640] Advanced 4096000 cells
[Level 2 step 1279] ADVANCE at time 15.975 with dt = 0.0125
[Level 2 step 1279] average evolution speed = 89.25920284 code units/h
[Level 2 step 1279] Advanced 4096000 cells
[Level 3 step 2557] ADVANCE at time 15.975 with dt = 0.00625
[Level 3 step 2557] average evolution speed = 89.24159281 code units/h
[Level 3 step 2557] Advanced 4096000 cells
[Level 3 step 2558] ADVANCE at time 15.98125 with dt = 0.00625
[Level 3 step 2558] average evolution speed = 89.25886496 code units/h
[Level 3 step 2558] Advanced 4096000 cells
[Level 2 step 1280] ADVANCE at time 15.9875 with dt = 0.0125
[Level 2 step 1280] average evolution speed = 89.27507446 code units/h
[Level 2 step 1280] Advanced 4096000 cells
[Level 3 step 2559] ADVANCE at time 15.9875 with dt = 0.00625
[Level 3 step 2559] average evolution speed = 89.25747769 code units/h
[Level 3 step 2559] Advanced 4096000 cells
[Level 3 step 2560] ADVANCE at time 15.99375 with dt = 0.00625
[Level 3 step 2560] average evolution speed = 89.27474692 code units/h
[Level 3 step 2560] Advanced 4096000 cells

[STEP 320] Coarse TimeStep time: 1.951813183
[STEP 320] FAB kilobyte spread across MPI nodes: [17299254 ... 17299254]

STEP = 320 TIME = 16 DT = 0.05

PLOTFILE: file = /tmp/grteclyn_scratch/single_hold_dt01_t070/BinaryWormholePlt00320
Write plotfile time = 1.175849349  seconds

Now regridding at level lbase = 0
grid_places() time: 0.01288036 new finest: 3
STEP = 320 TIME = 16 : REGRID  with lbase = 0
  Level 1   125 grids  4096000 cells  24.4140625 % of domain
            smallest grid: 32 x 32 x 32  biggest grid: 32 x 32 x 32
  Level 2   125 grids  4096000 cells  3.051757812 % of domain
            smallest grid: 32 x 32 x 32  biggest grid: 32 x 32 x 32
  Level 3   125 grids  4096000 cells  0.3814697266 % of domain
            smallest grid: 32 x 32 x 32  biggest grid: 32 x 32 x 32

[Level 0 step 321] ADVANCE at time 16 with dt = 0.05
[Level 0 step 321] average evolution speed = 89.12011696 code units/h
[Level 0 step 321] Advanced 2097152 cells
[Level 1 step 641] ADVANCE at time 16 with dt = 0.025
[Level 1 step 641] average evolution speed = 89.10816912 code units/h
[Level 1 step 641] Advanced 4096000 cells
[Level 2 step 1281] ADVANCE at time 16 with dt = 0.0125
[Level 2 step 1281] average evolution speed = 89.09090003 code units/h
[Level 2 step 1281] Advanced 4096000 cells
[Level 3 step 2561] ADVANCE at time 16 with dt = 0.00625
[Level 3 step 2561] average evolution speed = 89.07345789 code units/h
[Level 3 step 2561] Advanced 4096000 cells
[Level 3 step 2562] ADVANCE at time 16.00625 with dt = 0.00625
[Level 3 step 2562] average evolution speed = 89.09058185 code units/h
[Level 3 step 2562] Advanced 4096000 cells
[Level 2 step 1282] ADVANCE at time 16.0125 with dt = 0.0125
[Level 2 step 1282] average evolution speed = 89.10671844 code units/h
[Level 2 step 1282] Advanced 4096000 cells
[Level 3 step 2563] ADVANCE at time 16.0125 with dt = 0.00625
[Level 3 step 2563] average evolution speed = 89.08913433 code units/h
[Level 3 step 2563] Advanced 4096000 cells
[Level 3 step 2564] ADVANCE at time 16.01875 with dt = 0.00625
[Level 3 step 2564] average evolution speed = 89.10627099 code units/h
[Level 3 step 2564] Advanced 4096000 cells
[Level 1 step 642] ADVANCE at time 16.025 with dt = 0.025
[Level 1 step 642] average evolution speed = 89.12114056 code units/h
[Level 1 step 642] Advanced 4096000 cells
[Level 2 step 1283] ADVANCE at time 16.025 with dt = 0.0125
[Level 2 step 1283] average evolution speed = 89.10369473 code units/h
[Level 2 step 1283] Advanced 4096000 cells
[Level 3 step 2565] ADVANCE at time 16.025 with dt = 0.00625
[Level 3 step 2565] average evolution speed = 89.08612641 code units/h
[Level 3 step 2565] Advanced 4096000 cells
[Level 3 step 2566] ADVANCE at time 16.03125 with dt = 0.00625
[Level 3 step 2566] average evolution speed = 89.10325782 code units/h
[Level 3 step 2566] Advanced 4096000 cells
[Level 2 step 1284] ADVANCE at time 16.0375 with dt = 0.0125
[Level 2 step 1284] average evolution speed = 89.11926614 code units/h
[Level 2 step 1284] Advanced 4096000 cells
[Level 3 step 2567] ADVANCE at time 16.0375 with dt = 0.00625
[Level 3 step 2567] average evolution speed = 89.10170076 code units/h
[Level 3 step 2567] Advanced 4096000 cells
[Level 3 step 2568] ADVANCE at time 16.04375 with dt = 0.00625
[Level 3 step 2568] average evolution speed = 89.11881909 code units/h
[Level 3 step 2568] Advanced 4096000 cells

[STEP 321] Coarse TimeStep time: 1.973331001
[STEP 321] FAB kilobyte spread across MPI nodes: [17299254 ... 17299254]

STEP = 321 TIME = 16.05 DT = 0.05

[Level 0 step 322] ADVANCE at time 16.05 with dt = 0.05
[Level 0 step 322] average evolution speed = 89.12910828 code units/h
[Level 0 step 322] Advanced 2097152 cells
[Level 1 step 643] ADVANCE at time 16.05 with dt = 0.025
[Level 1 step 643] average evolution speed = 89.11718938 code units/h
[Level 1 step 643] Advanced 4096000 cells
[Level 2 step 1285] ADVANCE at time 16.05 with dt = 0.0125
[Level 2 step 1285] average evolution speed = 89.09982288 code units/h
[Level 2 step 1285] Advanced 4096000 cells
[Level 3 step 2569] ADVANCE at time 16.05 with dt = 0.00625
[Level 3 step 2569] average evolution speed = 89.082335 code units/h
[Level 3 step 2569] Advanced 4096000 cells
[Level 3 step 2570] ADVANCE at time 16.05625 with dt = 0.00625
[Level 3 step 2570] average evolution speed = 89.09949965 code units/h
[Level 3 step 2570] Advanced 4096000 cells
[Level 2 step 1286] ADVANCE at time 16.0625 with dt = 0.0125
[Level 2 step 1286] average evolution speed = 89.11563542 code units/h
[Level 2 step 1286] Advanced 4096000 cells
[Level 3 step 2571] ADVANCE at time 16.0625 with dt = 0.00625
[Level 3 step 2571] average evolution speed = 89.09815979 code units/h
[Level 3 step 2571] Advanced 4096000 cells
[Level 3 step 2572] ADVANCE at time 16.06875 with dt = 0.00625
[Level 3 step 2572] average evolution speed = 89.11530216 code units/h
[Level 3 step 2572] Advanced 4096000 cells
NaN diagnostic: rank=0 level=3 component=1 name=h11
amrex::Abort::0::NaN in GRAMRLevel::post_timestep !!!
SIGABRT
See Backtrace.0 file for details
--------------------------------------------------------------------------
MPI_ABORT was invoked on rank 0 in communicator MPI_COMM_WORLD
  Proc: [[58823,0],0]
  Errorcode: 6

NOTE: invoking MPI_ABORT causes Open MPI to kill all MPI processes.
You may or may not see output from other processes, depending on
exactly when Open MPI kills them.
--------------------------------------------------------------------------
