Initializing AMReX (26.02-12-gd7da50458966)...
MPI initialized with 1 MPI processes
MPI initialized with thread support level 0
Initializing CUDA...
CUDA initialized with 1 device.
AMReX (26.02-12-gd7da50458966) initialized
GRTeclyn (unknown) initialized
Parameter: num_ghosts not found in parameter file. It has been set to its default value = 3.
Parameter: tag_buffer_size not found in parameter file. It has been set to its default value = 3.
Parameter: grid_buffer_size not found in parameter file. It has been set to its default value = 8.
Parameter: fill_ratio not found in parameter file. It has been set to its default value = 0.7.
Using single regrid threshold.
Parameter: lapse_shock_kappa not found in parameter file. It has been set to its default value = 0.
Parameter: extraction_center not found in parameter file. It has been set to its default value = 32 32 32.
Parameter: wormhole_lapse_core_fraction not found in parameter file. It has been set to its default value = 0.3.
Parameter: wormhole_lapse_core_power not found in parameter file. It has been set to its default value = 8.
Parameter: wormhole_boost_velocity_A not found in parameter file. It has been set to its default value = 0 0 0.
Parameter: wormhole_boost_velocity_B not found in parameter file. It has been set to its default value = -0 -0 -0.
Parameter: wormhole_seed_amplitude_A not found in parameter file. It has been set to its default value = 0.
Parameter: wormhole_seed_amplitude_B not found in parameter file. It has been set to its default value = 0.
Parameter: wormhole_seed_width_A not found in parameter file. It has been set to its default value = 0.
Parameter: wormhole_seed_width_B not found in parameter file. It has been set to its default value = 0.
Parameter: wormhole_helfer_width not found in parameter file. It has been set to its default value = 0.
Parameter: wormhole_helfer_power not found in parameter file. It has been set to its default value = 2.
Parameter: recipe_initial_data_file not found in parameter file. It has been set to its default value = .
Parameter: binary_diag_min_radius not found in parameter file. It has been set to its default value = 2.
Parameter: binary_diag_collapsed_lapse not found in parameter file. It has been set to its default value = 1e-06.
Parameter: binary_diag_collapsed_min_radius not found in parameter file. It has been set to its default value = 0.5.
Parameter: core_damping_lapse_start not found in parameter file. It has been set to its default value = 0.03.
Parameter: core_damping_lapse_full not found in parameter file. It has been set to its default value = 0.001.
Parameter: core_damping_tau not found in parameter file. It has been set to its default value = 0.25.
Parameter: core_damping_radius_start not found in parameter file. It has been set to its default value = 0.
Parameter: core_damping_radius_full not found in parameter file. It has been set to its default value = 0.
Parameter: core_damping_radius_from_time not found in parameter file. It has been set to its default value = 0.
Parameter: core_lapse_freeze not found in parameter file. It has been set to its default value = 0.
Parameter: core_freeze_radius_start not found in parameter file. It has been set to its default value = 0.
Parameter: core_freeze_radius_full not found in parameter file. It has been set to its default value = 0.
Parameter: core_freeze_from_time not found in parameter file. It has been set to its default value = 0.
Parameter: core_freeze_shift not found in parameter file. It has been set to its default value = 0.
Parameter: core_freeze_fill not found in parameter file. It has been set to its default value = 0.
Parameter: core_fill_radius_start not found in parameter file. It has been set to its default value = 0.
Parameter: core_fill_radius_full not found in parameter file. It has been set to its default value = 0.
Parameter: core_fill_from_time not found in parameter file. It has been set to its default value = 0.
Parameter: sponge_center not found in parameter file. It has been set to its default value = 32 32 32.
Parameter: tagging_center not found in parameter file. It has been set to its default value = 32 32 32.
Parameter: tagging_phi_weight not found in parameter file. It has been set to its default value = 0.
Parameter: tagging_K_weight not found in parameter file. It has been set to its default value = 0.
Parameter: rescale_det_h not found in parameter file. It has been set to its default value = 0.
Parameter: tagging_type = 2 warning: selects a geometric tagger (fixed or moving boxes), so regrid_threshold is ignored: refinement no longer responds to the solution at all.  Set tagging_L to control the boxes.!
Parameter: wormhole_centerA/B = 6.5 warning: throats are close enough that the analytic superposition error (O(b^2/d^2)) is no longer small; prefer constraint-solved initial data at this separation!
Parameter: wormhole_bare_mass/drainhole_mass_A/B = 2 warning: masses are large enough that the O(m/d) superposition error is no longer small; prefer the Helfer/Ning conformal-factor correction or constraint-solved initial data (Route B)!
Successfully read inputs file ... 
Parameter: wormhole_support_ramp_start not found in parameter file. It has been set to its default value = -1.
Parameter: wormhole_support_ramp_duration not found in parameter file. It has been set to its default value = 5.
Parameter: wormhole_support_causal_speed not found in parameter file. It has been set to its default value = 0.
Parameter: wormhole_metric_type not found in parameter file. It has been set to its default value = 1.
Successfully read inputs file ... 
grid_places() time: 0.00341811 new finest: 1
grid_places() time: 0.007043293 new finest: 2
grid_places() time: 0.006768953 new finest: 3
Now regridding at level lbase = 0
grid_places() time: 0.014715455 new finest: 3
STEP = 0 TIME = 0 : REGRID  with lbase = 0
  Level 1   150 grids  4915200 cells  29.296875 % of domain
            smallest grid: 32 x 32 x 32  biggest grid: 32 x 32 x 32
  Level 2   150 grids  4915200 cells  3.662109375 % of domain
            smallest grid: 32 x 32 x 32  biggest grid: 32 x 32 x 32
  Level 3   200 grids  6553600 cells  0.6103515625 % of domain
            smallest grid: 32 x 32 x 32  biggest grid: 32 x 32 x 32

INITIAL GRIDS 
  Level 0   64 grids  2097152 cells  100 % of domain
            smallest grid: 32 x 32 x 32  biggest grid: 32 x 32 x 32
  Level 1   150 grids  4915200 cells  29.296875 % of domain
            smallest grid: 32 x 32 x 32  biggest grid: 32 x 32 x 32
  Level 2   150 grids  4915200 cells  3.662109375 % of domain
            smallest grid: 32 x 32 x 32  biggest grid: 32 x 32 x 32
  Level 3   200 grids  6553600 cells  0.6103515625 % of domain
            smallest grid: 32 x 32 x 32  biggest grid: 32 x 32 x 32

PLOTFILE: file = /tmp/grteclyn_scratch/place_d65_step1/BinaryWormholePlt00000
Write plotfile time = 1.887017592  seconds

[Level 0 step 1] ADVANCE at time 0 with dt = 0.01
[Level 0 step 1] average evolution speed = 0 code units/h
[Level 0 step 1] Advanced 2097152 cells
[Level 1 step 1] ADVANCE at time 0 with dt = 0.005
[Level 1 step 1] average evolution speed = 0 code units/h
[Level 1 step 1] Advanced 4915200 cells
[Level 2 step 1] ADVANCE at time 0 with dt = 0.0025
[Level 2 step 1] average evolution speed = 0 code units/h
[Level 2 step 1] Advanced 4915200 cells
[Level 3 step 1] ADVANCE at time 0 with dt = 0.00125
[Level 3 step 1] average evolution speed = 0 code units/h
[Level 3 step 1] Advanced 6553600 cells
[Level 3 step 2] ADVANCE at time 0.00125 with dt = 0.00125
[Level 3 step 2] average evolution speed = 5.465592563 code units/h
[Level 3 step 2] Advanced 6553600 cells
[Level 2 step 2] ADVANCE at time 0.0025 with dt = 0.0025
[Level 2 step 2] average evolution speed = 8.386831635 code units/h
[Level 2 step 2] Advanced 4915200 cells
[Level 3 step 3] ADVANCE at time 0.0025 with dt = 0.00125
[Level 3 step 3] average evolution speed = 7.364716293 code units/h
[Level 3 step 3] Advanced 6553600 cells
[Level 3 step 4] ADVANCE at time 0.00375 with dt = 0.00125
[Level 3 step 4] average evolution speed = 9.510685435 code units/h
[Level 3 step 4] Advanced 6553600 cells
[Level 1 step 2] ADVANCE at time 0.005 with dt = 0.005
[Level 1 step 2] average evolution speed = 10.99081293 code units/h
[Level 1 step 2] Advanced 4915200 cells
[Level 2 step 3] ADVANCE at time 0.005 with dt = 0.0025
[Level 2 step 3] average evolution speed = 10.07255983 code units/h
[Level 2 step 3] Advanced 4915200 cells
[Level 3 step 5] ADVANCE at time 0.005 with dt = 0.00125
[Level 3 step 5] average evolution speed = 9.293887615 code units/h
[Level 3 step 5] Advanced 6553600 cells
[Level 3 step 6] ADVANCE at time 0.00625 with dt = 0.00125
[Level 3 step 6] average evolution speed = 10.54381343 code units/h
[Level 3 step 6] Advanced 6553600 cells
[Level 2 step 4] ADVANCE at time 0.0075 with dt = 0.0025
[Level 2 step 4] average evolution speed = 11.52831156 code units/h
[Level 2 step 4] Advanced 4915200 cells
[Level 3 step 7] ADVANCE at time 0.0075 with dt = 0.00125
[Level 3 step 7] average evolution speed = 10.83829844 code units/h
[Level 3 step 7] Advanced 6553600 cells
[Level 3 step 8] ADVANCE at time 0.00875 with dt = 0.00125
[Level 3 step 8] average evolution speed = 11.71767575 code units/h
[Level 3 step 8] Advanced 6553600 cells

[STEP 1] Coarse TimeStep time: 2.948725021
[STEP 1] FAB kilobyte spread across MPI nodes: [23603280 ... 23603280]

STEP = 1 TIME = 0.01 DT = 0.01

PLOTFILE: file = /tmp/grteclyn_scratch/place_d65_step1/BinaryWormholePlt00001
Write plotfile time = 1.851407716  seconds

Unused ParmParse Variables:
  [TOP]::hdf5_subpath(nvals = 1)  :: [hdf5]
  [TOP]::nonzero_asymptotic_values(nvals = 5)  :: [1.0, 1.0, 1.0, 1.0, 1.0]
  [TOP]::nonzero_asymptotic_vars(nvals = 5)  :: [chi, h11, h22, h33, lapse]
  [TOP]::write_extraction(nvals = 1)  :: [0]

Total GPU global memory (MB) spread across MPI: [81079 ... 81079]
Free  GPU global memory (MB) spread across MPI: [54274 ... 54274]
[The         Arena] max space (MB) allocated spread across MPI: [25068 ... 25068]
[The         Arena] max space (MB) used      spread across MPI: [23103 ... 23103]
[The Managed Arena] max space (MB) allocated spread across MPI: [8 ... 8]
[The Managed Arena] max space (MB) used      spread across MPI: [0 ... 0]
[The  Pinned Arena] max space (MB) allocated spread across MPI: [16 ... 16]
[The  Pinned Arena] max space (MB) used      spread across MPI: [9 ... 9]
AMReX (26.02-12-gd7da50458966) finalized
