[Level 1 step 6766] Advanced 4096000 cells
[Level 2 step 13531] ADVANCE at time 33.825 with dt = 0.0025
[Level 2 step 13531] average evolution speed = 13.04969548 code units/h
[Level 2 step 13531] Advanced 4096000 cells
[Level 3 step 27061] ADVANCE at time 33.825 with dt = 0.00125
[Level 3 step 27061] average evolution speed = 13.04951616 code units/h
[Level 3 step 27061] Advanced 4915200 cells
[Level 3 step 27062] ADVANCE at time 33.82625 with dt = 0.00125
[Level 3 step 27062] average evolution speed = 13.04978568 code units/h
[Level 3 step 27062] Advanced 4915200 cells
[Level 2 step 13532] ADVANCE at time 33.8275 with dt = 0.0025
[Level 2 step 13532] average evolution speed = 13.05004209 code units/h
[Level 2 step 13532] Advanced 4096000 cells
[Level 3 step 27063] ADVANCE at time 33.8275 with dt = 0.00125
[Level 3 step 27063] average evolution speed = 13.04986252 code units/h
[Level 3 step 27063] Advanced 4915200 cells
[Level 3 step 27064] ADVANCE at time 33.82875 with dt = 0.00125
[Level 3 step 27064] average evolution speed = 13.05013176 code units/h
[Level 3 step 27064] Advanced 4915200 cells

[STEP 3383] Coarse TimeStep time: 2.163026704
[STEP 3383] FAB kilobyte spread across MPI nodes: [30080106 ... 30080106]

STEP = 3383 TIME = 33.83 DT = 0.01

[Level 0 step 3384] ADVANCE at time 33.83 with dt = 0.01
[Level 0 step 3384] average evolution speed = 13.0503218 code units/h
[Level 0 step 3384] Advanced 2097152 cells
[Level 1 step 6767] ADVANCE at time 33.83 with dt = 0.005
[Level 1 step 6767] average evolution speed = 13.05020094 code units/h
[Level 1 step 6767] Advanced 4096000 cells
[Level 2 step 13533] ADVANCE at time 33.83 with dt = 0.0025
[Level 2 step 13533] average evolution speed = 13.05002264 code units/h
[Level 2 step 13533] Advanced 4096000 cells
[Level 3 step 27065] ADVANCE at time 33.83 with dt = 0.00125
[Level 3 step 27065] average evolution speed = 13.04984326 code units/h
[Level 3 step 27065] Advanced 4915200 cells
[Level 3 step 27066] ADVANCE at time 33.83125 with dt = 0.00125
[Level 3 step 27066] average evolution speed = 13.05011242 code units/h
[Level 3 step 27066] Advanced 4915200 cells
[Level 2 step 13534] ADVANCE at time 33.8325 with dt = 0.0025
[Level 2 step 13534] average evolution speed = 13.05036895 code units/h
[Level 2 step 13534] Advanced 4096000 cells
[Level 3 step 27067] ADVANCE at time 33.8325 with dt = 0.00125
[Level 3 step 27067] average evolution speed = 13.05018919 code units/h
[Level 3 step 27067] Advanced 4915200 cells
[Level 3 step 27068] ADVANCE at time 33.83375 with dt = 0.00125
[Level 3 step 27068] average evolution speed = 13.05045837 code units/h
[Level 3 step 27068] Advanced 4915200 cells
[Level 1 step 6768] ADVANCE at time 33.835 with dt = 0.005
[Level 1 step 6768] average evolution speed = 13.05070442 code units/h
[Level 1 step 6768] Advanced 4096000 cells
[Level 2 step 13535] ADVANCE at time 33.835 with dt = 0.0025
[Level 2 step 13535] average evolution speed = 13.05052605 code units/h
[Level 2 step 13535] Advanced 4096000 cells
[Level 3 step 27069] ADVANCE at time 33.835 with dt = 0.00125
[Level 3 step 27069] average evolution speed = 13.05034665 code units/h
[Level 3 step 27069] Advanced 4915200 cells
[Level 3 step 27070] ADVANCE at time 33.83625 with dt = 0.00125
[Level 3 step 27070] average evolution speed = 13.05061572 code units/h
[Level 3 step 27070] Advanced 4915200 cells
[Level 2 step 13536] ADVANCE at time 33.8375 with dt = 0.0025
[Level 2 step 13536] average evolution speed = 13.05087235 code units/h
[Level 2 step 13536] Advanced 4096000 cells
[Level 3 step 27071] ADVANCE at time 33.8375 with dt = 0.00125
[Level 3 step 27071] average evolution speed = 13.05069292 code units/h
[Level 3 step 27071] Advanced 4915200 cells
[Level 3 step 27072] ADVANCE at time 33.83875 with dt = 0.00125
[Level 3 step 27072] average evolution speed = 13.0509621 code units/h
[Level 3 step 27072] Advanced 4915200 cells

[STEP 3384] Coarse TimeStep time: 2.164138391
[STEP 3384] FAB kilobyte spread across MPI nodes: [30080106 ... 30080106]

STEP = 3384 TIME = 33.84 DT = 0.01

Now regridding at level lbase = 1
grid_places() time: 0.010869299 new finest: 3
TIME = 33.84 : REGRID  with lbase = 1
  Level 2   125 grids  4096000 cells  3.051757812 % of domain
            smallest grid: 32 x 32 x 32  biggest grid: 32 x 32 x 32
  Level 3   150 grids  4915200 cells  0.4577636719 % of domain
            smallest grid: 32 x 32 x 32  biggest grid: 32 x 32 x 32

[Level 0 step 3385] ADVANCE at time 33.84 with dt = 0.01
[Level 0 step 3385] average evolution speed = 13.05113133 code units/h
[Level 0 step 3385] Advanced 2097152 cells
[Level 1 step 6769] ADVANCE at time 33.84 with dt = 0.005
[Level 1 step 6769] average evolution speed = 13.05101117 code units/h
[Level 1 step 6769] Advanced 4096000 cells
[Level 2 step 13537] ADVANCE at time 33.84 with dt = 0.0025
[Level 2 step 13537] average evolution speed = 13.05083313 code units/h
[Level 2 step 13537] Advanced 4096000 cells
[Level 3 step 27073] ADVANCE at time 33.84 with dt = 0.00125
[Level 3 step 27073] average evolution speed = 13.05065307 code units/h
[Level 3 step 27073] Advanced 4915200 cells
[Level 3 step 27074] ADVANCE at time 33.84125 with dt = 0.00125
[Level 3 step 27074] average evolution speed = 13.05092132 code units/h
[Level 3 step 27074] Advanced 4915200 cells
[Level 2 step 13538] ADVANCE at time 33.8425 with dt = 0.0025
[Level 2 step 13538] average evolution speed = 13.051175 code units/h
[Level 2 step 13538] Advanced 4096000 cells
[Level 3 step 27075] ADVANCE at time 33.8425 with dt = 0.00125
[Level 3 step 27075] average evolution speed = 13.05099561 code units/h
[Level 3 step 27075] Advanced 4915200 cells
[Level 3 step 27076] ADVANCE at time 33.84375 with dt = 0.00125
[Level 3 step 27076] average evolution speed = 13.05126442 code units/h
[Level 3 step 27076] Advanced 4915200 cells
[Level 1 step 6770] ADVANCE at time 33.845 with dt = 0.005
[Level 1 step 6770] average evolution speed = 13.05150977 code units/h
[Level 1 step 6770] Advanced 4096000 cells
[Level 2 step 13539] ADVANCE at time 33.845 with dt = 0.0025
[Level 2 step 13539] average evolution speed = 13.05133108 code units/h
[Level 2 step 13539] Advanced 4096000 cells
[Level 3 step 27077] ADVANCE at time 33.845 with dt = 0.00125
[Level 3 step 27077] average evolution speed = 13.05115163 code units/h
[Level 3 step 27077] Advanced 4915200 cells
[Level 3 step 27078] ADVANCE at time 33.84625 with dt = 0.00125
[Level 3 step 27078] average evolution speed = 13.05142063 code units/h
[Level 3 step 27078] Advanced 4915200 cells
[Level 2 step 13540] ADVANCE at time 33.8475 with dt = 0.0025
[Level 2 step 13540] average evolution speed = 13.05167708 code units/h
[Level 2 step 13540] Advanced 4096000 cells
[Level 3 step 27079] ADVANCE at time 33.8475 with dt = 0.00125
[Level 3 step 27079] average evolution speed = 13.05149777 code units/h
[Level 3 step 27079] Advanced 4915200 cells
[Level 3 step 27080] ADVANCE at time 33.84875 with dt = 0.00125
[Level 3 step 27080] average evolution speed = 13.05176659 code units/h
[Level 3 step 27080] Advanced 4915200 cells

[STEP 3385] Coarse TimeStep time: 2.189858514
[STEP 3385] FAB kilobyte spread across MPI nodes: [30080106 ... 30080106]

STEP = 3385 TIME = 33.85 DT = 0.01

[Level 0 step 3386] ADVANCE at time 33.85 with dt = 0.01
[Level 0 step 3386] average evolution speed = 13.05194746 code units/h
[Level 0 step 3386] Advanced 2097152 cells
[Level 1 step 6771] ADVANCE at time 33.85 with dt = 0.005
[Level 1 step 6771] average evolution speed = 13.05181219 code units/h
[Level 1 step 6771] Advanced 4096000 cells
[Level 2 step 13541] ADVANCE at time 33.85 with dt = 0.0025
[Level 2 step 13541] average evolution speed = 13.0516332 code units/h
[Level 2 step 13541] Advanced 4096000 cells
[Level 3 step 27081] ADVANCE at time 33.85 with dt = 0.00125
[Level 3 step 27081] average evolution speed = 13.05145354 code units/h
[Level 3 step 27081] Advanced 4915200 cells
[Level 3 step 27082] ADVANCE at time 33.85125 with dt = 0.00125
[Level 3 step 27082] average evolution speed = 13.05172243 code units/h
[Level 3 step 27082] Advanced 4915200 cells
[Level 2 step 13542] ADVANCE at time 33.8525 with dt = 0.0025
[Level 2 step 13542] average evolution speed = 13.05197643 code units/h
[Level 2 step 13542] Advanced 4096000 cells
[Level 3 step 27083] ADVANCE at time 33.8525 with dt = 0.00125
[Level 3 step 27083] average evolution speed = 13.05179697 code units/h
[Level 3 step 27083] Advanced 4915200 cells
[Level 3 step 27084] ADVANCE at time 33.85375 with dt = 0.00125
[Level 3 step 27084] average evolution speed = 13.05206579 code units/h
[Level 3 step 27084] Advanced 4915200 cells
[Level 1 step 6772] ADVANCE at time 33.855 with dt = 0.005
[Level 1 step 6772] average evolution speed = 13.05231136 code units/h
[Level 1 step 6772] Advanced 4096000 cells
[Level 2 step 13543] ADVANCE at time 33.855 with dt = 0.0025
[Level 2 step 13543] average evolution speed = 13.05213306 code units/h
[Level 2 step 13543] Advanced 4096000 cells
[Level 3 step 27085] ADVANCE at time 33.855 with dt = 0.00125
[Level 3 step 27085] average evolution speed = 13.0519539 code units/h
[Level 3 step 27085] Advanced 4915200 cells
[Level 3 step 27086] ADVANCE at time 33.85625 with dt = 0.00125
[Level 3 step 27086] average evolution speed = 13.05222304 code units/h
[Level 3 step 27086] Advanced 4915200 cells
[Level 2 step 13544] ADVANCE at time 33.8575 with dt = 0.0025
[Level 2 step 13544] average evolution speed = 13.05247959 code units/h
[Level 2 step 13544] Advanced 4096000 cells
[Level 3 step 27087] ADVANCE at time 33.8575 with dt = 0.00125
[Level 3 step 27087] average evolution speed = 13.05230061 code units/h
[Level 3 step 27087] Advanced 4915200 cells
[Level 3 step 27088] ADVANCE at time 33.85875 with dt = 0.00125
[Level 3 step 27088] average evolution speed = 13.05256951 code units/h
[Level 3 step 27088] Advanced 4915200 cells

[STEP 3386] Coarse TimeStep time: 2.176606795
[STEP 3386] FAB kilobyte spread across MPI nodes: [30080106 ... 30080106]

STEP = 3386 TIME = 33.86 DT = 0.01

[Level 0 step 3387] ADVANCE at time 33.86 with dt = 0.01
[Level 0 step 3387] average evolution speed = 13.05276028 code units/h
[Level 0 step 3387] Advanced 2097152 cells
[Level 1 step 6773] ADVANCE at time 33.86 with dt = 0.005
[Level 1 step 6773] average evolution speed = 13.05263949 code units/h
[Level 1 step 6773] Advanced 4096000 cells
[Level 2 step 13545] ADVANCE at time 33.86 with dt = 0.0025
[Level 2 step 13545] average evolution speed = 13.05246094 code units/h
[Level 2 step 13545] Advanced 4096000 cells
[Level 3 step 27089] ADVANCE at time 33.86 with dt = 0.00125
[Level 3 step 27089] average evolution speed = 13.05228191 code units/h
[Level 3 step 27089] Advanced 4915200 cells
[Level 3 step 27090] ADVANCE at time 33.86125 with dt = 0.00125
[Level 3 step 27090] average evolution speed = 13.05255104 code units/h
