STEP = 4856 TIME = 48.56 DT = 0.01

Now regridding at level lbase = 1
grid_places() time: 0.021367648 new finest: 4
TIME = 48.56 : REGRID  with lbase = 1
  Level 2   150 grids  4915200 cells  3.662109375 % of domain
            smallest grid: 32 x 32 x 32  biggest grid: 32 x 32 x 32
  Level 3   210 grids  6881280 cells  0.6408691406 % of domain
            smallest grid: 32 x 32 x 32  biggest grid: 32 x 32 x 32
  Level 4   325 grids  9420800 cells  0.1096725464 % of domain
            smallest grid: 32 x 16 x 32  biggest grid: 32 x 32 x 32

[Level 0 step 4857] ADVANCE at time 48.56 with dt = 0.01
[Level 0 step 4857] average evolution speed = 4.63553357 code units/h
[Level 0 step 4857] Advanced 2097152 cells
[Level 1 step 9713] ADVANCE at time 48.56 with dt = 0.005
[Level 1 step 9713] average evolution speed = 4.63552275 code units/h
[Level 1 step 9713] Advanced 4096000 cells
[Level 2 step 19425] ADVANCE at time 48.56 with dt = 0.0025
[Level 2 step 19425] average evolution speed = 4.635507265 code units/h
[Level 2 step 19425] Advanced 4915200 cells
[Level 3 step 38849] ADVANCE at time 48.56 with dt = 0.00125
[Level 3 step 38849] average evolution speed = 4.63548884 code units/h
[Level 3 step 38849] Advanced 6881280 cells
[Level 4 step 77697] ADVANCE at time 48.56 with dt = 0.000625
[Level 4 step 77697] average evolution speed = 4.635463373 code units/h
[Level 4 step 77697] Advanced 9420800 cells
[Level 4 step 77698] ADVANCE at time 48.560625 with dt = 0.000625
[Level 4 step 77698] average evolution speed = 4.635487372 code units/h
[Level 4 step 77698] Advanced 9420800 cells
[Level 3 step 38850] ADVANCE at time 48.56125 with dt = 0.00125
[Level 3 step 38850] average evolution speed = 4.635509299 code units/h
[Level 3 step 38850] Advanced 6881280 cells
[Level 4 step 77699] ADVANCE at time 48.56125 with dt = 0.000625
[Level 4 step 77699] average evolution speed = 4.635483758 code units/h
[Level 4 step 77699] Advanced 9420800 cells
[Level 4 step 77700] ADVANCE at time 48.561875 with dt = 0.000625
[Level 4 step 77700] average evolution speed = 4.635507978 code units/h
[Level 4 step 77700] Advanced 9420800 cells
[Level 2 step 19426] ADVANCE at time 48.5625 with dt = 0.0025
[Level 2 step 19426] average evolution speed = 4.63552852 code units/h
[Level 2 step 19426] Advanced 4915200 cells
[Level 3 step 38851] ADVANCE at time 48.5625 with dt = 0.00125
[Level 3 step 38851] average evolution speed = 4.635510192 code units/h
[Level 3 step 38851] Advanced 6881280 cells
[Level 4 step 77701] ADVANCE at time 48.5625 with dt = 0.000625
[Level 4 step 77701] average evolution speed = 4.635484609 code units/h
[Level 4 step 77701] Advanced 9420800 cells
[Level 4 step 77702] ADVANCE at time 48.563125 with dt = 0.000625
[Level 4 step 77702] average evolution speed = 4.635508812 code units/h
[Level 4 step 77702] Advanced 9420800 cells
[Level 3 step 38852] ADVANCE at time 48.56375 with dt = 0.00125
[Level 3 step 38852] average evolution speed = 4.635530833 code units/h
[Level 3 step 38852] Advanced 6881280 cells
[Level 4 step 77703] ADVANCE at time 48.56375 with dt = 0.000625
[Level 4 step 77703] average evolution speed = 4.635505282 code units/h
[Level 4 step 77703] Advanced 9420800 cells
[Level 4 step 77704] ADVANCE at time 48.564375 with dt = 0.000625
[Level 4 step 77704] average evolution speed = 4.635529411 code units/h
[Level 4 step 77704] Advanced 9420800 cells
[Level 1 step 9714] ADVANCE at time 48.565 with dt = 0.005
[Level 1 step 9714] average evolution speed = 4.635548744 code units/h
[Level 1 step 9714] Advanced 4096000 cells
[Level 2 step 19427] ADVANCE at time 48.565 with dt = 0.0025
[Level 2 step 19427] average evolution speed = 4.635533347 code units/h
[Level 2 step 19427] Advanced 4915200 cells
[Level 3 step 38853] ADVANCE at time 48.565 with dt = 0.00125
[Level 3 step 38853] average evolution speed = 4.635514963 code units/h
[Level 3 step 38853] Advanced 6881280 cells
[Level 4 step 77705] ADVANCE at time 48.565 with dt = 0.000625
[Level 4 step 77705] average evolution speed = 4.63548936 code units/h
[Level 4 step 77705] Advanced 9420800 cells
[Level 4 step 77706] ADVANCE at time 48.565625 with dt = 0.000625
[Level 4 step 77706] average evolution speed = 4.63551352 code units/h
[Level 4 step 77706] Advanced 9420800 cells
[Level 3 step 38854] ADVANCE at time 48.56625 with dt = 0.00125
[Level 3 step 38854] average evolution speed = 4.635535449 code units/h
[Level 3 step 38854] Advanced 6881280 cells
[Level 4 step 77707] ADVANCE at time 48.56625 with dt = 0.000625
[Level 4 step 77707] average evolution speed = 4.635509915 code units/h
[Level 4 step 77707] Advanced 9420800 cells
[Level 4 step 77708] ADVANCE at time 48.566875 with dt = 0.000625
[Level 4 step 77708] average evolution speed = 4.635534091 code units/h
[Level 4 step 77708] Advanced 9420800 cells
[Level 2 step 19428] ADVANCE at time 48.5675 with dt = 0.0025
[Level 2 step 19428] average evolution speed = 4.635554193 code units/h
[Level 2 step 19428] Advanced 4915200 cells
[Level 3 step 38855] ADVANCE at time 48.5675 with dt = 0.00125
[Level 3 step 38855] average evolution speed = 4.635535797 code units/h
[Level 3 step 38855] Advanced 6881280 cells
[Level 4 step 77709] ADVANCE at time 48.5675 with dt = 0.000625
[Level 4 step 77709] average evolution speed = 4.635510145 code units/h
[Level 4 step 77709] Advanced 9420800 cells
[Level 4 step 77710] ADVANCE at time 48.568125 with dt = 0.000625
[Level 4 step 77710] average evolution speed = 4.635534234 code units/h
[Level 4 step 77710] Advanced 9420800 cells
[Level 3 step 38856] ADVANCE at time 48.56875 with dt = 0.00125
[Level 3 step 38856] average evolution speed = 4.635555798 code units/h
[Level 3 step 38856] Advanced 6881280 cells
[Level 4 step 77711] ADVANCE at time 48.56875 with dt = 0.000625
[Level 4 step 77711] average evolution speed = 4.63553025 code units/h
[Level 4 step 77711] Advanced 9420800 cells
[Level 4 step 77712] ADVANCE at time 48.569375 with dt = 0.000625
[Level 4 step 77712] average evolution speed = 4.635554327 code units/h
[Level 4 step 77712] Advanced 9420800 cells

[STEP 4857] Coarse TimeStep time: 7.809478971
[STEP 4857] FAB kilobyte spread across MPI nodes: [38520819 ... 38520819]

STEP = 4857 TIME = 48.57 DT = 0.01

[Level 0 step 4858] ADVANCE at time 48.57 with dt = 0.01
[Level 0 step 4858] average evolution speed = 4.6355322 code units/h
[Level 0 step 4858] Advanced 2097152 cells
[Level 1 step 9715] ADVANCE at time 48.57 with dt = 0.005
[Level 1 step 9715] average evolution speed = 4.635520673 code units/h
[Level 1 step 9715] Advanced 4096000 cells
[Level 2 step 19429] ADVANCE at time 48.57 with dt = 0.0025
[Level 2 step 19429] average evolution speed = 4.635505215 code units/h
[Level 2 step 19429] Advanced 4915200 cells
[Level 3 step 38857] ADVANCE at time 48.57 with dt = 0.00125
[Level 3 step 38857] average evolution speed = 4.635486792 code units/h
[Level 3 step 38857] Advanced 6881280 cells
[Level 4 step 77713] ADVANCE at time 48.57 with dt = 0.000625
[Level 4 step 77713] average evolution speed = 4.635461142 code units/h
[Level 4 step 77713] Advanced 9420800 cells
[Level 4 step 77714] ADVANCE at time 48.570625 with dt = 0.000625
[Level 4 step 77714] average evolution speed = 4.63548524 code units/h
[Level 4 step 77714] Advanced 9420800 cells
[Level 3 step 38858] ADVANCE at time 48.57125 with dt = 0.00125
[Level 3 step 38858] average evolution speed = 4.635506861 code units/h
[Level 3 step 38858] Advanced 6881280 cells
[Level 4 step 77715] ADVANCE at time 48.57125 with dt = 0.000625
[Level 4 step 77715] average evolution speed = 4.635481277 code units/h
[Level 4 step 77715] Advanced 9420800 cells
[Level 4 step 77716] ADVANCE at time 48.571875 with dt = 0.000625
[Level 4 step 77716] average evolution speed = 4.635505394 code units/h
[Level 4 step 77716] Advanced 9420800 cells
[Level 2 step 19430] ADVANCE at time 48.5725 with dt = 0.0025
[Level 2 step 19430] average evolution speed = 4.635525328 code units/h
[Level 2 step 19430] Advanced 4915200 cells
[Level 3 step 38859] ADVANCE at time 48.5725 with dt = 0.00125
[Level 3 step 38859] average evolution speed = 4.635506958 code units/h
[Level 3 step 38859] Advanced 6881280 cells
[Level 4 step 77717] ADVANCE at time 48.5725 with dt = 0.000625
[Level 4 step 77717] average evolution speed = 4.635481317 code units/h
[Level 4 step 77717] Advanced 9420800 cells
[Level 4 step 77718] ADVANCE at time 48.573125 with dt = 0.000625
[Level 4 step 77718] average evolution speed = 4.635505421 code units/h
[Level 4 step 77718] Advanced 9420800 cells
[Level 3 step 38860] ADVANCE at time 48.57375 with dt = 0.00125
[Level 3 step 38860] average evolution speed = 4.635527036 code units/h
[Level 3 step 38860] Advanced 6881280 cells
[Level 4 step 77719] ADVANCE at time 48.57375 with dt = 0.000625
[Level 4 step 77719] average evolution speed = 4.635501457 code units/h
[Level 4 step 77719] Advanced 9420800 cells
[Level 4 step 77720] ADVANCE at time 48.574375 with dt = 0.000625
[Level 4 step 77720] average evolution speed = 4.635525594 code units/h
[Level 4 step 77720] Advanced 9420800 cells
[Level 1 step 9716] ADVANCE at time 48.575 with dt = 0.005
[Level 1 step 9716] average evolution speed = 4.635544202 code units/h
[Level 1 step 9716] Advanced 4096000 cells
[Level 2 step 19431] ADVANCE at time 48.575 with dt = 0.0025
[Level 2 step 19431] average evolution speed = 4.635528784 code units/h
[Level 2 step 19431] Advanced 4915200 cells
[Level 3 step 38861] ADVANCE at time 48.575 with dt = 0.00125
[Level 3 step 38861] average evolution speed = 4.635510353 code units/h
[Level 3 step 38861] Advanced 6881280 cells
[Level 4 step 77721] ADVANCE at time 48.575 with dt = 0.000625
[Level 4 step 77721] average evolution speed = 4.635484723 code units/h
[Level 4 step 77721] Advanced 9420800 cells
[Level 4 step 77722] ADVANCE at time 48.575625 with dt = 0.000625
[Level 4 step 77722] average evolution speed = 4.635508698 code units/h
[Level 4 step 77722] Advanced 9420800 cells
[Level 3 step 38862] ADVANCE at time 48.57625 with dt = 0.00125
[Level 3 step 38862] average evolution speed = 4.635530634 code units/h
[Level 3 step 38862] Advanced 6881280 cells
[Level 4 step 77723] ADVANCE at time 48.57625 with dt = 0.000625
[Level 4 step 77723] average evolution speed = 4.635505078 code units/h
[Level 4 step 77723] Advanced 9420800 cells
[Level 4 step 77724] ADVANCE at time 48.576875 with dt = 0.000625
[Level 4 step 77724] average evolution speed = 4.635529235 code units/h
[Level 4 step 77724] Advanced 9420800 cells
[Level 2 step 19432] ADVANCE at time 48.5775 with dt = 0.0025
[Level 2 step 19432] average evolution speed = 4.6355497 code units/h
[Level 2 step 19432] Advanced 4915200 cells
[Level 3 step 38863] ADVANCE at time 48.5775 with dt = 0.00125
[Level 3 step 38863] average evolution speed = 4.635531301 code units/h
[Level 3 step 38863] Advanced 6881280 cells
[Level 4 step 77725] ADVANCE at time 48.5775 with dt = 0.000625
[Level 4 step 77725] average evolution speed = 4.635505638 code units/h
[Level 4 step 77725] Advanced 9420800 cells
[Level 4 step 77726] ADVANCE at time 48.578125 with dt = 0.000625
[Level 4 step 77726] average evolution speed = 4.635529721 code units/h
[Level 4 step 77726] Advanced 9420800 cells
[Level 3 step 38864] ADVANCE at time 48.57875 with dt = 0.00125
[Level 3 step 38864] average evolution speed = 4.635551358 code units/h
[Level 3 step 38864] Advanced 6881280 cells
[Level 4 step 77727] ADVANCE at time 48.57875 with dt = 0.000625
[Level 4 step 77727] average evolution speed = 4.635525793 code units/h
