Initializing AMReX (26.02-12-gd7da50458966)...
MPI initialized with 1 MPI processes
MPI initialized with thread support level 0
Initializing CUDA...
CUDA initialized with 1 device.
AMReX (26.02-12-gd7da50458966) initialized
GRTeclyn (5f988dbc) initialized
Parameter: verbosity not found in parameter file. It has been set to its default value = 0.
Parameter: num_ghosts not found in parameter file. It has been set to its default value = 3.
Parameter: tag_buffer_size not found in parameter file. It has been set to its default value = 3.
Parameter: grid_buffer_size not found in parameter file. It has been set to its default value = 8.
Parameter: fill_ratio not found in parameter file. It has been set to its default value = 0.7.
Using single regrid threshold.
Parameter: checkpoint_keep not found in parameter file. It has been set to its default value = 0.
Parameter: lapse_shock_kappa not found in parameter file. It has been set to its default value = 0.
Parameter: extraction_center not found in parameter file. It has been set to its default value = 32 32 32.
Parameter: wormhole_lapse_core_fraction not found in parameter file. It has been set to its default value = 0.3.
Parameter: wormhole_lapse_core_power not found in parameter file. It has been set to its default value = 8.
Parameter: wormhole_boost_velocity_A not found in parameter file. It has been set to its default value = 0 0 0.
Parameter: wormhole_boost_velocity_B not found in parameter file. It has been set to its default value = -0 -0 -0.
Parameter: wormhole_seed_amplitude_A not found in parameter file. It has been set to its default value = 0.
Parameter: wormhole_seed_amplitude_B not found in parameter file. It has been set to its default value = 0.
Parameter: wormhole_seed_width_A not found in parameter file. It has been set to its default value = 0.
Parameter: wormhole_seed_width_B not found in parameter file. It has been set to its default value = 0.
Parameter: wormhole_seed_l2_amplitude_A not found in parameter file. It has been set to its default value = 0.
Parameter: wormhole_seed_l2_amplitude_B not found in parameter file. It has been set to its default value = 0.
Parameter: wormhole_helfer_width not found in parameter file. It has been set to its default value = 0.
Parameter: wormhole_helfer_power not found in parameter file. It has been set to its default value = 2.
Parameter: constraint_solve_puncture_coefficient_A not found in parameter file. It has been set to its default value = 0.
Parameter: constraint_solve_puncture_coefficient_B not found in parameter file. It has been set to its default value = 0.
Parameter: constraint_solve_match_charge not found in parameter file. It has been set to its default value = 1.
Parameter: constraint_solve_match_tolerance not found in parameter file. It has been set to its default value = 1e-06.
Parameter: constraint_solve_match_max_iter not found in parameter file. It has been set to its default value = 10.
Parameter: constraint_solve_tolerance not found in parameter file. It has been set to its default value = 1e-10.
Parameter: constraint_solve_tolerance_abs not found in parameter file. It has been set to its default value = 0.
Parameter: constraint_solve_max_iter not found in parameter file. It has been set to its default value = 200.
Parameter: constraint_solve_max_newton not found in parameter file. It has been set to its default value = 30.
Parameter: constraint_solve_newton_tolerance not found in parameter file. It has been set to its default value = 1e-10.
Parameter: recipe_initial_data_file not found in parameter file. It has been set to its default value = .
Parameter: binary_diag_min_radius not found in parameter file. It has been set to its default value = 2.
Parameter: binary_diag_collapsed_lapse not found in parameter file. It has been set to its default value = 1e-06.
Parameter: binary_diag_collapsed_min_radius not found in parameter file. It has been set to its default value = 0.5.
Parameter: core_radial_profile not found in parameter file. It has been set to its default value = 0.
Parameter: core_profile_r_max not found in parameter file. It has been set to its default value = 2.
Parameter: core_profile_dr not found in parameter file. It has been set to its default value = 0.03125.
Parameter: core_profile_interval not found in parameter file. It has been set to its default value = 1.
Parameter: core_damping_lapse_start not found in parameter file. It has been set to its default value = 0.03.
Parameter: core_damping_lapse_full not found in parameter file. It has been set to its default value = 0.001.
Parameter: core_damping_tau not found in parameter file. It has been set to its default value = 0.25.
Parameter: core_damping_radius_start not found in parameter file. It has been set to its default value = 0.
Parameter: core_damping_radius_full not found in parameter file. It has been set to its default value = 0.
Parameter: core_damping_radius_from_time not found in parameter file. It has been set to its default value = 0.
Parameter: core_lapse_freeze not found in parameter file. It has been set to its default value = 0.
Parameter: core_freeze_radius_start not found in parameter file. It has been set to its default value = 0.
Parameter: core_freeze_radius_full not found in parameter file. It has been set to its default value = 0.
Parameter: core_freeze_from_time not found in parameter file. It has been set to its default value = 0.
Parameter: core_freeze_shift not found in parameter file. It has been set to its default value = 0.
Parameter: core_freeze_fill not found in parameter file. It has been set to its default value = 0.
Parameter: core_fill_radius_start not found in parameter file. It has been set to its default value = 0.
Parameter: core_fill_radius_full not found in parameter file. It has been set to its default value = 0.
Parameter: core_fill_from_time not found in parameter file. It has been set to its default value = 0.
Parameter: sponge_center not found in parameter file. It has been set to its default value = 32 32 32.
Parameter: tagging_center not found in parameter file. It has been set to its default value = 32 32 32.
Parameter: tagging_phi_weight not found in parameter file. It has been set to its default value = 0.
Parameter: tagging_K_weight not found in parameter file. It has been set to its default value = 0.
Parameter: rescale_det_h not found in parameter file. It has been set to its default value = 0.
Parameter: tagging_type = 2 warning: selects a geometric tagger (fixed or moving boxes), so regrid_threshold is ignored: refinement no longer responds to the solution at all.  Set tagging_L to control the boxes.!
Parameter: wormhole_support_ramp_start not found in parameter file. It has been set to its default value = -1.
Parameter: wormhole_support_ramp_duration not found in parameter file. It has been set to its default value = 5.
Parameter: wormhole_support_causal_speed not found in parameter file. It has been set to its default value = 0.
Parameter: wormhole_metric_type not found in parameter file. It has been set to its default value = 1.
Constraint solve: Newton 1, MLMG final residual 4.020698351e-11, max |w_new - w_old| = 0.001864030857
Constraint solve, far-side matching: start c = 2.160293863 2.160293863, max |M_far/M_iso - 1| = 0.0005132043244
Constraint solve: Newton 1, MLMG final residual 3.913488933e-11, max |w_new - w_old| = 0.001646297292
Constraint solve: Newton 1, MLMG final residual 1.305300312e-11, max |w_new - w_old| = 0.00155308792
Constraint solve: Newton 1, MLMG final residual 9.290254999e-12, max |w_new - w_old| = 0.003330459708
Constraint solve, far-side matching: pass 1, c = 2.158174589 2.158174589, max |M_far/M_iso - 1| = 1.154241547e-08
Constraint solve (Hamiltonian, t = 0): 1 Newton pass(es), last update 0.003330459708; far-side matching (mass and charge): 1 pass(es), 4 solves, max |M_far/M_iso - 1| = 1.154241547e-08
  puncture coefficient A 2.158174589 (superposed 2.155993361), B 2.158174589 (superposed 2.155993361)
  max |w| per level: 0.002420910594 0.002889100843 0.003149973285 0.003316341483
  M_ADM ~ 1.945213618 + 2 x 0.01942929935 = 1.984072216  (background mass + twice <r w> on the level-0 boundary; biased low by the Robin face)
  mouth A: c 2.158174589, coordinate scale 0.9682443524 (a 1.936488705, m 0.9682443524); d = -1.11226466 + w0 -0.002213627166 (level 3, r < 0.4841221762, 1904 cells)
    far-side mass -4.810477436 (1.000000012 x the isolated -4.810477381), far-side charge 3.034367982 (1 x 3.034367982); one-body drainhole a 1.999999949, m 0.9999999889
  mouth B: c 2.158174589, coordinate scale 0.9682443524 (a 1.936488705, m 0.9682443524); d = -1.11226466 + w0 -0.002213627167 (level 3, r < 0.4841221762, 1904 cells)
    far-side mass -4.810477436 (1.000000012 x the isolated -4.810477381), far-side charge 3.034367982 (1 x 3.034367982); one-body drainhole a 1.999999949, m 0.9999999889
  M_ADM = 2.120800937 (volume identity; tail 0.2100535378); one-body masses 1.999999978, M_ADM - their sum = 0.1208009597
[Level 0 step 1] average evolution speed = 0 code units/h
[Level 1 step 1] average evolution speed = 0 code units/h
[Level 2 step 1] average evolution speed = 0 code units/h
[Level 3 step 1] average evolution speed = 0 code units/h
[Level 3 step 2] average evolution speed = 3.571657523 code units/h
[Level 2 step 2] average evolution speed = 5.718126404 code units/h
[Level 3 step 3] average evolution speed = 4.686371871 code units/h
[Level 3 step 4] average evolution speed = 6.207071363 code units/h
[Level 1 step 2] average evolution speed = 7.304988164 code units/h
[Level 2 step 3] average evolution speed = 6.715733993 code units/h
[Level 3 step 5] average evolution speed = 5.996965404 code units/h
[Level 3 step 6] average evolution speed = 6.911398741 code units/h
[Level 2 step 4] average evolution speed = 7.661896279 code units/h
[Level 3 step 7] average evolution speed = 7.022171815 code units/h
[Level 3 step 8] average evolution speed = 7.68534897 code units/h
Unused ParmParse Variables:
  [TOP]::hdf5_subpath(nvals = 1)  :: [hdf5]
  [TOP]::nonzero_asymptotic_values(nvals = 5)  :: [1.0, 1.0, 1.0, 1.0, 1.0]
  [TOP]::nonzero_asymptotic_vars(nvals = 5)  :: [chi, h11, h22, h33, lapse]
  [TOP]::write_extraction(nvals = 1)  :: [0]

Total GPU global memory (MB) spread across MPI: [81079 ... 81079]
Free  GPU global memory (MB) spread across MPI: [43408 ... 43408]
[The         Arena] max space (MB) allocated spread across MPI: [35668 ... 35668]
[The         Arena] max space (MB) used      spread across MPI: [35082 ... 35082]
[The Managed Arena] max space (MB) allocated spread across MPI: [8 ... 8]
[The Managed Arena] max space (MB) used      spread across MPI: [0 ... 0]
[The  Pinned Arena] max space (MB) allocated spread across MPI: [24 ... 24]
[The  Pinned Arena] max space (MB) used      spread across MPI: [13 ... 13]
AMReX (26.02-12-gd7da50458966) finalized
