[Level 3 step 11519] average evolution speed = 18.15515902 code units/h
[Level 3 step 11519] Advanced 4096000 cells
[Level 3 step 11520] ADVANCE at time 14.39875 with dt = 0.00125
[Level 3 step 11520] average evolution speed = 18.15592091 code units/h
[Level 3 step 11520] Advanced 4096000 cells

[STEP 1440] Coarse TimeStep time: 1.983622686
[STEP 1440] FAB kilobyte spread across MPI nodes: [17299254 ... 17299254]

STEP = 1440 TIME = 14.4 DT = 0.01

Now regridding at level lbase = 0
grid_places() time: 0.016947524 new finest: 3
STEP = 1440 TIME = 14.4 : REGRID  with lbase = 0
  Level 1   125 grids  4096000 cells  24.4140625 % of domain
            smallest grid: 32 x 32 x 32  biggest grid: 32 x 32 x 32
  Level 2   125 grids  4096000 cells  3.051757812 % of domain
            smallest grid: 32 x 32 x 32  biggest grid: 32 x 32 x 32
  Level 3   125 grids  4096000 cells  0.3814697266 % of domain
            smallest grid: 32 x 32 x 32  biggest grid: 32 x 32 x 32

[Level 0 step 1441] ADVANCE at time 14.4 with dt = 0.01
[Level 0 step 1441] average evolution speed = 18.15613128 code units/h
[Level 0 step 1441] Advanced 2097152 cells
[Level 1 step 2881] ADVANCE at time 14.4 with dt = 0.005
[Level 1 step 2881] average evolution speed = 18.15553469 code units/h
[Level 1 step 2881] Advanced 4096000 cells
[Level 2 step 5761] ADVANCE at time 14.4 with dt = 0.0025
[Level 2 step 5761] average evolution speed = 18.15472845 code units/h
[Level 2 step 5761] Advanced 4096000 cells
[Level 3 step 11521] ADVANCE at time 14.4 with dt = 0.00125
[Level 3 step 11521] average evolution speed = 18.15391753 code units/h
[Level 3 step 11521] Advanced 4096000 cells
[Level 3 step 11522] ADVANCE at time 14.40125 with dt = 0.00125
[Level 3 step 11522] average evolution speed = 18.15467262 code units/h
[Level 3 step 11522] Advanced 4096000 cells
[Level 2 step 5762] ADVANCE at time 14.4025 with dt = 0.0025
[Level 2 step 5762] average evolution speed = 18.15537724 code units/h
[Level 2 step 5762] Advanced 4096000 cells
[Level 3 step 11523] ADVANCE at time 14.4025 with dt = 0.00125
[Level 3 step 11523] average evolution speed = 18.15456247 code units/h
[Level 3 step 11523] Advanced 4096000 cells
[Level 3 step 11524] ADVANCE at time 14.40375 with dt = 0.00125
[Level 3 step 11524] average evolution speed = 18.15532092 code units/h
[Level 3 step 11524] Advanced 4096000 cells
[Level 1 step 2882] ADVANCE at time 14.405 with dt = 0.005
[Level 1 step 2882] average evolution speed = 18.15597121 code units/h
[Level 1 step 2882] Advanced 4096000 cells
[Level 2 step 5763] ADVANCE at time 14.405 with dt = 0.0025
[Level 2 step 5763] average evolution speed = 18.15516065 code units/h
[Level 2 step 5763] Advanced 4096000 cells
[Level 3 step 11525] ADVANCE at time 14.405 with dt = 0.00125
[Level 3 step 11525] average evolution speed = 18.15434592 code units/h
[Level 3 step 11525] Advanced 4096000 cells
[Level 3 step 11526] ADVANCE at time 14.40625 with dt = 0.00125
[Level 3 step 11526] average evolution speed = 18.15510461 code units/h
[Level 3 step 11526] Advanced 4096000 cells
[Level 2 step 5764] ADVANCE at time 14.4075 with dt = 0.0025
[Level 2 step 5764] average evolution speed = 18.15581104 code units/h
[Level 2 step 5764] Advanced 4096000 cells
[Level 3 step 11527] ADVANCE at time 14.4075 with dt = 0.00125
[Level 3 step 11527] average evolution speed = 18.15499716 code units/h
[Level 3 step 11527] Advanced 4096000 cells
[Level 3 step 11528] ADVANCE at time 14.40875 with dt = 0.00125
[Level 3 step 11528] average evolution speed = 18.15575696 code units/h
[Level 3 step 11528] Advanced 4096000 cells

[STEP 1441] Coarse TimeStep time: 1.999996768
[STEP 1441] FAB kilobyte spread across MPI nodes: [17299254 ... 17299254]

STEP = 1441 TIME = 14.41 DT = 0.01

[Level 0 step 1442] ADVANCE at time 14.41 with dt = 0.01
[Level 0 step 1442] average evolution speed = 18.15616844 code units/h
[Level 0 step 1442] Advanced 2097152 cells
[Level 1 step 2883] ADVANCE at time 14.41 with dt = 0.005
[Level 1 step 2883] average evolution speed = 18.15556515 code units/h
[Level 1 step 2883] Advanced 4096000 cells
[Level 2 step 5765] ADVANCE at time 14.41 with dt = 0.0025
[Level 2 step 5765] average evolution speed = 18.15475674 code units/h
[Level 2 step 5765] Advanced 4096000 cells
[Level 3 step 11529] ADVANCE at time 14.41 with dt = 0.00125
[Level 3 step 11529] average evolution speed = 18.15394434 code units/h
[Level 3 step 11529] Advanced 4096000 cells
[Level 3 step 11530] ADVANCE at time 14.41125 with dt = 0.00125
[Level 3 step 11530] average evolution speed = 18.1547047 code units/h
[Level 3 step 11530] Advanced 4096000 cells
[Level 2 step 5766] ADVANCE at time 14.4125 with dt = 0.0025
[Level 2 step 5766] average evolution speed = 18.15541187 code units/h
[Level 2 step 5766] Advanced 4096000 cells
[Level 3 step 11531] ADVANCE at time 14.4125 with dt = 0.00125
[Level 3 step 11531] average evolution speed = 18.15459994 code units/h
[Level 3 step 11531] Advanced 4096000 cells
[Level 3 step 11532] ADVANCE at time 14.41375 with dt = 0.00125
[Level 3 step 11532] average evolution speed = 18.15536065 code units/h
[Level 3 step 11532] Advanced 4096000 cells
[Level 1 step 2884] ADVANCE at time 14.415 with dt = 0.005
[Level 1 step 2884] average evolution speed = 18.15602395 code units/h
[Level 1 step 2884] Advanced 4096000 cells
[Level 2 step 5767] ADVANCE at time 14.415 with dt = 0.0025
[Level 2 step 5767] average evolution speed = 18.15521711 code units/h
[Level 2 step 5767] Advanced 4096000 cells
[Level 3 step 11533] ADVANCE at time 14.415 with dt = 0.00125
[Level 3 step 11533] average evolution speed = 18.15440603 code units/h
[Level 3 step 11533] Advanced 4096000 cells
[Level 3 step 11534] ADVANCE at time 14.41625 with dt = 0.00125
[Level 3 step 11534] average evolution speed = 18.15516736 code units/h
[Level 3 step 11534] Advanced 4096000 cells
[Level 2 step 5768] ADVANCE at time 14.4175 with dt = 0.0025
[Level 2 step 5768] average evolution speed = 18.15587582 code units/h
[Level 2 step 5768] Advanced 4096000 cells
[Level 3 step 11535] ADVANCE at time 14.4175 with dt = 0.00125
[Level 3 step 11535] average evolution speed = 18.15506469 code units/h
[Level 3 step 11535] Advanced 4096000 cells
[Level 3 step 11536] ADVANCE at time 14.41875 with dt = 0.00125
[Level 3 step 11536] average evolution speed = 18.15582473 code units/h
[Level 3 step 11536] Advanced 4096000 cells

[STEP 1442] Coarse TimeStep time: 1.970326826
[STEP 1442] FAB kilobyte spread across MPI nodes: [17299254 ... 17299254]

STEP = 1442 TIME = 14.42 DT = 0.01

[Level 0 step 1443] ADVANCE at time 14.42 with dt = 0.01
[Level 0 step 1443] average evolution speed = 18.15624746 code units/h
[Level 0 step 1443] Advanced 2097152 cells
[Level 1 step 2885] ADVANCE at time 14.42 with dt = 0.005
[Level 1 step 2885] average evolution speed = 18.15564927 code units/h
[Level 1 step 2885] Advanced 4096000 cells
[Level 2 step 5769] ADVANCE at time 14.42 with dt = 0.0025
[Level 2 step 5769] average evolution speed = 18.1548421 code units/h
[Level 2 step 5769] Advanced 4096000 cells
[Level 3 step 11537] ADVANCE at time 14.42 with dt = 0.00125
[Level 3 step 11537] average evolution speed = 18.15403022 code units/h
[Level 3 step 11537] Advanced 4096000 cells
[Level 3 step 11538] ADVANCE at time 14.42125 with dt = 0.00125
[Level 3 step 11538] average evolution speed = 18.15478926 code units/h
[Level 3 step 11538] Advanced 4096000 cells
[Level 2 step 5770] ADVANCE at time 14.4225 with dt = 0.0025
[Level 2 step 5770] average evolution speed = 18.15549545 code units/h
[Level 2 step 5770] Advanced 4096000 cells
[Level 3 step 11539] ADVANCE at time 14.4225 with dt = 0.00125
[Level 3 step 11539] average evolution speed = 18.1546834 code units/h
[Level 3 step 11539] Advanced 4096000 cells
[Level 3 step 11540] ADVANCE at time 14.42375 with dt = 0.00125
[Level 3 step 11540] average evolution speed = 18.15544238 code units/h
[Level 3 step 11540] Advanced 4096000 cells
[Level 1 step 2886] ADVANCE at time 14.425 with dt = 0.005
[Level 1 step 2886] average evolution speed = 18.1560917 code units/h
[Level 1 step 2886] Advanced 4096000 cells
[Level 2 step 5771] ADVANCE at time 14.425 with dt = 0.0025
[Level 2 step 5771] average evolution speed = 18.15528498 code units/h
[Level 2 step 5771] Advanced 4096000 cells
[Level 3 step 11541] ADVANCE at time 14.425 with dt = 0.00125
[Level 3 step 11541] average evolution speed = 18.15447228 code units/h
[Level 3 step 11541] Advanced 4096000 cells
[Level 3 step 11542] ADVANCE at time 14.42625 with dt = 0.00125
[Level 3 step 11542] average evolution speed = 18.15522157 code units/h
[Level 3 step 11542] Advanced 4096000 cells
[Level 2 step 5772] ADVANCE at time 14.4275 with dt = 0.0025
[Level 2 step 5772] average evolution speed = 18.15592497 code units/h
[Level 2 step 5772] Advanced 4096000 cells
[Level 3 step 11543] ADVANCE at time 14.4275 with dt = 0.00125
[Level 3 step 11543] average evolution speed = 18.15511448 code units/h
[Level 3 step 11543] Advanced 4096000 cells
[Level 3 step 11544] ADVANCE at time 14.42875 with dt = 0.00125
[Level 3 step 11544] average evolution speed = 18.15587527 code units/h
[Level 3 step 11544] Advanced 4096000 cells

[STEP 1443] Coarse TimeStep time: 1.970264095
[STEP 1443] FAB kilobyte spread across MPI nodes: [17299254 ... 17299254]

STEP = 1443 TIME = 14.43 DT = 0.01

[Level 0 step 1444] ADVANCE at time 14.43 with dt = 0.01
[Level 0 step 1444] average evolution speed = 18.15632682 code units/h
[Level 0 step 1444] Advanced 2097152 cells
[Level 1 step 2887] ADVANCE at time 14.43 with dt = 0.005
[Level 1 step 2887] average evolution speed = 18.15578212 code units/h
[Level 1 step 2887] Advanced 4096000 cells
[Level 2 step 5773] ADVANCE at time 14.43 with dt = 0.0025
[Level 2 step 5773] average evolution speed = 18.15497744 code units/h
[Level 2 step 5773] Advanced 4096000 cells
[Level 3 step 11545] ADVANCE at time 14.43 with dt = 0.00125
[Level 3 step 11545] average evolution speed = 18.15416702 code units/h
[Level 3 step 11545] Advanced 4096000 cells
[Level 3 step 11546] ADVANCE at time 14.43125 with dt = 0.00125
[Level 3 step 11546] average evolution speed = 18.1549274 code units/h
[Level 3 step 11546] Advanced 4096000 cells
[Level 2 step 5774] ADVANCE at time 14.4325 with dt = 0.0025
[Level 2 step 5774] average evolution speed = 18.15564403 code units/h
[Level 2 step 5774] Advanced 4096000 cells
[Level 3 step 11547] ADVANCE at time 14.4325 with dt = 0.00125
[Level 3 step 11547] average evolution speed = 18.15483456 code units/h
[Level 3 step 11547] Advanced 4096000 cells
[Level 3 step 11548] ADVANCE at time 14.43375 with dt = 0.00125
[Level 3 step 11548] average evolution speed = 18.15559463 code units/h
[Level 3 step 11548] Advanced 4096000 cells
[Level 1 step 2888] ADVANCE at time 14.435 with dt = 0.005
[Level 1 step 2888] average evolution speed = 18.15624522 code units/h
