[Level 3 step 14062] average evolution speed = 12.6173983 code units/h
[Level 3 step 14062] Advanced 5734400 cells
[Level 2 step 7032] ADVANCE at time 17.5775 with dt = 0.0025
[Level 2 step 7032] average evolution speed = 12.61783249 code units/h
[Level 2 step 7032] Advanced 4915200 cells
[Level 3 step 14063] ADVANCE at time 17.5775 with dt = 0.00125
[Level 3 step 14063] average evolution speed = 12.61745674 code units/h
[Level 3 step 14063] Advanced 5734400 cells
[Level 3 step 14064] ADVANCE at time 17.57875 with dt = 0.00125
[Level 3 step 14064] average evolution speed = 12.61791558 code units/h
[Level 3 step 14064] Advanced 5734400 cells

[STEP 1758] Coarse TimeStep time: 2.425957087
[STEP 1758] FAB kilobyte spread across MPI nodes: [26031064 ... 26031064]

STEP = 1758 TIME = 17.58 DT = 0.01

[Level 0 step 1759] ADVANCE at time 17.58 with dt = 0.01
[Level 0 step 1759] average evolution speed = 12.6182298 code units/h
[Level 0 step 1759] Advanced 2097152 cells
[Level 1 step 3517] ADVANCE at time 17.58 with dt = 0.005
[Level 1 step 3517] average evolution speed = 12.6180111 code units/h
[Level 1 step 3517] Advanced 4096000 cells
[Level 2 step 7033] ADVANCE at time 17.58 with dt = 0.0025
[Level 2 step 7033] average evolution speed = 12.61769443 code units/h
[Level 2 step 7033] Advanced 4915200 cells
[Level 3 step 14065] ADVANCE at time 17.58 with dt = 0.00125
[Level 3 step 14065] average evolution speed = 12.61731832 code units/h
[Level 3 step 14065] Advanced 5734400 cells
[Level 3 step 14066] ADVANCE at time 17.58125 with dt = 0.00125
[Level 3 step 14066] average evolution speed = 12.61777721 code units/h
[Level 3 step 14066] Advanced 5734400 cells
[Level 2 step 7034] ADVANCE at time 17.5825 with dt = 0.0025
[Level 2 step 7034] average evolution speed = 12.61821121 code units/h
[Level 2 step 7034] Advanced 4915200 cells
[Level 3 step 14067] ADVANCE at time 17.5825 with dt = 0.00125
[Level 3 step 14067] average evolution speed = 12.61783652 code units/h
[Level 3 step 14067] Advanced 5734400 cells
[Level 3 step 14068] ADVANCE at time 17.58375 with dt = 0.00125
[Level 3 step 14068] average evolution speed = 12.61829514 code units/h
[Level 3 step 14068] Advanced 5734400 cells
[Level 1 step 3518] ADVANCE at time 17.585 with dt = 0.005
[Level 1 step 3518] average evolution speed = 12.61870654 code units/h
[Level 1 step 3518] Advanced 4096000 cells
[Level 2 step 7035] ADVANCE at time 17.585 with dt = 0.0025
[Level 2 step 7035] average evolution speed = 12.61839128 code units/h
[Level 2 step 7035] Advanced 4915200 cells
[Level 3 step 14069] ADVANCE at time 17.585 with dt = 0.00125
[Level 3 step 14069] average evolution speed = 12.61801522 code units/h
[Level 3 step 14069] Advanced 5734400 cells
[Level 3 step 14070] ADVANCE at time 17.58625 with dt = 0.00125
[Level 3 step 14070] average evolution speed = 12.61847397 code units/h
[Level 3 step 14070] Advanced 5734400 cells
[Level 2 step 7036] ADVANCE at time 17.5875 with dt = 0.0025
[Level 2 step 7036] average evolution speed = 12.61890751 code units/h
[Level 2 step 7036] Advanced 4915200 cells
[Level 3 step 14071] ADVANCE at time 17.5875 with dt = 0.00125
[Level 3 step 14071] average evolution speed = 12.61853261 code units/h
[Level 3 step 14071] Advanced 5734400 cells
[Level 3 step 14072] ADVANCE at time 17.58875 with dt = 0.00125
[Level 3 step 14072] average evolution speed = 12.61899106 code units/h
[Level 3 step 14072] Advanced 5734400 cells

[STEP 1759] Coarse TimeStep time: 2.425715365
[STEP 1759] FAB kilobyte spread across MPI nodes: [26031064 ... 26031064]

STEP = 1759 TIME = 17.59 DT = 0.01

[Level 0 step 1760] ADVANCE at time 17.59 with dt = 0.01
[Level 0 step 1760] average evolution speed = 12.61930423 code units/h
[Level 0 step 1760] Advanced 2097152 cells
[Level 1 step 3519] ADVANCE at time 17.59 with dt = 0.005
[Level 1 step 3519] average evolution speed = 12.6190853 code units/h
[Level 1 step 3519] Advanced 4096000 cells
[Level 2 step 7037] ADVANCE at time 17.59 with dt = 0.0025
[Level 2 step 7037] average evolution speed = 12.61876931 code units/h
[Level 2 step 7037] Advanced 4915200 cells
[Level 3 step 14073] ADVANCE at time 17.59 with dt = 0.00125
[Level 3 step 14073] average evolution speed = 12.61839327 code units/h
[Level 3 step 14073] Advanced 5734400 cells
[Level 3 step 14074] ADVANCE at time 17.59125 with dt = 0.00125
[Level 3 step 14074] average evolution speed = 12.61885182 code units/h
[Level 3 step 14074] Advanced 5734400 cells
[Level 2 step 7038] ADVANCE at time 17.5925 with dt = 0.0025
[Level 2 step 7038] average evolution speed = 12.61928529 code units/h
[Level 2 step 7038] Advanced 4915200 cells
[Level 3 step 14075] ADVANCE at time 17.5925 with dt = 0.00125
[Level 3 step 14075] average evolution speed = 12.61891034 code units/h
[Level 3 step 14075] Advanced 5734400 cells
[Level 3 step 14076] ADVANCE at time 17.59375 with dt = 0.00125
[Level 3 step 14076] average evolution speed = 12.61936854 code units/h
[Level 3 step 14076] Advanced 5734400 cells
[Level 1 step 3520] ADVANCE at time 17.595 with dt = 0.005
[Level 1 step 3520] average evolution speed = 12.61974108 code units/h
[Level 1 step 3520] Advanced 4096000 cells
[Level 2 step 7039] ADVANCE at time 17.595 with dt = 0.0025
[Level 2 step 7039] average evolution speed = 12.61942567 code units/h
[Level 2 step 7039] Advanced 4915200 cells
[Level 3 step 14077] ADVANCE at time 17.595 with dt = 0.00125
[Level 3 step 14077] average evolution speed = 12.61904947 code units/h
[Level 3 step 14077] Advanced 5734400 cells
[Level 3 step 14078] ADVANCE at time 17.59625 with dt = 0.00125
[Level 3 step 14078] average evolution speed = 12.6195076 code units/h
[Level 3 step 14078] Advanced 5734400 cells
[Level 2 step 7040] ADVANCE at time 17.5975 with dt = 0.0025
[Level 2 step 7040] average evolution speed = 12.61994104 code units/h
[Level 2 step 7040] Advanced 4915200 cells
[Level 3 step 14079] ADVANCE at time 17.5975 with dt = 0.00125
[Level 3 step 14079] average evolution speed = 12.61956648 code units/h
[Level 3 step 14079] Advanced 5734400 cells
[Level 3 step 14080] ADVANCE at time 17.59875 with dt = 0.00125
[Level 3 step 14080] average evolution speed = 12.62002474 code units/h
[Level 3 step 14080] Advanced 5734400 cells

[STEP 1760] Coarse TimeStep time: 2.4413311
[STEP 1760] FAB kilobyte spread across MPI nodes: [26031064 ... 26031064]

STEP = 1760 TIME = 17.6 DT = 0.01

Now regridding at level lbase = 0
grid_places() time: 0.014381514 new finest: 3
STEP = 1760 TIME = 17.6 : REGRID  with lbase = 0
  Level 1   125 grids  4096000 cells  24.4140625 % of domain
            smallest grid: 32 x 32 x 32  biggest grid: 32 x 32 x 32
  Level 2   150 grids  4915200 cells  3.662109375 % of domain
            smallest grid: 32 x 32 x 32  biggest grid: 32 x 32 x 32
  Level 3   175 grids  5734400 cells  0.5340576172 % of domain
            smallest grid: 32 x 32 x 32  biggest grid: 32 x 32 x 32

[Level 0 step 1761] ADVANCE at time 17.6 with dt = 0.01
[Level 0 step 1761] average evolution speed = 12.62028389 code units/h
[Level 0 step 1761] Advanced 2097152 cells
[Level 1 step 3521] ADVANCE at time 17.6 with dt = 0.005
[Level 1 step 3521] average evolution speed = 12.62006299 code units/h
[Level 1 step 3521] Advanced 4096000 cells
[Level 2 step 7041] ADVANCE at time 17.6 with dt = 0.0025
[Level 2 step 7041] average evolution speed = 12.61974535 code units/h
[Level 2 step 7041] Advanced 4915200 cells
[Level 3 step 14081] ADVANCE at time 17.6 with dt = 0.00125
[Level 3 step 14081] average evolution speed = 12.61936796 code units/h
[Level 3 step 14081] Advanced 5734400 cells
[Level 3 step 14082] ADVANCE at time 17.60125 with dt = 0.00125
[Level 3 step 14082] average evolution speed = 12.61982506 code units/h
[Level 3 step 14082] Advanced 5734400 cells
[Level 2 step 7042] ADVANCE at time 17.6025 with dt = 0.0025
[Level 2 step 7042] average evolution speed = 12.62025754 code units/h
[Level 2 step 7042] Advanced 4915200 cells
[Level 3 step 14083] ADVANCE at time 17.6025 with dt = 0.00125
[Level 3 step 14083] average evolution speed = 12.6198808 code units/h
[Level 3 step 14083] Advanced 5734400 cells
[Level 3 step 14084] ADVANCE at time 17.60375 with dt = 0.00125
[Level 3 step 14084] average evolution speed = 12.62033797 code units/h
[Level 3 step 14084] Advanced 5734400 cells
[Level 1 step 3522] ADVANCE at time 17.605 with dt = 0.005
[Level 1 step 3522] average evolution speed = 12.62074758 code units/h
[Level 1 step 3522] Advanced 4096000 cells
[Level 2 step 7043] ADVANCE at time 17.605 with dt = 0.0025
[Level 2 step 7043] average evolution speed = 12.62043112 code units/h
[Level 2 step 7043] Advanced 4915200 cells
[Level 3 step 14085] ADVANCE at time 17.605 with dt = 0.00125
[Level 3 step 14085] average evolution speed = 12.62005443 code units/h
[Level 3 step 14085] Advanced 5734400 cells
[Level 3 step 14086] ADVANCE at time 17.60625 with dt = 0.00125
[Level 3 step 14086] average evolution speed = 12.62051307 code units/h
[Level 3 step 14086] Advanced 5734400 cells
[Level 2 step 7044] ADVANCE at time 17.6075 with dt = 0.0025
[Level 2 step 7044] average evolution speed = 12.62094571 code units/h
[Level 2 step 7044] Advanced 4915200 cells
[Level 3 step 14087] ADVANCE at time 17.6075 with dt = 0.00125
[Level 3 step 14087] average evolution speed = 12.62057052 code units/h
[Level 3 step 14087] Advanced 5734400 cells
[Level 3 step 14088] ADVANCE at time 17.60875 with dt = 0.00125
[Level 3 step 14088] average evolution speed = 12.62102881 code units/h
[Level 3 step 14088] Advanced 5734400 cells

[STEP 1761] Coarse TimeStep time: 2.453465607
[STEP 1761] FAB kilobyte spread across MPI nodes: [26031064 ... 26031064]

STEP = 1761 TIME = 17.61 DT = 0.01

[Level 0 step 1762] ADVANCE at time 17.61 with dt = 0.01
[Level 0 step 1762] average evolution speed = 12.62134096 code units/h
[Level 0 step 1762] Advanced 2097152 cells
[Level 1 step 3523] ADVANCE at time 17.61 with dt = 0.005
[Level 1 step 3523] average evolution speed = 12.62111983 code units/h
[Level 1 step 3523] Advanced 4096000 cells
[Level 2 step 7045] ADVANCE at time 17.61 with dt = 0.0025
[Level 2 step 7045] average evolution speed = 12.62080338 code units/h
[Level 2 step 7045] Advanced 4915200 cells
[Level 3 step 14089] ADVANCE at time 17.61 with dt = 0.00125
[Level 3 step 14089] average evolution speed = 12.62042653 code units/h
[Level 3 step 14089] Advanced 5734400 cells
[Level 3 step 14090] ADVANCE at time 17.61125 with dt = 0.00125
[Level 3 step 14090] average evolution speed = 12.62088465 code units/h
[Level 3 step 14090] Advanced 5734400 cells
[Level 2 step 7046] ADVANCE at time 17.6125 with dt = 0.0025
[Level 2 step 7046] average evolution speed = 12.62131227 code units/h
[Level 2 step 7046] Advanced 4915200 cells
[Level 3 step 14091] ADVANCE at time 17.6125 with dt = 0.00125
[Level 3 step 14091] average evolution speed = 12.62093571 code units/h
