Initializing AMReX (26.02-12-gd7da50458966)...
MPI initialized with 1 MPI processes
MPI initialized with thread support level 0
Initializing CUDA...
CUDA initialized with 1 device.
AMReX (26.02-12-gd7da50458966) initialized
GRTeclyn (5f988dbc) initialized
Parameter: verbosity not found in parameter file. It has been set to its default value = 0.
Parameter: num_ghosts not found in parameter file. It has been set to its default value = 3.
Parameter: tag_buffer_size not found in parameter file. It has been set to its default value = 3.
Parameter: grid_buffer_size not found in parameter file. It has been set to its default value = 8.
Parameter: fill_ratio not found in parameter file. It has been set to its default value = 0.7.
Using single regrid threshold.
Parameter: checkpoint_keep not found in parameter file. It has been set to its default value = 0.
Parameter: lapse_shock_kappa not found in parameter file. It has been set to its default value = 0.
Parameter: extraction_center not found in parameter file. It has been set to its default value = 32 32 32.
Parameter: wormhole_lapse_core_fraction not found in parameter file. It has been set to its default value = 0.3.
Parameter: wormhole_lapse_core_power not found in parameter file. It has been set to its default value = 8.
Parameter: wormhole_boost_velocity_A not found in parameter file. It has been set to its default value = 0 0 0.
Parameter: wormhole_boost_velocity_B not found in parameter file. It has been set to its default value = -0 -0 -0.
Parameter: wormhole_seed_amplitude_A not found in parameter file. It has been set to its default value = 0.
Parameter: wormhole_seed_amplitude_B not found in parameter file. It has been set to its default value = 0.
Parameter: wormhole_seed_width_A not found in parameter file. It has been set to its default value = 0.
Parameter: wormhole_seed_width_B not found in parameter file. It has been set to its default value = 0.
Parameter: wormhole_seed_l2_amplitude_A not found in parameter file. It has been set to its default value = 0.
Parameter: wormhole_seed_l2_amplitude_B not found in parameter file. It has been set to its default value = 0.
Parameter: wormhole_helfer_width not found in parameter file. It has been set to its default value = 0.
Parameter: wormhole_helfer_power not found in parameter file. It has been set to its default value = 2.
Parameter: constraint_solve_puncture_coefficient_A not found in parameter file. It has been set to its default value = 0.
Parameter: constraint_solve_puncture_coefficient_B not found in parameter file. It has been set to its default value = 0.
Parameter: constraint_solve_match_charge not found in parameter file. It has been set to its default value = 1.
Parameter: constraint_solve_match_tolerance not found in parameter file. It has been set to its default value = 1e-06.
Parameter: constraint_solve_match_max_iter not found in parameter file. It has been set to its default value = 10.
Parameter: constraint_solve_tolerance not found in parameter file. It has been set to its default value = 1e-10.
Parameter: constraint_solve_tolerance_abs not found in parameter file. It has been set to its default value = 0.
Parameter: constraint_solve_max_iter not found in parameter file. It has been set to its default value = 200.
Parameter: constraint_solve_max_newton not found in parameter file. It has been set to its default value = 30.
Parameter: constraint_solve_newton_tolerance not found in parameter file. It has been set to its default value = 1e-10.
Parameter: recipe_initial_data_file not found in parameter file. It has been set to its default value = .
Parameter: binary_diag_min_radius not found in parameter file. It has been set to its default value = 2.
Parameter: binary_diag_collapsed_lapse not found in parameter file. It has been set to its default value = 1e-06.
Parameter: binary_diag_collapsed_min_radius not found in parameter file. It has been set to its default value = 0.5.
Parameter: core_radial_profile not found in parameter file. It has been set to its default value = 0.
Parameter: core_profile_r_max not found in parameter file. It has been set to its default value = 2.
Parameter: core_profile_dr not found in parameter file. It has been set to its default value = 0.03125.
Parameter: core_profile_interval not found in parameter file. It has been set to its default value = 1.
Parameter: core_damping_lapse_start not found in parameter file. It has been set to its default value = 0.03.
Parameter: core_damping_lapse_full not found in parameter file. It has been set to its default value = 0.001.
Parameter: core_damping_tau not found in parameter file. It has been set to its default value = 0.25.
Parameter: core_damping_radius_start not found in parameter file. It has been set to its default value = 0.
Parameter: core_damping_radius_full not found in parameter file. It has been set to its default value = 0.
Parameter: core_damping_radius_from_time not found in parameter file. It has been set to its default value = 0.
Parameter: core_lapse_freeze not found in parameter file. It has been set to its default value = 0.
Parameter: core_freeze_radius_start not found in parameter file. It has been set to its default value = 0.
Parameter: core_freeze_radius_full not found in parameter file. It has been set to its default value = 0.
Parameter: core_freeze_from_time not found in parameter file. It has been set to its default value = 0.
Parameter: core_freeze_shift not found in parameter file. It has been set to its default value = 0.
Parameter: core_freeze_fill not found in parameter file. It has been set to its default value = 0.
Parameter: core_fill_radius_start not found in parameter file. It has been set to its default value = 0.
Parameter: core_fill_radius_full not found in parameter file. It has been set to its default value = 0.
Parameter: core_fill_from_time not found in parameter file. It has been set to its default value = 0.
Parameter: sponge_center not found in parameter file. It has been set to its default value = 32 32 32.
Parameter: tagging_center not found in parameter file. It has been set to its default value = 32 32 32.
Parameter: tagging_phi_weight not found in parameter file. It has been set to its default value = 0.
Parameter: tagging_K_weight not found in parameter file. It has been set to its default value = 0.
Parameter: rescale_det_h not found in parameter file. It has been set to its default value = 0.
Parameter: tagging_type = 2 warning: selects a geometric tagger (fixed or moving boxes), so regrid_threshold is ignored: refinement no longer responds to the solution at all.  Set tagging_L to control the boxes.!
Parameter: wormhole_support_ramp_start not found in parameter file. It has been set to its default value = -1.
Parameter: wormhole_support_ramp_duration not found in parameter file. It has been set to its default value = 5.
Parameter: wormhole_support_causal_speed not found in parameter file. It has been set to its default value = 0.
Parameter: wormhole_metric_type not found in parameter file. It has been set to its default value = 1.
Constraint solve: Newton 1, MLMG final residual 6.12616069e-11, max |w_new - w_old| = 0.00739984055
Constraint solve, far-side matching: start c = 2.129673043 2.129673043, max |M_far/M_iso - 1| = 0.003048224873
Constraint solve: Newton 1, MLMG final residual 8.374634319e-12, max |w_new - w_old| = 0.001703284642
Constraint solve: Newton 1, MLMG final residual 1.323097187e-11, max |w_new - w_old| = 0.001516091613
Constraint solve: Newton 1, MLMG final residual 7.106516764e-11, max |w_new - w_old| = 0.01231581353
Constraint solve, far-side matching: pass 1, c = 2.11743776 2.11743776, max |M_far/M_iso - 1| = 1.049040219e-06
Constraint solve: Newton 1, MLMG final residual 8.397282869e-12, max |w_new - w_old| = 3.668434311e-06
Constraint solve, far-side matching: pass 2, c = 2.117433548 2.117433548, max |M_far/M_iso - 1| = 1.952396023e-10
Constraint solve (Hamiltonian, t = 0): 1 Newton pass(es), last update 3.668434311e-06; far-side matching (mass and charge): 2 pass(es), 5 solves, max |M_far/M_iso - 1| = 1.952396023e-10
  puncture coefficient A 2.117433548 (superposed 2.104556019), B 2.117433548 (superposed 2.104556019)
  max |w| per level: 0.01003307559 0.01270519486 0.01433322913 0.01513377134
  M_ADM ~ 1.915576601 + 2 x 0.08349079268 = 2.082558187  (background mass + twice <r w> on the level-0 boundary; biased low by the Robin face)
  mouth A: c 2.117433548, coordinate scale 0.9320332425 (a 1.864066485, m 0.9320332425); d = -1.124380701 + w0 -0.01154098681 (level 3, r < 0.4660166213, 1736 cells)
    far-side mass -4.810477382 (1 x the isolated -4.810477381), far-side charge 3.034367982 (1 x 3.034367982); one-body drainhole a 1.999999999, m 0.9999999998
  mouth B: c 2.117433548, coordinate scale 0.9320332425 (a 1.864066485, m 0.9320332425); d = -1.124380701 + w0 -0.01154098681 (level 3, r < 0.4660166213, 1736 cells)
    far-side mass -4.810477382 (1 x the isolated -4.810477381), far-side charge 3.034367982 (1 x 3.034367982); one-body drainhole a 1.999999999, m 0.9999999998
  M_ADM = 2.21869513 (volume identity; tail 0.04423267175); one-body masses 2, M_ADM - their sum = 0.2186951308
[Level 0 step 1] average evolution speed = 0 code units/h
[Level 1 step 1] average evolution speed = 0 code units/h
[Level 2 step 1] average evolution speed = 0 code units/h
[Level 3 step 1] average evolution speed = 0 code units/h
[Level 3 step 2] average evolution speed = 3.684488541 code units/h
[Level 2 step 2] average evolution speed = 5.616081764 code units/h
[Level 3 step 3] average evolution speed = 4.940367231 code units/h
[Level 3 step 4] average evolution speed = 6.202542689 code units/h
[Level 1 step 2] average evolution speed = 7.123876346 code units/h
[Level 2 step 3] average evolution speed = 6.66804154 code units/h
[Level 3 step 5] average evolution speed = 6.165100371 code units/h
[Level 3 step 6] average evolution speed = 6.95298206 code units/h
[Level 2 step 4] average evolution speed = 7.562508716 code units/h
[Level 3 step 7] average evolution speed = 7.124563089 code units/h
[Level 3 step 8] average evolution speed = 7.671947531 code units/h
Unused ParmParse Variables:
  [TOP]::hdf5_subpath(nvals = 1)  :: [hdf5]
  [TOP]::nonzero_asymptotic_values(nvals = 5)  :: [1.0, 1.0, 1.0, 1.0, 1.0]
  [TOP]::nonzero_asymptotic_vars(nvals = 5)  :: [chi, h11, h22, h33, lapse]
  [TOP]::write_extraction(nvals = 1)  :: [0]

Total GPU global memory (MB) spread across MPI: [81079 ... 81079]
Free  GPU global memory (MB) spread across MPI: [41844 ... 41844]
[The         Arena] max space (MB) allocated spread across MPI: [37247 ... 37247]
[The         Arena] max space (MB) used      spread across MPI: [34003 ... 34003]
[The Managed Arena] max space (MB) allocated spread across MPI: [8 ... 8]
[The Managed Arena] max space (MB) used      spread across MPI: [0 ... 0]
[The  Pinned Arena] max space (MB) allocated spread across MPI: [16 ... 16]
[The  Pinned Arena] max space (MB) used      spread across MPI: [12 ... 12]
AMReX (26.02-12-gd7da50458966) finalized
