[Level 2 step 20827] Advanced 4096000 cells
[Level 3 step 41653] ADVANCE at time 52.065 with dt = 0.00125
[Level 3 step 41653] average evolution speed = 2.677681722 code units/h
[Level 3 step 41653] Advanced 3686400 cells
[Level 4 step 83305] ADVANCE at time 52.065 with dt = 0.000625
[Level 4 step 83305] average evolution speed = 2.677677258 code units/h
[Level 4 step 83305] Advanced 4096000 cells
[Level 5 step 166609] ADVANCE at time 52.065 with dt = 0.0003125
[Level 5 step 166609] average evolution speed = 2.677672365 code units/h
[Level 5 step 166609] Advanced 4096000 cells
[Level 5 step 166610] ADVANCE at time 52.0653125 with dt = 0.0003125
[Level 5 step 166610] average evolution speed = 2.677683521 code units/h
[Level 5 step 166610] Advanced 4096000 cells
[Level 4 step 83306] ADVANCE at time 52.065625 with dt = 0.000625
[Level 4 step 83306] average evolution speed = 2.677694396 code units/h
[Level 4 step 83306] Advanced 4096000 cells
[Level 5 step 166611] ADVANCE at time 52.065625 with dt = 0.0003125
[Level 5 step 166611] average evolution speed = 2.677689506 code units/h
[Level 5 step 166611] Advanced 4096000 cells
[Level 5 step 166612] ADVANCE at time 52.0659375 with dt = 0.0003125
[Level 5 step 166612] average evolution speed = 2.677700669 code units/h
[Level 5 step 166612] Advanced 4096000 cells
[Level 3 step 41654] ADVANCE at time 52.06625 with dt = 0.00125
[Level 3 step 41654] average evolution speed = 2.677711255 code units/h
[Level 3 step 41654] Advanced 3686400 cells
[Level 4 step 83307] ADVANCE at time 52.06625 with dt = 0.000625
[Level 4 step 83307] average evolution speed = 2.677706786 code units/h
[Level 4 step 83307] Advanced 4096000 cells
[Level 5 step 166613] ADVANCE at time 52.06625 with dt = 0.0003125
[Level 5 step 166613] average evolution speed = 2.677701905 code units/h
[Level 5 step 166613] Advanced 4096000 cells
[Level 5 step 166614] ADVANCE at time 52.0665625 with dt = 0.0003125
[Level 5 step 166614] average evolution speed = 2.67771307 code units/h
[Level 5 step 166614] Advanced 4096000 cells
[Level 4 step 83308] ADVANCE at time 52.066875 with dt = 0.000625
[Level 4 step 83308] average evolution speed = 2.67772395 code units/h
[Level 4 step 83308] Advanced 4096000 cells
[Level 5 step 166615] ADVANCE at time 52.066875 with dt = 0.0003125
[Level 5 step 166615] average evolution speed = 2.677719065 code units/h
[Level 5 step 166615] Advanced 4096000 cells
[Level 5 step 166616] ADVANCE at time 52.0671875 with dt = 0.0003125
[Level 5 step 166616] average evolution speed = 2.677730227 code units/h
[Level 5 step 166616] Advanced 4096000 cells
[Level 2 step 20828] ADVANCE at time 52.0675 with dt = 0.0025
[Level 2 step 20828] average evolution speed = 2.677740549 code units/h
[Level 2 step 20828] Advanced 4096000 cells
[Level 3 step 41655] ADVANCE at time 52.0675 with dt = 0.00125
[Level 3 step 41655] average evolution speed = 2.677735656 code units/h
[Level 3 step 41655] Advanced 3686400 cells
[Level 4 step 83309] ADVANCE at time 52.0675 with dt = 0.000625
[Level 4 step 83309] average evolution speed = 2.677731189 code units/h
[Level 4 step 83309] Advanced 4096000 cells
[Level 5 step 166617] ADVANCE at time 52.0675 with dt = 0.0003125
[Level 5 step 166617] average evolution speed = 2.677726302 code units/h
[Level 5 step 166617] Advanced 4096000 cells
[Level 5 step 166618] ADVANCE at time 52.0678125 with dt = 0.0003125
[Level 5 step 166618] average evolution speed = 2.677737465 code units/h
[Level 5 step 166618] Advanced 4096000 cells
[Level 4 step 83310] ADVANCE at time 52.068125 with dt = 0.000625
[Level 4 step 83310] average evolution speed = 2.677748336 code units/h
[Level 4 step 83310] Advanced 4096000 cells
[Level 5 step 166619] ADVANCE at time 52.068125 with dt = 0.0003125
[Level 5 step 166619] average evolution speed = 2.677743447 code units/h
[Level 5 step 166619] Advanced 4096000 cells
[Level 5 step 166620] ADVANCE at time 52.0684375 with dt = 0.0003125
[Level 5 step 166620] average evolution speed = 2.67775461 code units/h
[Level 5 step 166620] Advanced 4096000 cells
[Level 3 step 41656] ADVANCE at time 52.06875 with dt = 0.00125
[Level 3 step 41656] average evolution speed = 2.6777652 code units/h
[Level 3 step 41656] Advanced 3686400 cells
[Level 4 step 83311] ADVANCE at time 52.06875 with dt = 0.000625
[Level 4 step 83311] average evolution speed = 2.677760736 code units/h
[Level 4 step 83311] Advanced 4096000 cells
[Level 5 step 166621] ADVANCE at time 52.06875 with dt = 0.0003125
[Level 5 step 166621] average evolution speed = 2.677755846 code units/h
[Level 5 step 166621] Advanced 4096000 cells
[Level 5 step 166622] ADVANCE at time 52.0690625 with dt = 0.0003125
[Level 5 step 166622] average evolution speed = 2.677767011 code units/h
[Level 5 step 166622] Advanced 4096000 cells
[Level 4 step 83312] ADVANCE at time 52.069375 with dt = 0.000625
[Level 4 step 83312] average evolution speed = 2.677777878 code units/h
[Level 4 step 83312] Advanced 4096000 cells
[Level 5 step 166623] ADVANCE at time 52.069375 with dt = 0.0003125
[Level 5 step 166623] average evolution speed = 2.677772992 code units/h
[Level 5 step 166623] Advanced 4096000 cells
[Level 5 step 166624] ADVANCE at time 52.0696875 with dt = 0.0003125
[Level 5 step 166624] average evolution speed = 2.677784155 code units/h
[Level 5 step 166624] Advanced 4096000 cells

[STEP 5207] Coarse TimeStep time: 8.20782513
[STEP 5207] FAB kilobyte spread across MPI nodes: [44641614 ... 44641614]

STEP = 5207 TIME = 52.07 DT = 0.01

Now regridding at level lbase = 4
grid_places() time: 0.005694890002 new finest: 5
TIME = 52.07 : REGRID  with lbase = 4
  Level 5   125 grids  4096000 cells  0.005960464478 % of domain
            smallest grid: 32 x 32 x 32  biggest grid: 32 x 32 x 32

[Level 0 step 5208] ADVANCE at time 52.07 with dt = 0.01
[Level 0 step 5208] average evolution speed = 2.677792593 code units/h
[Level 0 step 5208] Advanced 2097152 cells
[Level 1 step 10415] ADVANCE at time 52.07 with dt = 0.005
[Level 1 step 10415] average evolution speed = 2.677789265 code units/h
[Level 1 step 10415] Advanced 4096000 cells
[Level 2 step 20829] ADVANCE at time 52.07 with dt = 0.0025
[Level 2 step 20829] average evolution speed = 2.677784423 code units/h
[Level 2 step 20829] Advanced 4096000 cells
[Level 3 step 41657] ADVANCE at time 52.07 with dt = 0.00125
[Level 3 step 41657] average evolution speed = 2.677779535 code units/h
[Level 3 step 41657] Advanced 3686400 cells
[Level 4 step 83313] ADVANCE at time 52.07 with dt = 0.000625
[Level 4 step 83313] average evolution speed = 2.677775071 code units/h
[Level 4 step 83313] Advanced 4096000 cells
[Level 5 step 166625] ADVANCE at time 52.07 with dt = 0.0003125
[Level 5 step 166625] average evolution speed = 2.677770189 code units/h
[Level 5 step 166625] Advanced 4096000 cells
[Level 5 step 166626] ADVANCE at time 52.0703125 with dt = 0.0003125
[Level 5 step 166626] average evolution speed = 2.677781329 code units/h
[Level 5 step 166626] Advanced 4096000 cells
[Level 4 step 83314] ADVANCE at time 52.070625 with dt = 0.000625
[Level 4 step 83314] average evolution speed = 2.677792199 code units/h
[Level 4 step 83314] Advanced 4096000 cells
[Level 5 step 166627] ADVANCE at time 52.070625 with dt = 0.0003125
[Level 5 step 166627] average evolution speed = 2.67778731 code units/h
[Level 5 step 166627] Advanced 4096000 cells
[Level 5 step 166628] ADVANCE at time 52.0709375 with dt = 0.0003125
[Level 5 step 166628] average evolution speed = 2.677798468 code units/h
[Level 5 step 166628] Advanced 4096000 cells
[Level 3 step 41658] ADVANCE at time 52.07125 with dt = 0.00125
[Level 3 step 41658] average evolution speed = 2.677809062 code units/h
[Level 3 step 41658] Advanced 3686400 cells
[Level 4 step 83315] ADVANCE at time 52.07125 with dt = 0.000625
[Level 4 step 83315] average evolution speed = 2.677804599 code units/h
[Level 4 step 83315] Advanced 4096000 cells
[Level 5 step 166629] ADVANCE at time 52.07125 with dt = 0.0003125
[Level 5 step 166629] average evolution speed = 2.677799715 code units/h
[Level 5 step 166629] Advanced 4096000 cells
[Level 5 step 166630] ADVANCE at time 52.0715625 with dt = 0.0003125
[Level 5 step 166630] average evolution speed = 2.677810872 code units/h
[Level 5 step 166630] Advanced 4096000 cells
[Level 4 step 83316] ADVANCE at time 52.071875 with dt = 0.000625
[Level 4 step 83316] average evolution speed = 2.677821753 code units/h
[Level 4 step 83316] Advanced 4096000 cells
[Level 5 step 166631] ADVANCE at time 52.071875 with dt = 0.0003125
[Level 5 step 166631] average evolution speed = 2.677816869 code units/h
[Level 5 step 166631] Advanced 4096000 cells
[Level 5 step 166632] ADVANCE at time 52.0721875 with dt = 0.0003125
[Level 5 step 166632] average evolution speed = 2.677828026 code units/h
[Level 5 step 166632] Advanced 4096000 cells
[Level 2 step 20830] ADVANCE at time 52.0725 with dt = 0.0025
[Level 2 step 20830] average evolution speed = 2.677838354 code units/h
[Level 2 step 20830] Advanced 4096000 cells
[Level 3 step 41659] ADVANCE at time 52.0725 with dt = 0.00125
[Level 3 step 41659] average evolution speed = 2.677833462 code units/h
[Level 3 step 41659] Advanced 3686400 cells
[Level 4 step 83317] ADVANCE at time 52.0725 with dt = 0.000625
[Level 4 step 83317] average evolution speed = 2.677828991 code units/h
[Level 4 step 83317] Advanced 4096000 cells
[Level 5 step 166633] ADVANCE at time 52.0725 with dt = 0.0003125
[Level 5 step 166633] average evolution speed = 2.677824097 code units/h
[Level 5 step 166633] Advanced 4096000 cells
[Level 5 step 166634] ADVANCE at time 52.0728125 with dt = 0.0003125
[Level 5 step 166634] average evolution speed = 2.677835252 code units/h
[Level 5 step 166634] Advanced 4096000 cells
[Level 4 step 83318] ADVANCE at time 52.073125 with dt = 0.000625
[Level 4 step 83318] average evolution speed = 2.677846129 code units/h
[Level 4 step 83318] Advanced 4096000 cells
[Level 5 step 166635] ADVANCE at time 52.073125 with dt = 0.0003125
[Level 5 step 166635] average evolution speed = 2.677841238 code units/h
[Level 5 step 166635] Advanced 4096000 cells
[Level 5 step 166636] ADVANCE at time 52.0734375 with dt = 0.0003125
[Level 5 step 166636] average evolution speed = 2.677852393 code units/h
[Level 5 step 166636] Advanced 4096000 cells
[Level 3 step 41660] ADVANCE at time 52.07375 with dt = 0.00125
[Level 3 step 41660] average evolution speed = 2.677862988 code units/h
[Level 3 step 41660] Advanced 3686400 cells
[Level 4 step 83319] ADVANCE at time 52.07375 with dt = 0.000625
[Level 4 step 83319] average evolution speed = 2.677858525 code units/h
[Level 4 step 83319] Advanced 4096000 cells
[Level 5 step 166637] ADVANCE at time 52.07375 with dt = 0.0003125
[Level 5 step 166637] average evolution speed = 2.677853635 code units/h
[Level 5 step 166637] Advanced 4096000 cells
[Level 5 step 166638] ADVANCE at time 52.0740625 with dt = 0.0003125
[Level 5 step 166638] average evolution speed = 2.677864784 code units/h
[Level 5 step 166638] Advanced 4096000 cells
NaN diagnostic: rank=0 level=4 component=1 name=h11
amrex::Abort::0::NaN in GRAMRLevel::post_timestep !!!
SIGABRT
See Backtrace.0 file for details
--------------------------------------------------------------------------
MPI_ABORT was invoked on rank 0 in communicator MPI_COMM_WORLD
  Proc: [[27868,0],0]
  Errorcode: 6

NOTE: invoking MPI_ABORT causes Open MPI to kill all MPI processes.
You may or may not see output from other processes, depending on
exactly when Open MPI kills them.
--------------------------------------------------------------------------
