Initializing AMReX (26.02-12-gd7da50458966)...
MPI initialized with 1 MPI processes
MPI initialized with thread support level 0
Initializing CUDA...
CUDA initialized with 1 device.
AMReX (26.02-12-gd7da50458966) initialized
GRTeclyn (unknown) initialized
Parameter: num_ghosts not found in parameter file. It has been set to its default value = 3.
Parameter: tag_buffer_size not found in parameter file. It has been set to its default value = 3.
Parameter: grid_buffer_size not found in parameter file. It has been set to its default value = 8.
Parameter: fill_ratio not found in parameter file. It has been set to its default value = 0.7.
Using single regrid threshold.
Parameter: max_steps not found in parameter file. It has been set to its default value = 1000000.
Parameter: lapse_shock_kappa not found in parameter file. It has been set to its default value = 0.
Parameter: nan_autopsy not found in parameter file. It has been set to its default value = 0.
Parameter: chi_rhs_floor not found in parameter file. It has been set to its default value = 0.
Parameter: extraction_file_prefix not found in parameter file. It has been set to its default value = Weyl4_extraction_.
Parameter: integral_file_prefix not found in parameter file. It has been set to its default value = Weyl4_mode_.
Parameter: lapse_power = 2 warning: set to 1.0 for 1+log slicing!
Parameter: wormhole_lapse_core_fraction not found in parameter file. It has been set to its default value = 0.3.
Parameter: wormhole_lapse_core_power not found in parameter file. It has been set to its default value = 8.
Parameter: wormhole_boost_velocity_A not found in parameter file. It has been set to its default value = 0 0 0.
Parameter: wormhole_boost_velocity_B not found in parameter file. It has been set to its default value = -0 -0 -0.
Parameter: wormhole_seed_amplitude_A not found in parameter file. It has been set to its default value = 0.
Parameter: wormhole_seed_amplitude_B not found in parameter file. It has been set to its default value = 0.
Parameter: wormhole_seed_width_A not found in parameter file. It has been set to its default value = 0.
Parameter: wormhole_seed_width_B not found in parameter file. It has been set to its default value = 0.
Parameter: wormhole_helfer_correction not found in parameter file. It has been set to its default value = 0.
Parameter: wormhole_helfer_width not found in parameter file. It has been set to its default value = 0.
Parameter: wormhole_helfer_power not found in parameter file. It has been set to its default value = 2.
Parameter: recipe_initial_data_file not found in parameter file. It has been set to its default value = .
Parameter: binary_diag_min_radius not found in parameter file. It has been set to its default value = 2.
Parameter: binary_diag_collapsed_lapse not found in parameter file. It has been set to its default value = 1e-06.
Parameter: binary_diag_collapsed_min_radius not found in parameter file. It has been set to its default value = 0.5.
Parameter: core_damping_tau not found in parameter file. It has been set to its default value = 0.25.
Parameter: core_damping_radius_start not found in parameter file. It has been set to its default value = 0.
Parameter: core_damping_radius_full not found in parameter file. It has been set to its default value = 0.
Parameter: core_damping_radius_from_time not found in parameter file. It has been set to its default value = 0.
Parameter: core_lapse_freeze not found in parameter file. It has been set to its default value = 0.
Parameter: core_freeze_radius_start not found in parameter file. It has been set to its default value = 0.
Parameter: core_freeze_radius_full not found in parameter file. It has been set to its default value = 0.
Parameter: core_freeze_from_time not found in parameter file. It has been set to its default value = 0.
Parameter: core_freeze_shift not found in parameter file. It has been set to its default value = 0.
Parameter: core_freeze_fill not found in parameter file. It has been set to its default value = 0.
Parameter: core_fill_radius_start not found in parameter file. It has been set to its default value = 0.
Parameter: core_fill_radius_full not found in parameter file. It has been set to its default value = 0.
Parameter: core_fill_from_time not found in parameter file. It has been set to its default value = 0.
Parameter: sponge_center not found in parameter file. It has been set to its default value = 32 32 32.
Parameter: tagging_center not found in parameter file. It has been set to its default value = 32 32 32.
Parameter: tagging_phi_weight not found in parameter file. It has been set to its default value = 0.
Parameter: tagging_K_weight not found in parameter file. It has been set to its default value = 0.
Parameter: rescale_det_h not found in parameter file. It has been set to its default value = 0.
Parameter: tagging_type = 2 warning: selects a geometric tagger (fixed or moving boxes), so regrid_threshold is ignored: refinement no longer responds to the solution at all.  Set tagging_L to control the boxes.!
Successfully read inputs file ... 
Parameter: wormhole_support_ramp_start not found in parameter file. It has been set to its default value = -1.
Parameter: wormhole_support_ramp_duration not found in parameter file. It has been set to its default value = 5.
Parameter: wormhole_support_causal_speed not found in parameter file. It has been set to its default value = 0.
Parameter: wormhole_metric_type not found in parameter file. It has been set to its default value = 1.
Successfully read inputs file ... 
grid_places() time: 0.095592278 new finest: 1
grid_places() time: 0.107940416 new finest: 2
grid_places() time: 0.132315655 new finest: 3
Now regridding at level lbase = 0
grid_places() time: 0.284828506 new finest: 3
STEP = 0 TIME = 0 : REGRID  with lbase = 0
  Level 1   150 grids  4915200 cells  29.296875 % of domain
            smallest grid: 32 x 32 x 32  biggest grid: 32 x 32 x 32
  Level 2   200 grids  6553600 cells  4.8828125 % of domain
            smallest grid: 32 x 32 x 32  biggest grid: 32 x 32 x 32
  Level 3   275 grids  9011200 cells  0.8392333984 % of domain
            smallest grid: 32 x 32 x 32  biggest grid: 32 x 32 x 32

INITIAL GRIDS 
  Level 0   64 grids  2097152 cells  100 % of domain
            smallest grid: 32 x 32 x 32  biggest grid: 32 x 32 x 32
  Level 1   150 grids  4915200 cells  29.296875 % of domain
            smallest grid: 32 x 32 x 32  biggest grid: 32 x 32 x 32
  Level 2   200 grids  6553600 cells  4.8828125 % of domain
            smallest grid: 32 x 32 x 32  biggest grid: 32 x 32 x 32
  Level 3   275 grids  9011200 cells  0.8392333984 % of domain
            smallest grid: 32 x 32 x 32  biggest grid: 32 x 32 x 32

PLOTFILE: file = /tmp/grteclyn_scratch/merge_twin_p012_lp2_t060/BinaryWormholePlt00000
Write plotfile time = 19.12911811  seconds

[Level 0 step 1] ADVANCE at time 0 with dt = 0.01
[Level 0 step 1] average evolution speed = 0 code units/h
[Level 0 step 1] Advanced 2097152 cells
[Level 1 step 1] ADVANCE at time 0 with dt = 0.005
[Level 1 step 1] average evolution speed = 0 code units/h
[Level 1 step 1] Advanced 4915200 cells
[Level 2 step 1] ADVANCE at time 0 with dt = 0.0025
[Level 2 step 1] average evolution speed = 0 code units/h
[Level 2 step 1] Advanced 6553600 cells
[Level 3 step 1] ADVANCE at time 0 with dt = 0.00125
[Level 3 step 1] average evolution speed = 0 code units/h
amrex::Abort::0::Arena out of memory!!!
Bytes to allocate: 8388608 (8 MiB)
Memory type: GPU device memory
MPI rank: 0
Error: cudaMalloc returned 2: out of memory

AMReX Arena usage so far:

Total GPU global memory (MB): 81079
Free  GPU global memory (MB): 5
[The         Arena] space allocated (MB): 29020
[The         Arena] space used      (MB): 28517
[The         Arena]: 1496 allocs, 3008 busy blocks, 227 free blocks
[The Managed Arena] space allocated (MB): 8
[The Managed Arena] space used      (MB): 0
[The Managed Arena]: 1 allocs, 2 busy blocks, 1 free blocks
[The  Pinned Arena] space allocated (MB): 8
[The  Pinned Arena] space used      (MB): 4
[The  Pinned Arena]: 1 allocs, 53 busy blocks, 9 free blocks


Out of memory, see message above !!!
SIGABRT
addr2line: 'runs/wormhole_merger/merge_twin_p012_lp2_t060/test': No such file
addr2line: 'runs/wormhole_merger/merge_twin_p012_lp2_t060/test': No such file
addr2line: 'runs/wormhole_merger/merge_twin_p012_lp2_t060/test': No such file
addr2line: 'runs/wormhole_merger/merge_twin_p012_lp2_t060/test': No such file
addr2line: 'runs/wormhole_merger/merge_twin_p012_lp2_t060/test': No such file
addr2line: 'runs/wormhole_merger/merge_twin_p012_lp2_t060/test': No such file
addr2line: 'runs/wormhole_merger/merge_twin_p012_lp2_t060/test': No such file
addr2line: 'runs/wormhole_merger/merge_twin_p012_lp2_t060/test': No such file
addr2line: 'runs/wormhole_merger/merge_twin_p012_lp2_t060/test': No such file
addr2line: 'runs/wormhole_merger/merge_twin_p012_lp2_t060/test': No such file
addr2line: 'runs/wormhole_merger/merge_twin_p012_lp2_t060/test': No such file
addr2line: 'runs/wormhole_merger/merge_twin_p012_lp2_t060/test': No such file
addr2line: 'runs/wormhole_merger/merge_twin_p012_lp2_t060/test': No such file
addr2line: 'runs/wormhole_merger/merge_twin_p012_lp2_t060/test': No such file
addr2line: 'runs/wormhole_merger/merge_twin_p012_lp2_t060/test': No such file
addr2line: 'runs/wormhole_merger/merge_twin_p012_lp2_t060/test': No such file
addr2line: 'runs/wormhole_merger/merge_twin_p012_lp2_t060/test': No such file
addr2line: 'runs/wormhole_merger/merge_twin_p012_lp2_t060/test': No such file
addr2line: 'runs/wormhole_merger/merge_twin_p012_lp2_t060/test': No such file
addr2line: 'runs/wormhole_merger/merge_twin_p012_lp2_t060/test': No such file
addr2line: 'runs/wormhole_merger/merge_twin_p012_lp2_t060/test': No such file
addr2line: 'runs/wormhole_merger/merge_twin_p012_lp2_t060/test': No such file
addr2line: 'runs/wormhole_merger/merge_twin_p012_lp2_t060/test': No such file
addr2line: 'runs/wormhole_merger/merge_twin_p012_lp2_t060/test': No such file
addr2line: 'runs/wormhole_merger/merge_twin_p012_lp2_t060/test': No such file
addr2line: 'runs/wormhole_merger/merge_twin_p012_lp2_t060/test': No such file
addr2line: 'runs/wormhole_merger/merge_twin_p012_lp2_t060/test': No such file
addr2line: 'runs/wormhole_merger/merge_twin_p012_lp2_t060/test': No such file
addr2line: 'runs/wormhole_merger/merge_twin_p012_lp2_t060/test': No such file
addr2line: 'runs/wormhole_merger/merge_twin_p012_lp2_t060/test': No such file
addr2line: 'runs/wormhole_merger/merge_twin_p012_lp2_t060/test': No such file
addr2line: 'runs/wormhole_merger/merge_twin_p012_lp2_t060/test': No such file
addr2line: 'runs/wormhole_merger/merge_twin_p012_lp2_t060/test': No such file
addr2line: 'runs/wormhole_merger/merge_twin_p012_lp2_t060/test': No such file
addr2line: 'runs/wormhole_merger/merge_twin_p012_lp2_t060/test': No such file
addr2line: 'runs/wormhole_merger/merge_twin_p012_lp2_t060/test': No such file
addr2line: 'runs/wormhole_merger/merge_twin_p012_lp2_t060/test': No such file
addr2line: 'runs/wormhole_merger/merge_twin_p012_lp2_t060/test': No such file
addr2line: 'runs/wormhole_merger/merge_twin_p012_lp2_t060/test': No such file
addr2line: 'runs/wormhole_merger/merge_twin_p012_lp2_t060/test': No such file
addr2line: 'runs/wormhole_merger/merge_twin_p012_lp2_t060/test': No such file
addr2line: 'runs/wormhole_merger/merge_twin_p012_lp2_t060/test': No such file
addr2line: 'runs/wormhole_merger/merge_twin_p012_lp2_t060/test': No such file
addr2line: 'runs/wormhole_merger/merge_twin_p012_lp2_t060/test': No such file
addr2line: 'runs/wormhole_merger/merge_twin_p012_lp2_t060/test': No such file
addr2line: 'runs/wormhole_merger/merge_twin_p012_lp2_t060/test': No such file
addr2line: 'runs/wormhole_merger/merge_twin_p012_lp2_t060/test': No such file
addr2line: 'runs/wormhole_merger/merge_twin_p012_lp2_t060/test': No such file
See Backtrace.0 file for details
--------------------------------------------------------------------------
MPI_ABORT was invoked on rank 0 in communicator MPI_COMM_WORLD
  Proc: [[28934,0],0]
  Errorcode: 6

NOTE: invoking MPI_ABORT causes Open MPI to kill all MPI processes.
You may or may not see output from other processes, depending on
exactly when Open MPI kills them.
--------------------------------------------------------------------------
