Initializing AMReX (26.02-12-gd7da50458966)...
MPI initialized with 1 MPI processes
MPI initialized with thread support level 0
Initializing CUDA...
CUDA initialized with 1 device.
AMReX (26.02-12-gd7da50458966) initialized
GRTeclyn (unknown) initialized
Parameter: num_ghosts not found in parameter file. It has been set to its default value = 3.
Parameter: tag_buffer_size not found in parameter file. It has been set to its default value = 3.
Parameter: grid_buffer_size not found in parameter file. It has been set to its default value = 8.
Parameter: fill_ratio not found in parameter file. It has been set to its default value = 0.7.
Using single regrid threshold.
Parameter: lapse_shock_kappa not found in parameter file. It has been set to its default value = 0.
Parameter: extraction_center not found in parameter file. It has been set to its default value = 32 32 32.
Parameter: wormhole_lapse_core_fraction not found in parameter file. It has been set to its default value = 0.3.
Parameter: wormhole_lapse_core_power not found in parameter file. It has been set to its default value = 8.
Parameter: wormhole_boost_velocity_A not found in parameter file. It has been set to its default value = 0 0 0.
Parameter: wormhole_boost_velocity_B not found in parameter file. It has been set to its default value = -0 -0 -0.
Parameter: wormhole_seed_amplitude_A not found in parameter file. It has been set to its default value = 0.
Parameter: wormhole_seed_amplitude_B not found in parameter file. It has been set to its default value = 0.
Parameter: wormhole_seed_width_A not found in parameter file. It has been set to its default value = 0.
Parameter: wormhole_seed_width_B not found in parameter file. It has been set to its default value = 0.
Parameter: wormhole_helfer_width not found in parameter file. It has been set to its default value = 0.
Parameter: wormhole_helfer_power not found in parameter file. It has been set to its default value = 2.
Parameter: recipe_initial_data_file not found in parameter file. It has been set to its default value = .
Parameter: binary_diag_min_radius not found in parameter file. It has been set to its default value = 2.
Parameter: binary_diag_collapsed_lapse not found in parameter file. It has been set to its default value = 1e-06.
Parameter: binary_diag_collapsed_min_radius not found in parameter file. It has been set to its default value = 0.5.
Parameter: core_damping_lapse_start not found in parameter file. It has been set to its default value = 0.03.
Parameter: core_damping_lapse_full not found in parameter file. It has been set to its default value = 0.001.
Parameter: core_damping_tau not found in parameter file. It has been set to its default value = 0.25.
Parameter: core_damping_radius_start not found in parameter file. It has been set to its default value = 0.
Parameter: core_damping_radius_full not found in parameter file. It has been set to its default value = 0.
Parameter: core_damping_radius_from_time not found in parameter file. It has been set to its default value = 0.
Parameter: core_lapse_freeze not found in parameter file. It has been set to its default value = 0.
Parameter: core_freeze_radius_start not found in parameter file. It has been set to its default value = 0.
Parameter: core_freeze_radius_full not found in parameter file. It has been set to its default value = 0.
Parameter: core_freeze_from_time not found in parameter file. It has been set to its default value = 0.
Parameter: core_freeze_shift not found in parameter file. It has been set to its default value = 0.
Parameter: core_freeze_fill not found in parameter file. It has been set to its default value = 0.
Parameter: core_fill_radius_start not found in parameter file. It has been set to its default value = 0.
Parameter: core_fill_radius_full not found in parameter file. It has been set to its default value = 0.
Parameter: core_fill_from_time not found in parameter file. It has been set to its default value = 0.
Parameter: sponge_center not found in parameter file. It has been set to its default value = 32 32 32.
Parameter: tagging_center not found in parameter file. It has been set to its default value = 32 32 32.
Parameter: tagging_phi_weight not found in parameter file. It has been set to its default value = 0.
Parameter: tagging_K_weight not found in parameter file. It has been set to its default value = 0.
Parameter: rescale_det_h not found in parameter file. It has been set to its default value = 0.
Parameter: tagging_type = 2 warning: selects a geometric tagger (fixed or moving boxes), so regrid_threshold is ignored: refinement no longer responds to the solution at all.  Set tagging_L to control the boxes.!
Successfully read inputs file ... 
Parameter: wormhole_support_ramp_start not found in parameter file. It has been set to its default value = -1.
Parameter: wormhole_support_ramp_duration not found in parameter file. It has been set to its default value = 5.
Parameter: wormhole_support_causal_speed not found in parameter file. It has been set to its default value = 0.
Parameter: wormhole_metric_type not found in parameter file. It has been set to its default value = 1.
Successfully read inputs file ... 
grid_places() time: 0.003335274 new finest: 1
grid_places() time: 0.009005557 new finest: 2
grid_places() time: 0.014232488 new finest: 3
Now regridding at level lbase = 0
grid_places() time: 0.023239684 new finest: 3
STEP = 0 TIME = 0 : REGRID  with lbase = 0
  Level 1   200 grids  6553600 cells  39.0625 % of domain
            smallest grid: 32 x 32 x 32  biggest grid: 32 x 32 x 32
  Level 2   325 grids  10649600 cells  7.934570312 % of domain
            smallest grid: 32 x 32 x 32  biggest grid: 32 x 32 x 32
  Level 3   250 grids  8192000 cells  0.7629394531 % of domain
            smallest grid: 32 x 32 x 32  biggest grid: 32 x 32 x 32

INITIAL GRIDS 
  Level 0   64 grids  2097152 cells  100 % of domain
            smallest grid: 32 x 32 x 32  biggest grid: 32 x 32 x 32
  Level 1   200 grids  6553600 cells  39.0625 % of domain
            smallest grid: 32 x 32 x 32  biggest grid: 32 x 32 x 32
  Level 2   325 grids  10649600 cells  7.934570312 % of domain
            smallest grid: 32 x 32 x 32  biggest grid: 32 x 32 x 32
  Level 3   250 grids  8192000 cells  0.7629394531 % of domain
            smallest grid: 32 x 32 x 32  biggest grid: 32 x 32 x 32

PLOTFILE: file = /tmp/grteclyn_scratch/place_d32_step1/BinaryWormholePlt00000
Write plotfile time = 2.781926563  seconds

[Level 0 step 1] ADVANCE at time 0 with dt = 0.01
[Level 0 step 1] average evolution speed = 0 code units/h
[Level 0 step 1] Advanced 2097152 cells
[Level 1 step 1] ADVANCE at time 0 with dt = 0.005
[Level 1 step 1] average evolution speed = 0 code units/h
[Level 1 step 1] Advanced 6553600 cells
[Level 2 step 1] ADVANCE at time 0 with dt = 0.0025
[Level 2 step 1] average evolution speed = 0 code units/h
[Level 2 step 1] Advanced 10649600 cells
[Level 3 step 1] ADVANCE at time 0 with dt = 0.00125
[Level 3 step 1] average evolution speed = 0 code units/h
[Level 3 step 1] Advanced 8192000 cells
[Level 3 step 2] ADVANCE at time 0.00125 with dt = 0.00125
[Level 3 step 2] average evolution speed = 2.697063448 code units/h
[Level 3 step 2] Advanced 8192000 cells
[Level 2 step 2] ADVANCE at time 0.0025 with dt = 0.0025
[Level 2 step 2] average evolution speed = 4.648029642 code units/h
[Level 2 step 2] Advanced 10649600 cells
[Level 3 step 3] ADVANCE at time 0.0025 with dt = 0.00125
[Level 3 step 3] average evolution speed = 3.840289935 code units/h
[Level 3 step 3] Advanced 8192000 cells
[Level 3 step 4] ADVANCE at time 0.00375 with dt = 0.00125
[Level 3 step 4] average evolution speed = 5.202603084 code units/h
[Level 3 step 4] Advanced 8192000 cells
[Level 1 step 2] ADVANCE at time 0.005 with dt = 0.005
[Level 1 step 2] average evolution speed = 6.247491793 code units/h
[Level 1 step 2] Advanced 6553600 cells
[Level 2 step 3] ADVANCE at time 0.005 with dt = 0.0025
[Level 2 step 3] average evolution speed = 5.814225606 code units/h
[Level 2 step 3] Advanced 10649600 cells
[Level 3 step 5] ADVANCE at time 0.005 with dt = 0.00125
[Level 3 step 5] average evolution speed = 5.27260839 code units/h
[Level 3 step 5] Advanced 8192000 cells
[Level 3 step 6] ADVANCE at time 0.00625 with dt = 0.00125
[Level 3 step 6] average evolution speed = 6.13837825 code units/h
[Level 3 step 6] Advanced 8192000 cells
[Level 2 step 4] ADVANCE at time 0.0075 with dt = 0.0025
[Level 2 step 4] average evolution speed = 6.868677405 code units/h
[Level 2 step 4] Advanced 10649600 cells
[Level 3 step 7] ADVANCE at time 0.0075 with dt = 0.00125
[Level 3 step 7] average evolution speed = 6.354268087 code units/h
[Level 3 step 7] Advanced 8192000 cells
[Level 3 step 8] ADVANCE at time 0.00875 with dt = 0.00125
[Level 3 step 8] average evolution speed = 6.9980981 code units/h
[Level 3 step 8] Advanced 8192000 cells

[STEP 1] Coarse TimeStep time: 4.835211004
[STEP 1] FAB kilobyte spread across MPI nodes: [35867977 ... 35867977]

STEP = 1 TIME = 0.01 DT = 0.01

PLOTFILE: file = /tmp/grteclyn_scratch/place_d32_step1/BinaryWormholePlt00001
Write plotfile time = 2.73568882  seconds

Unused ParmParse Variables:
  [TOP]::hdf5_subpath(nvals = 1)  :: [hdf5]
  [TOP]::nonzero_asymptotic_values(nvals = 5)  :: [1.0, 1.0, 1.0, 1.0, 1.0]
  [TOP]::nonzero_asymptotic_vars(nvals = 5)  :: [chi, h11, h22, h33, lapse]
  [TOP]::write_extraction(nvals = 1)  :: [0]

Total GPU global memory (MB) spread across MPI: [81079 ... 81079]
Free  GPU global memory (MB) spread across MPI: [43462 ... 43462]
[The         Arena] max space (MB) allocated spread across MPI: [35534 ... 35534]
[The         Arena] max space (MB) used      spread across MPI: [35082 ... 35082]
[The Managed Arena] max space (MB) allocated spread across MPI: [8 ... 8]
[The Managed Arena] max space (MB) used      spread across MPI: [0 ... 0]
[The  Pinned Arena] max space (MB) allocated spread across MPI: [16 ... 16]
[The  Pinned Arena] max space (MB) used      spread across MPI: [11 ... 11]
AMReX (26.02-12-gd7da50458966) finalized
