[Level 5 step 350049] average evolution speed = 3.664005578 code units/h
[Level 5 step 350049] Advanced 4096000 cells
[Level 5 step 350050] ADVANCE at time 109.3903125 with dt = 0.0003125
[Level 5 step 350050] average evolution speed = 3.664019139 code units/h
[Level 5 step 350050] Advanced 4096000 cells
[Level 4 step 175026] ADVANCE at time 109.390625 with dt = 0.000625
[Level 4 step 175026] average evolution speed = 3.664032157 code units/h
[Level 4 step 175026] Advanced 4096000 cells
[Level 5 step 350051] ADVANCE at time 109.390625 with dt = 0.0003125
[Level 5 step 350051] average evolution speed = 3.664022595 code units/h
[Level 5 step 350051] Advanced 4096000 cells
[Level 5 step 350052] ADVANCE at time 109.3909375 with dt = 0.0003125
[Level 5 step 350052] average evolution speed = 3.664036189 code units/h
[Level 5 step 350052] Advanced 4096000 cells
[Level 3 step 87514] ADVANCE at time 109.39125 with dt = 0.00125
[Level 3 step 87514] average evolution speed = 3.664048644 code units/h
[Level 3 step 87514] Advanced 4096000 cells
[Level 4 step 175027] ADVANCE at time 109.39125 with dt = 0.000625
[Level 4 step 175027] average evolution speed = 3.664039089 code units/h
[Level 4 step 175027] Advanced 4096000 cells
[Level 5 step 350053] ADVANCE at time 109.39125 with dt = 0.0003125
[Level 5 step 350053] average evolution speed = 3.664029467 code units/h
[Level 5 step 350053] Advanced 4096000 cells
[Level 5 step 350054] ADVANCE at time 109.3915625 with dt = 0.0003125
[Level 5 step 350054] average evolution speed = 3.664043057 code units/h
[Level 5 step 350054] Advanced 4096000 cells
[Level 4 step 175028] ADVANCE at time 109.391875 with dt = 0.000625
[Level 4 step 175028] average evolution speed = 3.664056023 code units/h
[Level 4 step 175028] Advanced 4096000 cells
[Level 5 step 350055] ADVANCE at time 109.391875 with dt = 0.0003125
[Level 5 step 350055] average evolution speed = 3.664046466 code units/h
[Level 5 step 350055] Advanced 4096000 cells
[Level 5 step 350056] ADVANCE at time 109.3921875 with dt = 0.0003125
[Level 5 step 350056] average evolution speed = 3.664060049 code units/h
[Level 5 step 350056] Advanced 4096000 cells
[Level 2 step 43758] ADVANCE at time 109.3925 with dt = 0.0025
[Level 2 step 43758] average evolution speed = 3.664071746 code units/h
[Level 2 step 43758] Advanced 4096000 cells
[Level 3 step 87515] ADVANCE at time 109.3925 with dt = 0.00125
[Level 3 step 87515] average evolution speed = 3.664062198 code units/h
[Level 3 step 87515] Advanced 4096000 cells
[Level 4 step 175029] ADVANCE at time 109.3925 with dt = 0.000625
[Level 4 step 175029] average evolution speed = 3.664052639 code units/h
[Level 4 step 175029] Advanced 4096000 cells
[Level 5 step 350057] ADVANCE at time 109.3925 with dt = 0.0003125
[Level 5 step 350057] average evolution speed = 3.664043042 code units/h
[Level 5 step 350057] Advanced 4096000 cells
[Level 5 step 350058] ADVANCE at time 109.3928125 with dt = 0.0003125
[Level 5 step 350058] average evolution speed = 3.664056603 code units/h
[Level 5 step 350058] Advanced 4096000 cells
[Level 4 step 175030] ADVANCE at time 109.393125 with dt = 0.000625
[Level 4 step 175030] average evolution speed = 3.66406955 code units/h
[Level 4 step 175030] Advanced 4096000 cells
[Level 5 step 350059] ADVANCE at time 109.393125 with dt = 0.0003125
[Level 5 step 350059] average evolution speed = 3.664059976 code units/h
[Level 5 step 350059] Advanced 4096000 cells
[Level 5 step 350060] ADVANCE at time 109.3934375 with dt = 0.0003125
[Level 5 step 350060] average evolution speed = 3.664073536 code units/h
[Level 5 step 350060] Advanced 4096000 cells
[Level 3 step 87516] ADVANCE at time 109.39375 with dt = 0.00125
[Level 3 step 87516] average evolution speed = 3.664085858 code units/h
[Level 3 step 87516] Advanced 4096000 cells
[Level 4 step 175031] ADVANCE at time 109.39375 with dt = 0.000625
[Level 4 step 175031] average evolution speed = 3.664076273 code units/h
[Level 4 step 175031] Advanced 4096000 cells
[Level 5 step 350061] ADVANCE at time 109.39375 with dt = 0.0003125
[Level 5 step 350061] average evolution speed = 3.664066643 code units/h
[Level 5 step 350061] Advanced 4096000 cells
[Level 5 step 350062] ADVANCE at time 109.3940625 with dt = 0.0003125
[Level 5 step 350062] average evolution speed = 3.664080212 code units/h
[Level 5 step 350062] Advanced 4096000 cells
[Level 4 step 175032] ADVANCE at time 109.394375 with dt = 0.000625
[Level 4 step 175032] average evolution speed = 3.66409316 code units/h
[Level 4 step 175032] Advanced 4096000 cells
[Level 5 step 350063] ADVANCE at time 109.394375 with dt = 0.0003125
[Level 5 step 350063] average evolution speed = 3.664083574 code units/h
[Level 5 step 350063] Advanced 4096000 cells
[Level 5 step 350064] ADVANCE at time 109.3946875 with dt = 0.0003125
[Level 5 step 350064] average evolution speed = 3.664097151 code units/h
[Level 5 step 350064] Advanced 4096000 cells
[Level 1 step 21880] ADVANCE at time 109.395 with dt = 0.005
[Level 1 step 21880] average evolution speed = 3.664108212 code units/h
[Level 1 step 21880] Advanced 4096000 cells
[Level 2 step 43759] ADVANCE at time 109.395 with dt = 0.0025
[Level 2 step 43759] average evolution speed = 3.664097746 code units/h
[Level 2 step 43759] Advanced 4096000 cells
[Level 3 step 87517] ADVANCE at time 109.395 with dt = 0.00125
[Level 3 step 87517] average evolution speed = 3.66408818 code units/h
[Level 3 step 87517] Advanced 4096000 cells
[Level 4 step 175033] ADVANCE at time 109.395 with dt = 0.000625
[Level 4 step 175033] average evolution speed = 3.664078602 code units/h
[Level 4 step 175033] Advanced 4096000 cells
[Level 5 step 350065] ADVANCE at time 109.395 with dt = 0.0003125
[Level 5 step 350065] average evolution speed = 3.664068966 code units/h
[Level 5 step 350065] Advanced 4096000 cells
[Level 5 step 350066] ADVANCE at time 109.3953125 with dt = 0.0003125
[Level 5 step 350066] average evolution speed = 3.664082553 code units/h
[Level 5 step 350066] Advanced 4096000 cells
[Level 4 step 175034] ADVANCE at time 109.395625 with dt = 0.000625
[Level 4 step 175034] average evolution speed = 3.664095535 code units/h
[Level 4 step 175034] Advanced 4096000 cells
[Level 5 step 350067] ADVANCE at time 109.395625 with dt = 0.0003125
[Level 5 step 350067] average evolution speed = 3.664085964 code units/h
[Level 5 step 350067] Advanced 4096000 cells
[Level 5 step 350068] ADVANCE at time 109.3959375 with dt = 0.0003125
[Level 5 step 350068] average evolution speed = 3.664099574 code units/h
[Level 5 step 350068] Advanced 4096000 cells
[Level 3 step 87518] ADVANCE at time 109.39625 with dt = 0.00125
[Level 3 step 87518] average evolution speed = 3.664112047 code units/h
[Level 3 step 87518] Advanced 4096000 cells
[Level 4 step 175035] ADVANCE at time 109.39625 with dt = 0.000625
[Level 4 step 175035] average evolution speed = 3.664102515 code units/h
[Level 4 step 175035] Advanced 4096000 cells
[Level 5 step 350069] ADVANCE at time 109.39625 with dt = 0.0003125
[Level 5 step 350069] average evolution speed = 3.664092931 code units/h
[Level 5 step 350069] Advanced 4096000 cells
[Level 5 step 350070] ADVANCE at time 109.3965625 with dt = 0.0003125
[Level 5 step 350070] average evolution speed = 3.664106496 code units/h
[Level 5 step 350070] Advanced 4096000 cells
[Level 4 step 175036] ADVANCE at time 109.396875 with dt = 0.000625
[Level 4 step 175036] average evolution speed = 3.664119455 code units/h
[Level 4 step 175036] Advanced 4096000 cells
[Level 5 step 350071] ADVANCE at time 109.396875 with dt = 0.0003125
[Level 5 step 350071] average evolution speed = 3.664109882 code units/h
[Level 5 step 350071] Advanced 4096000 cells
[Level 5 step 350072] ADVANCE at time 109.3971875 with dt = 0.0003125
[Level 5 step 350072] average evolution speed = 3.664123496 code units/h
[Level 5 step 350072] Advanced 4096000 cells
[Level 2 step 43760] ADVANCE at time 109.3975 with dt = 0.0025
[Level 2 step 43760] average evolution speed = 3.66413541 code units/h
[Level 2 step 43760] Advanced 4096000 cells
[Level 3 step 87519] ADVANCE at time 109.3975 with dt = 0.00125
[Level 3 step 87519] average evolution speed = 3.664125882 code units/h
[Level 3 step 87519] Advanced 4096000 cells
[Level 4 step 175037] ADVANCE at time 109.3975 with dt = 0.000625
[Level 4 step 175037] average evolution speed = 3.664116334 code units/h
[Level 4 step 175037] Advanced 4096000 cells
[Level 5 step 350073] ADVANCE at time 109.3975 with dt = 0.0003125
[Level 5 step 350073] average evolution speed = 3.664106761 code units/h
[Level 5 step 350073] Advanced 4096000 cells
[Level 5 step 350074] ADVANCE at time 109.3978125 with dt = 0.0003125
[Level 5 step 350074] average evolution speed = 3.664120372 code units/h
[Level 5 step 350074] Advanced 4096000 cells
[Level 4 step 175038] ADVANCE at time 109.398125 with dt = 0.000625
[Level 4 step 175038] average evolution speed = 3.664133356 code units/h
[Level 4 step 175038] Advanced 4096000 cells
[Level 5 step 350075] ADVANCE at time 109.398125 with dt = 0.0003125
[Level 5 step 350075] average evolution speed = 3.664123796 code units/h
[Level 5 step 350075] Advanced 4096000 cells
[Level 5 step 350076] ADVANCE at time 109.3984375 with dt = 0.0003125
[Level 5 step 350076] average evolution speed = 3.664137392 code units/h
[Level 5 step 350076] Advanced 4096000 cells
[Level 3 step 87520] ADVANCE at time 109.39875 with dt = 0.00125
[Level 3 step 87520] average evolution speed = 3.664149727 code units/h
[Level 3 step 87520] Advanced 4096000 cells
[Level 4 step 175039] ADVANCE at time 109.39875 with dt = 0.000625
[Level 4 step 175039] average evolution speed = 3.664140164 code units/h
[Level 4 step 175039] Advanced 4096000 cells
[Level 5 step 350077] ADVANCE at time 109.39875 with dt = 0.0003125
[Level 5 step 350077] average evolution speed = 3.664130558 code units/h
[Level 5 step 350077] Advanced 4096000 cells
[Level 5 step 350078] ADVANCE at time 109.3990625 with dt = 0.0003125
[Level 5 step 350078] average evolution speed = 3.664144154 code units/h
[Level 5 step 350078] Advanced 4096000 cells
[Level 4 step 175040] ADVANCE at time 109.399375 with dt = 0.000625
[Level 4 step 175040] average evolution speed = 3.66415712 code units/h
[Level 4 step 175040] Advanced 4096000 cells
[Level 5 step 350079] ADVANCE at time 109.399375 with dt = 0.0003125
[Level 5 step 350079] average evolution speed = 3.66414755 code units/h
[Level 5 step 350079] Advanced 4096000 cells
[Level 5 step 350080] ADVANCE at time 109.3996875 with dt = 0.0003125
[Level 5 step 350080] average evolution speed = 3.664161142 code units/h
[Level 5 step 350080] Advanced 4096000 cells

[STEP 10940] Coarse TimeStep time: 9.182710775
[STEP 10940] FAB kilobyte spread across MPI nodes: [56538335 ... 56538335]

STEP = 10940 TIME = 109.4 DT = 0.01

CHECKPOINT: file = /tmp/grteclyn_scratch/merge_orbit_flip_d12_p060_L128_lvl5from60_chi1e4_t115_lbf_csm_r06000/BinaryWormholeChk10940
checkPoint() time = 13.2112684 secs.
[checkpoint_keep] removed /tmp/grteclyn_scratch/merge_orbit_flip_d12_p060_L128_lvl5from60_chi1e4_t115_lbf_csm_r06000/BinaryWormholeChk09500 (keeping newest 3)
PLOTFILE: file = /tmp/grteclyn_scratch/merge_orbit_flip_d12_p060_L128_lvl5from60_chi1e4_t115_lbf_csm_r06000/BinaryWormholePlt10940
Write plotfile time = 3.733275834  seconds

Stopped by user w/ checkpoint
Unused ParmParse Variables:
  [TOP]::hdf5_subpath(nvals = 1)  :: [hdf5]
  [TOP]::nonzero_asymptotic_values(nvals = 5)  :: [1.0, 1.0, 1.0, 1.0, 1.0]
  [TOP]::nonzero_asymptotic_vars(nvals = 5)  :: [chi, h11, h22, h33, lapse]

Total GPU global memory (MB) spread across MPI: [81079 ... 81079]
Free  GPU global memory (MB) spread across MPI: [22106 ... 22106]
[The         Arena] max space (MB) allocated spread across MPI: [56582 ... 56582]
[The         Arena] max space (MB) used      spread across MPI: [55274 ... 55274]
[The Managed Arena] max space (MB) allocated spread across MPI: [8 ... 8]
[The Managed Arena] max space (MB) used      spread across MPI: [0 ... 0]
[The  Pinned Arena] max space (MB) allocated spread across MPI: [41 ... 41]
[The  Pinned Arena] max space (MB) used      spread across MPI: [19 ... 19]
AMReX (26.02-12-gd7da50458966) finalized
