[Level 4 step 148442] ADVANCE at time 92.775625 with dt = 0.000625
[Level 4 step 148442] average evolution speed = 8.53498459 code units/h
[Level 4 step 148442] Advanced 4096000 cells
[Level 3 step 74222] ADVANCE at time 92.77625 with dt = 0.00125
[Level 3 step 74222] average evolution speed = 8.535012546 code units/h
[Level 3 step 74222] Advanced 4096000 cells
[Level 4 step 148443] ADVANCE at time 92.77625 with dt = 0.000625
[Level 4 step 148443] average evolution speed = 8.534984879 code units/h
[Level 4 step 148443] Advanced 4096000 cells
[Level 4 step 148444] ADVANCE at time 92.776875 with dt = 0.000625
[Level 4 step 148444] average evolution speed = 8.535014754 code units/h
[Level 4 step 148444] Advanced 4096000 cells
[Level 2 step 37112] ADVANCE at time 92.7775 with dt = 0.0025
[Level 2 step 37112] average evolution speed = 8.535040856 code units/h
[Level 2 step 37112] Advanced 4096000 cells
[Level 3 step 74223] ADVANCE at time 92.7775 with dt = 0.00125
[Level 3 step 74223] average evolution speed = 8.53501331 code units/h
[Level 3 step 74223] Advanced 4096000 cells
[Level 4 step 148445] ADVANCE at time 92.7775 with dt = 0.000625
[Level 4 step 148445] average evolution speed = 8.534985728 code units/h
[Level 4 step 148445] Advanced 4096000 cells
[Level 4 step 148446] ADVANCE at time 92.778125 with dt = 0.000625
[Level 4 step 148446] average evolution speed = 8.535015598 code units/h
[Level 4 step 148446] Advanced 4096000 cells
[Level 3 step 74224] ADVANCE at time 92.77875 with dt = 0.00125
[Level 3 step 74224] average evolution speed = 8.535043582 code units/h
[Level 3 step 74224] Advanced 4096000 cells
[Level 4 step 148447] ADVANCE at time 92.77875 with dt = 0.000625
[Level 4 step 148447] average evolution speed = 8.53501597 code units/h
[Level 4 step 148447] Advanced 4096000 cells
[Level 4 step 148448] ADVANCE at time 92.779375 with dt = 0.000625
[Level 4 step 148448] average evolution speed = 8.535045853 code units/h
[Level 4 step 148448] Advanced 4096000 cells

[STEP 9278] Coarse TimeStep time: 4.210928769
[STEP 9278] FAB kilobyte spread across MPI nodes: [20630826 ... 20630826]

STEP = 9278 TIME = 92.78 DT = 0.01

Now regridding at level lbase = 3
grid_places() time: 0.007202235 new finest: 4
TIME = 92.78 : REGRID  with lbase = 3
  Level 4   125 grids  4096000 cells  0.04768371582 % of domain
            smallest grid: 32 x 32 x 32  biggest grid: 32 x 32 x 32

[Level 0 step 9279] ADVANCE at time 92.78 with dt = 0.01
[Level 0 step 9279] average evolution speed = 8.535023993 code units/h
[Level 0 step 9279] Advanced 2097152 cells
[Level 1 step 18557] ADVANCE at time 92.78 with dt = 0.005
[Level 1 step 18557] average evolution speed = 8.535003202 code units/h
[Level 1 step 18557] Advanced 4096000 cells
[Level 2 step 37113] ADVANCE at time 92.78 with dt = 0.0025
[Level 2 step 37113] average evolution speed = 8.534975525 code units/h
[Level 2 step 37113] Advanced 4096000 cells
[Level 3 step 74225] ADVANCE at time 92.78 with dt = 0.00125
[Level 3 step 74225] average evolution speed = 8.534947804 code units/h
[Level 3 step 74225] Advanced 4096000 cells
[Level 4 step 148449] ADVANCE at time 92.78 with dt = 0.000625
[Level 4 step 148449] average evolution speed = 8.534920068 code units/h
[Level 4 step 148449] Advanced 4096000 cells
[Level 4 step 148450] ADVANCE at time 92.780625 with dt = 0.000625
[Level 4 step 148450] average evolution speed = 8.534949741 code units/h
[Level 4 step 148450] Advanced 4096000 cells
[Level 3 step 74226] ADVANCE at time 92.78125 with dt = 0.00125
[Level 3 step 74226] average evolution speed = 8.534978012 code units/h
[Level 3 step 74226] Advanced 4096000 cells
[Level 4 step 148451] ADVANCE at time 92.78125 with dt = 0.000625
[Level 4 step 148451] average evolution speed = 8.534950285 code units/h
[Level 4 step 148451] Advanced 4096000 cells
[Level 4 step 148452] ADVANCE at time 92.781875 with dt = 0.000625
[Level 4 step 148452] average evolution speed = 8.534980062 code units/h
[Level 4 step 148452] Advanced 4096000 cells
[Level 2 step 37114] ADVANCE at time 92.7825 with dt = 0.0025
[Level 2 step 37114] average evolution speed = 8.535006016 code units/h
[Level 2 step 37114] Advanced 4096000 cells
[Level 3 step 74227] ADVANCE at time 92.7825 with dt = 0.00125
[Level 3 step 74227] average evolution speed = 8.534978396 code units/h
[Level 3 step 74227] Advanced 4096000 cells
[Level 4 step 148453] ADVANCE at time 92.7825 with dt = 0.000625
[Level 4 step 148453] average evolution speed = 8.534950781 code units/h
[Level 4 step 148453] Advanced 4096000 cells
[Level 4 step 148454] ADVANCE at time 92.783125 with dt = 0.000625
[Level 4 step 148454] average evolution speed = 8.534980648 code units/h
[Level 4 step 148454] Advanced 4096000 cells
[Level 3 step 74228] ADVANCE at time 92.78375 with dt = 0.00125
[Level 3 step 74228] average evolution speed = 8.535008956 code units/h
[Level 3 step 74228] Advanced 4096000 cells
[Level 4 step 148455] ADVANCE at time 92.78375 with dt = 0.000625
[Level 4 step 148455] average evolution speed = 8.534981302 code units/h
[Level 4 step 148455] Advanced 4096000 cells
[Level 4 step 148456] ADVANCE at time 92.784375 with dt = 0.000625
[Level 4 step 148456] average evolution speed = 8.535011126 code units/h
[Level 4 step 148456] Advanced 4096000 cells
[Level 1 step 18558] ADVANCE at time 92.785 with dt = 0.005
[Level 1 step 18558] average evolution speed = 8.53503633 code units/h
[Level 1 step 18558] Advanced 4096000 cells
[Level 2 step 37115] ADVANCE at time 92.785 with dt = 0.0025
[Level 2 step 37115] average evolution speed = 8.53500877 code units/h
[Level 2 step 37115] Advanced 4096000 cells
[Level 3 step 74229] ADVANCE at time 92.785 with dt = 0.00125
[Level 3 step 74229] average evolution speed = 8.534981049 code units/h
[Level 3 step 74229] Advanced 4096000 cells
[Level 4 step 148457] ADVANCE at time 92.785 with dt = 0.000625
[Level 4 step 148457] average evolution speed = 8.53495346 code units/h
[Level 4 step 148457] Advanced 4096000 cells
[Level 4 step 148458] ADVANCE at time 92.785625 with dt = 0.000625
[Level 4 step 148458] average evolution speed = 8.534983277 code units/h
[Level 4 step 148458] Advanced 4096000 cells
[Level 3 step 74230] ADVANCE at time 92.78625 with dt = 0.00125
[Level 3 step 74230] average evolution speed = 8.535011548 code units/h
[Level 3 step 74230] Advanced 4096000 cells
[Level 4 step 148459] ADVANCE at time 92.78625 with dt = 0.000625
[Level 4 step 148459] average evolution speed = 8.534983888 code units/h
[Level 4 step 148459] Advanced 4096000 cells
[Level 4 step 148460] ADVANCE at time 92.786875 with dt = 0.000625
[Level 4 step 148460] average evolution speed = 8.5350137 code units/h
[Level 4 step 148460] Advanced 4096000 cells
[Level 2 step 37116] ADVANCE at time 92.7875 with dt = 0.0025
[Level 2 step 37116] average evolution speed = 8.535040489 code units/h
[Level 2 step 37116] Advanced 4096000 cells
[Level 3 step 74231] ADVANCE at time 92.7875 with dt = 0.00125
[Level 3 step 74231] average evolution speed = 8.535012901 code units/h
[Level 3 step 74231] Advanced 4096000 cells
[Level 4 step 148461] ADVANCE at time 92.7875 with dt = 0.000625
[Level 4 step 148461] average evolution speed = 8.534985309 code units/h
[Level 4 step 148461] Advanced 4096000 cells
[Level 4 step 148462] ADVANCE at time 92.788125 with dt = 0.000625
[Level 4 step 148462] average evolution speed = 8.535015152 code units/h
[Level 4 step 148462] Advanced 4096000 cells
[Level 3 step 74232] ADVANCE at time 92.78875 with dt = 0.00125
[Level 3 step 74232] average evolution speed = 8.5350434 code units/h
[Level 3 step 74232] Advanced 4096000 cells
[Level 4 step 148463] ADVANCE at time 92.78875 with dt = 0.000625
[Level 4 step 148463] average evolution speed = 8.535015719 code units/h
[Level 4 step 148463] Advanced 4096000 cells
[Level 4 step 148464] ADVANCE at time 92.789375 with dt = 0.000625
[Level 4 step 148464] average evolution speed = 8.535045537 code units/h
[Level 4 step 148464] Advanced 4096000 cells

[STEP 9279] Coarse TimeStep time: 4.266152768
[STEP 9279] FAB kilobyte spread across MPI nodes: [20630826 ... 20630826]

STEP = 9279 TIME = 92.79 DT = 0.01

[Level 0 step 9280] ADVANCE at time 92.79 with dt = 0.01
[Level 0 step 9280] average evolution speed = 8.535015516 code units/h
[Level 0 step 9280] Advanced 2097152 cells
[Level 1 step 18559] ADVANCE at time 92.79 with dt = 0.005
[Level 1 step 18559] average evolution speed = 8.534996566 code units/h
[Level 1 step 18559] Advanced 4096000 cells
[Level 2 step 37117] ADVANCE at time 92.79 with dt = 0.0025
[Level 2 step 37117] average evolution speed = 8.534969043 code units/h
[Level 2 step 37117] Advanced 4096000 cells
[Level 3 step 74233] ADVANCE at time 92.79 with dt = 0.00125
[Level 3 step 74233] average evolution speed = 8.534941431 code units/h
[Level 3 step 74233] Advanced 4096000 cells
[Level 4 step 148465] ADVANCE at time 92.79 with dt = 0.000625
[Level 4 step 148465] average evolution speed = 8.534913784 code units/h
[Level 4 step 148465] Advanced 4096000 cells
[Level 4 step 148466] ADVANCE at time 92.790625 with dt = 0.000625
[Level 4 step 148466] average evolution speed = 8.534943647 code units/h
[Level 4 step 148466] Advanced 4096000 cells
[Level 3 step 74234] ADVANCE at time 92.79125 with dt = 0.00125
[Level 3 step 74234] average evolution speed = 8.534971898 code units/h
[Level 3 step 74234] Advanced 4096000 cells
[Level 4 step 148467] ADVANCE at time 92.79125 with dt = 0.000625
[Level 4 step 148467] average evolution speed = 8.534944241 code units/h
[Level 4 step 148467] Advanced 4096000 cells
[Level 4 step 148468] ADVANCE at time 92.791875 with dt = 0.000625
[Level 4 step 148468] average evolution speed = 8.534974107 code units/h
[Level 4 step 148468] Advanced 4096000 cells
[Level 2 step 37118] ADVANCE at time 92.7925 with dt = 0.0025
[Level 2 step 37118] average evolution speed = 8.53500079 code units/h
[Level 2 step 37118] Advanced 4096000 cells
[Level 3 step 74235] ADVANCE at time 92.7925 with dt = 0.00125
[Level 3 step 74235] average evolution speed = 8.534973267 code units/h
[Level 3 step 74235] Advanced 4096000 cells
[Level 4 step 148469] ADVANCE at time 92.7925 with dt = 0.000625
[Level 4 step 148469] average evolution speed = 8.534945714 code units/h
[Level 4 step 148469] Advanced 4096000 cells
[Level 4 step 148470] ADVANCE at time 92.793125 with dt = 0.000625
[Level 4 step 148470] average evolution speed = 8.534975572 code units/h
[Level 4 step 148470] Advanced 4096000 cells
[Level 3 step 74236] ADVANCE at time 92.79375 with dt = 0.00125
[Level 3 step 74236] average evolution speed = 8.535003789 code units/h
[Level 3 step 74236] Advanced 4096000 cells
[Level 4 step 148471] ADVANCE at time 92.79375 with dt = 0.000625
[Level 4 step 148471] average evolution speed = 8.534976135 code units/h
[Level 4 step 148471] Advanced 4096000 cells
[Level 4 step 148472] ADVANCE at time 92.794375 with dt = 0.000625
[Level 4 step 148472] average evolution speed = 8.535004884 code units/h
[Level 4 step 148472] Advanced 4096000 cells
[Level 1 step 18560] ADVANCE at time 92.795 with dt = 0.005
[Level 1 step 18560] average evolution speed = 8.535029806 code units/h
[Level 1 step 18560] Advanced 4096000 cells
[Level 2 step 37119] ADVANCE at time 92.795 with dt = 0.0025
[Level 2 step 37119] average evolution speed = 8.535002374 code units/h
[Level 2 step 37119] Advanced 4096000 cells
[Level 3 step 74237] ADVANCE at time 92.795 with dt = 0.00125
[Level 3 step 74237] average evolution speed = 8.534974884 code units/h
