[Level 5 step 181447] Advanced 4096000 cells
[Level 6 step 362893] ADVANCE at time 56.701875 with dt = 0.00015625
[Level 6 step 362893] average evolution speed = 2.151088694 code units/h
[Level 6 step 362893] Advanced 4096000 cells
[Level 6 step 362894] ADVANCE at time 56.70203125 with dt = 0.00015625
[Level 6 step 362894] average evolution speed = 2.151114592 code units/h
[Level 6 step 362894] Advanced 4096000 cells
[Level 5 step 181448] ADVANCE at time 56.7021875 with dt = 0.0003125
[Level 5 step 181448] average evolution speed = 2.151139095 code units/h
[Level 5 step 181448] Advanced 4096000 cells
[Level 6 step 362895] ADVANCE at time 56.7021875 with dt = 0.00015625
[Level 6 step 362895] average evolution speed = 2.151114925 code units/h
[Level 6 step 362895] Advanced 4096000 cells
[Level 6 step 362896] ADVANCE at time 56.70234375 with dt = 0.00015625
[Level 6 step 362896] average evolution speed = 2.151140748 code units/h
[Level 6 step 362896] Advanced 4096000 cells
[Level 2 step 22682] ADVANCE at time 56.7025 with dt = 0.0025
[Level 2 step 22682] average evolution speed = 2.151160846 code units/h
[Level 2 step 22682] Advanced 4096000 cells
[Level 3 step 45363] ADVANCE at time 56.7025 with dt = 0.00125
[Level 3 step 45363] average evolution speed = 2.151136784 code units/h
[Level 3 step 45363] Advanced 4096000 cells
[Level 4 step 90725] ADVANCE at time 56.7025 with dt = 0.000625
[Level 4 step 90725] average evolution speed = 2.151112672 code units/h
[Level 4 step 90725] Advanced 4096000 cells
[Level 5 step 181449] ADVANCE at time 56.7025 with dt = 0.0003125
[Level 5 step 181449] average evolution speed = 2.151088433 code units/h
[Level 5 step 181449] Advanced 4096000 cells
[Level 6 step 362897] ADVANCE at time 56.7025 with dt = 0.00015625
[Level 6 step 362897] average evolution speed = 2.151064252 code units/h
[Level 6 step 362897] Advanced 4096000 cells
[Level 6 step 362898] ADVANCE at time 56.70265625 with dt = 0.00015625
[Level 6 step 362898] average evolution speed = 2.151090156 code units/h
[Level 6 step 362898] Advanced 4096000 cells
[Level 5 step 181450] ADVANCE at time 56.7028125 with dt = 0.0003125
[Level 5 step 181450] average evolution speed = 2.151114597 code units/h
[Level 5 step 181450] Advanced 4096000 cells
[Level 6 step 362899] ADVANCE at time 56.7028125 with dt = 0.00015625
[Level 6 step 362899] average evolution speed = 2.151090449 code units/h
[Level 6 step 362899] Advanced 4096000 cells
[Level 6 step 362900] ADVANCE at time 56.70296875 with dt = 0.00015625
[Level 6 step 362900] average evolution speed = 2.151116311 code units/h
[Level 6 step 362900] Advanced 4096000 cells
[Level 4 step 90726] ADVANCE at time 56.703125 with dt = 0.000625
[Level 4 step 90726] average evolution speed = 2.15113933 code units/h
[Level 4 step 90726] Advanced 4096000 cells
[Level 5 step 181451] ADVANCE at time 56.703125 with dt = 0.0003125
[Level 5 step 181451] average evolution speed = 2.151115103 code units/h
[Level 5 step 181451] Advanced 4096000 cells
[Level 6 step 362901] ADVANCE at time 56.703125 with dt = 0.00015625
[Level 6 step 362901] average evolution speed = 2.151090889 code units/h
[Level 6 step 362901] Advanced 4096000 cells
[Level 6 step 362902] ADVANCE at time 56.70328125 with dt = 0.00015625
[Level 6 step 362902] average evolution speed = 2.151116742 code units/h
[Level 6 step 362902] Advanced 4096000 cells
[Level 5 step 181452] ADVANCE at time 56.7034375 with dt = 0.0003125
[Level 5 step 181452] average evolution speed = 2.15114123 code units/h
[Level 5 step 181452] Advanced 4096000 cells
[Level 6 step 362903] ADVANCE at time 56.7034375 with dt = 0.00015625
[Level 6 step 362903] average evolution speed = 2.151117114 code units/h
[Level 6 step 362903] Advanced 4096000 cells
[Level 6 step 362904] ADVANCE at time 56.70359375 with dt = 0.00015625
[Level 6 step 362904] average evolution speed = 2.151142963 code units/h
[Level 6 step 362904] Advanced 4096000 cells
[Level 3 step 45364] ADVANCE at time 56.70375 with dt = 0.00125
[Level 3 step 45364] average evolution speed = 2.151164587 code units/h
[Level 3 step 45364] Advanced 4096000 cells
[Level 4 step 90727] ADVANCE at time 56.70375 with dt = 0.000625
[Level 4 step 90727] average evolution speed = 2.151140508 code units/h
[Level 4 step 90727] Advanced 4096000 cells
[Level 5 step 181453] ADVANCE at time 56.70375 with dt = 0.0003125
[Level 5 step 181453] average evolution speed = 2.151116241 code units/h
[Level 5 step 181453] Advanced 4096000 cells
[Level 6 step 362905] ADVANCE at time 56.70375 with dt = 0.00015625
[Level 6 step 362905] average evolution speed = 2.151092067 code units/h
[Level 6 step 362905] Advanced 4096000 cells
[Level 6 step 362906] ADVANCE at time 56.70390625 with dt = 0.00015625
[Level 6 step 362906] average evolution speed = 2.151117921 code units/h
[Level 6 step 362906] Advanced 4096000 cells
[Level 5 step 181454] ADVANCE at time 56.7040625 with dt = 0.0003125
[Level 5 step 181454] average evolution speed = 2.151142352 code units/h
[Level 5 step 181454] Advanced 4096000 cells
[Level 6 step 362907] ADVANCE at time 56.7040625 with dt = 0.00015625
[Level 6 step 362907] average evolution speed = 2.151118189 code units/h
[Level 6 step 362907] Advanced 4096000 cells
[Level 6 step 362908] ADVANCE at time 56.70421875 with dt = 0.00015625
[Level 6 step 362908] average evolution speed = 2.151144014 code units/h
[Level 6 step 362908] Advanced 4096000 cells
[Level 4 step 90728] ADVANCE at time 56.704375 with dt = 0.000625
[Level 4 step 90728] average evolution speed = 2.151167014 code units/h
[Level 4 step 90728] Advanced 4096000 cells
[Level 5 step 181455] ADVANCE at time 56.704375 with dt = 0.0003125
[Level 5 step 181455] average evolution speed = 2.151142813 code units/h
[Level 5 step 181455] Advanced 4096000 cells
[Level 6 step 362909] ADVANCE at time 56.704375 with dt = 0.00015625
[Level 6 step 362909] average evolution speed = 2.151118632 code units/h
[Level 6 step 362909] Advanced 4096000 cells
[Level 6 step 362910] ADVANCE at time 56.70453125 with dt = 0.00015625
[Level 6 step 362910] average evolution speed = 2.151144478 code units/h
[Level 6 step 362910] Advanced 4096000 cells
[Level 5 step 181456] ADVANCE at time 56.7046875 with dt = 0.0003125
[Level 5 step 181456] average evolution speed = 2.151168926 code units/h
[Level 5 step 181456] Advanced 4096000 cells
[Level 6 step 362911] ADVANCE at time 56.7046875 with dt = 0.00015625
[Level 6 step 362911] average evolution speed = 2.151144792 code units/h
[Level 6 step 362911] Advanced 4096000 cells
[Level 6 step 362912] ADVANCE at time 56.70484375 with dt = 0.00015625
[Level 6 step 362912] average evolution speed = 2.151170665 code units/h
[Level 6 step 362912] Advanced 4096000 cells
Now regridding at level lbase = 5
grid_places() time: 0.005621019 new finest: 6
TIME = 56.705 : REGRID  with lbase = 5
  Level 6   125 grids  4096000 cells  0.0007450580597 % of domain
            smallest grid: 32 x 32 x 32  biggest grid: 32 x 32 x 32

[Level 1 step 11342] ADVANCE at time 56.705 with dt = 0.005
[Level 1 step 11342] average evolution speed = 2.15118792 code units/h
[Level 1 step 11342] Advanced 4096000 cells
[Level 2 step 22683] ADVANCE at time 56.705 with dt = 0.0025
[Level 2 step 22683] average evolution speed = 2.151163996 code units/h
[Level 2 step 22683] Advanced 4096000 cells
[Level 3 step 45365] ADVANCE at time 56.705 with dt = 0.00125
[Level 3 step 45365] average evolution speed = 2.151139908 code units/h
[Level 3 step 45365] Advanced 4096000 cells
[Level 4 step 90729] ADVANCE at time 56.705 with dt = 0.000625
[Level 4 step 90729] average evolution speed = 2.151115803 code units/h
[Level 4 step 90729] Advanced 4096000 cells
[Level 5 step 181457] ADVANCE at time 56.705 with dt = 0.0003125
[Level 5 step 181457] average evolution speed = 2.151091585 code units/h
[Level 5 step 181457] Advanced 4096000 cells
[Level 6 step 362913] ADVANCE at time 56.705 with dt = 0.00015625
[Level 6 step 362913] average evolution speed = 2.151067398 code units/h
[Level 6 step 362913] Advanced 4096000 cells
[Level 6 step 362914] ADVANCE at time 56.70515625 with dt = 0.00015625
[Level 6 step 362914] average evolution speed = 2.151093104 code units/h
[Level 6 step 362914] Advanced 4096000 cells
[Level 5 step 181458] ADVANCE at time 56.7053125 with dt = 0.0003125
[Level 5 step 181458] average evolution speed = 2.151117521 code units/h
[Level 5 step 181458] Advanced 4096000 cells
[Level 6 step 362915] ADVANCE at time 56.7053125 with dt = 0.00015625
[Level 6 step 362915] average evolution speed = 2.15109333 code units/h
[Level 6 step 362915] Advanced 4096000 cells
[Level 6 step 362916] ADVANCE at time 56.70546875 with dt = 0.00015625
[Level 6 step 362916] average evolution speed = 2.151119129 code units/h
[Level 6 step 362916] Advanced 4096000 cells
[Level 4 step 90730] ADVANCE at time 56.705625 with dt = 0.000625
[Level 4 step 90730] average evolution speed = 2.151142073 code units/h
[Level 4 step 90730] Advanced 4096000 cells
[Level 5 step 181459] ADVANCE at time 56.705625 with dt = 0.0003125
[Level 5 step 181459] average evolution speed = 2.151117809 code units/h
[Level 5 step 181459] Advanced 4096000 cells
[Level 6 step 362917] ADVANCE at time 56.705625 with dt = 0.00015625
[Level 6 step 362917] average evolution speed = 2.151093573 code units/h
[Level 6 step 362917] Advanced 4096000 cells
[Level 6 step 362918] ADVANCE at time 56.70578125 with dt = 0.00015625
[Level 6 step 362918] average evolution speed = 2.151119374 code units/h
[Level 6 step 362918] Advanced 4096000 cells
[Level 5 step 181460] ADVANCE at time 56.7059375 with dt = 0.0003125
[Level 5 step 181460] average evolution speed = 2.15114379 code units/h
[Level 5 step 181460] Advanced 4096000 cells
[Level 6 step 362919] ADVANCE at time 56.7059375 with dt = 0.00015625
[Level 6 step 362919] average evolution speed = 2.151119613 code units/h
[Level 6 step 362919] Advanced 4096000 cells
[Level 6 step 362920] ADVANCE at time 56.70609375 with dt = 0.00015625
[Level 6 step 362920] average evolution speed = 2.151145418 code units/h
[Level 6 step 362920] Advanced 4096000 cells
[Level 3 step 45366] ADVANCE at time 56.70625 with dt = 0.00125
[Level 3 step 45366] average evolution speed = 2.151166945 code units/h
[Level 3 step 45366] Advanced 4096000 cells
[Level 4 step 90731] ADVANCE at time 56.70625 with dt = 0.000625
[Level 4 step 90731] average evolution speed = 2.151142836 code units/h
[Level 4 step 90731] Advanced 4096000 cells
[Level 5 step 181461] ADVANCE at time 56.70625 with dt = 0.0003125
[Level 5 step 181461] average evolution speed = 2.151118613 code units/h
[Level 5 step 181461] Advanced 4096000 cells
[Level 6 step 362921] ADVANCE at time 56.70625 with dt = 0.00015625
[Level 6 step 362921] average evolution speed = 2.151094404 code units/h
[Level 6 step 362921] Advanced 4096000 cells
[Level 6 step 362922] ADVANCE at time 56.70640625 with dt = 0.00015625
[Level 6 step 362922] average evolution speed = 2.151120256 code units/h
[Level 6 step 362922] Advanced 4096000 cells
[Level 5 step 181462] ADVANCE at time 56.7065625 with dt = 0.0003125
[Level 5 step 181462] average evolution speed = 2.151144735 code units/h
[Level 5 step 181462] Advanced 4096000 cells
[Level 6 step 362923] ADVANCE at time 56.7065625 with dt = 0.00015625
[Level 6 step 362923] average evolution speed = 2.151120576 code units/h
[Level 6 step 362923] Advanced 4096000 cells
NaN diagnostic: rank=0 level=6 component=1 name=h11
amrex::Abort::0::NaN in GRAMRLevel::post_timestep !!!
SIGABRT
See Backtrace.0 file for details
--------------------------------------------------------------------------
MPI_ABORT was invoked on rank 0 in communicator MPI_COMM_WORLD
  Proc: [[41287,0],0]
  Errorcode: 6

NOTE: invoking MPI_ABORT causes Open MPI to kill all MPI processes.
You may or may not see output from other processes, depending on
exactly when Open MPI kills them.
--------------------------------------------------------------------------
