[Level 2 step 14903] Advanced 6881280 cells
[Level 3 step 29805] ADVANCE at time 37.255 with dt = 0.00125
[Level 3 step 29805] average evolution speed = 9.884902453 code units/h
[Level 3 step 29805] Advanced 8847360 cells
[Level 3 step 29806] ADVANCE at time 37.25625 with dt = 0.00125
[Level 3 step 29806] average evolution speed = 9.885041182 code units/h
[Level 3 step 29806] Advanced 8847360 cells
[Level 2 step 14904] ADVANCE at time 37.2575 with dt = 0.0025
[Level 2 step 14904] average evolution speed = 9.885168414 code units/h
[Level 2 step 14904] Advanced 6881280 cells
[Level 3 step 29807] ADVANCE at time 37.2575 with dt = 0.00125
[Level 3 step 29807] average evolution speed = 9.885018692 code units/h
[Level 3 step 29807] Advanced 8847360 cells
[Level 3 step 29808] ADVANCE at time 37.25875 with dt = 0.00125
[Level 3 step 29808] average evolution speed = 9.885157443 code units/h
[Level 3 step 29808] Advanced 8847360 cells

[STEP 3726] Coarse TimeStep time: 3.457077859
[STEP 3726] FAB kilobyte spread across MPI nodes: [35189246 ... 35189246]

STEP = 3726 TIME = 37.26 DT = 0.01

[Level 0 step 3727] ADVANCE at time 37.26 with dt = 0.01
[Level 0 step 3727] average evolution speed = 9.885243121 code units/h
[Level 0 step 3727] Advanced 2097152 cells
[Level 1 step 7453] ADVANCE at time 37.26 with dt = 0.005
[Level 1 step 7453] average evolution speed = 9.885181012 code units/h
[Level 1 step 7453] Advanced 4915200 cells
[Level 2 step 14905] ADVANCE at time 37.26 with dt = 0.0025
[Level 2 step 14905] average evolution speed = 9.885072805 code units/h
[Level 2 step 14905] Advanced 6881280 cells
[Level 3 step 29809] ADVANCE at time 37.26 with dt = 0.00125
[Level 3 step 29809] average evolution speed = 9.884922569 code units/h
[Level 3 step 29809] Advanced 8847360 cells
[Level 3 step 29810] ADVANCE at time 37.26125 with dt = 0.00125
[Level 3 step 29810] average evolution speed = 9.885061117 code units/h
[Level 3 step 29810] Advanced 8847360 cells
[Level 2 step 14906] ADVANCE at time 37.2625 with dt = 0.0025
[Level 2 step 14906] average evolution speed = 9.885187751 code units/h
[Level 2 step 14906] Advanced 6881280 cells
[Level 3 step 29811] ADVANCE at time 37.2625 with dt = 0.00125
[Level 3 step 29811] average evolution speed = 9.885037782 code units/h
[Level 3 step 29811] Advanced 8847360 cells
[Level 3 step 29812] ADVANCE at time 37.26375 with dt = 0.00125
[Level 3 step 29812] average evolution speed = 9.885176309 code units/h
[Level 3 step 29812] Advanced 8847360 cells
[Level 1 step 7454] ADVANCE at time 37.265 with dt = 0.005
[Level 1 step 7454] average evolution speed = 9.885293451 code units/h
[Level 1 step 7454] Advanced 4915200 cells
[Level 2 step 14907] ADVANCE at time 37.265 with dt = 0.0025
[Level 2 step 14907] average evolution speed = 9.885185017 code units/h
[Level 2 step 14907] Advanced 6881280 cells
[Level 3 step 29813] ADVANCE at time 37.265 with dt = 0.00125
[Level 3 step 29813] average evolution speed = 9.885034859 code units/h
[Level 3 step 29813] Advanced 8847360 cells
[Level 3 step 29814] ADVANCE at time 37.26625 with dt = 0.00125
[Level 3 step 29814] average evolution speed = 9.885173375 code units/h
[Level 3 step 29814] Advanced 8847360 cells
[Level 2 step 14908] ADVANCE at time 37.2675 with dt = 0.0025
[Level 2 step 14908] average evolution speed = 9.885299471 code units/h
[Level 2 step 14908] Advanced 6881280 cells
[Level 3 step 29815] ADVANCE at time 37.2675 with dt = 0.00125
[Level 3 step 29815] average evolution speed = 9.885149536 code units/h
[Level 3 step 29815] Advanced 8847360 cells
[Level 3 step 29816] ADVANCE at time 37.26875 with dt = 0.00125
[Level 3 step 29816] average evolution speed = 9.885288022 code units/h
[Level 3 step 29816] Advanced 8847360 cells

[STEP 3727] Coarse TimeStep time: 3.468128235
[STEP 3727] FAB kilobyte spread across MPI nodes: [35189246 ... 35189246]

STEP = 3727 TIME = 37.27 DT = 0.01

[Level 0 step 3728] ADVANCE at time 37.27 with dt = 0.01
[Level 0 step 3728] average evolution speed = 9.885369589 code units/h
[Level 0 step 3728] Advanced 2097152 cells
[Level 1 step 7455] ADVANCE at time 37.27 with dt = 0.005
[Level 1 step 7455] average evolution speed = 9.88530249 code units/h
[Level 1 step 7455] Advanced 4915200 cells
[Level 2 step 14909] ADVANCE at time 37.27 with dt = 0.0025
[Level 2 step 14909] average evolution speed = 9.885193871 code units/h
[Level 2 step 14909] Advanced 6881280 cells
[Level 3 step 29817] ADVANCE at time 37.27 with dt = 0.00125
[Level 3 step 29817] average evolution speed = 9.885043964 code units/h
[Level 3 step 29817] Advanced 8847360 cells
[Level 3 step 29818] ADVANCE at time 37.27125 with dt = 0.00125
[Level 3 step 29818] average evolution speed = 9.885182654 code units/h
[Level 3 step 29818] Advanced 8847360 cells
[Level 2 step 14910] ADVANCE at time 37.2725 with dt = 0.0025
[Level 2 step 14910] average evolution speed = 9.885308937 code units/h
[Level 2 step 14910] Advanced 6881280 cells
[Level 3 step 29819] ADVANCE at time 37.2725 with dt = 0.00125
[Level 3 step 29819] average evolution speed = 9.885159123 code units/h
[Level 3 step 29819] Advanced 8847360 cells
[Level 3 step 29820] ADVANCE at time 37.27375 with dt = 0.00125
[Level 3 step 29820] average evolution speed = 9.885297515 code units/h
[Level 3 step 29820] Advanced 8847360 cells
[Level 1 step 7456] ADVANCE at time 37.275 with dt = 0.005
[Level 1 step 7456] average evolution speed = 9.885414014 code units/h
[Level 1 step 7456] Advanced 4915200 cells
[Level 2 step 14911] ADVANCE at time 37.275 with dt = 0.0025
[Level 2 step 14911] average evolution speed = 9.885305693 code units/h
[Level 2 step 14911] Advanced 6881280 cells
[Level 3 step 29821] ADVANCE at time 37.275 with dt = 0.00125
[Level 3 step 29821] average evolution speed = 9.885155474 code units/h
[Level 3 step 29821] Advanced 8847360 cells
[Level 3 step 29822] ADVANCE at time 37.27625 with dt = 0.00125
[Level 3 step 29822] average evolution speed = 9.885294067 code units/h
[Level 3 step 29822] Advanced 8847360 cells
[Level 2 step 14912] ADVANCE at time 37.2775 with dt = 0.0025
[Level 2 step 14912] average evolution speed = 9.885420193 code units/h
[Level 2 step 14912] Advanced 6881280 cells
[Level 3 step 29823] ADVANCE at time 37.2775 with dt = 0.00125
[Level 3 step 29823] average evolution speed = 9.885270267 code units/h
[Level 3 step 29823] Advanced 8847360 cells
[Level 3 step 29824] ADVANCE at time 37.27875 with dt = 0.00125
[Level 3 step 29824] average evolution speed = 9.885408468 code units/h
[Level 3 step 29824] Advanced 8847360 cells

[STEP 3728] Coarse TimeStep time: 3.475873451
[STEP 3728] FAB kilobyte spread across MPI nodes: [35189246 ... 35189246]

STEP = 3728 TIME = 37.28 DT = 0.01

Now regridding at level lbase = 0
grid_places() time: 0.021282234 new finest: 3
STEP = 3728 TIME = 37.28 : REGRID  with lbase = 0
  Level 1   150 grids  4915200 cells  29.296875 % of domain
            smallest grid: 32 x 32 x 32  biggest grid: 32 x 32 x 32
  Level 2   210 grids  6881280 cells  5.126953125 % of domain
            smallest grid: 32 x 32 x 32  biggest grid: 32 x 32 x 32
  Level 3   270 grids  8847360 cells  0.8239746094 % of domain
            smallest grid: 32 x 32 x 32  biggest grid: 32 x 32 x 32

[Level 0 step 3729] ADVANCE at time 37.28 with dt = 0.01
[Level 0 step 3729] average evolution speed = 9.885467776 code units/h
[Level 0 step 3729] Advanced 2097152 cells
[Level 1 step 7457] ADVANCE at time 37.28 with dt = 0.005
[Level 1 step 7457] average evolution speed = 9.885400947 code units/h
[Level 1 step 7457] Advanced 4915200 cells
[Level 2 step 14913] ADVANCE at time 37.28 with dt = 0.0025
[Level 2 step 14913] average evolution speed = 9.885292078 code units/h
[Level 2 step 14913] Advanced 6881280 cells
[Level 3 step 29825] ADVANCE at time 37.28 with dt = 0.00125
[Level 3 step 29825] average evolution speed = 9.885142148 code units/h
[Level 3 step 29825] Advanced 8847360 cells
[Level 3 step 29826] ADVANCE at time 37.28125 with dt = 0.00125
[Level 3 step 29826] average evolution speed = 9.885279123 code units/h
[Level 3 step 29826] Advanced 8847360 cells
[Level 2 step 14914] ADVANCE at time 37.2825 with dt = 0.0025
[Level 2 step 14914] average evolution speed = 9.885405319 code units/h
[Level 2 step 14914] Advanced 6881280 cells
[Level 3 step 29827] ADVANCE at time 37.2825 with dt = 0.00125
[Level 3 step 29827] average evolution speed = 9.88525569 code units/h
[Level 3 step 29827] Advanced 8847360 cells
[Level 3 step 29828] ADVANCE at time 37.28375 with dt = 0.00125
[Level 3 step 29828] average evolution speed = 9.88539429 code units/h
[Level 3 step 29828] Advanced 8847360 cells
[Level 1 step 7458] ADVANCE at time 37.285 with dt = 0.005
[Level 1 step 7458] average evolution speed = 9.885511054 code units/h
[Level 1 step 7458] Advanced 4915200 cells
[Level 2 step 14915] ADVANCE at time 37.285 with dt = 0.0025
[Level 2 step 14915] average evolution speed = 9.885402876 code units/h
[Level 2 step 14915] Advanced 6881280 cells
[Level 3 step 29829] ADVANCE at time 37.285 with dt = 0.00125
[Level 3 step 29829] average evolution speed = 9.885252747 code units/h
[Level 3 step 29829] Advanced 8847360 cells
[Level 3 step 29830] ADVANCE at time 37.28625 with dt = 0.00125
[Level 3 step 29830] average evolution speed = 9.8853917 code units/h
[Level 3 step 29830] Advanced 8847360 cells
[Level 2 step 14916] ADVANCE at time 37.2875 with dt = 0.0025
[Level 2 step 14916] average evolution speed = 9.885519181 code units/h
[Level 2 step 14916] Advanced 6881280 cells
[Level 3 step 29831] ADVANCE at time 37.2875 with dt = 0.00125
[Level 3 step 29831] average evolution speed = 9.885369925 code units/h
[Level 3 step 29831] Advanced 8847360 cells
[Level 3 step 29832] ADVANCE at time 37.28875 with dt = 0.00125
[Level 3 step 29832] average evolution speed = 9.885508851 code units/h
[Level 3 step 29832] Advanced 8847360 cells

[STEP 3729] Coarse TimeStep time: 3.500845715
[STEP 3729] FAB kilobyte spread across MPI nodes: [35189246 ... 35189246]

STEP = 3729 TIME = 37.29 DT = 0.01

[Level 0 step 3730] ADVANCE at time 37.29 with dt = 0.01
[Level 0 step 3730] average evolution speed = 9.885592873 code units/h
[Level 0 step 3730] Advanced 2097152 cells
[Level 1 step 7459] ADVANCE at time 37.29 with dt = 0.005
[Level 1 step 7459] average evolution speed = 9.885526103 code units/h
[Level 1 step 7459] Advanced 4915200 cells
[Level 2 step 14917] ADVANCE at time 37.29 with dt = 0.0025
[Level 2 step 14917] average evolution speed = 9.885417701 code units/h
[Level 2 step 14917] Advanced 6881280 cells
[Level 3 step 29833] ADVANCE at time 37.29 with dt = 0.00125
[Level 3 step 29833] average evolution speed = 9.88526773 code units/h
[Level 3 step 29833] Advanced 8847360 cells
[Level 3 step 29834] ADVANCE at time 37.29125 with dt = 0.00125
[Level 3 step 29834] average evolution speed = 9.88540629 code units/h
Terminated
