Initializing AMReX (26.02-12-gd7da50458966)...
MPI initialized with 1 MPI processes
MPI initialized with thread support level 0
Initializing CUDA...
CUDA initialized with 1 device.
AMReX (26.02-12-gd7da50458966) initialized
GRTeclyn (5f988dbc) initialized
Parameter: verbosity not found in parameter file. It has been set to its default value = 0.
Parameter: num_ghosts not found in parameter file. It has been set to its default value = 3.
Parameter: tag_buffer_size not found in parameter file. It has been set to its default value = 3.
Parameter: grid_buffer_size not found in parameter file. It has been set to its default value = 8.
Parameter: fill_ratio not found in parameter file. It has been set to its default value = 0.7.
Using single regrid threshold.
Parameter: checkpoint_keep not found in parameter file. It has been set to its default value = 0.
Parameter: lapse_shock_kappa not found in parameter file. It has been set to its default value = 0.
Parameter: extraction_center not found in parameter file. It has been set to its default value = 32 32 32.
Parameter: wormhole_lapse_core_fraction not found in parameter file. It has been set to its default value = 0.3.
Parameter: wormhole_lapse_core_power not found in parameter file. It has been set to its default value = 8.
Parameter: wormhole_boost_velocity_A not found in parameter file. It has been set to its default value = 0 0 0.
Parameter: wormhole_boost_velocity_B not found in parameter file. It has been set to its default value = -0 -0 -0.
Parameter: wormhole_seed_amplitude_A not found in parameter file. It has been set to its default value = 0.
Parameter: wormhole_seed_amplitude_B not found in parameter file. It has been set to its default value = 0.
Parameter: wormhole_seed_width_A not found in parameter file. It has been set to its default value = 0.
Parameter: wormhole_seed_width_B not found in parameter file. It has been set to its default value = 0.
Parameter: wormhole_seed_l2_amplitude_A not found in parameter file. It has been set to its default value = 0.
Parameter: wormhole_seed_l2_amplitude_B not found in parameter file. It has been set to its default value = 0.
Parameter: wormhole_helfer_width not found in parameter file. It has been set to its default value = 0.
Parameter: wormhole_helfer_power not found in parameter file. It has been set to its default value = 2.
Parameter: constraint_solve_puncture_coefficient_A not found in parameter file. It has been set to its default value = 0.
Parameter: constraint_solve_puncture_coefficient_B not found in parameter file. It has been set to its default value = 0.
Parameter: constraint_solve_match_charge not found in parameter file. It has been set to its default value = 1.
Parameter: constraint_solve_match_tolerance not found in parameter file. It has been set to its default value = 1e-06.
Parameter: constraint_solve_match_max_iter not found in parameter file. It has been set to its default value = 10.
Parameter: constraint_solve_tolerance not found in parameter file. It has been set to its default value = 1e-10.
Parameter: constraint_solve_tolerance_abs not found in parameter file. It has been set to its default value = 0.
Parameter: constraint_solve_max_iter not found in parameter file. It has been set to its default value = 200.
Parameter: constraint_solve_max_newton not found in parameter file. It has been set to its default value = 30.
Parameter: constraint_solve_newton_tolerance not found in parameter file. It has been set to its default value = 1e-10.
Parameter: recipe_initial_data_file not found in parameter file. It has been set to its default value = .
Parameter: binary_diag_min_radius not found in parameter file. It has been set to its default value = 2.
Parameter: binary_diag_collapsed_lapse not found in parameter file. It has been set to its default value = 1e-06.
Parameter: binary_diag_collapsed_min_radius not found in parameter file. It has been set to its default value = 0.5.
Parameter: core_radial_profile not found in parameter file. It has been set to its default value = 0.
Parameter: core_profile_r_max not found in parameter file. It has been set to its default value = 2.
Parameter: core_profile_dr not found in parameter file. It has been set to its default value = 0.03125.
Parameter: core_profile_interval not found in parameter file. It has been set to its default value = 1.
Parameter: core_damping_lapse_start not found in parameter file. It has been set to its default value = 0.03.
Parameter: core_damping_lapse_full not found in parameter file. It has been set to its default value = 0.001.
Parameter: core_damping_tau not found in parameter file. It has been set to its default value = 0.25.
Parameter: core_damping_radius_start not found in parameter file. It has been set to its default value = 0.
Parameter: core_damping_radius_full not found in parameter file. It has been set to its default value = 0.
Parameter: core_damping_radius_from_time not found in parameter file. It has been set to its default value = 0.
Parameter: core_lapse_freeze not found in parameter file. It has been set to its default value = 0.
Parameter: core_freeze_radius_start not found in parameter file. It has been set to its default value = 0.
Parameter: core_freeze_radius_full not found in parameter file. It has been set to its default value = 0.
Parameter: core_freeze_from_time not found in parameter file. It has been set to its default value = 0.
Parameter: core_freeze_shift not found in parameter file. It has been set to its default value = 0.
Parameter: core_freeze_fill not found in parameter file. It has been set to its default value = 0.
Parameter: core_fill_radius_start not found in parameter file. It has been set to its default value = 0.
Parameter: core_fill_radius_full not found in parameter file. It has been set to its default value = 0.
Parameter: core_fill_from_time not found in parameter file. It has been set to its default value = 0.
Parameter: sponge_center not found in parameter file. It has been set to its default value = 32 32 32.
Parameter: tagging_center not found in parameter file. It has been set to its default value = 32 32 32.
Parameter: tagging_phi_weight not found in parameter file. It has been set to its default value = 0.
Parameter: tagging_K_weight not found in parameter file. It has been set to its default value = 0.
Parameter: rescale_det_h not found in parameter file. It has been set to its default value = 0.
Parameter: tagging_type = 2 warning: selects a geometric tagger (fixed or moving boxes), so regrid_threshold is ignored: refinement no longer responds to the solution at all.  Set tagging_L to control the boxes.!
Parameter: wormhole_support_ramp_start not found in parameter file. It has been set to its default value = -1.
Parameter: wormhole_support_ramp_duration not found in parameter file. It has been set to its default value = 5.
Parameter: wormhole_support_causal_speed not found in parameter file. It has been set to its default value = 0.
Parameter: wormhole_metric_type not found in parameter file. It has been set to its default value = 1.
Constraint solve: Newton 1, MLMG final residual 2.560346042e-12, max |w_new - w_old| = 0.001353859048
Constraint solve, far-side matching: start c = 2.166692483 2.166692483, max |M_far/M_iso - 1| = 0.0001987629446
Constraint solve: Newton 1, MLMG final residual 2.88868293e-12, max |w_new - w_old| = 0.001637193271
Constraint solve: Newton 1, MLMG final residual 1.321853738e-11, max |w_new - w_old| = 0.001563202362
Constraint solve: Newton 1, MLMG final residual 4.996271983e-12, max |w_new - w_old| = 0.002279668795
Constraint solve, far-side matching: pass 1, c = 2.165870139 2.165870139, max |M_far/M_iso - 1| = 9.140750379e-10
Constraint solve (Hamiltonian, t = 0): 1 Newton pass(es), last update 0.002279668795; far-side matching (mass and charge): 1 pass(es), 4 solves, max |M_far/M_iso - 1| = 9.140750379e-10
  puncture coefficient A 2.165870139 (superposed 2.165028075), B 2.165870139 (superposed 2.165028075)
  max |w| per level: 0.001493569615 0.001694911147 0.001821786593 0.001890754286
  M_ADM ~ 1.953691721 + 2 x 0.006204210912 = 1.966100143  (background mass + twice <r w> on the level-0 boundary; biased low by the Robin face)
  mouth A: c 2.165870139, coordinate scale 0.9751617326 (a 1.950323465, m 0.9751617326); d = -1.109405947 + w0 -0.001112477127 (level 3, r < 0.4875808663, 2008 cells)
    far-side mass -4.810477385 (1.000000001 x the isolated -4.810477381), far-side charge 3.034367982 (1 x 3.034367982); one-body drainhole a 1.999999996, m 0.9999999991
  mouth B: c 2.165870139, coordinate scale 0.9751617326 (a 1.950323465, m 0.9751617326); d = -1.109405947 + w0 -0.001112477127 (level 3, r < 0.4875808663, 2008 cells)
    far-side mass -4.810477385 (1.000000001 x the isolated -4.810477381), far-side charge 3.034367982 (1 x 3.034367982); one-body drainhole a 1.999999996, m 0.9999999991
  M_ADM = 2.098986128 (volume identity; tail 0.3791570267); one-body masses 1.999999998, M_ADM - their sum = 0.09898612928
[Level 0 step 1] average evolution speed = 0 code units/h
[Level 1 step 1] average evolution speed = 0 code units/h
[Level 2 step 1] average evolution speed = 0 code units/h
[Level 3 step 1] average evolution speed = 0 code units/h
[Level 3 step 2] average evolution speed = 3.763705326 code units/h
[Level 2 step 2] average evolution speed = 5.925104666 code units/h
[Level 3 step 3] average evolution speed = 5.079709928 code units/h
[Level 3 step 4] average evolution speed = 6.66849664 code units/h
[Level 1 step 2] average evolution speed = 7.797502935 code units/h
[Level 2 step 3] average evolution speed = 7.119658253 code units/h
[Level 3 step 5] average evolution speed = 6.471383134 code units/h
[Level 3 step 6] average evolution speed = 7.415377863 code units/h
[Level 2 step 4] average evolution speed = 8.174390022 code units/h
[Level 3 step 7] average evolution speed = 7.594007749 code units/h
[Level 3 step 8] average evolution speed = 8.27122576 code units/h
Unused ParmParse Variables:
  [TOP]::hdf5_subpath(nvals = 1)  :: [hdf5]
  [TOP]::nonzero_asymptotic_values(nvals = 5)  :: [1.0, 1.0, 1.0, 1.0, 1.0]
  [TOP]::nonzero_asymptotic_vars(nvals = 5)  :: [chi, h11, h22, h33, lapse]
  [TOP]::write_extraction(nvals = 1)  :: [0]

Total GPU global memory (MB) spread across MPI: [81079 ... 81079]
Free  GPU global memory (MB) spread across MPI: [45978 ... 45978]
[The         Arena] max space (MB) allocated spread across MPI: [33128 ... 33128]
[The         Arena] max space (MB) used      spread across MPI: [30849 ... 30849]
[The Managed Arena] max space (MB) allocated spread across MPI: [8 ... 8]
[The Managed Arena] max space (MB) used      spread across MPI: [0 ... 0]
[The  Pinned Arena] max space (MB) allocated spread across MPI: [16 ... 16]
[The  Pinned Arena] max space (MB) used      spread across MPI: [12 ... 12]
AMReX (26.02-12-gd7da50458966) finalized
