[Level 5 step 193249] average evolution speed = 2.683120937 code units/h
[Level 5 step 193249] Advanced 4096000 cells
[Level 5 step 193250] ADVANCE at time 60.3903125 with dt = 0.0003125
[Level 5 step 193250] average evolution speed = 2.683130563 code units/h
[Level 5 step 193250] Advanced 4096000 cells
[Level 4 step 96626] ADVANCE at time 60.390625 with dt = 0.000625
[Level 4 step 96626] average evolution speed = 2.683139944 code units/h
[Level 4 step 96626] Advanced 4096000 cells
[Level 5 step 193251] ADVANCE at time 60.390625 with dt = 0.0003125
[Level 5 step 193251] average evolution speed = 2.683135735 code units/h
[Level 5 step 193251] Advanced 4096000 cells
[Level 5 step 193252] ADVANCE at time 60.3909375 with dt = 0.0003125
[Level 5 step 193252] average evolution speed = 2.683145397 code units/h
[Level 5 step 193252] Advanced 4096000 cells
[Level 3 step 48314] ADVANCE at time 60.39125 with dt = 0.00125
[Level 3 step 48314] average evolution speed = 2.683154556 code units/h
[Level 3 step 48314] Advanced 3686400 cells
[Level 4 step 96627] ADVANCE at time 60.39125 with dt = 0.000625
[Level 4 step 96627] average evolution speed = 2.683150702 code units/h
[Level 4 step 96627] Advanced 4096000 cells
[Level 5 step 193253] ADVANCE at time 60.39125 with dt = 0.0003125
[Level 5 step 193253] average evolution speed = 2.683146486 code units/h
[Level 5 step 193253] Advanced 4096000 cells
[Level 5 step 193254] ADVANCE at time 60.3915625 with dt = 0.0003125
[Level 5 step 193254] average evolution speed = 2.683156153 code units/h
[Level 5 step 193254] Advanced 4096000 cells
[Level 4 step 96628] ADVANCE at time 60.391875 with dt = 0.000625
[Level 4 step 96628] average evolution speed = 2.683165579 code units/h
[Level 4 step 96628] Advanced 4096000 cells
[Level 5 step 193255] ADVANCE at time 60.391875 with dt = 0.0003125
[Level 5 step 193255] average evolution speed = 2.68316138 code units/h
[Level 5 step 193255] Advanced 4096000 cells
[Level 5 step 193256] ADVANCE at time 60.3921875 with dt = 0.0003125
[Level 5 step 193256] average evolution speed = 2.683171056 code units/h
[Level 5 step 193256] Advanced 4096000 cells
[Level 2 step 24158] ADVANCE at time 60.3925 with dt = 0.0025
[Level 2 step 24158] average evolution speed = 2.683179998 code units/h
[Level 2 step 24158] Advanced 3686400 cells
[Level 3 step 48315] ADVANCE at time 60.3925 with dt = 0.00125
[Level 3 step 48315] average evolution speed = 2.683176159 code units/h
[Level 3 step 48315] Advanced 3686400 cells
[Level 4 step 96629] ADVANCE at time 60.3925 with dt = 0.000625
[Level 4 step 96629] average evolution speed = 2.683172304 code units/h
[Level 4 step 96629] Advanced 4096000 cells
[Level 5 step 193257] ADVANCE at time 60.3925 with dt = 0.0003125
[Level 5 step 193257] average evolution speed = 2.683168107 code units/h
[Level 5 step 193257] Advanced 4096000 cells
[Level 5 step 193258] ADVANCE at time 60.3928125 with dt = 0.0003125
[Level 5 step 193258] average evolution speed = 2.683177779 code units/h
[Level 5 step 193258] Advanced 4096000 cells
[Level 4 step 96630] ADVANCE at time 60.393125 with dt = 0.000625
[Level 4 step 96630] average evolution speed = 2.683187212 code units/h
[Level 4 step 96630] Advanced 4096000 cells
[Level 5 step 193259] ADVANCE at time 60.393125 with dt = 0.0003125
[Level 5 step 193259] average evolution speed = 2.683183014 code units/h
[Level 5 step 193259] Advanced 4096000 cells
[Level 5 step 193260] ADVANCE at time 60.3934375 with dt = 0.0003125
[Level 5 step 193260] average evolution speed = 2.683192687 code units/h
[Level 5 step 193260] Advanced 4096000 cells
[Level 3 step 48316] ADVANCE at time 60.39375 with dt = 0.00125
[Level 3 step 48316] average evolution speed = 2.683201864 code units/h
[Level 3 step 48316] Advanced 3686400 cells
[Level 4 step 96631] ADVANCE at time 60.39375 with dt = 0.000625
[Level 4 step 96631] average evolution speed = 2.683198033 code units/h
[Level 4 step 96631] Advanced 4096000 cells
[Level 5 step 193261] ADVANCE at time 60.39375 with dt = 0.0003125
[Level 5 step 193261] average evolution speed = 2.68319384 code units/h
[Level 5 step 193261] Advanced 4096000 cells
[Level 5 step 193262] ADVANCE at time 60.3940625 with dt = 0.0003125
[Level 5 step 193262] average evolution speed = 2.683203513 code units/h
[Level 5 step 193262] Advanced 4096000 cells
[Level 4 step 96632] ADVANCE at time 60.394375 with dt = 0.000625
[Level 4 step 96632] average evolution speed = 2.683212943 code units/h
[Level 4 step 96632] Advanced 4096000 cells
[Level 5 step 193263] ADVANCE at time 60.394375 with dt = 0.0003125
[Level 5 step 193263] average evolution speed = 2.683208749 code units/h
[Level 5 step 193263] Advanced 4096000 cells
[Level 5 step 193264] ADVANCE at time 60.3946875 with dt = 0.0003125
[Level 5 step 193264] average evolution speed = 2.683218422 code units/h
[Level 5 step 193264] Advanced 4096000 cells
[Level 1 step 12080] ADVANCE at time 60.395 with dt = 0.005
[Level 1 step 12080] average evolution speed = 2.683227123 code units/h
[Level 1 step 12080] Advanced 4096000 cells
[Level 2 step 24159] ADVANCE at time 60.395 with dt = 0.0025
[Level 2 step 24159] average evolution speed = 2.683222545 code units/h
[Level 2 step 24159] Advanced 3686400 cells
[Level 3 step 48317] ADVANCE at time 60.395 with dt = 0.00125
[Level 3 step 48317] average evolution speed = 2.683218705 code units/h
[Level 3 step 48317] Advanced 3686400 cells
[Level 4 step 96633] ADVANCE at time 60.395 with dt = 0.000625
[Level 4 step 96633] average evolution speed = 2.683214865 code units/h
[Level 4 step 96633] Advanced 4096000 cells
[Level 5 step 193265] ADVANCE at time 60.395 with dt = 0.0003125
[Level 5 step 193265] average evolution speed = 2.683210669 code units/h
[Level 5 step 193265] Advanced 4096000 cells
[Level 5 step 193266] ADVANCE at time 60.3953125 with dt = 0.0003125
[Level 5 step 193266] average evolution speed = 2.683220342 code units/h
[Level 5 step 193266] Advanced 4096000 cells
[Level 4 step 96634] ADVANCE at time 60.395625 with dt = 0.000625
[Level 4 step 96634] average evolution speed = 2.683229767 code units/h
[Level 4 step 96634] Advanced 4096000 cells
[Level 5 step 193267] ADVANCE at time 60.395625 with dt = 0.0003125
[Level 5 step 193267] average evolution speed = 2.683225575 code units/h
[Level 5 step 193267] Advanced 4096000 cells
[Level 5 step 193268] ADVANCE at time 60.3959375 with dt = 0.0003125
[Level 5 step 193268] average evolution speed = 2.68323525 code units/h
[Level 5 step 193268] Advanced 4096000 cells
[Level 3 step 48318] ADVANCE at time 60.39625 with dt = 0.00125
[Level 3 step 48318] average evolution speed = 2.683244432 code units/h
[Level 3 step 48318] Advanced 3686400 cells
[Level 4 step 96635] ADVANCE at time 60.39625 with dt = 0.000625
[Level 4 step 96635] average evolution speed = 2.683240595 code units/h
[Level 4 step 96635] Advanced 4096000 cells
[Level 5 step 193269] ADVANCE at time 60.39625 with dt = 0.0003125
[Level 5 step 193269] average evolution speed = 2.683236404 code units/h
[Level 5 step 193269] Advanced 4096000 cells
[Level 5 step 193270] ADVANCE at time 60.3965625 with dt = 0.0003125
[Level 5 step 193270] average evolution speed = 2.683246082 code units/h
[Level 5 step 193270] Advanced 4096000 cells
[Level 4 step 96636] ADVANCE at time 60.396875 with dt = 0.000625
[Level 4 step 96636] average evolution speed = 2.683255467 code units/h
[Level 4 step 96636] Advanced 4096000 cells
[Level 5 step 193271] ADVANCE at time 60.396875 with dt = 0.0003125
[Level 5 step 193271] average evolution speed = 2.68325127 code units/h
[Level 5 step 193271] Advanced 4096000 cells
[Level 5 step 193272] ADVANCE at time 60.3971875 with dt = 0.0003125
[Level 5 step 193272] average evolution speed = 2.683260926 code units/h
[Level 5 step 193272] Advanced 4096000 cells
[Level 2 step 24160] ADVANCE at time 60.3975 with dt = 0.0025
[Level 2 step 24160] average evolution speed = 2.683269859 code units/h
[Level 2 step 24160] Advanced 3686400 cells
[Level 3 step 48319] ADVANCE at time 60.3975 with dt = 0.00125
[Level 3 step 48319] average evolution speed = 2.683266016 code units/h
[Level 3 step 48319] Advanced 3686400 cells
[Level 4 step 96637] ADVANCE at time 60.3975 with dt = 0.000625
[Level 4 step 96637] average evolution speed = 2.68326217 code units/h
[Level 4 step 96637] Advanced 4096000 cells
[Level 5 step 193273] ADVANCE at time 60.3975 with dt = 0.0003125
[Level 5 step 193273] average evolution speed = 2.683257982 code units/h
[Level 5 step 193273] Advanced 4096000 cells
[Level 5 step 193274] ADVANCE at time 60.3978125 with dt = 0.0003125
[Level 5 step 193274] average evolution speed = 2.683267658 code units/h
[Level 5 step 193274] Advanced 4096000 cells
[Level 4 step 96638] ADVANCE at time 60.398125 with dt = 0.000625
[Level 4 step 96638] average evolution speed = 2.683277081 code units/h
[Level 4 step 96638] Advanced 4096000 cells
[Level 5 step 193275] ADVANCE at time 60.398125 with dt = 0.0003125
[Level 5 step 193275] average evolution speed = 2.683272888 code units/h
[Level 5 step 193275] Advanced 4096000 cells
[Level 5 step 193276] ADVANCE at time 60.3984375 with dt = 0.0003125
[Level 5 step 193276] average evolution speed = 2.683282563 code units/h
[Level 5 step 193276] Advanced 4096000 cells
[Level 3 step 48320] ADVANCE at time 60.39875 with dt = 0.00125
[Level 3 step 48320] average evolution speed = 2.683291737 code units/h
[Level 3 step 48320] Advanced 3686400 cells
[Level 4 step 96639] ADVANCE at time 60.39875 with dt = 0.000625
[Level 4 step 96639] average evolution speed = 2.683287896 code units/h
[Level 4 step 96639] Advanced 4096000 cells
[Level 5 step 193277] ADVANCE at time 60.39875 with dt = 0.0003125
[Level 5 step 193277] average evolution speed = 2.683283698 code units/h
[Level 5 step 193277] Advanced 4096000 cells
[Level 5 step 193278] ADVANCE at time 60.3990625 with dt = 0.0003125
[Level 5 step 193278] average evolution speed = 2.683293363 code units/h
[Level 5 step 193278] Advanced 4096000 cells
[Level 4 step 96640] ADVANCE at time 60.399375 with dt = 0.000625
[Level 4 step 96640] average evolution speed = 2.683302791 code units/h
[Level 4 step 96640] Advanced 4096000 cells
[Level 5 step 193279] ADVANCE at time 60.399375 with dt = 0.0003125
[Level 5 step 193279] average evolution speed = 2.683298595 code units/h
[Level 5 step 193279] Advanced 4096000 cells
[Level 5 step 193280] ADVANCE at time 60.3996875 with dt = 0.0003125
[Level 5 step 193280] average evolution speed = 2.683308267 code units/h
[Level 5 step 193280] Advanced 4096000 cells

[STEP 6040] Coarse TimeStep time: 9.081729435
[STEP 6040] FAB kilobyte spread across MPI nodes: [57823076 ... 57823076]

STEP = 6040 TIME = 60.4 DT = 0.01

CHECKPOINT: file = /tmp/grteclyn_scratch/v2_spiral_d12_p012_L128_lvl5from0_t100_csm/BinaryWormholeChk06040
checkPoint() time = 13.36258959 secs.
[checkpoint_keep] removed /tmp/grteclyn_scratch/v2_spiral_d12_p012_L128_lvl5from0_t100_csm/BinaryWormholeChk05000 (keeping newest 3)
PLOTFILE: file = /tmp/grteclyn_scratch/v2_spiral_d12_p012_L128_lvl5from0_t100_csm/BinaryWormholePlt06040
Write plotfile time = 3.766424095  seconds

Stopped by user w/ checkpoint
Unused ParmParse Variables:
  [TOP]::hdf5_subpath(nvals = 1)  :: [hdf5]
  [TOP]::nonzero_asymptotic_values(nvals = 5)  :: [1.0, 1.0, 1.0, 1.0, 1.0]
  [TOP]::nonzero_asymptotic_vars(nvals = 5)  :: [chi, h11, h22, h33, lapse]

Total GPU global memory (MB) spread across MPI: [81079 ... 81079]
Free  GPU global memory (MB) spread across MPI: [21584 ... 21584]
[The         Arena] max space (MB) allocated spread across MPI: [57751 ... 57751]
[The         Arena] max space (MB) used      spread across MPI: [56530 ... 56530]
[The Managed Arena] max space (MB) allocated spread across MPI: [8 ... 8]
[The Managed Arena] max space (MB) used      spread across MPI: [0 ... 0]
[The  Pinned Arena] max space (MB) allocated spread across MPI: [43 ... 43]
[The  Pinned Arena] max space (MB) used      spread across MPI: [26 ... 26]
AMReX (26.02-12-gd7da50458966) finalized
