[Level 5 step 25569] ADVANCE at time 99.875 with dt = 0.00390625
[Level 5 step 25569] average evolution speed = 47.53177526 code units/h
[Level 5 step 25569] Advanced 7077888 cells
[Level 5 step 25570] ADVANCE at time 99.87890625 with dt = 0.00390625
[Level 5 step 25570] average evolution speed = 47.53287252 code units/h
[Level 5 step 25570] Advanced 7077888 cells
[Level 4 step 12786] ADVANCE at time 99.8828125 with dt = 0.0078125
[Level 4 step 12786] average evolution speed = 47.5339289 code units/h
[Level 4 step 12786] Advanced 7077888 cells
[Level 5 step 25571] ADVANCE at time 99.8828125 with dt = 0.00390625
[Level 5 step 25571] average evolution speed = 47.53317801 code units/h
[Level 5 step 25571] Advanced 7077888 cells
[Level 5 step 25572] ADVANCE at time 99.88671875 with dt = 0.00390625
[Level 5 step 25572] average evolution speed = 47.53427586 code units/h
[Level 5 step 25572] Advanced 7077888 cells
[Level 3 step 6394] ADVANCE at time 99.890625 with dt = 0.015625
[Level 3 step 6394] average evolution speed = 47.53529055 code units/h
[Level 3 step 6394] Advanced 2097152 cells
[Level 4 step 12787] ADVANCE at time 99.890625 with dt = 0.0078125
[Level 4 step 12787] average evolution speed = 47.53505764 code units/h
[Level 4 step 12787] Advanced 7077888 cells
[Level 5 step 25573] ADVANCE at time 99.890625 with dt = 0.00390625
[Level 5 step 25573] average evolution speed = 47.53430596 code units/h
[Level 5 step 25573] Advanced 7077888 cells
[Level 5 step 25574] ADVANCE at time 99.89453125 with dt = 0.00390625
[Level 5 step 25574] average evolution speed = 47.53540747 code units/h
[Level 5 step 25574] Advanced 7077888 cells
[Level 4 step 12788] ADVANCE at time 99.8984375 with dt = 0.0078125
[Level 4 step 12788] average evolution speed = 47.53646818 code units/h
[Level 4 step 12788] Advanced 7077888 cells
[Level 5 step 25575] ADVANCE at time 99.8984375 with dt = 0.00390625
[Level 5 step 25575] average evolution speed = 47.53572269 code units/h
[Level 5 step 25575] Advanced 7077888 cells
[Level 5 step 25576] ADVANCE at time 99.90234375 with dt = 0.00390625
[Level 5 step 25576] average evolution speed = 47.53682498 code units/h
[Level 5 step 25576] Advanced 7077888 cells
[Level 2 step 3198] ADVANCE at time 99.90625 with dt = 0.03125
[Level 2 step 3198] average evolution speed = 47.53782883 code units/h
[Level 2 step 3198] Advanced 884736 cells
[Level 3 step 6395] ADVANCE at time 99.90625 with dt = 0.015625
[Level 3 step 6395] average evolution speed = 47.53772464 code units/h
[Level 3 step 6395] Advanced 2097152 cells
[Level 4 step 12789] ADVANCE at time 99.90625 with dt = 0.0078125
[Level 4 step 12789] average evolution speed = 47.53749138 code units/h
[Level 4 step 12789] Advanced 7077888 cells
[Level 5 step 25577] ADVANCE at time 99.90625 with dt = 0.00390625
[Level 5 step 25577] average evolution speed = 47.53675425 code units/h
[Level 5 step 25577] Advanced 7077888 cells
[Level 5 step 25578] ADVANCE at time 99.91015625 with dt = 0.00390625
[Level 5 step 25578] average evolution speed = 47.53786558 code units/h
[Level 5 step 25578] Advanced 7077888 cells
[Level 4 step 12790] ADVANCE at time 99.9140625 with dt = 0.0078125
[Level 4 step 12790] average evolution speed = 47.53893601 code units/h
[Level 4 step 12790] Advanced 7077888 cells
[Level 5 step 25579] ADVANCE at time 99.9140625 with dt = 0.00390625
[Level 5 step 25579] average evolution speed = 47.53819979 code units/h
[Level 5 step 25579] Advanced 7077888 cells
[Level 5 step 25580] ADVANCE at time 99.91796875 with dt = 0.00390625
[Level 5 step 25580] average evolution speed = 47.53931078 code units/h
[Level 5 step 25580] Advanced 7077888 cells
[Level 3 step 6396] ADVANCE at time 99.921875 with dt = 0.015625
[Level 3 step 6396] average evolution speed = 47.54033974 code units/h
[Level 3 step 6396] Advanced 2097152 cells
[Level 4 step 12791] ADVANCE at time 99.921875 with dt = 0.0078125
[Level 4 step 12791] average evolution speed = 47.54010707 code units/h
[Level 4 step 12791] Advanced 7077888 cells
[Level 5 step 25581] ADVANCE at time 99.921875 with dt = 0.00390625
[Level 5 step 25581] average evolution speed = 47.53936934 code units/h
[Level 5 step 25581] Advanced 7077888 cells
[Level 5 step 25582] ADVANCE at time 99.92578125 with dt = 0.00390625
[Level 5 step 25582] average evolution speed = 47.54047194 code units/h
[Level 5 step 25582] Advanced 7077888 cells
[Level 4 step 12792] ADVANCE at time 99.9296875 with dt = 0.0078125
[Level 4 step 12792] average evolution speed = 47.54153447 code units/h
[Level 4 step 12792] Advanced 7077888 cells
[Level 5 step 25583] ADVANCE at time 99.9296875 with dt = 0.00390625
[Level 5 step 25583] average evolution speed = 47.54078997 code units/h
[Level 5 step 25583] Advanced 7077888 cells
[Level 5 step 25584] ADVANCE at time 99.93359375 with dt = 0.00390625
[Level 5 step 25584] average evolution speed = 47.54189318 code units/h
[Level 5 step 25584] Advanced 7077888 cells
[Level 1 step 1600] ADVANCE at time 99.9375 with dt = 0.0625
[Level 1 step 1600] average evolution speed = 47.54288854 code units/h
[Level 1 step 1600] Advanced 262144 cells
[Level 2 step 3199] ADVANCE at time 99.9375 with dt = 0.03125
[Level 2 step 3199] average evolution speed = 47.54285151 code units/h
[Level 2 step 3199] Advanced 884736 cells
[Level 3 step 6397] ADVANCE at time 99.9375 with dt = 0.015625
[Level 3 step 6397] average evolution speed = 47.54274597 code units/h
[Level 3 step 6397] Advanced 2097152 cells
[Level 4 step 12793] ADVANCE at time 99.9375 with dt = 0.0078125
[Level 4 step 12793] average evolution speed = 47.54251621 code units/h
[Level 4 step 12793] Advanced 7077888 cells
[Level 5 step 25585] ADVANCE at time 99.9375 with dt = 0.00390625
[Level 5 step 25585] average evolution speed = 47.54177491 code units/h
[Level 5 step 25585] Advanced 7077888 cells
[Level 5 step 25586] ADVANCE at time 99.94140625 with dt = 0.00390625
[Level 5 step 25586] average evolution speed = 47.54288203 code units/h
[Level 5 step 25586] Advanced 7077888 cells
[Level 4 step 12794] ADVANCE at time 99.9453125 with dt = 0.0078125
[Level 4 step 12794] average evolution speed = 47.54394879 code units/h
[Level 4 step 12794] Advanced 7077888 cells
[Level 5 step 25587] ADVANCE at time 99.9453125 with dt = 0.00390625
[Level 5 step 25587] average evolution speed = 47.543209 code units/h
[Level 5 step 25587] Advanced 7077888 cells
[Level 5 step 25588] ADVANCE at time 99.94921875 with dt = 0.00390625
[Level 5 step 25588] average evolution speed = 47.54431617 code units/h
[Level 5 step 25588] Advanced 7077888 cells
[Level 3 step 6398] ADVANCE at time 99.953125 with dt = 0.015625
[Level 3 step 6398] average evolution speed = 47.54533941 code units/h
[Level 3 step 6398] Advanced 2097152 cells
[Level 4 step 12795] ADVANCE at time 99.953125 with dt = 0.0078125
[Level 4 step 12795] average evolution speed = 47.54511087 code units/h
[Level 4 step 12795] Advanced 7077888 cells
[Level 5 step 25589] ADVANCE at time 99.953125 with dt = 0.00390625
[Level 5 step 25589] average evolution speed = 47.54436994 code units/h
[Level 5 step 25589] Advanced 7077888 cells
[Level 5 step 25590] ADVANCE at time 99.95703125 with dt = 0.00390625
[Level 5 step 25590] average evolution speed = 47.54548043 code units/h
[Level 5 step 25590] Advanced 7077888 cells
[Level 4 step 12796] ADVANCE at time 99.9609375 with dt = 0.0078125
[Level 4 step 12796] average evolution speed = 47.54654773 code units/h
[Level 4 step 12796] Advanced 7077888 cells
[Level 5 step 25591] ADVANCE at time 99.9609375 with dt = 0.00390625
[Level 5 step 25591] average evolution speed = 47.5458114 code units/h
[Level 5 step 25591] Advanced 7077888 cells
[Level 5 step 25592] ADVANCE at time 99.96484375 with dt = 0.00390625
[Level 5 step 25592] average evolution speed = 47.5469225 code units/h
[Level 5 step 25592] Advanced 7077888 cells
[Level 2 step 3200] ADVANCE at time 99.96875 with dt = 0.03125
[Level 2 step 3200] average evolution speed = 47.54793394 code units/h
[Level 2 step 3200] Advanced 884736 cells
[Level 3 step 6399] ADVANCE at time 99.96875 with dt = 0.015625
[Level 3 step 6399] average evolution speed = 47.54782943 code units/h
[Level 3 step 6399] Advanced 2097152 cells
[Level 4 step 12797] ADVANCE at time 99.96875 with dt = 0.0078125
[Level 4 step 12797] average evolution speed = 47.5476003 code units/h
[Level 4 step 12797] Advanced 7077888 cells
[Level 5 step 25593] ADVANCE at time 99.96875 with dt = 0.00390625
[Level 5 step 25593] average evolution speed = 47.54686191 code units/h
[Level 5 step 25593] Advanced 7077888 cells
[Level 5 step 25594] ADVANCE at time 99.97265625 with dt = 0.00390625
[Level 5 step 25594] average evolution speed = 47.54797251 code units/h
[Level 5 step 25594] Advanced 7077888 cells
[Level 4 step 12798] ADVANCE at time 99.9765625 with dt = 0.0078125
[Level 4 step 12798] average evolution speed = 47.54904215 code units/h
[Level 4 step 12798] Advanced 7077888 cells
[Level 5 step 25595] ADVANCE at time 99.9765625 with dt = 0.00390625
[Level 5 step 25595] average evolution speed = 47.54830451 code units/h
[Level 5 step 25595] Advanced 7077888 cells
[Level 5 step 25596] ADVANCE at time 99.98046875 with dt = 0.00390625
[Level 5 step 25596] average evolution speed = 47.54941503 code units/h
[Level 5 step 25596] Advanced 7077888 cells
[Level 3 step 6400] ADVANCE at time 99.984375 with dt = 0.015625
[Level 3 step 6400] average evolution speed = 47.55044181 code units/h
[Level 3 step 6400] Advanced 2097152 cells
[Level 4 step 12799] ADVANCE at time 99.984375 with dt = 0.0078125
[Level 4 step 12799] average evolution speed = 47.55021316 code units/h
[Level 4 step 12799] Advanced 7077888 cells
[Level 5 step 25597] ADVANCE at time 99.984375 with dt = 0.00390625
[Level 5 step 25597] average evolution speed = 47.54947591 code units/h
[Level 5 step 25597] Advanced 7077888 cells
[Level 5 step 25598] ADVANCE at time 99.98828125 with dt = 0.00390625
[Level 5 step 25598] average evolution speed = 47.55058511 code units/h
[Level 5 step 25598] Advanced 7077888 cells
[Level 4 step 12800] ADVANCE at time 99.9921875 with dt = 0.0078125
[Level 4 step 12800] average evolution speed = 47.55165546 code units/h
[Level 4 step 12800] Advanced 7077888 cells
[Level 5 step 25599] ADVANCE at time 99.9921875 with dt = 0.00390625
[Level 5 step 25599] average evolution speed = 47.55091837 code units/h
[Level 5 step 25599] Advanced 7077888 cells
[Level 5 step 25600] ADVANCE at time 99.99609375 with dt = 0.00390625
[Level 5 step 25600] average evolution speed = 47.55202884 code units/h
[Level 5 step 25600] Advanced 7077888 cells

[STEP 800] Coarse TimeStep time: 6.437618032
[STEP 800] FAB kilobyte spread across MPI nodes: [35407626 ... 35407626]

STEP = 800 TIME = 100 DT = 0.125

CHECKPOINT: file = /tmp/grteclyn_scratch/bbh_headon_d8_L128_lvl5_t100/BinaryWormholeChk00800
checkPoint() time = 5.552313669 secs.
[checkpoint_keep] removed /tmp/grteclyn_scratch/bbh_headon_d8_L128_lvl5_t100/BinaryWormholeChk00680 (keeping newest 3)
PLOTFILE: file = /tmp/grteclyn_scratch/bbh_headon_d8_L128_lvl5_t100/BinaryWormholePlt00800
Write plotfile time = 0.775763145  seconds

GRTeclyn finished.
Unused ParmParse Variables:
  [TOP]::center(nvals = 3)  :: [32.0, 32.0, 32.0]
  [TOP]::output_path(nvals = 1)  :: [runs/wormhole_merger/bbh_headon_d8_L128_lvl5_t100]

Total GPU global memory (MB) spread across MPI: [81079 ... 81079]
Free  GPU global memory (MB) spread across MPI: [19304 ... 19304]
[The         Arena] max space (MB) allocated spread across MPI: [60809 ... 60809]
[The         Arena] max space (MB) used      spread across MPI: [35069 ... 35069]
[The Managed Arena] max space (MB) allocated spread across MPI: [8 ... 8]
[The Managed Arena] max space (MB) used      spread across MPI: [0 ... 0]
[The  Pinned Arena] max space (MB) allocated spread across MPI: [138 ... 138]
[The  Pinned Arena] max space (MB) used      spread across MPI: [66 ... 66]
AMReX (26.02-12-gd7da50458966) finalized
