[STEP 1514] FAB kilobyte spread across MPI nodes: [17299254 ... 17299254]

STEP = 1514 TIME = 15.14 DT = 0.01

[Level 0 step 1515] ADVANCE at time 15.14 with dt = 0.01
[Level 0 step 1515] average evolution speed = 18.15515569 code units/h
[Level 0 step 1515] Advanced 2097152 cells
[Level 1 step 3029] ADVANCE at time 15.14 with dt = 0.005
[Level 1 step 3029] average evolution speed = 18.15458653 code units/h
[Level 1 step 3029] Advanced 4096000 cells
[Level 2 step 6057] ADVANCE at time 15.14 with dt = 0.0025
[Level 2 step 6057] average evolution speed = 18.15381896 code units/h
[Level 2 step 6057] Advanced 4096000 cells
[Level 3 step 12113] ADVANCE at time 15.14 with dt = 0.00125
[Level 3 step 12113] average evolution speed = 18.15304787 code units/h
[Level 3 step 12113] Advanced 4096000 cells
[Level 3 step 12114] ADVANCE at time 15.14125 with dt = 0.00125
[Level 3 step 12114] average evolution speed = 18.15377218 code units/h
[Level 3 step 12114] Advanced 4096000 cells
[Level 2 step 6058] ADVANCE at time 15.1425 with dt = 0.0025
[Level 2 step 6058] average evolution speed = 18.15444513 code units/h
[Level 2 step 6058] Advanced 4096000 cells
[Level 3 step 12115] ADVANCE at time 15.1425 with dt = 0.00125
[Level 3 step 12115] average evolution speed = 18.15367382 code units/h
[Level 3 step 12115] Advanced 4096000 cells
[Level 3 step 12116] ADVANCE at time 15.14375 with dt = 0.00125
[Level 3 step 12116] average evolution speed = 18.15439856 code units/h
[Level 3 step 12116] Advanced 4096000 cells
[Level 1 step 3030] ADVANCE at time 15.145 with dt = 0.005
[Level 1 step 3030] average evolution speed = 18.15502051 code units/h
[Level 1 step 3030] Advanced 4096000 cells
[Level 2 step 6059] ADVANCE at time 15.145 with dt = 0.0025
[Level 2 step 6059] average evolution speed = 18.15425408 code units/h
[Level 2 step 6059] Advanced 4096000 cells
[Level 3 step 12117] ADVANCE at time 15.145 with dt = 0.00125
[Level 3 step 12117] average evolution speed = 18.1534827 code units/h
[Level 3 step 12117] Advanced 4096000 cells
[Level 3 step 12118] ADVANCE at time 15.14625 with dt = 0.00125
[Level 3 step 12118] average evolution speed = 18.15420733 code units/h
[Level 3 step 12118] Advanced 4096000 cells
[Level 2 step 6060] ADVANCE at time 15.1475 with dt = 0.0025
[Level 2 step 6060] average evolution speed = 18.15488058 code units/h
[Level 2 step 6060] Advanced 4096000 cells
[Level 3 step 12119] ADVANCE at time 15.1475 with dt = 0.00125
[Level 3 step 12119] average evolution speed = 18.15410899 code units/h
[Level 3 step 12119] Advanced 4096000 cells
[Level 3 step 12120] ADVANCE at time 15.14875 with dt = 0.00125
[Level 3 step 12120] average evolution speed = 18.15483394 code units/h
[Level 3 step 12120] Advanced 4096000 cells

[STEP 1515] Coarse TimeStep time: 1.969985401
[STEP 1515] FAB kilobyte spread across MPI nodes: [17299254 ... 17299254]

STEP = 1515 TIME = 15.15 DT = 0.01

[Level 0 step 1516] ADVANCE at time 15.15 with dt = 0.01
[Level 0 step 1516] average evolution speed = 18.15523366 code units/h
[Level 0 step 1516] Advanced 2097152 cells
[Level 1 step 3031] ADVANCE at time 15.15 with dt = 0.005
[Level 1 step 3031] average evolution speed = 18.15466296 code units/h
[Level 1 step 3031] Advanced 4096000 cells
[Level 2 step 6061] ADVANCE at time 15.15 with dt = 0.0025
[Level 2 step 6061] average evolution speed = 18.15389365 code units/h
[Level 2 step 6061] Advanced 4096000 cells
[Level 3 step 12121] ADVANCE at time 15.15 with dt = 0.00125
[Level 3 step 12121] average evolution speed = 18.15312113 code units/h
[Level 3 step 12121] Advanced 4096000 cells
[Level 3 step 12122] ADVANCE at time 15.15125 with dt = 0.00125
[Level 3 step 12122] average evolution speed = 18.15384577 code units/h
[Level 3 step 12122] Advanced 4096000 cells
[Level 2 step 6062] ADVANCE at time 15.1525 with dt = 0.0025
[Level 2 step 6062] average evolution speed = 18.15451763 code units/h
[Level 2 step 6062] Advanced 4096000 cells
[Level 3 step 12123] ADVANCE at time 15.1525 with dt = 0.00125
[Level 3 step 12123] average evolution speed = 18.15374603 code units/h
[Level 3 step 12123] Advanced 4096000 cells
[Level 3 step 12124] ADVANCE at time 15.15375 with dt = 0.00125
[Level 3 step 12124] average evolution speed = 18.15446974 code units/h
[Level 3 step 12124] Advanced 4096000 cells
[Level 1 step 3032] ADVANCE at time 15.155 with dt = 0.005
[Level 1 step 3032] average evolution speed = 18.15508954 code units/h
[Level 1 step 3032] Advanced 4096000 cells
[Level 2 step 6063] ADVANCE at time 15.155 with dt = 0.0025
[Level 2 step 6063] average evolution speed = 18.15432269 code units/h
[Level 2 step 6063] Advanced 4096000 cells
[Level 3 step 12125] ADVANCE at time 15.155 with dt = 0.00125
[Level 3 step 12125] average evolution speed = 18.15355172 code units/h
[Level 3 step 12125] Advanced 4096000 cells
[Level 3 step 12126] ADVANCE at time 15.15625 with dt = 0.00125
[Level 3 step 12126] average evolution speed = 18.15427499 code units/h
[Level 3 step 12126] Advanced 4096000 cells
[Level 2 step 6064] ADVANCE at time 15.1575 with dt = 0.0025
[Level 2 step 6064] average evolution speed = 18.15494685 code units/h
[Level 2 step 6064] Advanced 4096000 cells
[Level 3 step 12127] ADVANCE at time 15.1575 with dt = 0.00125
[Level 3 step 12127] average evolution speed = 18.15417465 code units/h
[Level 3 step 12127] Advanced 4096000 cells
[Level 3 step 12128] ADVANCE at time 15.15875 with dt = 0.00125
[Level 3 step 12128] average evolution speed = 18.15489681 code units/h
[Level 3 step 12128] Advanced 4096000 cells

[STEP 1516] Coarse TimeStep time: 1.972534037
[STEP 1516] FAB kilobyte spread across MPI nodes: [17299254 ... 17299254]

STEP = 1516 TIME = 15.16 DT = 0.01

Now regridding at level lbase = 2
grid_places() time: 0.006715438 new finest: 3
TIME = 15.16 : REGRID  with lbase = 2
  Level 3   125 grids  4096000 cells  0.3814697266 % of domain
            smallest grid: 32 x 32 x 32  biggest grid: 32 x 32 x 32

[Level 0 step 1517] ADVANCE at time 15.16 with dt = 0.01
[Level 0 step 1517] average evolution speed = 18.15524251 code units/h
[Level 0 step 1517] Advanced 2097152 cells
[Level 1 step 3033] ADVANCE at time 15.16 with dt = 0.005
[Level 1 step 3033] average evolution speed = 18.15467918 code units/h
[Level 1 step 3033] Advanced 4096000 cells
[Level 2 step 6065] ADVANCE at time 15.16 with dt = 0.0025
[Level 2 step 6065] average evolution speed = 18.15392016 code units/h
[Level 2 step 6065] Advanced 4096000 cells
[Level 3 step 12129] ADVANCE at time 15.16 with dt = 0.00125
[Level 3 step 12129] average evolution speed = 18.1531578 code units/h
[Level 3 step 12129] Advanced 4096000 cells
[Level 3 step 12130] ADVANCE at time 15.16125 with dt = 0.00125
[Level 3 step 12130] average evolution speed = 18.15387809 code units/h
[Level 3 step 12130] Advanced 4096000 cells
[Level 2 step 6066] ADVANCE at time 15.1625 with dt = 0.0025
[Level 2 step 6066] average evolution speed = 18.15454955 code units/h
[Level 2 step 6066] Advanced 4096000 cells
[Level 3 step 12131] ADVANCE at time 15.1625 with dt = 0.00125
[Level 3 step 12131] average evolution speed = 18.15377877 code units/h
[Level 3 step 12131] Advanced 4096000 cells
[Level 3 step 12132] ADVANCE at time 15.16375 with dt = 0.00125
[Level 3 step 12132] average evolution speed = 18.15450215 code units/h
[Level 3 step 12132] Advanced 4096000 cells
[Level 1 step 3034] ADVANCE at time 15.165 with dt = 0.005
[Level 1 step 3034] average evolution speed = 18.15512063 code units/h
[Level 1 step 3034] Advanced 4096000 cells
[Level 2 step 6067] ADVANCE at time 15.165 with dt = 0.0025
[Level 2 step 6067] average evolution speed = 18.15435399 code units/h
[Level 2 step 6067] Advanced 4096000 cells
[Level 3 step 12133] ADVANCE at time 15.165 with dt = 0.00125
[Level 3 step 12133] average evolution speed = 18.15358306 code units/h
[Level 3 step 12133] Advanced 4096000 cells
[Level 3 step 12134] ADVANCE at time 15.16625 with dt = 0.00125
[Level 3 step 12134] average evolution speed = 18.15430609 code units/h
[Level 3 step 12134] Advanced 4096000 cells
[Level 2 step 6068] ADVANCE at time 15.1675 with dt = 0.0025
[Level 2 step 6068] average evolution speed = 18.15497724 code units/h
[Level 2 step 6068] Advanced 4096000 cells
[Level 3 step 12135] ADVANCE at time 15.1675 with dt = 0.00125
[Level 3 step 12135] average evolution speed = 18.15420496 code units/h
[Level 3 step 12135] Advanced 4096000 cells
[Level 3 step 12136] ADVANCE at time 15.16875 with dt = 0.00125
[Level 3 step 12136] average evolution speed = 18.15492632 code units/h
[Level 3 step 12136] Advanced 4096000 cells

[STEP 1517] Coarse TimeStep time: 1.978678346
[STEP 1517] FAB kilobyte spread across MPI nodes: [17299254 ... 17299254]

STEP = 1517 TIME = 15.17 DT = 0.01

[Level 0 step 1518] ADVANCE at time 15.17 with dt = 0.01
[Level 0 step 1518] average evolution speed = 18.15532145 code units/h
[Level 0 step 1518] Advanced 2097152 cells
[Level 1 step 3035] ADVANCE at time 15.17 with dt = 0.005
[Level 1 step 3035] average evolution speed = 18.15475293 code units/h
[Level 1 step 3035] Advanced 4096000 cells
[Level 2 step 6069] ADVANCE at time 15.17 with dt = 0.0025
[Level 2 step 6069] average evolution speed = 18.1539854 code units/h
[Level 2 step 6069] Advanced 4096000 cells
[Level 3 step 12137] ADVANCE at time 15.17 with dt = 0.00125
[Level 3 step 12137] average evolution speed = 18.15321347 code units/h
[Level 3 step 12137] Advanced 4096000 cells
[Level 3 step 12138] ADVANCE at time 15.17125 with dt = 0.00125
[Level 3 step 12138] average evolution speed = 18.15393592 code units/h
[Level 3 step 12138] Advanced 4096000 cells
[Level 2 step 6070] ADVANCE at time 15.1725 with dt = 0.0025
[Level 2 step 6070] average evolution speed = 18.15460638 code units/h
[Level 2 step 6070] Advanced 4096000 cells
[Level 3 step 12139] ADVANCE at time 15.1725 with dt = 0.00125
[Level 3 step 12139] average evolution speed = 18.15383506 code units/h
[Level 3 step 12139] Advanced 4096000 cells
[Level 3 step 12140] ADVANCE at time 15.17375 with dt = 0.00125
[Level 3 step 12140] average evolution speed = 18.15455682 code units/h
[Level 3 step 12140] Advanced 4096000 cells
NaN diagnostic: rank=0 level=3 component=1 name=h11
amrex::Abort::0::NaN in GRAMRLevel::post_timestep !!!
SIGABRT
See Backtrace.0 file for details
--------------------------------------------------------------------------
MPI_ABORT was invoked on rank 0 in communicator MPI_COMM_WORLD
  Proc: [[5777,0],0]
  Errorcode: 6

NOTE: invoking MPI_ABORT causes Open MPI to kill all MPI processes.
You may or may not see output from other processes, depending on
exactly when Open MPI kills them.
--------------------------------------------------------------------------
