[Level 4 step 159985] Advanced 7372800 cells
[Level 5 step 319969] ADVANCE at time 99.99 with dt = 0.0003125
[Level 5 step 319969] average evolution speed = 2.141871585 code units/h
[Level 5 step 319969] Advanced 7372800 cells
[Level 5 step 319970] ADVANCE at time 99.9903125 with dt = 0.0003125
[Level 5 step 319970] average evolution speed = 2.141875261 code units/h
[Level 5 step 319970] Advanced 7372800 cells
[Level 4 step 159986] ADVANCE at time 99.990625 with dt = 0.000625
[Level 4 step 159986] average evolution speed = 2.141878766 code units/h
[Level 4 step 159986] Advanced 7372800 cells
[Level 5 step 319971] ADVANCE at time 99.990625 with dt = 0.0003125
[Level 5 step 319971] average evolution speed = 2.141875775 code units/h
[Level 5 step 319971] Advanced 7372800 cells
[Level 5 step 319972] ADVANCE at time 99.9909375 with dt = 0.0003125
[Level 5 step 319972] average evolution speed = 2.141879467 code units/h
[Level 5 step 319972] Advanced 7372800 cells
[Level 3 step 79994] ADVANCE at time 99.99125 with dt = 0.00125
[Level 3 step 79994] average evolution speed = 2.141882785 code units/h
[Level 3 step 79994] Advanced 8765440 cells
[Level 4 step 159987] ADVANCE at time 99.99125 with dt = 0.000625
[Level 4 step 159987] average evolution speed = 2.141879304 code units/h
[Level 4 step 159987] Advanced 7372800 cells
[Level 5 step 319973] ADVANCE at time 99.99125 with dt = 0.0003125
[Level 5 step 319973] average evolution speed = 2.141876306 code units/h
[Level 5 step 319973] Advanced 7372800 cells
[Level 5 step 319974] ADVANCE at time 99.9915625 with dt = 0.0003125
[Level 5 step 319974] average evolution speed = 2.141879996 code units/h
[Level 5 step 319974] Advanced 7372800 cells
[Level 4 step 159988] ADVANCE at time 99.991875 with dt = 0.000625
[Level 4 step 159988] average evolution speed = 2.141883503 code units/h
[Level 4 step 159988] Advanced 7372800 cells
[Level 5 step 319975] ADVANCE at time 99.991875 with dt = 0.0003125
[Level 5 step 319975] average evolution speed = 2.141880515 code units/h
[Level 5 step 319975] Advanced 7372800 cells
[Level 5 step 319976] ADVANCE at time 99.9921875 with dt = 0.0003125
[Level 5 step 319976] average evolution speed = 2.141884207 code units/h
[Level 5 step 319976] Advanced 7372800 cells
[Level 2 step 39998] ADVANCE at time 99.9925 with dt = 0.0025
[Level 2 step 39998] average evolution speed = 2.141887321 code units/h
[Level 2 step 39998] Advanced 6881280 cells
[Level 3 step 79995] ADVANCE at time 99.9925 with dt = 0.00125
[Level 3 step 79995] average evolution speed = 2.141884622 code units/h
[Level 3 step 79995] Advanced 8765440 cells
[Level 4 step 159989] ADVANCE at time 99.9925 with dt = 0.000625
[Level 4 step 159989] average evolution speed = 2.141881164 code units/h
[Level 4 step 159989] Advanced 7372800 cells
[Level 5 step 319977] ADVANCE at time 99.9925 with dt = 0.0003125
[Level 5 step 319977] average evolution speed = 2.141878175 code units/h
[Level 5 step 319977] Advanced 7372800 cells
[Level 5 step 319978] ADVANCE at time 99.9928125 with dt = 0.0003125
[Level 5 step 319978] average evolution speed = 2.14188186 code units/h
[Level 5 step 319978] Advanced 7372800 cells
[Level 4 step 159990] ADVANCE at time 99.993125 with dt = 0.000625
[Level 4 step 159990] average evolution speed = 2.141885367 code units/h
[Level 4 step 159990] Advanced 7372800 cells
[Level 5 step 319979] ADVANCE at time 99.993125 with dt = 0.0003125
[Level 5 step 319979] average evolution speed = 2.141882364 code units/h
[Level 5 step 319979] Advanced 7372800 cells
[Level 5 step 319980] ADVANCE at time 99.9934375 with dt = 0.0003125
[Level 5 step 319980] average evolution speed = 2.141886047 code units/h
[Level 5 step 319980] Advanced 7372800 cells
[Level 3 step 79996] ADVANCE at time 99.99375 with dt = 0.00125
[Level 3 step 79996] average evolution speed = 2.141889379 code units/h
[Level 3 step 79996] Advanced 8765440 cells
[Level 4 step 159991] ADVANCE at time 99.99375 with dt = 0.000625
[Level 4 step 159991] average evolution speed = 2.141885916 code units/h
[Level 4 step 159991] Advanced 7372800 cells
[Level 5 step 319981] ADVANCE at time 99.99375 with dt = 0.0003125
[Level 5 step 319981] average evolution speed = 2.141882922 code units/h
[Level 5 step 319981] Advanced 7372800 cells
[Level 5 step 319982] ADVANCE at time 99.9940625 with dt = 0.0003125
[Level 5 step 319982] average evolution speed = 2.141886616 code units/h
[Level 5 step 319982] Advanced 7372800 cells
[Level 4 step 159992] ADVANCE at time 99.994375 with dt = 0.000625
[Level 4 step 159992] average evolution speed = 2.141890132 code units/h
[Level 4 step 159992] Advanced 7372800 cells
[Level 5 step 319983] ADVANCE at time 99.994375 with dt = 0.0003125
[Level 5 step 319983] average evolution speed = 2.141887151 code units/h
[Level 5 step 319983] Advanced 7372800 cells
[Level 5 step 319984] ADVANCE at time 99.9946875 with dt = 0.0003125
[Level 5 step 319984] average evolution speed = 2.141890848 code units/h
[Level 5 step 319984] Advanced 7372800 cells
[Level 1 step 20000] ADVANCE at time 99.995 with dt = 0.005
[Level 1 step 20000] average evolution speed = 2.141893817 code units/h
[Level 1 step 20000] Advanced 5898240 cells
[Level 2 step 39999] ADVANCE at time 99.995 with dt = 0.0025
[Level 2 step 39999] average evolution speed = 2.141891347 code units/h
[Level 2 step 39999] Advanced 6881280 cells
[Level 3 step 79997] ADVANCE at time 99.995 with dt = 0.00125
[Level 3 step 79997] average evolution speed = 2.141888646 code units/h
[Level 3 step 79997] Advanced 8765440 cells
[Level 4 step 159993] ADVANCE at time 99.995 with dt = 0.000625
[Level 4 step 159993] average evolution speed = 2.141885173 code units/h
[Level 4 step 159993] Advanced 7372800 cells
[Level 5 step 319985] ADVANCE at time 99.995 with dt = 0.0003125
[Level 5 step 319985] average evolution speed = 2.141882175 code units/h
[Level 5 step 319985] Advanced 7372800 cells
[Level 5 step 319986] ADVANCE at time 99.9953125 with dt = 0.0003125
[Level 5 step 319986] average evolution speed = 2.141885863 code units/h
[Level 5 step 319986] Advanced 7372800 cells
[Level 4 step 159994] ADVANCE at time 99.995625 with dt = 0.000625
[Level 4 step 159994] average evolution speed = 2.141889366 code units/h
[Level 4 step 159994] Advanced 7372800 cells
[Level 5 step 319987] ADVANCE at time 99.995625 with dt = 0.0003125
[Level 5 step 319987] average evolution speed = 2.14188638 code units/h
[Level 5 step 319987] Advanced 7372800 cells
[Level 5 step 319988] ADVANCE at time 99.9959375 with dt = 0.0003125
[Level 5 step 319988] average evolution speed = 2.141890076 code units/h
[Level 5 step 319988] Advanced 7372800 cells
[Level 3 step 79998] ADVANCE at time 99.99625 with dt = 0.00125
[Level 3 step 79998] average evolution speed = 2.141893406 code units/h
[Level 3 step 79998] Advanced 8765440 cells
[Level 4 step 159995] ADVANCE at time 99.99625 with dt = 0.000625
[Level 4 step 159995] average evolution speed = 2.141889944 code units/h
[Level 4 step 159995] Advanced 7372800 cells
[Level 5 step 319989] ADVANCE at time 99.99625 with dt = 0.0003125
[Level 5 step 319989] average evolution speed = 2.141886955 code units/h
[Level 5 step 319989] Advanced 7372800 cells
[Level 5 step 319990] ADVANCE at time 99.9965625 with dt = 0.0003125
[Level 5 step 319990] average evolution speed = 2.141890648 code units/h
[Level 5 step 319990] Advanced 7372800 cells
[Level 4 step 159996] ADVANCE at time 99.996875 with dt = 0.000625
[Level 4 step 159996] average evolution speed = 2.141894162 code units/h
[Level 4 step 159996] Advanced 7372800 cells
[Level 5 step 319991] ADVANCE at time 99.996875 with dt = 0.0003125
[Level 5 step 319991] average evolution speed = 2.141891176 code units/h
[Level 5 step 319991] Advanced 7372800 cells
[Level 5 step 319992] ADVANCE at time 99.9971875 with dt = 0.0003125
[Level 5 step 319992] average evolution speed = 2.141894872 code units/h
[Level 5 step 319992] Advanced 7372800 cells
[Level 2 step 40000] ADVANCE at time 99.9975 with dt = 0.0025
[Level 2 step 40000] average evolution speed = 2.141897996 code units/h
[Level 2 step 40000] Advanced 6881280 cells
[Level 3 step 79999] ADVANCE at time 99.9975 with dt = 0.00125
[Level 3 step 79999] average evolution speed = 2.141895292 code units/h
[Level 3 step 79999] Advanced 8765440 cells
[Level 4 step 159997] ADVANCE at time 99.9975 with dt = 0.000625
[Level 4 step 159997] average evolution speed = 2.141891825 code units/h
[Level 4 step 159997] Advanced 7372800 cells
[Level 5 step 319993] ADVANCE at time 99.9975 with dt = 0.0003125
[Level 5 step 319993] average evolution speed = 2.141888837 code units/h
[Level 5 step 319993] Advanced 7372800 cells
[Level 5 step 319994] ADVANCE at time 99.9978125 with dt = 0.0003125
[Level 5 step 319994] average evolution speed = 2.141892524 code units/h
[Level 5 step 319994] Advanced 7372800 cells
[Level 4 step 159998] ADVANCE at time 99.998125 with dt = 0.000625
[Level 4 step 159998] average evolution speed = 2.141896035 code units/h
[Level 4 step 159998] Advanced 7372800 cells
[Level 5 step 319995] ADVANCE at time 99.998125 with dt = 0.0003125
[Level 5 step 319995] average evolution speed = 2.141893048 code units/h
[Level 5 step 319995] Advanced 7372800 cells
[Level 5 step 319996] ADVANCE at time 99.9984375 with dt = 0.0003125
[Level 5 step 319996] average evolution speed = 2.141896741 code units/h
[Level 5 step 319996] Advanced 7372800 cells
[Level 3 step 80000] ADVANCE at time 99.99875 with dt = 0.00125
[Level 3 step 80000] average evolution speed = 2.141900071 code units/h
[Level 3 step 80000] Advanced 8765440 cells
[Level 4 step 159999] ADVANCE at time 99.99875 with dt = 0.000625
[Level 4 step 159999] average evolution speed = 2.141896595 code units/h
[Level 4 step 159999] Advanced 7372800 cells
[Level 5 step 319997] ADVANCE at time 99.99875 with dt = 0.0003125
[Level 5 step 319997] average evolution speed = 2.141893598 code units/h
[Level 5 step 319997] Advanced 7372800 cells
[Level 5 step 319998] ADVANCE at time 99.9990625 with dt = 0.0003125
[Level 5 step 319998] average evolution speed = 2.141897286 code units/h
[Level 5 step 319998] Advanced 7372800 cells
[Level 4 step 160000] ADVANCE at time 99.999375 with dt = 0.000625
[Level 4 step 160000] average evolution speed = 2.141900783 code units/h
[Level 4 step 160000] Advanced 7372800 cells
[Level 5 step 319999] ADVANCE at time 99.999375 with dt = 0.0003125
[Level 5 step 319999] average evolution speed = 2.14189779 code units/h
[Level 5 step 319999] Advanced 7372800 cells
[Level 5 step 320000] ADVANCE at time 99.9996875 with dt = 0.0003125
[Level 5 step 320000] average evolution speed = 2.141901478 code units/h
[Level 5 step 320000] Advanced 7372800 cells

[STEP 10000] Coarse TimeStep time: 16.31130032
[STEP 10000] FAB kilobyte spread across MPI nodes: [58866893 ... 58866893]

STEP = 10000 TIME = 100 DT = 0.01

CHECKPOINT: file = /tmp/grteclyn_scratch/merge_orbit_flip_d12_p045_L128_lvl5_t100/BinaryWormholeChk10000
checkPoint() time = 20.46583413 secs.
PLOTFILE: file = /tmp/grteclyn_scratch/merge_orbit_flip_d12_p045_L128_lvl5_t100/BinaryWormholePlt10000
Write plotfile time = 5.271449553  seconds

Unused ParmParse Variables:
  [TOP]::hdf5_subpath(nvals = 1)  :: [hdf5]
  [TOP]::nonzero_asymptotic_values(nvals = 5)  :: [1.0, 1.0, 1.0, 1.0, 1.0]
  [TOP]::nonzero_asymptotic_vars(nvals = 5)  :: [chi, h11, h22, h33, lapse]

Total GPU global memory (MB) spread across MPI: [81079 ... 81079]
Free  GPU global memory (MB) spread across MPI: [20354 ... 20354]
[The         Arena] max space (MB) allocated spread across MPI: [58926 ... 58926]
[The         Arena] max space (MB) used      spread across MPI: [57549 ... 57549]
[The Managed Arena] max space (MB) allocated spread across MPI: [8 ... 8]
[The Managed Arena] max space (MB) used      spread across MPI: [0 ... 0]
[The  Pinned Arena] max space (MB) allocated spread across MPI: [41 ... 41]
[The  Pinned Arena] max space (MB) used      spread across MPI: [23 ... 23]
AMReX (26.02-12-gd7da50458966) finalized
