[Level 3 step 79972] ADVANCE at time 99.96375 with dt = 0.00125
[Level 3 step 79972] average evolution speed = 16.99610497 code units/h
[Level 3 step 79972] Advanced 4096000 cells
[Level 1 step 19994] ADVANCE at time 99.965 with dt = 0.005
[Level 1 step 19994] average evolution speed = 16.99625741 code units/h
[Level 1 step 19994] Advanced 4096000 cells
[Level 2 step 39987] ADVANCE at time 99.965 with dt = 0.0025
[Level 2 step 39987] average evolution speed = 16.99610258 code units/h
[Level 2 step 39987] Advanced 4096000 cells
[Level 3 step 79973] ADVANCE at time 99.965 with dt = 0.00125
[Level 3 step 79973] average evolution speed = 16.99594727 code units/h
[Level 3 step 79973] Advanced 4096000 cells
[Level 3 step 79974] ADVANCE at time 99.96625 with dt = 0.00125
[Level 3 step 79974] average evolution speed = 16.9961186 code units/h
[Level 3 step 79974] Advanced 4096000 cells
[Level 2 step 39988] ADVANCE at time 99.9675 with dt = 0.0025
[Level 2 step 39988] average evolution speed = 16.99628084 code units/h
[Level 2 step 39988] Advanced 4096000 cells
[Level 3 step 79975] ADVANCE at time 99.9675 with dt = 0.00125
[Level 3 step 79975] average evolution speed = 16.99612595 code units/h
[Level 3 step 79975] Advanced 4096000 cells
[Level 3 step 79976] ADVANCE at time 99.96875 with dt = 0.00125
[Level 3 step 79976] average evolution speed = 16.99629725 code units/h
[Level 3 step 79976] Advanced 4096000 cells

[STEP 9997] Coarse TimeStep time: 2.10359313
[STEP 9997] FAB kilobyte spread across MPI nodes: [23784283 ... 23784283]

STEP = 9997 TIME = 99.97 DT = 0.01

[Level 0 step 9998] ADVANCE at time 99.97 with dt = 0.01
[Level 0 step 9998] average evolution speed = 16.99620058 code units/h
[Level 0 step 9998] Advanced 2097152 cells
[Level 1 step 19995] ADVANCE at time 99.97 with dt = 0.005
[Level 1 step 19995] average evolution speed = 16.99610212 code units/h
[Level 1 step 19995] Advanced 4096000 cells
[Level 2 step 39989] ADVANCE at time 99.97 with dt = 0.0025
[Level 2 step 39989] average evolution speed = 16.9959476 code units/h
[Level 2 step 39989] Advanced 4096000 cells
[Level 3 step 79977] ADVANCE at time 99.97 with dt = 0.00125
[Level 3 step 79977] average evolution speed = 16.99579256 code units/h
[Level 3 step 79977] Advanced 4096000 cells
[Level 3 step 79978] ADVANCE at time 99.97125 with dt = 0.00125
[Level 3 step 79978] average evolution speed = 16.99596388 code units/h
[Level 3 step 79978] Advanced 4096000 cells
[Level 2 step 39990] ADVANCE at time 99.9725 with dt = 0.0025
[Level 2 step 39990] average evolution speed = 16.99612612 code units/h
[Level 2 step 39990] Advanced 4096000 cells
[Level 3 step 79979] ADVANCE at time 99.9725 with dt = 0.00125
[Level 3 step 79979] average evolution speed = 16.99597113 code units/h
[Level 3 step 79979] Advanced 4096000 cells
[Level 3 step 79980] ADVANCE at time 99.97375 with dt = 0.00125
[Level 3 step 79980] average evolution speed = 16.9961422 code units/h
[Level 3 step 79980] Advanced 4096000 cells
[Level 1 step 19996] ADVANCE at time 99.975 with dt = 0.005
[Level 1 step 19996] average evolution speed = 16.99629517 code units/h
[Level 1 step 19996] Advanced 4096000 cells
[Level 2 step 39991] ADVANCE at time 99.975 with dt = 0.0025
[Level 2 step 39991] average evolution speed = 16.99614082 code units/h
[Level 2 step 39991] Advanced 4096000 cells
[Level 3 step 79981] ADVANCE at time 99.975 with dt = 0.00125
[Level 3 step 79981] average evolution speed = 16.99598572 code units/h
[Level 3 step 79981] Advanced 4096000 cells
[Level 3 step 79982] ADVANCE at time 99.97625 with dt = 0.00125
[Level 3 step 79982] average evolution speed = 16.99615698 code units/h
[Level 3 step 79982] Advanced 4096000 cells
[Level 2 step 39992] ADVANCE at time 99.9775 with dt = 0.0025
[Level 2 step 39992] average evolution speed = 16.99631939 code units/h
[Level 2 step 39992] Advanced 4096000 cells
[Level 3 step 79983] ADVANCE at time 99.9775 with dt = 0.00125
[Level 3 step 79983] average evolution speed = 16.99616438 code units/h
[Level 3 step 79983] Advanced 4096000 cells
[Level 3 step 79984] ADVANCE at time 99.97875 with dt = 0.00125
[Level 3 step 79984] average evolution speed = 16.99633564 code units/h
[Level 3 step 79984] Advanced 4096000 cells

[STEP 9998] Coarse TimeStep time: 2.082860235
[STEP 9998] FAB kilobyte spread across MPI nodes: [23784283 ... 23784283]

STEP = 9998 TIME = 99.98 DT = 0.01

[Level 0 step 9999] ADVANCE at time 99.98 with dt = 0.01
[Level 0 step 9999] average evolution speed = 16.9962441 code units/h
[Level 0 step 9999] Advanced 2097152 cells
[Level 1 step 19997] ADVANCE at time 99.98 with dt = 0.005
[Level 1 step 19997] average evolution speed = 16.99614605 code units/h
[Level 1 step 19997] Advanced 4096000 cells
[Level 2 step 39993] ADVANCE at time 99.98 with dt = 0.0025
[Level 2 step 39993] average evolution speed = 16.99599167 code units/h
[Level 2 step 39993] Advanced 4096000 cells
[Level 3 step 79985] ADVANCE at time 99.98 with dt = 0.00125
[Level 3 step 79985] average evolution speed = 16.99583655 code units/h
[Level 3 step 79985] Advanced 4096000 cells
[Level 3 step 79986] ADVANCE at time 99.98125 with dt = 0.00125
[Level 3 step 79986] average evolution speed = 16.99600785 code units/h
[Level 3 step 79986] Advanced 4096000 cells
[Level 2 step 39994] ADVANCE at time 99.9825 with dt = 0.0025
[Level 2 step 39994] average evolution speed = 16.99617017 code units/h
[Level 2 step 39994] Advanced 4096000 cells
[Level 3 step 79987] ADVANCE at time 99.9825 with dt = 0.00125
[Level 3 step 79987] average evolution speed = 16.9960153 code units/h
[Level 3 step 79987] Advanced 4096000 cells
[Level 3 step 79988] ADVANCE at time 99.98375 with dt = 0.00125
[Level 3 step 79988] average evolution speed = 16.99618663 code units/h
[Level 3 step 79988] Advanced 4096000 cells
[Level 1 step 19998] ADVANCE at time 99.985 with dt = 0.005
[Level 1 step 19998] average evolution speed = 16.99633964 code units/h
[Level 1 step 19998] Advanced 4096000 cells
[Level 2 step 39995] ADVANCE at time 99.985 with dt = 0.0025
[Level 2 step 39995] average evolution speed = 16.99618523 code units/h
[Level 2 step 39995] Advanced 4096000 cells
[Level 3 step 79989] ADVANCE at time 99.985 with dt = 0.00125
[Level 3 step 79989] average evolution speed = 16.99603018 code units/h
[Level 3 step 79989] Advanced 4096000 cells
[Level 3 step 79990] ADVANCE at time 99.98625 with dt = 0.00125
[Level 3 step 79990] average evolution speed = 16.99620153 code units/h
[Level 3 step 79990] Advanced 4096000 cells
[Level 2 step 39996] ADVANCE at time 99.9875 with dt = 0.0025
[Level 2 step 39996] average evolution speed = 16.99636391 code units/h
[Level 2 step 39996] Advanced 4096000 cells
[Level 3 step 79991] ADVANCE at time 99.9875 with dt = 0.00125
[Level 3 step 79991] average evolution speed = 16.99620901 code units/h
[Level 3 step 79991] Advanced 4096000 cells
[Level 3 step 79992] ADVANCE at time 99.98875 with dt = 0.00125
[Level 3 step 79992] average evolution speed = 16.99638022 code units/h
[Level 3 step 79992] Advanced 4096000 cells

[STEP 9999] Coarse TimeStep time: 2.082327649
[STEP 9999] FAB kilobyte spread across MPI nodes: [23784283 ... 23784283]

STEP = 9999 TIME = 99.99 DT = 0.01

[Level 0 step 10000] ADVANCE at time 99.99 with dt = 0.01
[Level 0 step 10000] average evolution speed = 16.99628826 code units/h
[Level 0 step 10000] Advanced 2097152 cells
[Level 1 step 19999] ADVANCE at time 99.99 with dt = 0.005
[Level 1 step 19999] average evolution speed = 16.99619046 code units/h
[Level 1 step 19999] Advanced 4096000 cells
[Level 2 step 39997] ADVANCE at time 99.99 with dt = 0.0025
[Level 2 step 39997] average evolution speed = 16.99603602 code units/h
[Level 2 step 39997] Advanced 4096000 cells
[Level 3 step 79993] ADVANCE at time 99.99 with dt = 0.00125
[Level 3 step 79993] average evolution speed = 16.99588096 code units/h
[Level 3 step 79993] Advanced 4096000 cells
[Level 3 step 79994] ADVANCE at time 99.99125 with dt = 0.00125
[Level 3 step 79994] average evolution speed = 16.99605228 code units/h
[Level 3 step 79994] Advanced 4096000 cells
[Level 2 step 39998] ADVANCE at time 99.9925 with dt = 0.0025
[Level 2 step 39998] average evolution speed = 16.99621469 code units/h
[Level 2 step 39998] Advanced 4096000 cells
[Level 3 step 79995] ADVANCE at time 99.9925 with dt = 0.00125
[Level 3 step 79995] average evolution speed = 16.99605985 code units/h
[Level 3 step 79995] Advanced 4096000 cells
[Level 3 step 79996] ADVANCE at time 99.99375 with dt = 0.00125
[Level 3 step 79996] average evolution speed = 16.99623073 code units/h
[Level 3 step 79996] Advanced 4096000 cells
[Level 1 step 20000] ADVANCE at time 99.995 with dt = 0.005
[Level 1 step 20000] average evolution speed = 16.99638153 code units/h
[Level 1 step 20000] Advanced 4096000 cells
[Level 2 step 39999] ADVANCE at time 99.995 with dt = 0.0025
[Level 2 step 39999] average evolution speed = 16.99622672 code units/h
[Level 2 step 39999] Advanced 4096000 cells
[Level 3 step 79997] ADVANCE at time 99.995 with dt = 0.00125
[Level 3 step 79997] average evolution speed = 16.99607149 code units/h
[Level 3 step 79997] Advanced 4096000 cells
[Level 3 step 79998] ADVANCE at time 99.99625 with dt = 0.00125
[Level 3 step 79998] average evolution speed = 16.99624142 code units/h
[Level 3 step 79998] Advanced 4096000 cells
[Level 2 step 40000] ADVANCE at time 99.9975 with dt = 0.0025
[Level 2 step 40000] average evolution speed = 16.99640249 code units/h
[Level 2 step 40000] Advanced 4096000 cells
[Level 3 step 79999] ADVANCE at time 99.9975 with dt = 0.00125
[Level 3 step 79999] average evolution speed = 16.99624718 code units/h
[Level 3 step 79999] Advanced 4096000 cells
[Level 3 step 80000] ADVANCE at time 99.99875 with dt = 0.00125
[Level 3 step 80000] average evolution speed = 16.99641793 code units/h
[Level 3 step 80000] Advanced 4096000 cells

[STEP 10000] Coarse TimeStep time: 2.090027643
[STEP 10000] FAB kilobyte spread across MPI nodes: [23784283 ... 23784283]

STEP = 10000 TIME = 100 DT = 0.01

PLOTFILE: file = /tmp/grteclyn_scratch/merge_headon_flip_d8_v1_lvl3down_t100_r03500/BinaryWormholePlt10000
Write plotfile time = 1.468818967  seconds

Unused ParmParse Variables:
  [TOP]::hdf5_subpath(nvals = 1)  :: [hdf5]
  [TOP]::nonzero_asymptotic_values(nvals = 5)  :: [1.0, 1.0, 1.0, 1.0, 1.0]
  [TOP]::nonzero_asymptotic_vars(nvals = 5)  :: [chi, h11, h22, h33, lapse]

Total GPU global memory (MB) spread across MPI: [81079 ... 81079]
Free  GPU global memory (MB) spread across MPI: [54542 ... 54542]
[The         Arena] max space (MB) allocated spread across MPI: [24655 ... 24655]
[The         Arena] max space (MB) used      spread across MPI: [23280 ... 23280]
[The Managed Arena] max space (MB) allocated spread across MPI: [8 ... 8]
[The Managed Arena] max space (MB) used      spread across MPI: [0 ... 0]
[The  Pinned Arena] max space (MB) allocated spread across MPI: [19 ... 19]
[The  Pinned Arena] max space (MB) used      spread across MPI: [11 ... 11]
AMReX (26.02-12-gd7da50458966) finalized
