[Level 4 step 63985] ADVANCE at time 39.99 with dt = 0.000625
[Level 4 step 63985] average evolution speed = 4.087967325 code units/h
[Level 4 step 63985] Advanced 4096000 cells
[Level 5 step 127969] ADVANCE at time 39.99 with dt = 0.0003125
[Level 5 step 127969] average evolution speed = 4.087892498 code units/h
[Level 5 step 127969] Advanced 4096000 cells
[Level 5 step 127970] ADVANCE at time 39.9903125 with dt = 0.0003125
[Level 5 step 127970] average evolution speed = 4.087977025 code units/h
[Level 5 step 127970] Advanced 4096000 cells
[Level 4 step 63986] ADVANCE at time 39.990625 with dt = 0.000625
[Level 4 step 63986] average evolution speed = 4.088056511 code units/h
[Level 4 step 63986] Advanced 4096000 cells
[Level 5 step 127971] ADVANCE at time 39.990625 with dt = 0.0003125
[Level 5 step 127971] average evolution speed = 4.087981288 code units/h
[Level 5 step 127971] Advanced 4096000 cells
[Level 5 step 127972] ADVANCE at time 39.9909375 with dt = 0.0003125
[Level 5 step 127972] average evolution speed = 4.088066154 code units/h
[Level 5 step 127972] Advanced 4096000 cells
[Level 3 step 31994] ADVANCE at time 39.99125 with dt = 0.00125
[Level 3 step 31994] average evolution speed = 4.088142346 code units/h
[Level 3 step 31994] Advanced 4096000 cells
[Level 4 step 63987] ADVANCE at time 39.99125 with dt = 0.000625
[Level 4 step 63987] average evolution speed = 4.088067531 code units/h
[Level 4 step 63987] Advanced 4096000 cells
[Level 5 step 127973] ADVANCE at time 39.99125 with dt = 0.0003125
[Level 5 step 127973] average evolution speed = 4.08799256 code units/h
[Level 5 step 127973] Advanced 4096000 cells
[Level 5 step 127974] ADVANCE at time 39.9915625 with dt = 0.0003125
[Level 5 step 127974] average evolution speed = 4.088077304 code units/h
[Level 5 step 127974] Advanced 4096000 cells
[Level 4 step 63988] ADVANCE at time 39.991875 with dt = 0.000625
[Level 4 step 63988] average evolution speed = 4.088157618 code units/h
[Level 4 step 63988] Advanced 4096000 cells
[Level 5 step 127975] ADVANCE at time 39.991875 with dt = 0.0003125
[Level 5 step 127975] average evolution speed = 4.088082412 code units/h
[Level 5 step 127975] Advanced 4096000 cells
[Level 5 step 127976] ADVANCE at time 39.9921875 with dt = 0.0003125
[Level 5 step 127976] average evolution speed = 4.0881672 code units/h
[Level 5 step 127976] Advanced 4096000 cells
[Level 2 step 15998] ADVANCE at time 39.9925 with dt = 0.0025
[Level 2 step 15998] average evolution speed = 4.088238756 code units/h
[Level 2 step 15998] Advanced 4096000 cells
[Level 3 step 31995] ADVANCE at time 39.9925 with dt = 0.00125
[Level 3 step 31995] average evolution speed = 4.088163845 code units/h
[Level 3 step 31995] Advanced 4096000 cells
[Level 4 step 63989] ADVANCE at time 39.9925 with dt = 0.000625
[Level 4 step 63989] average evolution speed = 4.088088858 code units/h
[Level 4 step 63989] Advanced 4096000 cells
[Level 5 step 127977] ADVANCE at time 39.9925 with dt = 0.0003125
[Level 5 step 127977] average evolution speed = 4.08801378 code units/h
[Level 5 step 127977] Advanced 4096000 cells
[Level 5 step 127978] ADVANCE at time 39.9928125 with dt = 0.0003125
[Level 5 step 127978] average evolution speed = 4.0880987 code units/h
[Level 5 step 127978] Advanced 4096000 cells
[Level 4 step 63990] ADVANCE at time 39.993125 with dt = 0.000625
[Level 4 step 63990] average evolution speed = 4.08817904 code units/h
[Level 4 step 63990] Advanced 4096000 cells
[Level 5 step 127979] ADVANCE at time 39.993125 with dt = 0.0003125
[Level 5 step 127979] average evolution speed = 4.08810398 code units/h
[Level 5 step 127979] Advanced 4096000 cells
[Level 5 step 127980] ADVANCE at time 39.9934375 with dt = 0.0003125
[Level 5 step 127980] average evolution speed = 4.088188587 code units/h
[Level 5 step 127980] Advanced 4096000 cells
[Level 3 step 31996] ADVANCE at time 39.99375 with dt = 0.00125
[Level 3 step 31996] average evolution speed = 4.088264715 code units/h
[Level 3 step 31996] Advanced 4096000 cells
[Level 4 step 63991] ADVANCE at time 39.99375 with dt = 0.000625
[Level 4 step 63991] average evolution speed = 4.088189946 code units/h
[Level 4 step 63991] Advanced 4096000 cells
[Level 5 step 127981] ADVANCE at time 39.99375 with dt = 0.0003125
[Level 5 step 127981] average evolution speed = 4.088115039 code units/h
[Level 5 step 127981] Advanced 4096000 cells
[Level 5 step 127982] ADVANCE at time 39.9940625 with dt = 0.0003125
[Level 5 step 127982] average evolution speed = 4.088199856 code units/h
[Level 5 step 127982] Advanced 4096000 cells
[Level 4 step 63992] ADVANCE at time 39.994375 with dt = 0.000625
[Level 4 step 63992] average evolution speed = 4.088280268 code units/h
[Level 4 step 63992] Advanced 4096000 cells
[Level 5 step 127983] ADVANCE at time 39.994375 with dt = 0.0003125
[Level 5 step 127983] average evolution speed = 4.088205162 code units/h
[Level 5 step 127983] Advanced 4096000 cells
[Level 5 step 127984] ADVANCE at time 39.9946875 with dt = 0.0003125
[Level 5 step 127984] average evolution speed = 4.08828997 code units/h
[Level 5 step 127984] Advanced 4096000 cells
[Level 1 step 8000] ADVANCE at time 39.995 with dt = 0.005
[Level 1 step 8000] average evolution speed = 4.08835731 code units/h
[Level 1 step 8000] Advanced 4096000 cells
[Level 2 step 15999] ADVANCE at time 39.995 with dt = 0.0025
[Level 2 step 15999] average evolution speed = 4.088282935 code units/h
[Level 2 step 15999] Advanced 4096000 cells
[Level 3 step 31997] ADVANCE at time 39.995 with dt = 0.00125
[Level 3 step 31997] average evolution speed = 4.088207928 code units/h
[Level 3 step 31997] Advanced 4096000 cells
[Level 4 step 63993] ADVANCE at time 39.995 with dt = 0.000625
[Level 4 step 63993] average evolution speed = 4.088133059 code units/h
[Level 4 step 63993] Advanced 4096000 cells
[Level 5 step 127985] ADVANCE at time 39.995 with dt = 0.0003125
[Level 5 step 127985] average evolution speed = 4.088058104 code units/h
[Level 5 step 127985] Advanced 4096000 cells
[Level 5 step 127986] ADVANCE at time 39.9953125 with dt = 0.0003125
[Level 5 step 127986] average evolution speed = 4.088142855 code units/h
[Level 5 step 127986] Advanced 4096000 cells
[Level 4 step 63994] ADVANCE at time 39.995625 with dt = 0.000625
[Level 4 step 63994] average evolution speed = 4.088223097 code units/h
[Level 4 step 63994] Advanced 4096000 cells
[Level 5 step 127987] ADVANCE at time 39.995625 with dt = 0.0003125
[Level 5 step 127987] average evolution speed = 4.088147915 code units/h
[Level 5 step 127987] Advanced 4096000 cells
[Level 5 step 127988] ADVANCE at time 39.9959375 with dt = 0.0003125
[Level 5 step 127988] average evolution speed = 4.088232617 code units/h
[Level 5 step 127988] Advanced 4096000 cells
[Level 3 step 31998] ADVANCE at time 39.99625 with dt = 0.00125
[Level 3 step 31998] average evolution speed = 4.088308373 code units/h
[Level 3 step 31998] Advanced 4096000 cells
[Level 4 step 63995] ADVANCE at time 39.99625 with dt = 0.000625
[Level 4 step 63995] average evolution speed = 4.088233463 code units/h
[Level 4 step 63995] Advanced 4096000 cells
[Level 5 step 127989] ADVANCE at time 39.99625 with dt = 0.0003125
[Level 5 step 127989] average evolution speed = 4.088158466 code units/h
[Level 5 step 127989] Advanced 4096000 cells
[Level 5 step 127990] ADVANCE at time 39.9965625 with dt = 0.0003125
[Level 5 step 127990] average evolution speed = 4.088243117 code units/h
[Level 5 step 127990] Advanced 4096000 cells
[Level 4 step 63996] ADVANCE at time 39.996875 with dt = 0.000625
[Level 4 step 63996] average evolution speed = 4.088323642 code units/h
[Level 4 step 63996] Advanced 4096000 cells
[Level 5 step 127991] ADVANCE at time 39.996875 with dt = 0.0003125
[Level 5 step 127991] average evolution speed = 4.088248426 code units/h
[Level 5 step 127991] Advanced 4096000 cells
[Level 5 step 127992] ADVANCE at time 39.9971875 with dt = 0.0003125
[Level 5 step 127992] average evolution speed = 4.088333129 code units/h
[Level 5 step 127992] Advanced 4096000 cells
[Level 2 step 16000] ADVANCE at time 39.9975 with dt = 0.0025
[Level 2 step 16000] average evolution speed = 4.088404988 code units/h
[Level 2 step 16000] Advanced 4096000 cells
[Level 3 step 31999] ADVANCE at time 39.9975 with dt = 0.00125
[Level 3 step 31999] average evolution speed = 4.08833018 code units/h
[Level 3 step 31999] Advanced 4096000 cells
[Level 4 step 63997] ADVANCE at time 39.9975 with dt = 0.000625
[Level 4 step 63997] average evolution speed = 4.088255362 code units/h
[Level 4 step 63997] Advanced 4096000 cells
[Level 5 step 127993] ADVANCE at time 39.9975 with dt = 0.0003125
[Level 5 step 127993] average evolution speed = 4.088180533 code units/h
[Level 5 step 127993] Advanced 4096000 cells
[Level 5 step 127994] ADVANCE at time 39.9978125 with dt = 0.0003125
[Level 5 step 127994] average evolution speed = 4.088265322 code units/h
[Level 5 step 127994] Advanced 4096000 cells
[Level 4 step 63998] ADVANCE at time 39.998125 with dt = 0.000625
[Level 4 step 63998] average evolution speed = 4.088345767 code units/h
[Level 4 step 63998] Advanced 4096000 cells
[Level 5 step 127995] ADVANCE at time 39.998125 with dt = 0.0003125
[Level 5 step 127995] average evolution speed = 4.0882708 code units/h
[Level 5 step 127995] Advanced 4096000 cells
[Level 5 step 127996] ADVANCE at time 39.9984375 with dt = 0.0003125
[Level 5 step 127996] average evolution speed = 4.088355554 code units/h
[Level 5 step 127996] Advanced 4096000 cells
[Level 3 step 32000] ADVANCE at time 39.99875 with dt = 0.00125
[Level 3 step 32000] average evolution speed = 4.088431701 code units/h
[Level 3 step 32000] Advanced 4096000 cells
[Level 4 step 63999] ADVANCE at time 39.99875 with dt = 0.000625
[Level 4 step 63999] average evolution speed = 4.088356985 code units/h
[Level 4 step 63999] Advanced 4096000 cells
[Level 5 step 127997] ADVANCE at time 39.99875 with dt = 0.0003125
[Level 5 step 127997] average evolution speed = 4.088282137 code units/h
[Level 5 step 127997] Advanced 4096000 cells
[Level 5 step 127998] ADVANCE at time 39.9990625 with dt = 0.0003125
[Level 5 step 127998] average evolution speed = 4.088366974 code units/h
[Level 5 step 127998] Advanced 4096000 cells
[Level 4 step 64000] ADVANCE at time 39.999375 with dt = 0.000625
[Level 4 step 64000] average evolution speed = 4.088447425 code units/h
[Level 4 step 64000] Advanced 4096000 cells
[Level 5 step 127999] ADVANCE at time 39.999375 with dt = 0.0003125
[Level 5 step 127999] average evolution speed = 4.088372478 code units/h
[Level 5 step 127999] Advanced 4096000 cells
[Level 5 step 128000] ADVANCE at time 39.9996875 with dt = 0.0003125
[Level 5 step 128000] average evolution speed = 4.088457323 code units/h
[Level 5 step 128000] Advanced 4096000 cells

[STEP 4000] Coarse TimeStep time: 8.610790716
[STEP 4000] FAB kilobyte spread across MPI nodes: [46207708 ... 46207708]

STEP = 4000 TIME = 40 DT = 0.01

PLOTFILE: file = /tmp/grteclyn_scratch/merge_headon_flip_d8_eta4_lvl5_t040_r03200/BinaryWormholePlt04000
Write plotfile time = 2.882870667  seconds

Unused ParmParse Variables:
  [TOP]::hdf5_subpath(nvals = 1)  :: [hdf5]
  [TOP]::nonzero_asymptotic_values(nvals = 5)  :: [1.0, 1.0, 1.0, 1.0, 1.0]
  [TOP]::nonzero_asymptotic_vars(nvals = 5)  :: [chi, h11, h22, h33, lapse]

Total GPU global memory (MB) spread across MPI: [81079 ... 81079]
Free  GPU global memory (MB) spread across MPI: [31518 ... 31518]
[The         Arena] max space (MB) allocated spread across MPI: [47387 ... 47387]
[The         Arena] max space (MB) used      spread across MPI: [45182 ... 45182]
[The Managed Arena] max space (MB) allocated spread across MPI: [8 ... 8]
[The Managed Arena] max space (MB) used      spread across MPI: [0 ... 0]
[The  Pinned Arena] max space (MB) allocated spread across MPI: [19 ... 19]
[The  Pinned Arena] max space (MB) used      spread across MPI: [11 ... 11]
AMReX (26.02-12-gd7da50458966) finalized
