[Level 4 step 144225] ADVANCE at time 90.14 with dt = 0.000625
[Level 4 step 144225] average evolution speed = 3.494700569 code units/h
[Level 4 step 144225] Advanced 4096000 cells
[Level 5 step 288449] ADVANCE at time 90.14 with dt = 0.0003125
[Level 5 step 288449] average evolution speed = 3.491623914 code units/h
[Level 5 step 288449] Advanced 4096000 cells
[Level 5 step 288450] ADVANCE at time 90.1403125 with dt = 0.0003125
[Level 5 step 288450] average evolution speed = 3.496288691 code units/h
[Level 5 step 288450] Advanced 4096000 cells
[Level 4 step 144226] ADVANCE at time 90.140625 with dt = 0.000625
[Level 4 step 144226] average evolution speed = 3.500784117 code units/h
[Level 4 step 144226] Advanced 4096000 cells
[Level 5 step 288451] ADVANCE at time 90.140625 with dt = 0.0003125
[Level 5 step 288451] average evolution speed = 3.497731629 code units/h
[Level 5 step 288451] Advanced 4096000 cells
[Level 5 step 288452] ADVANCE at time 90.1409375 with dt = 0.0003125
[Level 5 step 288452] average evolution speed = 3.502386768 code units/h
[Level 5 step 288452] Advanced 4096000 cells
[Level 3 step 72114] ADVANCE at time 90.14125 with dt = 0.00125
[Level 3 step 72114] average evolution speed = 3.50667583 code units/h
[Level 3 step 72114] Advanced 4096000 cells
[Level 4 step 144227] ADVANCE at time 90.14125 with dt = 0.000625
[Level 4 step 144227] average evolution speed = 3.503628901 code units/h
[Level 4 step 144227] Advanced 4096000 cells
[Level 5 step 288453] ADVANCE at time 90.14125 with dt = 0.0003125
[Level 5 step 288453] average evolution speed = 3.500577451 code units/h
[Level 5 step 288453] Advanced 4096000 cells
[Level 5 step 288454] ADVANCE at time 90.1415625 with dt = 0.0003125
[Level 5 step 288454] average evolution speed = 3.505215644 code units/h
[Level 5 step 288454] Advanced 4096000 cells
[Level 4 step 144228] ADVANCE at time 90.141875 with dt = 0.000625
[Level 4 step 144228] average evolution speed = 3.509674498 code units/h
[Level 4 step 144228] Advanced 4096000 cells
[Level 5 step 288455] ADVANCE at time 90.141875 with dt = 0.0003125
[Level 5 step 288455] average evolution speed = 3.506636596 code units/h
[Level 5 step 288455] Advanced 4096000 cells
[Level 5 step 288456] ADVANCE at time 90.1421875 with dt = 0.0003125
[Level 5 step 288456] average evolution speed = 3.511255289 code units/h
[Level 5 step 288456] Advanced 4096000 cells
[Level 2 step 36058] ADVANCE at time 90.1425 with dt = 0.0025
[Level 2 step 36058] average evolution speed = 3.51533465 code units/h
[Level 2 step 36058] Advanced 4096000 cells
[Level 3 step 72115] ADVANCE at time 90.1425 with dt = 0.00125
[Level 3 step 72115] average evolution speed = 3.51230855 code units/h
[Level 3 step 72115] Advanced 4096000 cells
[Level 4 step 144229] ADVANCE at time 90.1425 with dt = 0.000625
[Level 4 step 144229] average evolution speed = 3.509274397 code units/h
[Level 4 step 144229] Advanced 4096000 cells
[Level 5 step 288457] ADVANCE at time 90.1425 with dt = 0.0003125
[Level 5 step 288457] average evolution speed = 3.50623707 code units/h
[Level 5 step 288457] Advanced 4096000 cells
[Level 5 step 288458] ADVANCE at time 90.1428125 with dt = 0.0003125
[Level 5 step 288458] average evolution speed = 3.510833306 code units/h
[Level 5 step 288458] Advanced 4096000 cells
[Level 4 step 144230] ADVANCE at time 90.143125 with dt = 0.000625
[Level 4 step 144230] average evolution speed = 3.51524713 code units/h
[Level 4 step 144230] Advanced 4096000 cells
[Level 5 step 288459] ADVANCE at time 90.143125 with dt = 0.0003125
[Level 5 step 288459] average evolution speed = 3.512223569 code units/h
[Level 5 step 288459] Advanced 4096000 cells
[Level 5 step 288460] ADVANCE at time 90.1434375 with dt = 0.0003125
[Level 5 step 288460] average evolution speed = 3.516801401 code units/h
[Level 5 step 288460] Advanced 4096000 cells
[Level 3 step 72116] ADVANCE at time 90.14375 with dt = 0.00125
[Level 3 step 72116] average evolution speed = 3.521021955 code units/h
[Level 3 step 72116] Advanced 4096000 cells
[Level 4 step 144231] ADVANCE at time 90.14375 with dt = 0.000625
[Level 4 step 144231] average evolution speed = 3.518003918 code units/h
[Level 4 step 144231] Advanced 4096000 cells
[Level 5 step 288461] ADVANCE at time 90.14375 with dt = 0.0003125
[Level 5 step 288461] average evolution speed = 3.514977664 code units/h
[Level 5 step 288461] Advanced 4096000 cells
[Level 5 step 288462] ADVANCE at time 90.1440625 with dt = 0.0003125
[Level 5 step 288462] average evolution speed = 3.519537072 code units/h
[Level 5 step 288462] Advanced 4096000 cells
[Level 4 step 144232] ADVANCE at time 90.144375 with dt = 0.000625
[Level 4 step 144232] average evolution speed = 3.523916725 code units/h
[Level 4 step 144232] Advanced 4096000 cells
[Level 5 step 288463] ADVANCE at time 90.144375 with dt = 0.0003125
[Level 5 step 288463] average evolution speed = 3.520902465 code units/h
[Level 5 step 288463] Advanced 4096000 cells
[Level 5 step 288464] ADVANCE at time 90.1446875 with dt = 0.0003125
[Level 5 step 288464] average evolution speed = 3.525445552 code units/h
[Level 5 step 288464] Advanced 4096000 cells
[Level 1 step 18030] ADVANCE at time 90.145 with dt = 0.005
[Level 1 step 18030] average evolution speed = 3.529271754 code units/h
[Level 1 step 18030] Advanced 4096000 cells
[Level 2 step 36059] ADVANCE at time 90.145 with dt = 0.0025
[Level 2 step 36059] average evolution speed = 3.526288226 code units/h
[Level 2 step 36059] Advanced 4096000 cells
[Level 3 step 72117] ADVANCE at time 90.145 with dt = 0.00125
[Level 3 step 72117] average evolution speed = 3.523291264 code units/h
[Level 3 step 72117] Advanced 4096000 cells
[Level 4 step 144233] ADVANCE at time 90.145 with dt = 0.000625
[Level 4 step 144233] average evolution speed = 3.520291245 code units/h
[Level 4 step 144233] Advanced 4096000 cells
[Level 5 step 288465] ADVANCE at time 90.145 with dt = 0.0003125
[Level 5 step 288465] average evolution speed = 3.517286766 code units/h
[Level 5 step 288465] Advanced 4096000 cells
[Level 5 step 288466] ADVANCE at time 90.1453125 with dt = 0.0003125
[Level 5 step 288466] average evolution speed = 3.521808352 code units/h
[Level 5 step 288466] Advanced 4096000 cells
[Level 4 step 144234] ADVANCE at time 90.145625 with dt = 0.000625
[Level 4 step 144234] average evolution speed = 3.526149374 code units/h
[Level 4 step 144234] Advanced 4096000 cells
[Level 5 step 288467] ADVANCE at time 90.145625 with dt = 0.0003125
[Level 5 step 288467] average evolution speed = 3.523155668 code units/h
[Level 5 step 288467] Advanced 4096000 cells
[Level 5 step 288468] ADVANCE at time 90.1459375 with dt = 0.0003125
[Level 5 step 288468] average evolution speed = 3.527658283 code units/h
[Level 5 step 288468] Advanced 4096000 cells
[Level 3 step 72118] ADVANCE at time 90.14625 with dt = 0.00125
[Level 3 step 72118] average evolution speed = 3.531801992 code units/h
[Level 3 step 72118] Advanced 4096000 cells
[Level 4 step 144235] ADVANCE at time 90.14625 with dt = 0.000625
[Level 4 step 144235] average evolution speed = 3.528809895 code units/h
[Level 4 step 144235] Advanced 4096000 cells
[Level 5 step 288469] ADVANCE at time 90.14625 with dt = 0.0003125
[Level 5 step 288469] average evolution speed = 3.525816834 code units/h
[Level 5 step 288469] Advanced 4096000 cells
[Level 5 step 288470] ADVANCE at time 90.1465625 with dt = 0.0003125
[Level 5 step 288470] average evolution speed = 3.530298055 code units/h
[Level 5 step 288470] Advanced 4096000 cells
[Level 4 step 144236] ADVANCE at time 90.146875 with dt = 0.000625
[Level 4 step 144236] average evolution speed = 3.534603614 code units/h
[Level 4 step 144236] Advanced 4096000 cells
[Level 5 step 288471] ADVANCE at time 90.146875 with dt = 0.0003125
[Level 5 step 288471] average evolution speed = 3.531619282 code units/h
[Level 5 step 288471] Advanced 4096000 cells
[Level 5 step 288472] ADVANCE at time 90.1471875 with dt = 0.0003125
[Level 5 step 288472] average evolution speed = 3.536085832 code units/h
[Level 5 step 288472] Advanced 4096000 cells
[Level 2 step 36060] ADVANCE at time 90.1475 with dt = 0.0025
[Level 2 step 36060] average evolution speed = 3.540014346 code units/h
[Level 2 step 36060] Advanced 4096000 cells
[Level 3 step 72119] ADVANCE at time 90.1475 with dt = 0.00125
[Level 3 step 72119] average evolution speed = 3.537048081 code units/h
[Level 3 step 72119] Advanced 4096000 cells
[Level 4 step 144237] ADVANCE at time 90.1475 with dt = 0.000625
[Level 4 step 144237] average evolution speed = 3.534074529 code units/h
[Level 4 step 144237] Advanced 4096000 cells
[Level 5 step 288473] ADVANCE at time 90.1475 with dt = 0.0003125
[Level 5 step 288473] average evolution speed = 3.531097877 code units/h
[Level 5 step 288473] Advanced 4096000 cells
[Level 5 step 288474] ADVANCE at time 90.1478125 with dt = 0.0003125
[Level 5 step 288474] average evolution speed = 3.535545826 code units/h
[Level 5 step 288474] Advanced 4096000 cells
[Level 4 step 144238] ADVANCE at time 90.148125 with dt = 0.000625
[Level 4 step 144238] average evolution speed = 3.539815739 code units/h
[Level 4 step 144238] Advanced 4096000 cells
[Level 5 step 288475] ADVANCE at time 90.148125 with dt = 0.0003125
[Level 5 step 288475] average evolution speed = 3.536849739 code units/h
[Level 5 step 288475] Advanced 4096000 cells
[Level 5 step 288476] ADVANCE at time 90.1484375 with dt = 0.0003125
[Level 5 step 288476] average evolution speed = 3.54128344 code units/h
[Level 5 step 288476] Advanced 4096000 cells
[Level 3 step 72120] ADVANCE at time 90.14875 with dt = 0.00125
[Level 3 step 72120] average evolution speed = 3.545362511 code units/h
[Level 3 step 72120] Advanced 4096000 cells
[Level 4 step 144239] ADVANCE at time 90.14875 with dt = 0.000625
[Level 4 step 144239] average evolution speed = 3.542402095 code units/h
[Level 4 step 144239] Advanced 4096000 cells
[Level 5 step 288477] ADVANCE at time 90.14875 with dt = 0.0003125
[Level 5 step 288477] average evolution speed = 3.539436237 code units/h
[Level 5 step 288477] Advanced 4096000 cells
[Level 5 step 288478] ADVANCE at time 90.1490625 with dt = 0.0003125
[Level 5 step 288478] average evolution speed = 3.543851345 code units/h
[Level 5 step 288478] Advanced 4096000 cells
[Level 4 step 144240] ADVANCE at time 90.149375 with dt = 0.000625
[Level 4 step 144240] average evolution speed = 3.548090928 code units/h
[Level 4 step 144240] Advanced 4096000 cells
[Level 5 step 288479] ADVANCE at time 90.149375 with dt = 0.0003125
[Level 5 step 288479] average evolution speed = 3.545140552 code units/h
[Level 5 step 288479] Advanced 4096000 cells
[Level 5 step 288480] ADVANCE at time 90.1496875 with dt = 0.0003125
[Level 5 step 288480] average evolution speed = 3.549536851 code units/h
[Level 5 step 288480] Advanced 4096000 cells

[STEP 9015] Coarse TimeStep time: 8.484752151
[STEP 9015] FAB kilobyte spread across MPI nodes: [44840766 ... 44840766]

STEP = 9015 TIME = 90.15 DT = 0.01

PLOTFILE: file = /tmp/grteclyn_scratch/m9b_weyldiag10_r09000/BinaryWormholePlt09015
Write plotfile time = 2.247863077  seconds

Unused ParmParse Variables:
  [TOP]::hdf5_subpath(nvals = 1)  :: [hdf5]
  [TOP]::nonzero_asymptotic_values(nvals = 5)  :: [1.0, 1.0, 1.0, 1.0, 1.0]
  [TOP]::nonzero_asymptotic_vars(nvals = 5)  :: [chi, h11, h22, h33, lapse]

Total GPU global memory (MB) spread across MPI: [81079 ... 81079]
Free  GPU global memory (MB) spread across MPI: [33456 ... 33456]
[The         Arena] max space (MB) allocated spread across MPI: [45634 ... 45634]
[The         Arena] max space (MB) used      spread across MPI: [43847 ... 43847]
[The Managed Arena] max space (MB) allocated spread across MPI: [8 ... 8]
[The Managed Arena] max space (MB) used      spread across MPI: [0 ... 0]
[The  Pinned Arena] max space (MB) allocated spread across MPI: [19 ... 19]
[The  Pinned Arena] max space (MB) used      spread across MPI: [11 ... 11]
AMReX (26.02-12-gd7da50458966) finalized
