[Level 5 step 128128] average evolution speed = 4.149237333 code units/h
[Level 5 step 128128] Advanced 4096000 cells

[STEP 4004] Coarse TimeStep time: 8.539836711
[STEP 4004] FAB kilobyte spread across MPI nodes: [45573981 ... 45573981]

STEP = 4004 TIME = 40.04 DT = 0.01

Now regridding at level lbase = 2
grid_places() time: 0.015827152 new finest: 5
TIME = 40.04 : REGRID  with lbase = 2
  Level 3   125 grids  4096000 cells  0.3814697266 % of domain
            smallest grid: 32 x 32 x 32  biggest grid: 32 x 32 x 32
  Level 4   125 grids  4096000 cells  0.04768371582 % of domain
            smallest grid: 32 x 32 x 32  biggest grid: 32 x 32 x 32
  Level 5   125 grids  4096000 cells  0.005960464478 % of domain
            smallest grid: 32 x 32 x 32  biggest grid: 32 x 32 x 32

[Level 0 step 4005] ADVANCE at time 40.04 with dt = 0.01
[Level 0 step 4005] average evolution speed = 4.149187598 code units/h
[Level 0 step 4005] Advanced 2097152 cells
[Level 1 step 8009] ADVANCE at time 40.04 with dt = 0.005
[Level 1 step 8009] average evolution speed = 4.149166243 code units/h
[Level 1 step 8009] Advanced 4096000 cells
[Level 2 step 16017] ADVANCE at time 40.04 with dt = 0.0025
[Level 2 step 16017] average evolution speed = 4.14913258 code units/h
[Level 2 step 16017] Advanced 4096000 cells
[Level 3 step 32033] ADVANCE at time 40.04 with dt = 0.00125
[Level 3 step 32033] average evolution speed = 4.149098814 code units/h
[Level 3 step 32033] Advanced 4096000 cells
[Level 4 step 64065] ADVANCE at time 40.04 with dt = 0.000625
[Level 4 step 64065] average evolution speed = 4.149064928 code units/h
[Level 4 step 64065] Advanced 4096000 cells
[Level 5 step 128129] ADVANCE at time 40.04 with dt = 0.0003125
[Level 5 step 128129] average evolution speed = 4.149030938 code units/h
[Level 5 step 128129] Advanced 4096000 cells
[Level 5 step 128130] ADVANCE at time 40.0403125 with dt = 0.0003125
[Level 5 step 128130] average evolution speed = 4.149068656 code units/h
[Level 5 step 128130] Advanced 4096000 cells
[Level 4 step 64066] ADVANCE at time 40.040625 with dt = 0.000625
[Level 4 step 64066] average evolution speed = 4.149104573 code units/h
[Level 4 step 64066] Advanced 4096000 cells
[Level 5 step 128131] ADVANCE at time 40.040625 with dt = 0.0003125
[Level 5 step 128131] average evolution speed = 4.149070752 code units/h
[Level 5 step 128131] Advanced 4096000 cells
[Level 5 step 128132] ADVANCE at time 40.0409375 with dt = 0.0003125
[Level 5 step 128132] average evolution speed = 4.149108582 code units/h
[Level 5 step 128132] Advanced 4096000 cells
[Level 3 step 32034] ADVANCE at time 40.04125 with dt = 0.00125
[Level 3 step 32034] average evolution speed = 4.149142534 code units/h
[Level 3 step 32034] Advanced 4096000 cells
[Level 4 step 64067] ADVANCE at time 40.04125 with dt = 0.000625
[Level 4 step 64067] average evolution speed = 4.149108682 code units/h
[Level 4 step 64067] Advanced 4096000 cells
[Level 5 step 128133] ADVANCE at time 40.04125 with dt = 0.0003125
[Level 5 step 128133] average evolution speed = 4.149074847 code units/h
[Level 5 step 128133] Advanced 4096000 cells
[Level 5 step 128134] ADVANCE at time 40.0415625 with dt = 0.0003125
[Level 5 step 128134] average evolution speed = 4.149112798 code units/h
[Level 5 step 128134] Advanced 4096000 cells
[Level 4 step 64068] ADVANCE at time 40.041875 with dt = 0.000625
[Level 4 step 64068] average evolution speed = 4.14914882 code units/h
[Level 4 step 64068] Advanced 4096000 cells
[Level 5 step 128135] ADVANCE at time 40.041875 with dt = 0.0003125
[Level 5 step 128135] average evolution speed = 4.149115045 code units/h
[Level 5 step 128135] Advanced 4096000 cells
[Level 5 step 128136] ADVANCE at time 40.0421875 with dt = 0.0003125
[Level 5 step 128136] average evolution speed = 4.149152993 code units/h
[Level 5 step 128136] Advanced 4096000 cells
[Level 2 step 16018] ADVANCE at time 40.0425 with dt = 0.0025
[Level 2 step 16018] average evolution speed = 4.149184994 code units/h
[Level 2 step 16018] Advanced 4096000 cells
[Level 3 step 32035] ADVANCE at time 40.0425 with dt = 0.00125
[Level 3 step 32035] average evolution speed = 4.149151191 code units/h
[Level 3 step 32035] Advanced 4096000 cells
[Level 4 step 64069] ADVANCE at time 40.0425 with dt = 0.000625
[Level 4 step 64069] average evolution speed = 4.149117416 code units/h
[Level 4 step 64069] Advanced 4096000 cells
[Level 5 step 128137] ADVANCE at time 40.0425 with dt = 0.0003125
[Level 5 step 128137] average evolution speed = 4.149083627 code units/h
[Level 5 step 128137] Advanced 4096000 cells
[Level 5 step 128138] ADVANCE at time 40.0428125 with dt = 0.0003125
[Level 5 step 128138] average evolution speed = 4.149121565 code units/h
[Level 5 step 128138] Advanced 4096000 cells
[Level 4 step 64070] ADVANCE at time 40.043125 with dt = 0.000625
[Level 4 step 64070] average evolution speed = 4.149157616 code units/h
[Level 4 step 64070] Advanced 4096000 cells
[Level 5 step 128139] ADVANCE at time 40.043125 with dt = 0.0003125
[Level 5 step 128139] average evolution speed = 4.149123886 code units/h
[Level 5 step 128139] Advanced 4096000 cells
[Level 5 step 128140] ADVANCE at time 40.0434375 with dt = 0.0003125
[Level 5 step 128140] average evolution speed = 4.149161794 code units/h
[Level 5 step 128140] Advanced 4096000 cells
[Level 3 step 32036] ADVANCE at time 40.04375 with dt = 0.00125
[Level 3 step 32036] average evolution speed = 4.14919582 code units/h
[Level 3 step 32036] Advanced 4096000 cells
[Level 4 step 64071] ADVANCE at time 40.04375 with dt = 0.000625
[Level 4 step 64071] average evolution speed = 4.149162059 code units/h
[Level 4 step 64071] Advanced 4096000 cells
[Level 5 step 128141] ADVANCE at time 40.04375 with dt = 0.0003125
[Level 5 step 128141] average evolution speed = 4.149128291 code units/h
[Level 5 step 128141] Advanced 4096000 cells
[Level 5 step 128142] ADVANCE at time 40.0440625 with dt = 0.0003125
[Level 5 step 128142] average evolution speed = 4.149166213 code units/h
[Level 5 step 128142] Advanced 4096000 cells
[Level 4 step 64072] ADVANCE at time 40.044375 with dt = 0.000625
[Level 4 step 64072] average evolution speed = 4.149202255 code units/h
[Level 4 step 64072] Advanced 4096000 cells
[Level 5 step 128143] ADVANCE at time 40.044375 with dt = 0.0003125
[Level 5 step 128143] average evolution speed = 4.149168537 code units/h
[Level 5 step 128143] Advanced 4096000 cells
[Level 5 step 128144] ADVANCE at time 40.0446875 with dt = 0.0003125
[Level 5 step 128144] average evolution speed = 4.149206481 code units/h
[Level 5 step 128144] Advanced 4096000 cells
[Level 1 step 8010] ADVANCE at time 40.045 with dt = 0.005
[Level 1 step 8010] average evolution speed = 4.149236489 code units/h
[Level 1 step 8010] Advanced 4096000 cells
[Level 2 step 16019] ADVANCE at time 40.045 with dt = 0.0025
[Level 2 step 16019] average evolution speed = 4.149202775 code units/h
[Level 2 step 16019] Advanced 4096000 cells
[Level 3 step 32037] ADVANCE at time 40.045 with dt = 0.00125
[Level 3 step 32037] average evolution speed = 4.149168984 code units/h
[Level 3 step 32037] Advanced 4096000 cells
[Level 4 step 64073] ADVANCE at time 40.045 with dt = 0.000625
[Level 4 step 64073] average evolution speed = 4.149135176 code units/h
[Level 4 step 64073] Advanced 4096000 cells
[Level 5 step 128145] ADVANCE at time 40.045 with dt = 0.0003125
[Level 5 step 128145] average evolution speed = 4.149101384 code units/h
[Level 5 step 128145] Advanced 4096000 cells
[Level 5 step 128146] ADVANCE at time 40.0453125 with dt = 0.0003125
[Level 5 step 128146] average evolution speed = 4.149139327 code units/h
[Level 5 step 128146] Advanced 4096000 cells
[Level 4 step 64074] ADVANCE at time 40.045625 with dt = 0.000625
[Level 4 step 64074] average evolution speed = 4.14917531 code units/h
[Level 4 step 64074] Advanced 4096000 cells
[Level 5 step 128147] ADVANCE at time 40.045625 with dt = 0.0003125
[Level 5 step 128147] average evolution speed = 4.149141586 code units/h
[Level 5 step 128147] Advanced 4096000 cells
[Level 5 step 128148] ADVANCE at time 40.0459375 with dt = 0.0003125
[Level 5 step 128148] average evolution speed = 4.149179511 code units/h
[Level 5 step 128148] Advanced 4096000 cells
[Level 3 step 32038] ADVANCE at time 40.04625 with dt = 0.00125
[Level 3 step 32038] average evolution speed = 4.14921352 code units/h
[Level 3 step 32038] Advanced 4096000 cells
[Level 4 step 64075] ADVANCE at time 40.04625 with dt = 0.000625
[Level 4 step 64075] average evolution speed = 4.149179789 code units/h
[Level 4 step 64075] Advanced 4096000 cells
[Level 5 step 128149] ADVANCE at time 40.04625 with dt = 0.0003125
[Level 5 step 128149] average evolution speed = 4.149146036 code units/h
[Level 5 step 128149] Advanced 4096000 cells
[Level 5 step 128150] ADVANCE at time 40.0465625 with dt = 0.0003125
[Level 5 step 128150] average evolution speed = 4.149183955 code units/h
[Level 5 step 128150] Advanced 4096000 cells
[Level 4 step 64076] ADVANCE at time 40.046875 with dt = 0.000625
[Level 4 step 64076] average evolution speed = 4.149219922 code units/h
[Level 4 step 64076] Advanced 4096000 cells
[Level 5 step 128151] ADVANCE at time 40.046875 with dt = 0.0003125
[Level 5 step 128151] average evolution speed = 4.14918618 code units/h
[Level 5 step 128151] Advanced 4096000 cells
[Level 5 step 128152] ADVANCE at time 40.0471875 with dt = 0.0003125
[Level 5 step 128152] average evolution speed = 4.14922407 code units/h
[Level 5 step 128152] Advanced 4096000 cells
[Level 2 step 16020] ADVANCE at time 40.0475 with dt = 0.0025
[Level 2 step 16020] average evolution speed = 4.149255955 code units/h
[Level 2 step 16020] Advanced 4096000 cells
[Level 3 step 32039] ADVANCE at time 40.0475 with dt = 0.00125
[Level 3 step 32039] average evolution speed = 4.149222191 code units/h
[Level 3 step 32039] Advanced 4096000 cells
[Level 4 step 64077] ADVANCE at time 40.0475 with dt = 0.000625
[Level 4 step 64077] average evolution speed = 4.149188418 code units/h
[Level 4 step 64077] Advanced 4096000 cells
[Level 5 step 128153] ADVANCE at time 40.0475 with dt = 0.0003125
[Level 5 step 128153] average evolution speed = 4.149154638 code units/h
[Level 5 step 128153] Advanced 4096000 cells
[Level 5 step 128154] ADVANCE at time 40.0478125 with dt = 0.0003125
[Level 5 step 128154] average evolution speed = 4.14919254 code units/h
[Level 5 step 128154] Advanced 4096000 cells
[Level 4 step 64078] ADVANCE at time 40.048125 with dt = 0.000625
[Level 4 step 64078] average evolution speed = 4.149228451 code units/h
[Level 4 step 64078] Advanced 4096000 cells
[Level 5 step 128155] ADVANCE at time 40.048125 with dt = 0.0003125
[Level 5 step 128155] average evolution speed = 4.149194722 code units/h
[Level 5 step 128155] Advanced 4096000 cells
[Level 5 step 128156] ADVANCE at time 40.0484375 with dt = 0.0003125
[Level 5 step 128156] average evolution speed = 4.149232655 code units/h
[Level 5 step 128156] Advanced 4096000 cells
[Level 3 step 32040] ADVANCE at time 40.04875 with dt = 0.00125
[Level 3 step 32040] average evolution speed = 4.149266619 code units/h
[Level 3 step 32040] Advanced 4096000 cells
[Level 4 step 64079] ADVANCE at time 40.04875 with dt = 0.000625
[Level 4 step 64079] average evolution speed = 4.149232901 code units/h
[Level 4 step 64079] Advanced 4096000 cells
[Level 5 step 128157] ADVANCE at time 40.04875 with dt = 0.0003125
[Level 5 step 128157] average evolution speed = 4.149199139 code units/h
[Level 5 step 128157] Advanced 4096000 cells
[Level 5 step 128158] ADVANCE at time 40.0490625 with dt = 0.0003125
[Level 5 step 128158] average evolution speed = 4.149237068 code units/h
[Level 5 step 128158] Advanced 4096000 cells
[Level 4 step 64080] ADVANCE at time 40.049375 with dt = 0.000625
[Level 4 step 64080] average evolution speed = 4.149273105 code units/h
