[Level 3 step 31972] average evolution speed = 18.19954414 code units/h
[Level 3 step 31972] Advanced 4096000 cells
[Level 1 step 7994] ADVANCE at time 39.965 with dt = 0.005
[Level 1 step 7994] average evolution speed = 18.19978519 code units/h
[Level 1 step 7994] Advanced 4096000 cells
[Level 2 step 15987] ADVANCE at time 39.965 with dt = 0.0025
[Level 2 step 15987] average evolution speed = 18.19949303 code units/h
[Level 2 step 15987] Advanced 4096000 cells
[Level 3 step 31973] ADVANCE at time 39.965 with dt = 0.00125
[Level 3 step 31973] average evolution speed = 18.19919917 code units/h
[Level 3 step 31973] Advanced 4096000 cells
[Level 3 step 31974] ADVANCE at time 39.96625 with dt = 0.00125
[Level 3 step 31974] average evolution speed = 18.19947442 code units/h
[Level 3 step 31974] Advanced 4096000 cells
[Level 2 step 15988] ADVANCE at time 39.9675 with dt = 0.0025
[Level 2 step 15988] average evolution speed = 18.19973259 code units/h
[Level 2 step 15988] Advanced 4096000 cells
[Level 3 step 31975] ADVANCE at time 39.9675 with dt = 0.00125
[Level 3 step 31975] average evolution speed = 18.19943866 code units/h
[Level 3 step 31975] Advanced 4096000 cells
[Level 3 step 31976] ADVANCE at time 39.96875 with dt = 0.00125
[Level 3 step 31976] average evolution speed = 18.19971353 code units/h
[Level 3 step 31976] Advanced 4096000 cells

[STEP 3997] Coarse TimeStep time: 1.957076278
[STEP 3997] FAB kilobyte spread across MPI nodes: [17299254 ... 17299254]

STEP = 3997 TIME = 39.97 DT = 0.01

[Level 0 step 3998] ADVANCE at time 39.97 with dt = 0.01
[Level 0 step 3998] average evolution speed = 18.19987737 code units/h
[Level 0 step 3998] Advanced 2097152 cells
[Level 1 step 7995] ADVANCE at time 39.97 with dt = 0.005
[Level 1 step 7995] average evolution speed = 18.1996773 code units/h
[Level 1 step 7995] Advanced 4096000 cells
[Level 2 step 15989] ADVANCE at time 39.97 with dt = 0.0025
[Level 2 step 15989] average evolution speed = 18.19938533 code units/h
[Level 2 step 15989] Advanced 4096000 cells
[Level 3 step 31977] ADVANCE at time 39.97 with dt = 0.00125
[Level 3 step 31977] average evolution speed = 18.19909181 code units/h
[Level 3 step 31977] Advanced 4096000 cells
[Level 3 step 31978] ADVANCE at time 39.97125 with dt = 0.00125
[Level 3 step 31978] average evolution speed = 18.19936554 code units/h
[Level 3 step 31978] Advanced 4096000 cells
[Level 2 step 15990] ADVANCE at time 39.9725 with dt = 0.0025
[Level 2 step 15990] average evolution speed = 18.19962322 code units/h
[Level 2 step 15990] Advanced 4096000 cells
[Level 3 step 31979] ADVANCE at time 39.9725 with dt = 0.00125
[Level 3 step 31979] average evolution speed = 18.19932859 code units/h
[Level 3 step 31979] Advanced 4096000 cells
[Level 3 step 31980] ADVANCE at time 39.97375 with dt = 0.00125
[Level 3 step 31980] average evolution speed = 18.19960337 code units/h
[Level 3 step 31980] Advanced 4096000 cells
[Level 1 step 7996] ADVANCE at time 39.975 with dt = 0.005
[Level 1 step 7996] average evolution speed = 18.19984431 code units/h
[Level 1 step 7996] Advanced 4096000 cells
[Level 2 step 15991] ADVANCE at time 39.975 with dt = 0.0025
[Level 2 step 15991] average evolution speed = 18.19955234 code units/h
[Level 2 step 15991] Advanced 4096000 cells
[Level 3 step 31981] ADVANCE at time 39.975 with dt = 0.00125
[Level 3 step 31981] average evolution speed = 18.19925828 code units/h
[Level 3 step 31981] Advanced 4096000 cells
[Level 3 step 31982] ADVANCE at time 39.97625 with dt = 0.00125
[Level 3 step 31982] average evolution speed = 18.19953331 code units/h
[Level 3 step 31982] Advanced 4096000 cells
[Level 2 step 15992] ADVANCE at time 39.9775 with dt = 0.0025
[Level 2 step 15992] average evolution speed = 18.19979147 code units/h
[Level 2 step 15992] Advanced 4096000 cells
[Level 3 step 31983] ADVANCE at time 39.9775 with dt = 0.00125
[Level 3 step 31983] average evolution speed = 18.19949696 code units/h
[Level 3 step 31983] Advanced 4096000 cells
[Level 3 step 31984] ADVANCE at time 39.97875 with dt = 0.00125
[Level 3 step 31984] average evolution speed = 18.19977122 code units/h
[Level 3 step 31984] Advanced 4096000 cells

[STEP 3998] Coarse TimeStep time: 1.95667283
[STEP 3998] FAB kilobyte spread across MPI nodes: [17299254 ... 17299254]

STEP = 3998 TIME = 39.98 DT = 0.01

[Level 0 step 3999] ADVANCE at time 39.98 with dt = 0.01
[Level 0 step 3999] average evolution speed = 18.19992648 code units/h
[Level 0 step 3999] Advanced 2097152 cells
[Level 1 step 7997] ADVANCE at time 39.98 with dt = 0.005
[Level 1 step 7997] average evolution speed = 18.19971707 code units/h
[Level 1 step 7997] Advanced 4096000 cells
[Level 2 step 15993] ADVANCE at time 39.98 with dt = 0.0025
[Level 2 step 15993] average evolution speed = 18.19942546 code units/h
[Level 2 step 15993] Advanced 4096000 cells
[Level 3 step 31985] ADVANCE at time 39.98 with dt = 0.00125
[Level 3 step 31985] average evolution speed = 18.19913173 code units/h
[Level 3 step 31985] Advanced 4096000 cells
[Level 3 step 31986] ADVANCE at time 39.98125 with dt = 0.00125
[Level 3 step 31986] average evolution speed = 18.19940681 code units/h
[Level 3 step 31986] Advanced 4096000 cells
[Level 2 step 15994] ADVANCE at time 39.9825 with dt = 0.0025
[Level 2 step 15994] average evolution speed = 18.1996649 code units/h
[Level 2 step 15994] Advanced 4096000 cells
[Level 3 step 31987] ADVANCE at time 39.9825 with dt = 0.00125
[Level 3 step 31987] average evolution speed = 18.19937045 code units/h
[Level 3 step 31987] Advanced 4096000 cells
[Level 3 step 31988] ADVANCE at time 39.98375 with dt = 0.00125
[Level 3 step 31988] average evolution speed = 18.19964523 code units/h
[Level 3 step 31988] Advanced 4096000 cells
[Level 1 step 7998] ADVANCE at time 39.985 with dt = 0.005
[Level 1 step 7998] average evolution speed = 18.19988629 code units/h
[Level 1 step 7998] Advanced 4096000 cells
[Level 2 step 15995] ADVANCE at time 39.985 with dt = 0.0025
[Level 2 step 15995] average evolution speed = 18.1995947 code units/h
[Level 2 step 15995] Advanced 4096000 cells
[Level 3 step 31989] ADVANCE at time 39.985 with dt = 0.00125
[Level 3 step 31989] average evolution speed = 18.1993011 code units/h
[Level 3 step 31989] Advanced 4096000 cells
[Level 3 step 31990] ADVANCE at time 39.98625 with dt = 0.00125
[Level 3 step 31990] average evolution speed = 18.199576 code units/h
[Level 3 step 31990] Advanced 4096000 cells
[Level 2 step 15996] ADVANCE at time 39.9875 with dt = 0.0025
[Level 2 step 15996] average evolution speed = 18.19983395 code units/h
[Level 2 step 15996] Advanced 4096000 cells
[Level 3 step 31991] ADVANCE at time 39.9875 with dt = 0.00125
[Level 3 step 31991] average evolution speed = 18.19954007 code units/h
[Level 3 step 31991] Advanced 4096000 cells
[Level 3 step 31992] ADVANCE at time 39.98875 with dt = 0.00125
[Level 3 step 31992] average evolution speed = 18.19981505 code units/h
[Level 3 step 31992] Advanced 4096000 cells

[STEP 3999] Coarse TimeStep time: 1.958511397
[STEP 3999] FAB kilobyte spread across MPI nodes: [17299254 ... 17299254]

STEP = 3999 TIME = 39.99 DT = 0.01

[Level 0 step 4000] ADVANCE at time 39.99 with dt = 0.01
[Level 0 step 4000] average evolution speed = 18.19997133 code units/h
[Level 0 step 4000] Advanced 2097152 cells
[Level 1 step 7999] ADVANCE at time 39.99 with dt = 0.005
[Level 1 step 7999] average evolution speed = 18.19976244 code units/h
[Level 1 step 7999] Advanced 4096000 cells
[Level 2 step 15997] ADVANCE at time 39.99 with dt = 0.0025
[Level 2 step 15997] average evolution speed = 18.19947023 code units/h
[Level 2 step 15997] Advanced 4096000 cells
[Level 3 step 31993] ADVANCE at time 39.99 with dt = 0.00125
[Level 3 step 31993] average evolution speed = 18.19917591 code units/h
[Level 3 step 31993] Advanced 4096000 cells
[Level 3 step 31994] ADVANCE at time 39.99125 with dt = 0.00125
[Level 3 step 31994] average evolution speed = 18.19945016 code units/h
[Level 3 step 31994] Advanced 4096000 cells
[Level 2 step 15998] ADVANCE at time 39.9925 with dt = 0.0025
[Level 2 step 15998] average evolution speed = 18.19970625 code units/h
[Level 2 step 15998] Advanced 4096000 cells
[Level 3 step 31995] ADVANCE at time 39.9925 with dt = 0.00125
[Level 3 step 31995] average evolution speed = 18.19941142 code units/h
[Level 3 step 31995] Advanced 4096000 cells
[Level 3 step 31996] ADVANCE at time 39.99375 with dt = 0.00125
[Level 3 step 31996] average evolution speed = 18.19968546 code units/h
[Level 3 step 31996] Advanced 4096000 cells
[Level 1 step 8000] ADVANCE at time 39.995 with dt = 0.005
[Level 1 step 8000] average evolution speed = 18.19992217 code units/h
[Level 1 step 8000] Advanced 4096000 cells
[Level 2 step 15999] ADVANCE at time 39.995 with dt = 0.0025
[Level 2 step 15999] average evolution speed = 18.19962958 code units/h
[Level 2 step 15999] Advanced 4096000 cells
[Level 3 step 31997] ADVANCE at time 39.995 with dt = 0.00125
[Level 3 step 31997] average evolution speed = 18.19933499 code units/h
[Level 3 step 31997] Advanced 4096000 cells
[Level 3 step 31998] ADVANCE at time 39.99625 with dt = 0.00125
[Level 3 step 31998] average evolution speed = 18.19960884 code units/h
[Level 3 step 31998] Advanced 4096000 cells
[Level 2 step 16000] ADVANCE at time 39.9975 with dt = 0.0025
[Level 2 step 16000] average evolution speed = 18.1998637 code units/h
[Level 2 step 16000] Advanced 4096000 cells
[Level 3 step 31999] ADVANCE at time 39.9975 with dt = 0.00125
[Level 3 step 31999] average evolution speed = 18.19956855 code units/h
[Level 3 step 31999] Advanced 4096000 cells
[Level 3 step 32000] ADVANCE at time 39.99875 with dt = 0.00125
[Level 3 step 32000] average evolution speed = 18.19984225 code units/h
[Level 3 step 32000] Advanced 4096000 cells

[STEP 4000] Coarse TimeStep time: 1.966697764
[STEP 4000] FAB kilobyte spread across MPI nodes: [17299254 ... 17299254]

STEP = 4000 TIME = 40 DT = 0.01

PLOTFILE: file = /tmp/grteclyn_scratch/s16ml3_lapse5_sg01_fg/BinaryWormholePlt04000
Write plotfile time = 0.576527917  seconds

Unused ParmParse Variables:
  [TOP]::hdf5_subpath(nvals = 1)  :: [hdf5]
  [TOP]::nonzero_asymptotic_values(nvals = 5)  :: [1.0, 1.0, 1.0, 1.0, 1.0]
  [TOP]::nonzero_asymptotic_vars(nvals = 5)  :: [chi, h11, h22, h33, lapse]
  [TOP]::write_extraction(nvals = 1)  :: [0]

Total GPU global memory (MB) spread across MPI: [81079 ... 81079]
Free  GPU global memory (MB) spread across MPI: [61146 ... 61146]
[The         Arena] max space (MB) allocated spread across MPI: [18532 ... 18532]
[The         Arena] max space (MB) used      spread across MPI: [16946 ... 16946]
[The Managed Arena] max space (MB) allocated spread across MPI: [8 ... 8]
[The Managed Arena] max space (MB) used      spread across MPI: [0 ... 0]
[The  Pinned Arena] max space (MB) allocated spread across MPI: [8 ... 8]
[The  Pinned Arena] max space (MB) used      spread across MPI: [4 ... 4]
AMReX (26.02-12-gd7da50458966) finalized
