[Level 4 step 48841] average evolution speed = 3.848578914 code units/h
[Level 4 step 48841] Advanced 4096000 cells
[Level 5 step 97681] ADVANCE at time 30.525 with dt = 0.0003125
[Level 5 step 97681] average evolution speed = 3.84848347 code units/h
[Level 5 step 97681] Advanced 4096000 cells
[Level 5 step 97682] ADVANCE at time 30.5253125 with dt = 0.0003125
[Level 5 step 97682] average evolution speed = 3.848605345 code units/h
[Level 5 step 97682] Advanced 4096000 cells
[Level 4 step 48842] ADVANCE at time 30.525625 with dt = 0.000625
[Level 4 step 48842] average evolution speed = 3.848720153 code units/h
[Level 4 step 48842] Advanced 4096000 cells
[Level 5 step 97683] ADVANCE at time 30.525625 with dt = 0.0003125
[Level 5 step 97683] average evolution speed = 3.84862477 code units/h
[Level 5 step 97683] Advanced 4096000 cells
[Level 5 step 97684] ADVANCE at time 30.5259375 with dt = 0.0003125
[Level 5 step 97684] average evolution speed = 3.848746636 code units/h
[Level 5 step 97684] Advanced 4096000 cells
[Level 3 step 24422] ADVANCE at time 30.52625 with dt = 0.00125
[Level 3 step 24422] average evolution speed = 3.848854855 code units/h
[Level 3 step 24422] Advanced 4096000 cells
[Level 4 step 48843] ADVANCE at time 30.52625 with dt = 0.000625
[Level 4 step 48843] average evolution speed = 3.84875965 code units/h
[Level 4 step 48843] Advanced 4096000 cells
[Level 5 step 97685] ADVANCE at time 30.52625 with dt = 0.0003125
[Level 5 step 97685] average evolution speed = 3.848664151 code units/h
[Level 5 step 97685] Advanced 4096000 cells
[Level 5 step 97686] ADVANCE at time 30.5265625 with dt = 0.0003125
[Level 5 step 97686] average evolution speed = 3.848786099 code units/h
[Level 5 step 97686] Advanced 4096000 cells
[Level 4 step 48844] ADVANCE at time 30.526875 with dt = 0.000625
[Level 4 step 48844] average evolution speed = 3.848901074 code units/h
[Level 4 step 48844] Advanced 4096000 cells
[Level 5 step 97687] ADVANCE at time 30.526875 with dt = 0.0003125
[Level 5 step 97687] average evolution speed = 3.848805677 code units/h
[Level 5 step 97687] Advanced 4096000 cells
[Level 5 step 97688] ADVANCE at time 30.5271875 with dt = 0.0003125
[Level 5 step 97688] average evolution speed = 3.848927586 code units/h
[Level 5 step 97688] Advanced 4096000 cells
[Level 2 step 12212] ADVANCE at time 30.5275 with dt = 0.0025
[Level 2 step 12212] average evolution speed = 3.849029094 code units/h
[Level 2 step 12212] Advanced 4096000 cells
[Level 3 step 24423] ADVANCE at time 30.5275 with dt = 0.00125
[Level 3 step 24423] average evolution speed = 3.848933948 code units/h
[Level 3 step 24423] Advanced 4096000 cells
[Level 4 step 48845] ADVANCE at time 30.5275 with dt = 0.000625
[Level 4 step 48845] average evolution speed = 3.848838663 code units/h
[Level 4 step 48845] Advanced 4096000 cells
[Level 5 step 97689] ADVANCE at time 30.5275 with dt = 0.0003125
[Level 5 step 97689] average evolution speed = 3.84874316 code units/h
[Level 5 step 97689] Advanced 4096000 cells
[Level 5 step 97690] ADVANCE at time 30.5278125 with dt = 0.0003125
[Level 5 step 97690] average evolution speed = 3.848865071 code units/h
[Level 5 step 97690] Advanced 4096000 cells
[Level 4 step 48846] ADVANCE at time 30.528125 with dt = 0.000625
[Level 4 step 48846] average evolution speed = 3.848980074 code units/h
[Level 4 step 48846] Advanced 4096000 cells
[Level 5 step 97691] ADVANCE at time 30.528125 with dt = 0.0003125
[Level 5 step 97691] average evolution speed = 3.848884749 code units/h
[Level 5 step 97691] Advanced 4096000 cells
[Level 5 step 97692] ADVANCE at time 30.5284375 with dt = 0.0003125
[Level 5 step 97692] average evolution speed = 3.849006626 code units/h
[Level 5 step 97692] Advanced 4096000 cells
[Level 3 step 24424] ADVANCE at time 30.52875 with dt = 0.00125
[Level 3 step 24424] average evolution speed = 3.849114961 code units/h
[Level 3 step 24424] Advanced 4096000 cells
[Level 4 step 48847] ADVANCE at time 30.52875 with dt = 0.000625
[Level 4 step 48847] average evolution speed = 3.84901988 code units/h
[Level 4 step 48847] Advanced 4096000 cells
[Level 5 step 97693] ADVANCE at time 30.52875 with dt = 0.0003125
[Level 5 step 97693] average evolution speed = 3.848924563 code units/h
[Level 5 step 97693] Advanced 4096000 cells
[Level 5 step 97694] ADVANCE at time 30.5290625 with dt = 0.0003125
[Level 5 step 97694] average evolution speed = 3.849046404 code units/h
[Level 5 step 97694] Advanced 4096000 cells
[Level 4 step 48848] ADVANCE at time 30.529375 with dt = 0.000625
[Level 4 step 48848] average evolution speed = 3.849161179 code units/h
[Level 4 step 48848] Advanced 4096000 cells
[Level 5 step 97695] ADVANCE at time 30.529375 with dt = 0.0003125
[Level 5 step 97695] average evolution speed = 3.849065872 code units/h
[Level 5 step 97695] Advanced 4096000 cells
[Level 5 step 97696] ADVANCE at time 30.5296875 with dt = 0.0003125
[Level 5 step 97696] average evolution speed = 3.849187664 code units/h
[Level 5 step 97696] Advanced 4096000 cells

[STEP 3053] Coarse TimeStep time: 9.375154735
[STEP 3053] FAB kilobyte spread across MPI nodes: [54652854 ... 54652854]

STEP = 3053 TIME = 30.53 DT = 0.01

Now regridding at level lbase = 4
grid_places() time: 0.005257307 new finest: 5
TIME = 30.53 : REGRID  with lbase = 4
  Level 5   125 grids  4096000 cells  0.0007450580597 % of domain
            smallest grid: 32 x 32 x 32  biggest grid: 32 x 32 x 32

[Level 0 step 3054] ADVANCE at time 30.53 with dt = 0.01
[Level 0 step 3054] average evolution speed = 3.848922252 code units/h
[Level 0 step 3054] Advanced 16777216 cells
[Level 1 step 6107] ADVANCE at time 30.53 with dt = 0.005
[Level 1 step 6107] average evolution speed = 3.848507396 code units/h
[Level 1 step 6107] Advanced 4096000 cells
[Level 2 step 12213] ADVANCE at time 30.53 with dt = 0.0025
[Level 2 step 12213] average evolution speed = 3.848402565 code units/h
[Level 2 step 12213] Advanced 4096000 cells
[Level 3 step 24425] ADVANCE at time 30.53 with dt = 0.00125
[Level 3 step 24425] average evolution speed = 3.848307529 code units/h
[Level 3 step 24425] Advanced 4096000 cells
[Level 4 step 48849] ADVANCE at time 30.53 with dt = 0.000625
[Level 4 step 48849] average evolution speed = 3.848212454 code units/h
[Level 4 step 48849] Advanced 4096000 cells
[Level 5 step 97697] ADVANCE at time 30.53 with dt = 0.0003125
[Level 5 step 97697] average evolution speed = 3.848117147 code units/h
[Level 5 step 97697] Advanced 4096000 cells
[Level 5 step 97698] ADVANCE at time 30.5303125 with dt = 0.0003125
[Level 5 step 97698] average evolution speed = 3.84823865 code units/h
[Level 5 step 97698] Advanced 4096000 cells
[Level 4 step 48850] ADVANCE at time 30.530625 with dt = 0.000625
[Level 4 step 48850] average evolution speed = 3.848353509 code units/h
[Level 4 step 48850] Advanced 4096000 cells
[Level 5 step 97699] ADVANCE at time 30.530625 with dt = 0.0003125
[Level 5 step 97699] average evolution speed = 3.848258161 code units/h
[Level 5 step 97699] Advanced 4096000 cells
[Level 5 step 97700] ADVANCE at time 30.5309375 with dt = 0.0003125
[Level 5 step 97700] average evolution speed = 3.848379871 code units/h
[Level 5 step 97700] Advanced 4096000 cells
[Level 3 step 24426] ADVANCE at time 30.53125 with dt = 0.00125
[Level 3 step 24426] average evolution speed = 3.848488149 code units/h
[Level 3 step 24426] Advanced 4096000 cells
[Level 4 step 48851] ADVANCE at time 30.53125 with dt = 0.000625
[Level 4 step 48851] average evolution speed = 3.848393137 code units/h
[Level 4 step 48851] Advanced 4096000 cells
[Level 5 step 97701] ADVANCE at time 30.53125 with dt = 0.0003125
[Level 5 step 97701] average evolution speed = 3.848297927 code units/h
[Level 5 step 97701] Advanced 4096000 cells
[Level 5 step 97702] ADVANCE at time 30.5315625 with dt = 0.0003125
[Level 5 step 97702] average evolution speed = 3.848419911 code units/h
[Level 5 step 97702] Advanced 4096000 cells
[Level 4 step 48852] ADVANCE at time 30.531875 with dt = 0.000625
[Level 4 step 48852] average evolution speed = 3.848536638 code units/h
[Level 4 step 48852] Advanced 4096000 cells
[Level 5 step 97703] ADVANCE at time 30.531875 with dt = 0.0003125
[Level 5 step 97703] average evolution speed = 3.848441639 code units/h
[Level 5 step 97703] Advanced 4096000 cells
[Level 5 step 97704] ADVANCE at time 30.5321875 with dt = 0.0003125
[Level 5 step 97704] average evolution speed = 3.848563462 code units/h
[Level 5 step 97704] Advanced 4096000 cells
[Level 2 step 12214] ADVANCE at time 30.5325 with dt = 0.0025
[Level 2 step 12214] average evolution speed = 3.848669378 code units/h
[Level 2 step 12214] Advanced 4096000 cells
[Level 3 step 24427] ADVANCE at time 30.5325 with dt = 0.00125
[Level 3 step 24427] average evolution speed = 3.848574523 code units/h
[Level 3 step 24427] Advanced 4096000 cells
[Level 4 step 48853] ADVANCE at time 30.5325 with dt = 0.000625
[Level 4 step 48853] average evolution speed = 3.848479299 code units/h
[Level 4 step 48853] Advanced 4096000 cells
[Level 5 step 97705] ADVANCE at time 30.5325 with dt = 0.0003125
[Level 5 step 97705] average evolution speed = 3.848383934 code units/h
[Level 5 step 97705] Advanced 4096000 cells
[Level 5 step 97706] ADVANCE at time 30.5328125 with dt = 0.0003125
[Level 5 step 97706] average evolution speed = 3.848505725 code units/h
[Level 5 step 97706] Advanced 4096000 cells
NaN diagnostic: rank=0 level=5 component=1 name=h11
amrex::Abort::0::NaN in GRAMRLevel::post_timestep !!!
SIGABRT
addr2line: 'runs/wormhole_merger/spiral_d6_p010_L128_lvl5from25_sig10_t060_lbf_csm_r02500/test': No such file
addr2line: 'runs/wormhole_merger/spiral_d6_p010_L128_lvl5from25_sig10_t060_lbf_csm_r02500/test': No such file
addr2line: 'runs/wormhole_merger/spiral_d6_p010_L128_lvl5from25_sig10_t060_lbf_csm_r02500/test': No such file
addr2line: 'runs/wormhole_merger/spiral_d6_p010_L128_lvl5from25_sig10_t060_lbf_csm_r02500/test': No such file
addr2line: 'runs/wormhole_merger/spiral_d6_p010_L128_lvl5from25_sig10_t060_lbf_csm_r02500/test': No such file
addr2line: 'runs/wormhole_merger/spiral_d6_p010_L128_lvl5from25_sig10_t060_lbf_csm_r02500/test': No such file
addr2line: 'runs/wormhole_merger/spiral_d6_p010_L128_lvl5from25_sig10_t060_lbf_csm_r02500/test': No such file
addr2line: 'runs/wormhole_merger/spiral_d6_p010_L128_lvl5from25_sig10_t060_lbf_csm_r02500/test': No such file
addr2line: 'runs/wormhole_merger/spiral_d6_p010_L128_lvl5from25_sig10_t060_lbf_csm_r02500/test': No such file
addr2line: 'runs/wormhole_merger/spiral_d6_p010_L128_lvl5from25_sig10_t060_lbf_csm_r02500/test': No such file
addr2line: 'runs/wormhole_merger/spiral_d6_p010_L128_lvl5from25_sig10_t060_lbf_csm_r02500/test': No such file
addr2line: 'runs/wormhole_merger/spiral_d6_p010_L128_lvl5from25_sig10_t060_lbf_csm_r02500/test': No such file
addr2line: 'runs/wormhole_merger/spiral_d6_p010_L128_lvl5from25_sig10_t060_lbf_csm_r02500/test': No such file
addr2line: 'runs/wormhole_merger/spiral_d6_p010_L128_lvl5from25_sig10_t060_lbf_csm_r02500/test': No such file
addr2line: 'runs/wormhole_merger/spiral_d6_p010_L128_lvl5from25_sig10_t060_lbf_csm_r02500/test': No such file
addr2line: 'runs/wormhole_merger/spiral_d6_p010_L128_lvl5from25_sig10_t060_lbf_csm_r02500/test': No such file
addr2line: 'runs/wormhole_merger/spiral_d6_p010_L128_lvl5from25_sig10_t060_lbf_csm_r02500/test': No such file
addr2line: 'runs/wormhole_merger/spiral_d6_p010_L128_lvl5from25_sig10_t060_lbf_csm_r02500/test': No such file
addr2line: 'runs/wormhole_merger/spiral_d6_p010_L128_lvl5from25_sig10_t060_lbf_csm_r02500/test': No such file
addr2line: 'runs/wormhole_merger/spiral_d6_p010_L128_lvl5from25_sig10_t060_lbf_csm_r02500/test': No such file
addr2line: 'runs/wormhole_merger/spiral_d6_p010_L128_lvl5from25_sig10_t060_lbf_csm_r02500/test': No such file
addr2line: 'runs/wormhole_merger/spiral_d6_p010_L128_lvl5from25_sig10_t060_lbf_csm_r02500/test': No such file
addr2line: 'runs/wormhole_merger/spiral_d6_p010_L128_lvl5from25_sig10_t060_lbf_csm_r02500/test': No such file
addr2line: 'runs/wormhole_merger/spiral_d6_p010_L128_lvl5from25_sig10_t060_lbf_csm_r02500/test': No such file
addr2line: 'runs/wormhole_merger/spiral_d6_p010_L128_lvl5from25_sig10_t060_lbf_csm_r02500/test': No such file
addr2line: 'runs/wormhole_merger/spiral_d6_p010_L128_lvl5from25_sig10_t060_lbf_csm_r02500/test': No such file
See Backtrace.0 file for details
--------------------------------------------------------------------------
MPI_ABORT was invoked on rank 0 in communicator MPI_COMM_WORLD
  Proc: [[42881,0],0]
  Errorcode: 6

NOTE: invoking MPI_ABORT causes Open MPI to kill all MPI processes.
You may or may not see output from other processes, depending on
exactly when Open MPI kills them.
--------------------------------------------------------------------------
