[Level 4 step 12785] average evolution speed = 32.89227902 code units/h
[Level 4 step 12785] Advanced 6897664 cells
[Level 5 step 25569] ADVANCE at time 99.875 with dt = 0.00390625
[Level 5 step 25569] average evolution speed = 32.89182084 code units/h
[Level 5 step 25569] Advanced 6897664 cells
[Level 5 step 25570] ADVANCE at time 99.87890625 with dt = 0.00390625
[Level 5 step 25570] average evolution speed = 32.89264801 code units/h
[Level 5 step 25570] Advanced 6897664 cells
[Level 4 step 12786] ADVANCE at time 99.8828125 with dt = 0.0078125
[Level 4 step 12786] average evolution speed = 32.89342347 code units/h
[Level 4 step 12786] Advanced 6897664 cells
[Level 5 step 25571] ADVANCE at time 99.8828125 with dt = 0.00390625
[Level 5 step 25571] average evolution speed = 32.89296746 code units/h
[Level 5 step 25571] Advanced 6897664 cells
[Level 5 step 25572] ADVANCE at time 99.88671875 with dt = 0.00390625
[Level 5 step 25572] average evolution speed = 32.89379515 code units/h
[Level 5 step 25572] Advanced 6897664 cells
[Level 3 step 6394] ADVANCE at time 99.890625 with dt = 0.015625
[Level 3 step 6394] average evolution speed = 32.89451997 code units/h
[Level 3 step 6394] Advanced 2097152 cells
[Level 4 step 12787] ADVANCE at time 99.890625 with dt = 0.0078125
[Level 4 step 12787] average evolution speed = 32.89440239 code units/h
[Level 4 step 12787] Advanced 6897664 cells
[Level 5 step 25573] ADVANCE at time 99.890625 with dt = 0.00390625
[Level 5 step 25573] average evolution speed = 32.89394091 code units/h
[Level 5 step 25573] Advanced 6897664 cells
[Level 5 step 25574] ADVANCE at time 99.89453125 with dt = 0.00390625
[Level 5 step 25574] average evolution speed = 32.89476963 code units/h
[Level 5 step 25574] Advanced 6897664 cells
[Level 4 step 12788] ADVANCE at time 99.8984375 with dt = 0.0078125
[Level 4 step 12788] average evolution speed = 32.89554483 code units/h
[Level 4 step 12788] Advanced 6897664 cells
[Level 5 step 25575] ADVANCE at time 99.8984375 with dt = 0.00390625
[Level 5 step 25575] average evolution speed = 32.89508926 code units/h
[Level 5 step 25575] Advanced 6897664 cells
[Level 5 step 25576] ADVANCE at time 99.90234375 with dt = 0.00390625
[Level 5 step 25576] average evolution speed = 32.8959174 code units/h
[Level 5 step 25576] Advanced 6897664 cells
[Level 2 step 3198] ADVANCE at time 99.90625 with dt = 0.03125
[Level 2 step 3198] average evolution speed = 32.89663579 code units/h
[Level 2 step 3198] Advanced 884736 cells
[Level 3 step 6395] ADVANCE at time 99.90625 with dt = 0.015625
[Level 3 step 6395] average evolution speed = 32.89658617 code units/h
[Level 3 step 6395] Advanced 2097152 cells
[Level 4 step 12789] ADVANCE at time 99.90625 with dt = 0.0078125
[Level 4 step 12789] average evolution speed = 32.89646846 code units/h
[Level 4 step 12789] Advanced 6897664 cells
[Level 5 step 25577] ADVANCE at time 99.90625 with dt = 0.00390625
[Level 5 step 25577] average evolution speed = 32.8960091 code units/h
[Level 5 step 25577] Advanced 6897664 cells
[Level 5 step 25578] ADVANCE at time 99.91015625 with dt = 0.00390625
[Level 5 step 25578] average evolution speed = 32.89683393 code units/h
[Level 5 step 25578] Advanced 6897664 cells
[Level 4 step 12790] ADVANCE at time 99.9140625 with dt = 0.0078125
[Level 4 step 12790] average evolution speed = 32.89761034 code units/h
[Level 4 step 12790] Advanced 6897664 cells
[Level 5 step 25579] ADVANCE at time 99.9140625 with dt = 0.00390625
[Level 5 step 25579] average evolution speed = 32.89715316 code units/h
[Level 5 step 25579] Advanced 6897664 cells
[Level 5 step 25580] ADVANCE at time 99.91796875 with dt = 0.00390625
[Level 5 step 25580] average evolution speed = 32.897983 code units/h
[Level 5 step 25580] Advanced 6897664 cells
[Level 3 step 6396] ADVANCE at time 99.921875 with dt = 0.015625
[Level 3 step 6396] average evolution speed = 32.89870881 code units/h
[Level 3 step 6396] Advanced 2097152 cells
[Level 4 step 12791] ADVANCE at time 99.921875 with dt = 0.0078125
[Level 4 step 12791] average evolution speed = 32.89859133 code units/h
[Level 4 step 12791] Advanced 6897664 cells
[Level 5 step 25581] ADVANCE at time 99.921875 with dt = 0.00390625
[Level 5 step 25581] average evolution speed = 32.89812969 code units/h
[Level 5 step 25581] Advanced 6897664 cells
[Level 5 step 25582] ADVANCE at time 99.92578125 with dt = 0.00390625
[Level 5 step 25582] average evolution speed = 32.89895424 code units/h
[Level 5 step 25582] Advanced 6897664 cells
[Level 4 step 12792] ADVANCE at time 99.9296875 with dt = 0.0078125
[Level 4 step 12792] average evolution speed = 32.89970988 code units/h
[Level 4 step 12792] Advanced 6897664 cells
[Level 5 step 25583] ADVANCE at time 99.9296875 with dt = 0.00390625
[Level 5 step 25583] average evolution speed = 32.89922747 code units/h
[Level 5 step 25583] Advanced 6897664 cells
[Level 5 step 25584] ADVANCE at time 99.93359375 with dt = 0.00390625
[Level 5 step 25584] average evolution speed = 32.90002627 code units/h
[Level 5 step 25584] Advanced 6897664 cells
[Level 1 step 1600] ADVANCE at time 99.9375 with dt = 0.0625
[Level 1 step 1600] average evolution speed = 32.90069868 code units/h
[Level 1 step 1600] Advanced 262144 cells
[Level 2 step 3199] ADVANCE at time 99.9375 with dt = 0.03125
[Level 2 step 3199] average evolution speed = 32.9006808 code units/h
[Level 2 step 3199] Advanced 884736 cells
[Level 3 step 6397] ADVANCE at time 99.9375 with dt = 0.015625
[Level 3 step 6397] average evolution speed = 32.90063033 code units/h
[Level 3 step 6397] Advanced 2097152 cells
[Level 4 step 12793] ADVANCE at time 99.9375 with dt = 0.0078125
[Level 4 step 12793] average evolution speed = 32.90051183 code units/h
[Level 4 step 12793] Advanced 6897664 cells
[Level 5 step 25585] ADVANCE at time 99.9375 with dt = 0.00390625
[Level 5 step 25585] average evolution speed = 32.90002552 code units/h
[Level 5 step 25585] Advanced 6897664 cells
[Level 5 step 25586] ADVANCE at time 99.94140625 with dt = 0.00390625
[Level 5 step 25586] average evolution speed = 32.90082707 code units/h
[Level 5 step 25586] Advanced 6897664 cells
[Level 4 step 12794] ADVANCE at time 99.9453125 with dt = 0.0078125
[Level 4 step 12794] average evolution speed = 32.90156636 code units/h
[Level 4 step 12794] Advanced 6897664 cells
[Level 5 step 25587] ADVANCE at time 99.9453125 with dt = 0.00390625
[Level 5 step 25587] average evolution speed = 32.90108514 code units/h
[Level 5 step 25587] Advanced 6897664 cells
[Level 5 step 25588] ADVANCE at time 99.94921875 with dt = 0.00390625
[Level 5 step 25588] average evolution speed = 32.9018853 code units/h
[Level 5 step 25588] Advanced 6897664 cells
[Level 3 step 6398] ADVANCE at time 99.953125 with dt = 0.015625
[Level 3 step 6398] average evolution speed = 32.90256525 code units/h
[Level 3 step 6398] Advanced 2097152 cells
[Level 4 step 12795] ADVANCE at time 99.953125 with dt = 0.0078125
[Level 4 step 12795] average evolution speed = 32.9024469 code units/h
[Level 4 step 12795] Advanced 6897664 cells
[Level 5 step 25589] ADVANCE at time 99.953125 with dt = 0.00390625
[Level 5 step 25589] average evolution speed = 32.90196128 code units/h
[Level 5 step 25589] Advanced 6897664 cells
[Level 5 step 25590] ADVANCE at time 99.95703125 with dt = 0.00390625
[Level 5 step 25590] average evolution speed = 32.90276346 code units/h
[Level 5 step 25590] Advanced 6897664 cells
[Level 4 step 12796] ADVANCE at time 99.9609375 with dt = 0.0078125
[Level 4 step 12796] average evolution speed = 32.90350477 code units/h
[Level 4 step 12796] Advanced 6897664 cells
[Level 5 step 25591] ADVANCE at time 99.9609375 with dt = 0.00390625
[Level 5 step 25591] average evolution speed = 32.90302157 code units/h
[Level 5 step 25591] Advanced 6897664 cells
[Level 5 step 25592] ADVANCE at time 99.96484375 with dt = 0.00390625
[Level 5 step 25592] average evolution speed = 32.90382127 code units/h
[Level 5 step 25592] Advanced 6897664 cells
[Level 2 step 3200] ADVANCE at time 99.96875 with dt = 0.03125
[Level 2 step 3200] average evolution speed = 32.90451762 code units/h
[Level 2 step 3200] Advanced 884736 cells
[Level 3 step 6399] ADVANCE at time 99.96875 with dt = 0.015625
[Level 3 step 6399] average evolution speed = 32.90446697 code units/h
[Level 3 step 6399] Advanced 2097152 cells
[Level 4 step 12797] ADVANCE at time 99.96875 with dt = 0.0078125
[Level 4 step 12797] average evolution speed = 32.90434822 code units/h
[Level 4 step 12797] Advanced 6897664 cells
[Level 5 step 25593] ADVANCE at time 99.96875 with dt = 0.00390625
[Level 5 step 25593] average evolution speed = 32.90386136 code units/h
[Level 5 step 25593] Advanced 6897664 cells
[Level 5 step 25594] ADVANCE at time 99.97265625 with dt = 0.00390625
[Level 5 step 25594] average evolution speed = 32.90466211 code units/h
[Level 5 step 25594] Advanced 6897664 cells
[Level 4 step 12798] ADVANCE at time 99.9765625 with dt = 0.0078125
[Level 4 step 12798] average evolution speed = 32.9054031 code units/h
[Level 4 step 12798] Advanced 6897664 cells
[Level 5 step 25595] ADVANCE at time 99.9765625 with dt = 0.00390625
[Level 5 step 25595] average evolution speed = 32.90492333 code units/h
[Level 5 step 25595] Advanced 6897664 cells
[Level 5 step 25596] ADVANCE at time 99.98046875 with dt = 0.00390625
[Level 5 step 25596] average evolution speed = 32.90574856 code units/h
[Level 5 step 25596] Advanced 6897664 cells
[Level 3 step 6400] ADVANCE at time 99.984375 with dt = 0.015625
[Level 3 step 6400] average evolution speed = 32.90646908 code units/h
[Level 3 step 6400] Advanced 2097152 cells
[Level 4 step 12799] ADVANCE at time 99.984375 with dt = 0.0078125
[Level 4 step 12799] average evolution speed = 32.90635088 code units/h
[Level 4 step 12799] Advanced 6897664 cells
[Level 5 step 25597] ADVANCE at time 99.984375 with dt = 0.00390625
[Level 5 step 25597] average evolution speed = 32.9058858 code units/h
[Level 5 step 25597] Advanced 6897664 cells
[Level 5 step 25598] ADVANCE at time 99.98828125 with dt = 0.00390625
[Level 5 step 25598] average evolution speed = 32.90671054 code units/h
[Level 5 step 25598] Advanced 6897664 cells
[Level 4 step 12800] ADVANCE at time 99.9921875 with dt = 0.0078125
[Level 4 step 12800] average evolution speed = 32.90748576 code units/h
[Level 4 step 12800] Advanced 6897664 cells
[Level 5 step 25599] ADVANCE at time 99.9921875 with dt = 0.00390625
[Level 5 step 25599] average evolution speed = 32.90703096 code units/h
[Level 5 step 25599] Advanced 6897664 cells
[Level 5 step 25600] ADVANCE at time 99.99609375 with dt = 0.00390625
[Level 5 step 25600] average evolution speed = 32.90785957 code units/h
[Level 5 step 25600] Advanced 6897664 cells

[STEP 800] Coarse TimeStep time: 8.524089891
[STEP 800] FAB kilobyte spread across MPI nodes: [39180255 ... 39180255]

STEP = 800 TIME = 100 DT = 0.125

CHECKPOINT: file = /tmp/grteclyn_scratch/bbh_control_d12_p012/BinaryWormholeChk00800
checkPoint() time = 6.185439765 secs.
PLOTFILE: file = /tmp/grteclyn_scratch/bbh_control_d12_p012/BinaryWormholePlt00800
Write plotfile time = 0.928111517  seconds

GRTeclyn finished.
Unused ParmParse Variables:
  [TOP]::output_path(nvals = 1)  :: [runs/wormhole_merger/bbh_control_d12_p012]

Total GPU global memory (MB) spread across MPI: [81079 ... 81079]
Free  GPU global memory (MB) spread across MPI: [19304 ... 19304]
[The         Arena] max space (MB) allocated spread across MPI: [60809 ... 60809]
[The         Arena] max space (MB) used      spread across MPI: [38737 ... 38737]
[The Managed Arena] max space (MB) allocated spread across MPI: [8 ... 8]
[The Managed Arena] max space (MB) used      spread across MPI: [0 ... 0]
[The  Pinned Arena] max space (MB) allocated spread across MPI: [138 ... 138]
[The  Pinned Arena] max space (MB) used      spread across MPI: [68 ... 68]
AMReX (26.02-12-gd7da50458966) finalized
