[Level 3 step 9541] ADVANCE at time 11.925 with dt = 0.00125
[Level 3 step 9541] average evolution speed = 9.594640279 code units/h
[Level 3 step 9541] Advanced 8192000 cells
[Level 3 step 9542] ADVANCE at time 11.92625 with dt = 0.00125
[Level 3 step 9542] average evolution speed = 9.595116836 code units/h
[Level 3 step 9542] Advanced 8192000 cells
[Level 2 step 4772] ADVANCE at time 11.9275 with dt = 0.0025
[Level 2 step 4772] average evolution speed = 9.595562389 code units/h
[Level 2 step 4772] Advanced 6553600 cells
[Level 3 step 9543] ADVANCE at time 11.9275 with dt = 0.00125
[Level 3 step 9543] average evolution speed = 9.59514191 code units/h
[Level 3 step 9543] Advanced 8192000 cells
[Level 3 step 9544] ADVANCE at time 11.92875 with dt = 0.00125
[Level 3 step 9544] average evolution speed = 9.595618986 code units/h
[Level 3 step 9544] Advanced 8192000 cells

[STEP 1193] Coarse TimeStep time: 3.534829132
[STEP 1193] FAB kilobyte spread across MPI nodes: [30080106 ... 30080106]

STEP = 1193 TIME = 11.93 DT = 0.01

[Level 0 step 1194] ADVANCE at time 11.93 with dt = 0.01
[Level 0 step 1194] average evolution speed = 9.595426009 code units/h
[Level 0 step 1194] Advanced 2097152 cells
[Level 1 step 2387] ADVANCE at time 11.93 with dt = 0.005
[Level 1 step 2387] average evolution speed = 9.595240699 code units/h
[Level 1 step 2387] Advanced 4915200 cells
[Level 2 step 4773] ADVANCE at time 11.93 with dt = 0.0025
[Level 2 step 4773] average evolution speed = 9.594920545 code units/h
[Level 2 step 4773] Advanced 6553600 cells
[Level 3 step 9545] ADVANCE at time 11.93 with dt = 0.00125
[Level 3 step 9545] average evolution speed = 9.594500047 code units/h
[Level 3 step 9545] Advanced 8192000 cells
[Level 3 step 9546] ADVANCE at time 11.93125 with dt = 0.00125
[Level 3 step 9546] average evolution speed = 9.594976962 code units/h
[Level 3 step 9546] Advanced 8192000 cells
[Level 2 step 4774] ADVANCE at time 11.9325 with dt = 0.0025
[Level 2 step 4774] average evolution speed = 9.595422838 code units/h
[Level 2 step 4774] Advanced 6553600 cells
[Level 3 step 9547] ADVANCE at time 11.9325 with dt = 0.00125
[Level 3 step 9547] average evolution speed = 9.59500193 code units/h
[Level 3 step 9547] Advanced 8192000 cells
[Level 3 step 9548] ADVANCE at time 11.93375 with dt = 0.00125
[Level 3 step 9548] average evolution speed = 9.595478222 code units/h
[Level 3 step 9548] Advanced 8192000 cells
[Level 1 step 2388] ADVANCE at time 11.935 with dt = 0.005
[Level 1 step 2388] average evolution speed = 9.595898139 code units/h
[Level 1 step 2388] Advanced 4915200 cells
[Level 2 step 4775] ADVANCE at time 11.935 with dt = 0.0025
[Level 2 step 4775] average evolution speed = 9.595577257 code units/h
[Level 2 step 4775] Advanced 6553600 cells
[Level 3 step 9549] ADVANCE at time 11.935 with dt = 0.00125
[Level 3 step 9549] average evolution speed = 9.595156657 code units/h
[Level 3 step 9549] Advanced 8192000 cells
[Level 3 step 9550] ADVANCE at time 11.93625 with dt = 0.00125
[Level 3 step 9550] average evolution speed = 9.59563319 code units/h
[Level 3 step 9550] Advanced 8192000 cells
[Level 2 step 4776] ADVANCE at time 11.9375 with dt = 0.0025
[Level 2 step 4776] average evolution speed = 9.596078676 code units/h
[Level 2 step 4776] Advanced 6553600 cells
[Level 3 step 9551] ADVANCE at time 11.9375 with dt = 0.00125
[Level 3 step 9551] average evolution speed = 9.595658509 code units/h
[Level 3 step 9551] Advanced 8192000 cells
[Level 3 step 9552] ADVANCE at time 11.93875 with dt = 0.00125
[Level 3 step 9552] average evolution speed = 9.596135082 code units/h
[Level 3 step 9552] Advanced 8192000 cells

[STEP 1194] Coarse TimeStep time: 3.500164187
[STEP 1194] FAB kilobyte spread across MPI nodes: [30080106 ... 30080106]

STEP = 1194 TIME = 11.94 DT = 0.01

[Level 0 step 1195] ADVANCE at time 11.94 with dt = 0.01
[Level 0 step 1195] average evolution speed = 9.595964976 code units/h
[Level 0 step 1195] Advanced 2097152 cells
[Level 1 step 2389] ADVANCE at time 11.94 with dt = 0.005
[Level 1 step 2389] average evolution speed = 9.595779169 code units/h
[Level 1 step 2389] Advanced 4915200 cells
[Level 2 step 4777] ADVANCE at time 11.94 with dt = 0.0025
[Level 2 step 4777] average evolution speed = 9.595459033 code units/h
[Level 2 step 4777] Advanced 6553600 cells
[Level 3 step 9553] ADVANCE at time 11.94 with dt = 0.00125
[Level 3 step 9553] average evolution speed = 9.595038667 code units/h
[Level 3 step 9553] Advanced 8192000 cells
[Level 3 step 9554] ADVANCE at time 11.94125 with dt = 0.00125
[Level 3 step 9554] average evolution speed = 9.595515355 code units/h
[Level 3 step 9554] Advanced 8192000 cells
[Level 2 step 4778] ADVANCE at time 11.9425 with dt = 0.0025
[Level 2 step 4778] average evolution speed = 9.595960556 code units/h
[Level 2 step 4778] Advanced 6553600 cells
[Level 3 step 9555] ADVANCE at time 11.9425 with dt = 0.00125
[Level 3 step 9555] average evolution speed = 9.595540577 code units/h
[Level 3 step 9555] Advanced 8192000 cells
[Level 3 step 9556] ADVANCE at time 11.94375 with dt = 0.00125
[Level 3 step 9556] average evolution speed = 9.596016595 code units/h
[Level 3 step 9556] Advanced 8192000 cells
[Level 1 step 2390] ADVANCE at time 11.945 with dt = 0.005
[Level 1 step 2390] average evolution speed = 9.596430885 code units/h
[Level 1 step 2390] Advanced 4915200 cells
[Level 2 step 4779] ADVANCE at time 11.945 with dt = 0.0025
[Level 2 step 4779] average evolution speed = 9.596109735 code units/h
[Level 2 step 4779] Advanced 6553600 cells
[Level 3 step 9557] ADVANCE at time 11.945 with dt = 0.00125
[Level 3 step 9557] average evolution speed = 9.59568908 code units/h
[Level 3 step 9557] Advanced 8192000 cells
[Level 3 step 9558] ADVANCE at time 11.94625 with dt = 0.00125
[Level 3 step 9558] average evolution speed = 9.596164447 code units/h
[Level 3 step 9558] Advanced 8192000 cells
[Level 2 step 4780] ADVANCE at time 11.9475 with dt = 0.0025
[Level 2 step 4780] average evolution speed = 9.596608183 code units/h
[Level 2 step 4780] Advanced 6553600 cells
[Level 3 step 9559] ADVANCE at time 11.9475 with dt = 0.00125
[Level 3 step 9559] average evolution speed = 9.596188569 code units/h
[Level 3 step 9559] Advanced 8192000 cells
[Level 3 step 9560] ADVANCE at time 11.94875 with dt = 0.00125
[Level 3 step 9560] average evolution speed = 9.596664599 code units/h
[Level 3 step 9560] Advanced 8192000 cells

[STEP 1195] Coarse TimeStep time: 3.503369878
[STEP 1195] FAB kilobyte spread across MPI nodes: [30080106 ... 30080106]

STEP = 1195 TIME = 11.95 DT = 0.01

[Level 0 step 1196] ADVANCE at time 11.95 with dt = 0.01
[Level 0 step 1196] average evolution speed = 9.59649624 code units/h
[Level 0 step 1196] Advanced 2097152 cells
[Level 1 step 2391] ADVANCE at time 11.95 with dt = 0.005
[Level 1 step 2391] average evolution speed = 9.596310531 code units/h
[Level 1 step 2391] Advanced 4915200 cells
[Level 2 step 4781] ADVANCE at time 11.95 with dt = 0.0025
[Level 2 step 4781] average evolution speed = 9.59599081 code units/h
[Level 2 step 4781] Advanced 6553600 cells
[Level 3 step 9561] ADVANCE at time 11.95 with dt = 0.00125
[Level 3 step 9561] average evolution speed = 9.595569948 code units/h
[Level 3 step 9561] Advanced 8192000 cells
[Level 3 step 9562] ADVANCE at time 11.95125 with dt = 0.00125
[Level 3 step 9562] average evolution speed = 9.596044904 code units/h
[Level 3 step 9562] Advanced 8192000 cells
[Level 2 step 4782] ADVANCE at time 11.9525 with dt = 0.0025
[Level 2 step 4782] average evolution speed = 9.596486093 code units/h
[Level 2 step 4782] Advanced 6553600 cells
[Level 3 step 9563] ADVANCE at time 11.9525 with dt = 0.00125
[Level 3 step 9563] average evolution speed = 9.59606571 code units/h
[Level 3 step 9563] Advanced 8192000 cells
[Level 3 step 9564] ADVANCE at time 11.95375 with dt = 0.00125
[Level 3 step 9564] average evolution speed = 9.596540851 code units/h
[Level 3 step 9564] Advanced 8192000 cells
[Level 1 step 2392] ADVANCE at time 11.955 with dt = 0.005
[Level 1 step 2392] average evolution speed = 9.596954446 code units/h
[Level 1 step 2392] Advanced 4915200 cells
[Level 2 step 4783] ADVANCE at time 11.955 with dt = 0.0025
[Level 2 step 4783] average evolution speed = 9.596633399 code units/h
[Level 2 step 4783] Advanced 6553600 cells
[Level 3 step 9565] ADVANCE at time 11.955 with dt = 0.00125
[Level 3 step 9565] average evolution speed = 9.596212813 code units/h
[Level 3 step 9565] Advanced 8192000 cells
[Level 3 step 9566] ADVANCE at time 11.95625 with dt = 0.00125
[Level 3 step 9566] average evolution speed = 9.596687681 code units/h
[Level 3 step 9566] Advanced 8192000 cells
[Level 2 step 4784] ADVANCE at time 11.9575 with dt = 0.0025
[Level 2 step 4784] average evolution speed = 9.597128553 code units/h
[Level 2 step 4784] Advanced 6553600 cells
[Level 3 step 9567] ADVANCE at time 11.9575 with dt = 0.00125
[Level 3 step 9567] average evolution speed = 9.596708597 code units/h
[Level 3 step 9567] Advanced 8192000 cells
[Level 3 step 9568] ADVANCE at time 11.95875 with dt = 0.00125
[Level 3 step 9568] average evolution speed = 9.597184538 code units/h
[Level 3 step 9568] Advanced 8192000 cells

[STEP 1196] Coarse TimeStep time: 3.50949552
[STEP 1196] FAB kilobyte spread across MPI nodes: [30080106 ... 30080106]

STEP = 1196 TIME = 11.96 DT = 0.01

Now regridding at level lbase = 2
grid_places() time: 0.008032912 new finest: 3
TIME = 11.96 : REGRID  with lbase = 2
  Level 3   250 grids  8192000 cells  0.7629394531 % of domain
            smallest grid: 32 x 32 x 32  biggest grid: 32 x 32 x 32

[Level 0 step 1197] ADVANCE at time 11.96 with dt = 0.01
[Level 0 step 1197] average evolution speed = 9.596987937 code units/h
[Level 0 step 1197] Advanced 2097152 cells
[Level 1 step 2393] ADVANCE at time 11.96 with dt = 0.005
[Level 1 step 2393] average evolution speed = 9.596801847 code units/h
[Level 1 step 2393] Advanced 4915200 cells
[Level 2 step 4785] ADVANCE at time 11.96 with dt = 0.0025
[Level 2 step 4785] average evolution speed = 9.596481013 code units/h
[Level 2 step 4785] Advanced 6553600 cells
[Level 3 step 9569] ADVANCE at time 11.96 with dt = 0.00125
[Level 3 step 9569] average evolution speed = 9.596060264 code units/h
[Level 3 step 9569] Advanced 8192000 cells
[Level 3 step 9570] ADVANCE at time 11.96125 with dt = 0.00125
[Level 3 step 9570] average evolution speed = 9.596532518 code units/h
[Level 3 step 9570] Advanced 8192000 cells
[Level 2 step 4786] ADVANCE at time 11.9625 with dt = 0.0025
[Level 2 step 4786] average evolution speed = 9.596976972 code units/h
[Level 2 step 4786] Advanced 6553600 cells
[Level 3 step 9571] ADVANCE at time 11.9625 with dt = 0.00125
[Level 3 step 9571] average evolution speed = 9.596557034 code units/h
