[Level 3 step 11982] average evolution speed = 4.680172986 code units/h
[Level 3 step 11982] Advanced 9011200 cells
[Level 2 step 5992] ADVANCE at time 14.9775 with dt = 0.0025
[Level 2 step 5992] average evolution speed = 4.680384539 code units/h
[Level 2 step 5992] Advanced 6553600 cells
[Level 3 step 11983] ADVANCE at time 14.9775 with dt = 0.00125
[Level 3 step 11983] average evolution speed = 4.680272696 code units/h
[Level 3 step 11983] Advanced 9011200 cells
[Level 3 step 11984] ADVANCE at time 14.97875 with dt = 0.00125
[Level 3 step 11984] average evolution speed = 4.680514141 code units/h
[Level 3 step 11984] Advanced 9011200 cells

[STEP 1498] Coarse TimeStep time: 7.644557579
[STEP 1498] FAB kilobyte spread across MPI nodes: [30080106 ... 30080106]

STEP = 1498 TIME = 14.98 DT = 0.01

[Level 0 step 1499] ADVANCE at time 14.98 with dt = 0.01
[Level 0 step 1499] average evolution speed = 4.680520996 code units/h
[Level 0 step 1499] Advanced 2097152 cells
[Level 1 step 2997] ADVANCE at time 14.98 with dt = 0.005
[Level 1 step 2997] average evolution speed = 4.680306274 code units/h
[Level 1 step 2997] Advanced 4915200 cells
[Level 2 step 5993] ADVANCE at time 14.98 with dt = 0.0025
[Level 2 step 5993] average evolution speed = 4.680195073 code units/h
[Level 2 step 5993] Advanced 6553600 cells
[Level 3 step 11985] ADVANCE at time 14.98 with dt = 0.00125
[Level 3 step 11985] average evolution speed = 4.680017086 code units/h
[Level 3 step 11985] Advanced 9011200 cells
[Level 3 step 11986] ADVANCE at time 14.98125 with dt = 0.00125
[Level 3 step 11986] average evolution speed = 4.680169565 code units/h
[Level 3 step 11986] Advanced 9011200 cells
[Level 2 step 5994] ADVANCE at time 14.9825 with dt = 0.0025
[Level 2 step 5994] average evolution speed = 4.680276448 code units/h
[Level 2 step 5994] Advanced 6553600 cells
[Level 3 step 11987] ADVANCE at time 14.9825 with dt = 0.00125
[Level 3 step 11987] average evolution speed = 4.680158827 code units/h
[Level 3 step 11987] Advanced 9011200 cells
[Level 3 step 11988] ADVANCE at time 14.98375 with dt = 0.00125
[Level 3 step 11988] average evolution speed = 4.680322088 code units/h
[Level 3 step 11988] Advanced 9011200 cells
[Level 1 step 2998] ADVANCE at time 14.985 with dt = 0.005
[Level 1 step 2998] average evolution speed = 4.68040976 code units/h
[Level 1 step 2998] Advanced 4915200 cells
[Level 2 step 5995] ADVANCE at time 14.985 with dt = 0.0025
[Level 2 step 5995] average evolution speed = 4.680256757 code units/h
[Level 2 step 5995] Advanced 6553600 cells
[Level 3 step 11989] ADVANCE at time 14.985 with dt = 0.00125
[Level 3 step 11989] average evolution speed = 4.680114463 code units/h
[Level 3 step 11989] Advanced 9011200 cells
[Level 3 step 11990] ADVANCE at time 14.98625 with dt = 0.00125
[Level 3 step 11990] average evolution speed = 4.680275735 code units/h
[Level 3 step 11990] Advanced 9011200 cells
[Level 2 step 5996] ADVANCE at time 14.9875 with dt = 0.0025
[Level 2 step 5996] average evolution speed = 4.680376863 code units/h
[Level 2 step 5996] Advanced 6553600 cells
[Level 3 step 11991] ADVANCE at time 14.9875 with dt = 0.00125
[Level 3 step 11991] average evolution speed = 4.680199299 code units/h
[Level 3 step 11991] Advanced 9011200 cells
[Level 3 step 11992] ADVANCE at time 14.98875 with dt = 0.00125
[Level 3 step 11992] average evolution speed = 4.680448668 code units/h
[Level 3 step 11992] Advanced 9011200 cells

[STEP 1499] Coarse TimeStep time: 7.502480285
[STEP 1499] FAB kilobyte spread across MPI nodes: [30080106 ... 30080106]

STEP = 1499 TIME = 14.99 DT = 0.01

[Level 0 step 1500] ADVANCE at time 14.99 with dt = 0.01
[Level 0 step 1500] average evolution speed = 4.680597698 code units/h
[Level 0 step 1500] Advanced 2097152 cells
[Level 1 step 2999] ADVANCE at time 14.99 with dt = 0.005
[Level 1 step 2999] average evolution speed = 4.680389785 code units/h
[Level 1 step 2999] Advanced 4915200 cells
[Level 2 step 5997] ADVANCE at time 14.99 with dt = 0.0025
[Level 2 step 5997] average evolution speed = 4.68023338 code units/h
[Level 2 step 5997] Advanced 6553600 cells
[Level 3 step 11993] ADVANCE at time 14.99 with dt = 0.00125
[Level 3 step 11993] average evolution speed = 4.680043425 code units/h
[Level 3 step 11993] Advanced 9011200 cells
[Level 3 step 11994] ADVANCE at time 14.99125 with dt = 0.00125
[Level 3 step 11994] average evolution speed = 4.680230881 code units/h
[Level 3 step 11994] Advanced 9011200 cells
[Level 2 step 5998] ADVANCE at time 14.9925 with dt = 0.0025
[Level 2 step 5998] average evolution speed = 4.680343043 code units/h
[Level 2 step 5998] Advanced 6553600 cells
[Level 3 step 11995] ADVANCE at time 14.9925 with dt = 0.00125
[Level 3 step 11995] average evolution speed = 4.680156486 code units/h
[Level 3 step 11995] Advanced 9011200 cells
[Level 3 step 11996] ADVANCE at time 14.99375 with dt = 0.00125
[Level 3 step 11996] average evolution speed = 4.680324487 code units/h
[Level 3 step 11996] Advanced 9011200 cells
[Level 1 step 3000] ADVANCE at time 14.995 with dt = 0.005
[Level 1 step 3000] average evolution speed = 4.6804443 code units/h
[Level 1 step 3000] Advanced 4915200 cells
[Level 2 step 5999] ADVANCE at time 14.995 with dt = 0.0025
[Level 2 step 5999] average evolution speed = 4.680294603 code units/h
[Level 2 step 5999] Advanced 6553600 cells
[Level 3 step 11997] ADVANCE at time 14.995 with dt = 0.00125
[Level 3 step 11997] average evolution speed = 4.680103132 code units/h
[Level 3 step 11997] Advanced 9011200 cells
[Level 3 step 11998] ADVANCE at time 14.99625 with dt = 0.00125
[Level 3 step 11998] average evolution speed = 4.680254637 code units/h
[Level 3 step 11998] Advanced 9011200 cells
[Level 2 step 6000] ADVANCE at time 14.9975 with dt = 0.0025
[Level 2 step 6000] average evolution speed = 4.68041078 code units/h
[Level 2 step 6000] Advanced 6553600 cells
[Level 3 step 11999] ADVANCE at time 14.9975 with dt = 0.00125
[Level 3 step 11999] average evolution speed = 4.68022524 code units/h
[Level 3 step 11999] Advanced 9011200 cells
[Level 3 step 12000] ADVANCE at time 14.99875 with dt = 0.00125
[Level 3 step 12000] average evolution speed = 4.680367696 code units/h
[Level 3 step 12000] Advanced 9011200 cells

[STEP 1500] Coarse TimeStep time: 7.895716465
[STEP 1500] FAB kilobyte spread across MPI nodes: [30080106 ... 30080106]

STEP = 1500 TIME = 15 DT = 0.01

PLOTFILE: file = /tmp/grteclyn_scratch/ctrl_rest_a15_csm/BinaryWormholePlt01500
Write plotfile time = 8.445139482  seconds

Now regridding at level lbase = 2
grid_places() time: 0.097534559 new finest: 3
TIME = 15 : REGRID  with lbase = 2
  Level 3   275 grids  9011200 cells  0.8392333984 % of domain
            smallest grid: 32 x 32 x 32  biggest grid: 32 x 32 x 32

[Level 0 step 1501] ADVANCE at time 15 with dt = 0.01
[Level 0 step 1501] average evolution speed = 4.677047251 code units/h
[Level 0 step 1501] Advanced 2097152 cells
[Level 1 step 3001] ADVANCE at time 15 with dt = 0.005
[Level 1 step 3001] average evolution speed = 4.676890613 code units/h
[Level 1 step 3001] Advanced 4915200 cells
[Level 2 step 6001] ADVANCE at time 15 with dt = 0.0025
[Level 2 step 6001] average evolution speed = 4.67680308 code units/h
[Level 2 step 6001] Advanced 6553600 cells
[Level 3 step 12001] ADVANCE at time 15 with dt = 0.00125
[Level 3 step 12001] average evolution speed = 4.676696773 code units/h
[Level 3 step 12001] Advanced 9011200 cells
[Level 3 step 12002] ADVANCE at time 15.00125 with dt = 0.00125
[Level 3 step 12002] average evolution speed = 4.676932791 code units/h
[Level 3 step 12002] Advanced 9011200 cells
[Level 2 step 6002] ADVANCE at time 15.0025 with dt = 0.0025
[Level 2 step 6002] average evolution speed = 4.677056441 code units/h
[Level 2 step 6002] Advanced 6553600 cells
[Level 3 step 12003] ADVANCE at time 15.0025 with dt = 0.00125
[Level 3 step 12003] average evolution speed = 4.676877747 code units/h
[Level 3 step 12003] Advanced 9011200 cells
[Level 3 step 12004] ADVANCE at time 15.00375 with dt = 0.00125
[Level 3 step 12004] average evolution speed = 4.677019668 code units/h
[Level 3 step 12004] Advanced 9011200 cells
[Level 1 step 3002] ADVANCE at time 15.005 with dt = 0.005
[Level 1 step 3002] average evolution speed = 4.677127029 code units/h
[Level 1 step 3002] Advanced 4915200 cells
[Level 2 step 6003] ADVANCE at time 15.005 with dt = 0.0025
[Level 2 step 6003] average evolution speed = 4.676976298 code units/h
[Level 2 step 6003] Advanced 6553600 cells
[Level 3 step 12005] ADVANCE at time 15.005 with dt = 0.00125
[Level 3 step 12005] average evolution speed = 4.676787938 code units/h
[Level 3 step 12005] Advanced 9011200 cells
[Level 3 step 12006] ADVANCE at time 15.00625 with dt = 0.00125
[Level 3 step 12006] average evolution speed = 4.676952863 code units/h
[Level 3 step 12006] Advanced 9011200 cells
[Level 2 step 6004] ADVANCE at time 15.0075 with dt = 0.0025
[Level 2 step 6004] average evolution speed = 4.677129091 code units/h
[Level 2 step 6004] Advanced 6553600 cells
[Level 3 step 12007] ADVANCE at time 15.0075 with dt = 0.00125
[Level 3 step 12007] average evolution speed = 4.676954045 code units/h
[Level 3 step 12007] Advanced 9011200 cells
[Level 3 step 12008] ADVANCE at time 15.00875 with dt = 0.00125
[Level 3 step 12008] average evolution speed = 4.67709883 code units/h
[Level 3 step 12008] Advanced 9011200 cells

[STEP 1501] Coarse TimeStep time: 7.638258146
[STEP 1501] FAB kilobyte spread across MPI nodes: [30080106 ... 30080106]

STEP = 1501 TIME = 15.01 DT = 0.01

CHECKPOINT: file = /tmp/grteclyn_scratch/ctrl_rest_a15_csm/BinaryWormholeChk01501
checkPoint() time = 22.51451727 secs.
[checkpoint_keep] removed /tmp/grteclyn_scratch/ctrl_rest_a15_csm/BinaryWormholeChk01000 (keeping newest 3)
PLOTFILE: file = /tmp/grteclyn_scratch/ctrl_rest_a15_csm/BinaryWormholePlt01501
Write plotfile time = 8.246792364  seconds

Unused ParmParse Variables:
  [TOP]::hdf5_subpath(nvals = 1)  :: [hdf5]
  [TOP]::nonzero_asymptotic_values(nvals = 5)  :: [1.0, 1.0, 1.0, 1.0, 1.0]
  [TOP]::nonzero_asymptotic_vars(nvals = 5)  :: [chi, h11, h22, h33, lapse]
  [TOP]::write_extraction(nvals = 1)  :: [0]

Total GPU global memory (MB) spread across MPI: [81079 ... 81079]
Free  GPU global memory (MB) spread across MPI: [12080 ... 12080]
[The         Arena] max space (MB) allocated spread across MPI: [32561 ... 32561]
[The         Arena] max space (MB) used      spread across MPI: [29429 ... 29429]
[The Managed Arena] max space (MB) allocated spread across MPI: [8 ... 8]
[The Managed Arena] max space (MB) used      spread across MPI: [0 ... 0]
[The  Pinned Arena] max space (MB) allocated spread across MPI: [49 ... 49]
[The  Pinned Arena] max space (MB) used      spread across MPI: [16 ... 16]
AMReX (26.02-12-gd7da50458966) finalized
