[Level 5 step 193401] Advanced 4096000 cells
[Level 5 step 193402] ADVANCE at time 60.4378125 with dt = 0.0003125
[Level 5 step 193402] average evolution speed = 3.795757919 code units/h
[Level 5 step 193402] Advanced 4096000 cells
[Level 4 step 96702] ADVANCE at time 60.438125 with dt = 0.000625
[Level 4 step 96702] average evolution speed = 3.79578414 code units/h
[Level 4 step 96702] Advanced 4096000 cells
[Level 5 step 193403] ADVANCE at time 60.438125 with dt = 0.0003125
[Level 5 step 193403] average evolution speed = 3.795763264 code units/h
[Level 5 step 193403] Advanced 4096000 cells
[Level 5 step 193404] ADVANCE at time 60.4384375 with dt = 0.0003125
[Level 5 step 193404] average evolution speed = 3.795790881 code units/h
[Level 5 step 193404] Advanced 4096000 cells
[Level 3 step 48352] ADVANCE at time 60.43875 with dt = 0.00125
[Level 3 step 48352] average evolution speed = 3.795815716 code units/h
[Level 3 step 48352] Advanced 4096000 cells
[Level 4 step 96703] ADVANCE at time 60.43875 with dt = 0.000625
[Level 4 step 96703] average evolution speed = 3.795794817 code units/h
[Level 4 step 96703] Advanced 4096000 cells
[Level 5 step 193405] ADVANCE at time 60.43875 with dt = 0.0003125
[Level 5 step 193405] average evolution speed = 3.795773935 code units/h
[Level 5 step 193405] Advanced 4096000 cells
[Level 5 step 193406] ADVANCE at time 60.4390625 with dt = 0.0003125
[Level 5 step 193406] average evolution speed = 3.795801564 code units/h
[Level 5 step 193406] Advanced 4096000 cells
[Level 4 step 96704] ADVANCE at time 60.439375 with dt = 0.000625
[Level 4 step 96704] average evolution speed = 3.795827725 code units/h
[Level 4 step 96704] Advanced 4096000 cells
[Level 5 step 193407] ADVANCE at time 60.439375 with dt = 0.0003125
[Level 5 step 193407] average evolution speed = 3.795806793 code units/h
[Level 5 step 193407] Advanced 4096000 cells
[Level 5 step 193408] ADVANCE at time 60.4396875 with dt = 0.0003125
[Level 5 step 193408] average evolution speed = 3.795834341 code units/h
[Level 5 step 193408] Advanced 4096000 cells

[STEP 6044] Coarse TimeStep time: 9.199838445
[STEP 6044] FAB kilobyte spread across MPI nodes: [56538335 ... 56538335]

STEP = 6044 TIME = 60.44 DT = 0.01

Now regridding at level lbase = 2
grid_places() time: 0.021366577 new finest: 5
TIME = 60.44 : REGRID  with lbase = 2
  Level 3   125 grids  4096000 cells  0.04768371582 % of domain
            smallest grid: 32 x 32 x 32  biggest grid: 32 x 32 x 32
  Level 4   125 grids  4096000 cells  0.005960464478 % of domain
            smallest grid: 32 x 32 x 32  biggest grid: 32 x 32 x 32
  Level 5   125 grids  4096000 cells  0.0007450580597 % of domain
            smallest grid: 32 x 32 x 32  biggest grid: 32 x 32 x 32

[Level 0 step 6045] ADVANCE at time 60.44 with dt = 0.01
[Level 0 step 6045] average evolution speed = 3.795773529 code units/h
[Level 0 step 6045] Advanced 16777216 cells
[Level 1 step 12089] ADVANCE at time 60.44 with dt = 0.005
[Level 1 step 12089] average evolution speed = 3.795677081 code units/h
[Level 1 step 12089] Advanced 4096000 cells
[Level 2 step 24177] ADVANCE at time 60.44 with dt = 0.0025
[Level 2 step 24177] average evolution speed = 3.795654113 code units/h
[Level 2 step 24177] Advanced 4096000 cells
[Level 3 step 48353] ADVANCE at time 60.44 with dt = 0.00125
[Level 3 step 48353] average evolution speed = 3.795633197 code units/h
[Level 3 step 48353] Advanced 4096000 cells
[Level 4 step 96705] ADVANCE at time 60.44 with dt = 0.000625
[Level 4 step 96705] average evolution speed = 3.795612268 code units/h
[Level 4 step 96705] Advanced 4096000 cells
[Level 5 step 193409] ADVANCE at time 60.44 with dt = 0.0003125
[Level 5 step 193409] average evolution speed = 3.795591342 code units/h
[Level 5 step 193409] Advanced 4096000 cells
[Level 5 step 193410] ADVANCE at time 60.4403125 with dt = 0.0003125
[Level 5 step 193410] average evolution speed = 3.795618907 code units/h
[Level 5 step 193410] Advanced 4096000 cells
[Level 4 step 96706] ADVANCE at time 60.440625 with dt = 0.000625
[Level 4 step 96706] average evolution speed = 3.795645285 code units/h
[Level 4 step 96706] Advanced 4096000 cells
[Level 5 step 193411] ADVANCE at time 60.440625 with dt = 0.0003125
[Level 5 step 193411] average evolution speed = 3.795624476 code units/h
[Level 5 step 193411] Advanced 4096000 cells
[Level 5 step 193412] ADVANCE at time 60.4409375 with dt = 0.0003125
[Level 5 step 193412] average evolution speed = 3.795652143 code units/h
[Level 5 step 193412] Advanced 4096000 cells
[Level 3 step 48354] ADVANCE at time 60.44125 with dt = 0.00125
[Level 3 step 48354] average evolution speed = 3.795677378 code units/h
[Level 3 step 48354] Advanced 4096000 cells
[Level 4 step 96707] ADVANCE at time 60.44125 with dt = 0.000625
[Level 4 step 96707] average evolution speed = 3.795656576 code units/h
[Level 4 step 96707] Advanced 4096000 cells
[Level 5 step 193413] ADVANCE at time 60.44125 with dt = 0.0003125
[Level 5 step 193413] average evolution speed = 3.795635745 code units/h
[Level 5 step 193413] Advanced 4096000 cells
[Level 5 step 193414] ADVANCE at time 60.4415625 with dt = 0.0003125
[Level 5 step 193414] average evolution speed = 3.795663404 code units/h
[Level 5 step 193414] Advanced 4096000 cells
[Level 4 step 96708] ADVANCE at time 60.441875 with dt = 0.000625
[Level 4 step 96708] average evolution speed = 3.795689864 code units/h
[Level 4 step 96708] Advanced 4096000 cells
[Level 5 step 193415] ADVANCE at time 60.441875 with dt = 0.0003125
[Level 5 step 193415] average evolution speed = 3.79566904 code units/h
[Level 5 step 193415] Advanced 4096000 cells
[Level 5 step 193416] ADVANCE at time 60.4421875 with dt = 0.0003125
[Level 5 step 193416] average evolution speed = 3.795696697 code units/h
[Level 5 step 193416] Advanced 4096000 cells
[Level 2 step 24178] ADVANCE at time 60.4425 with dt = 0.0025
[Level 2 step 24178] average evolution speed = 3.795720004 code units/h
[Level 2 step 24178] Advanced 4096000 cells
[Level 3 step 48355] ADVANCE at time 60.4425 with dt = 0.00125
[Level 3 step 48355] average evolution speed = 3.795699085 code units/h
[Level 3 step 48355] Advanced 4096000 cells
[Level 4 step 96709] ADVANCE at time 60.4425 with dt = 0.000625
[Level 4 step 96709] average evolution speed = 3.795678185 code units/h
[Level 4 step 96709] Advanced 4096000 cells
[Level 5 step 193417] ADVANCE at time 60.4425 with dt = 0.0003125
[Level 5 step 193417] average evolution speed = 3.795657359 code units/h
[Level 5 step 193417] Advanced 4096000 cells
[Level 5 step 193418] ADVANCE at time 60.4428125 with dt = 0.0003125
[Level 5 step 193418] average evolution speed = 3.795685008 code units/h
[Level 5 step 193418] Advanced 4096000 cells
[Level 4 step 96710] ADVANCE at time 60.443125 with dt = 0.000625
[Level 4 step 96710] average evolution speed = 3.795711524 code units/h
[Level 4 step 96710] Advanced 4096000 cells
[Level 5 step 193419] ADVANCE at time 60.443125 with dt = 0.0003125
[Level 5 step 193419] average evolution speed = 3.795690696 code units/h
[Level 5 step 193419] Advanced 4096000 cells
[Level 5 step 193420] ADVANCE at time 60.4434375 with dt = 0.0003125
[Level 5 step 193420] average evolution speed = 3.795718336 code units/h
[Level 5 step 193420] Advanced 4096000 cells
[Level 3 step 48356] ADVANCE at time 60.44375 with dt = 0.00125
[Level 3 step 48356] average evolution speed = 3.795742809 code units/h
[Level 3 step 48356] Advanced 4096000 cells
[Level 4 step 96711] ADVANCE at time 60.44375 with dt = 0.000625
[Level 4 step 96711] average evolution speed = 3.795721929 code units/h
[Level 4 step 96711] Advanced 4096000 cells
[Level 5 step 193421] ADVANCE at time 60.44375 with dt = 0.0003125
[Level 5 step 193421] average evolution speed = 3.795701053 code units/h
[Level 5 step 193421] Advanced 4096000 cells
[Level 5 step 193422] ADVANCE at time 60.4440625 with dt = 0.0003125
[Level 5 step 193422] average evolution speed = 3.795728633 code units/h
[Level 5 step 193422] Advanced 4096000 cells
[Level 4 step 96712] ADVANCE at time 60.444375 with dt = 0.000625
[Level 4 step 96712] average evolution speed = 3.79575482 code units/h
[Level 4 step 96712] Advanced 4096000 cells
[Level 5 step 193423] ADVANCE at time 60.444375 with dt = 0.0003125
[Level 5 step 193423] average evolution speed = 3.795733932 code units/h
[Level 5 step 193423] Advanced 4096000 cells
[Level 5 step 193424] ADVANCE at time 60.4446875 with dt = 0.0003125
[Level 5 step 193424] average evolution speed = 3.795761554 code units/h
[Level 5 step 193424] Advanced 4096000 cells
[Level 1 step 12090] ADVANCE at time 60.445 with dt = 0.005
[Level 1 step 12090] average evolution speed = 3.795783622 code units/h
[Level 1 step 12090] Advanced 4096000 cells
[Level 2 step 24179] ADVANCE at time 60.445 with dt = 0.0025
[Level 2 step 24179] average evolution speed = 3.795760878 code units/h
[Level 2 step 24179] Advanced 4096000 cells
[Level 3 step 48357] ADVANCE at time 60.445 with dt = 0.00125
[Level 3 step 48357] average evolution speed = 3.795739965 code units/h
[Level 3 step 48357] Advanced 4096000 cells
[Level 4 step 96713] ADVANCE at time 60.445 with dt = 0.000625
[Level 4 step 96713] average evolution speed = 3.795719051 code units/h
[Level 4 step 96713] Advanced 4096000 cells
[Level 5 step 193425] ADVANCE at time 60.445 with dt = 0.0003125
[Level 5 step 193425] average evolution speed = 3.795698168 code units/h
[Level 5 step 193425] Advanced 4096000 cells
NaN diagnostic: rank=0 level=5 component=1 name=h11
amrex::Abort::0::NaN in GRAMRLevel::post_timestep !!!
SIGABRT
addr2line: 'runs/wormhole_merger/v2_spiral_d12_p012_L128_lvl5_t150_prof_r03600/test': No such file
addr2line: 'runs/wormhole_merger/v2_spiral_d12_p012_L128_lvl5_t150_prof_r03600/test': No such file
addr2line: 'runs/wormhole_merger/v2_spiral_d12_p012_L128_lvl5_t150_prof_r03600/test': No such file
addr2line: 'runs/wormhole_merger/v2_spiral_d12_p012_L128_lvl5_t150_prof_r03600/test': No such file
addr2line: 'runs/wormhole_merger/v2_spiral_d12_p012_L128_lvl5_t150_prof_r03600/test': No such file
addr2line: 'runs/wormhole_merger/v2_spiral_d12_p012_L128_lvl5_t150_prof_r03600/test': No such file
addr2line: 'runs/wormhole_merger/v2_spiral_d12_p012_L128_lvl5_t150_prof_r03600/test': No such file
addr2line: 'runs/wormhole_merger/v2_spiral_d12_p012_L128_lvl5_t150_prof_r03600/test': No such file
addr2line: 'runs/wormhole_merger/v2_spiral_d12_p012_L128_lvl5_t150_prof_r03600/test': No such file
addr2line: 'runs/wormhole_merger/v2_spiral_d12_p012_L128_lvl5_t150_prof_r03600/test': No such file
addr2line: 'runs/wormhole_merger/v2_spiral_d12_p012_L128_lvl5_t150_prof_r03600/test': No such file
addr2line: 'runs/wormhole_merger/v2_spiral_d12_p012_L128_lvl5_t150_prof_r03600/test': No such file
addr2line: 'runs/wormhole_merger/v2_spiral_d12_p012_L128_lvl5_t150_prof_r03600/test': No such file
addr2line: 'runs/wormhole_merger/v2_spiral_d12_p012_L128_lvl5_t150_prof_r03600/test': No such file
addr2line: 'runs/wormhole_merger/v2_spiral_d12_p012_L128_lvl5_t150_prof_r03600/test': No such file
addr2line: 'runs/wormhole_merger/v2_spiral_d12_p012_L128_lvl5_t150_prof_r03600/test': No such file
addr2line: 'runs/wormhole_merger/v2_spiral_d12_p012_L128_lvl5_t150_prof_r03600/test': No such file
addr2line: 'runs/wormhole_merger/v2_spiral_d12_p012_L128_lvl5_t150_prof_r03600/test': No such file
addr2line: 'runs/wormhole_merger/v2_spiral_d12_p012_L128_lvl5_t150_prof_r03600/test': No such file
addr2line: 'runs/wormhole_merger/v2_spiral_d12_p012_L128_lvl5_t150_prof_r03600/test': No such file
addr2line: 'runs/wormhole_merger/v2_spiral_d12_p012_L128_lvl5_t150_prof_r03600/test': No such file
addr2line: 'runs/wormhole_merger/v2_spiral_d12_p012_L128_lvl5_t150_prof_r03600/test': No such file
addr2line: 'runs/wormhole_merger/v2_spiral_d12_p012_L128_lvl5_t150_prof_r03600/test': No such file
addr2line: 'runs/wormhole_merger/v2_spiral_d12_p012_L128_lvl5_t150_prof_r03600/test': No such file
addr2line: 'runs/wormhole_merger/v2_spiral_d12_p012_L128_lvl5_t150_prof_r03600/test': No such file
addr2line: 'runs/wormhole_merger/v2_spiral_d12_p012_L128_lvl5_t150_prof_r03600/test': No such file
See Backtrace.0 file for details
--------------------------------------------------------------------------
MPI_ABORT was invoked on rank 0 in communicator MPI_COMM_WORLD
  Proc: [[14057,0],0]
  Errorcode: 6

NOTE: invoking MPI_ABORT causes Open MPI to kill all MPI processes.
You may or may not see output from other processes, depending on
exactly when Open MPI kills them.
--------------------------------------------------------------------------
