[Level 4 step 99064] average evolution speed = 2.189289699 code units/h
[Level 4 step 99064] Advanced 4096000 cells
[Level 5 step 198127] ADVANCE at time 55.9571875 with dt = 0.00015625
[Level 5 step 198127] average evolution speed = 2.189261585 code units/h
[Level 5 step 198127] Advanced 3686400 cells
[Level 5 step 198128] ADVANCE at time 55.95734375 with dt = 0.00015625
[Level 5 step 198128] average evolution speed = 2.189293202 code units/h
[Level 5 step 198128] Advanced 3686400 cells
[Level 1 step 12384] ADVANCE at time 55.9575 with dt = 0.0025
[Level 1 step 12384] average evolution speed = 2.189318091 code units/h
[Level 1 step 12384] Advanced 4096000 cells
[Level 2 step 24767] ADVANCE at time 55.9575 with dt = 0.00125
[Level 2 step 24767] average evolution speed = 2.18929008 code units/h
[Level 2 step 24767] Advanced 4096000 cells
[Level 3 step 49533] ADVANCE at time 55.9575 with dt = 0.000625
[Level 3 step 49533] average evolution speed = 2.189261953 code units/h
[Level 3 step 49533] Advanced 4096000 cells
[Level 4 step 99065] ADVANCE at time 55.9575 with dt = 0.0003125
[Level 4 step 99065] average evolution speed = 2.189233874 code units/h
[Level 4 step 99065] Advanced 4096000 cells
[Level 5 step 198129] ADVANCE at time 55.9575 with dt = 0.00015625
[Level 5 step 198129] average evolution speed = 2.189205773 code units/h
[Level 5 step 198129] Advanced 3686400 cells
[Level 5 step 198130] ADVANCE at time 55.95765625 with dt = 0.00015625
[Level 5 step 198130] average evolution speed = 2.18923743 code units/h
[Level 5 step 198130] Advanced 3686400 cells
[Level 4 step 99066] ADVANCE at time 55.9578125 with dt = 0.0003125
[Level 4 step 99066] average evolution speed = 2.189267488 code units/h
[Level 4 step 99066] Advanced 4096000 cells
[Level 5 step 198131] ADVANCE at time 55.9578125 with dt = 0.00015625
[Level 5 step 198131] average evolution speed = 2.189239392 code units/h
[Level 5 step 198131] Advanced 3686400 cells
[Level 5 step 198132] ADVANCE at time 55.95796875 with dt = 0.00015625
[Level 5 step 198132] average evolution speed = 2.18927101 code units/h
[Level 5 step 198132] Advanced 3686400 cells
[Level 3 step 49534] ADVANCE at time 55.958125 with dt = 0.000625
[Level 3 step 49534] average evolution speed = 2.189299317 code units/h
[Level 3 step 49534] Advanced 4096000 cells
[Level 4 step 99067] ADVANCE at time 55.958125 with dt = 0.0003125
[Level 4 step 99067] average evolution speed = 2.189271292 code units/h
[Level 4 step 99067] Advanced 4096000 cells
[Level 5 step 198133] ADVANCE at time 55.958125 with dt = 0.00015625
[Level 5 step 198133] average evolution speed = 2.189243205 code units/h
[Level 5 step 198133] Advanced 3686400 cells
[Level 5 step 198134] ADVANCE at time 55.95828125 with dt = 0.00015625
[Level 5 step 198134] average evolution speed = 2.189274843 code units/h
[Level 5 step 198134] Advanced 3686400 cells
[Level 4 step 99068] ADVANCE at time 55.9584375 with dt = 0.0003125
[Level 4 step 99068] average evolution speed = 2.189304875 code units/h
[Level 4 step 99068] Advanced 4096000 cells
[Level 5 step 198135] ADVANCE at time 55.9584375 with dt = 0.00015625
[Level 5 step 198135] average evolution speed = 2.189276803 code units/h
[Level 5 step 198135] Advanced 3686400 cells
[Level 5 step 198136] ADVANCE at time 55.95859375 with dt = 0.00015625
[Level 5 step 198136] average evolution speed = 2.189308431 code units/h
[Level 5 step 198136] Advanced 3686400 cells
[Level 2 step 24768] ADVANCE at time 55.95875 with dt = 0.00125
[Level 2 step 24768] average evolution speed = 2.189334564 code units/h
[Level 2 step 24768] Advanced 4096000 cells
[Level 3 step 49535] ADVANCE at time 55.95875 with dt = 0.000625
[Level 3 step 49535] average evolution speed = 2.189306453 code units/h
[Level 3 step 49535] Advanced 4096000 cells
[Level 4 step 99069] ADVANCE at time 55.95875 with dt = 0.0003125
[Level 4 step 99069] average evolution speed = 2.189278318 code units/h
[Level 4 step 99069] Advanced 4096000 cells
[Level 5 step 198137] ADVANCE at time 55.95875 with dt = 0.00015625
[Level 5 step 198137] average evolution speed = 2.189250167 code units/h
[Level 5 step 198137] Advanced 3686400 cells
[Level 5 step 198138] ADVANCE at time 55.95890625 with dt = 0.00015625
[Level 5 step 198138] average evolution speed = 2.189281717 code units/h
[Level 5 step 198138] Advanced 3686400 cells
[Level 4 step 99070] ADVANCE at time 55.9590625 with dt = 0.0003125
[Level 4 step 99070] average evolution speed = 2.189311534 code units/h
[Level 4 step 99070] Advanced 4096000 cells
[Level 5 step 198139] ADVANCE at time 55.9590625 with dt = 0.00015625
[Level 5 step 198139] average evolution speed = 2.189283387 code units/h
[Level 5 step 198139] Advanced 3686400 cells
[Level 5 step 198140] ADVANCE at time 55.95921875 with dt = 0.00015625
[Level 5 step 198140] average evolution speed = 2.189314956 code units/h
[Level 5 step 198140] Advanced 3686400 cells
[Level 3 step 49536] ADVANCE at time 55.959375 with dt = 0.000625
[Level 3 step 49536] average evolution speed = 2.189342981 code units/h
[Level 3 step 49536] Advanced 4096000 cells
[Level 4 step 99071] ADVANCE at time 55.959375 with dt = 0.0003125
[Level 4 step 99071] average evolution speed = 2.189314871 code units/h
[Level 4 step 99071] Advanced 4096000 cells
[Level 5 step 198141] ADVANCE at time 55.959375 with dt = 0.00015625
[Level 5 step 198141] average evolution speed = 2.189286717 code units/h
[Level 5 step 198141] Advanced 3686400 cells
[Level 5 step 198142] ADVANCE at time 55.95953125 with dt = 0.00015625
[Level 5 step 198142] average evolution speed = 2.189318267 code units/h
[Level 5 step 198142] Advanced 3686400 cells
[Level 4 step 99072] ADVANCE at time 55.9596875 with dt = 0.0003125
[Level 4 step 99072] average evolution speed = 2.189348075 code units/h
[Level 4 step 99072] Advanced 4096000 cells
[Level 5 step 198143] ADVANCE at time 55.9596875 with dt = 0.00015625
[Level 5 step 198143] average evolution speed = 2.189319887 code units/h
[Level 5 step 198143] Advanced 3686400 cells
[Level 5 step 198144] ADVANCE at time 55.95984375 with dt = 0.00015625
[Level 5 step 198144] average evolution speed = 2.189351471 code units/h
[Level 5 step 198144] Advanced 3686400 cells

[STEP 6192] Coarse TimeStep time: 7.843840521
[STEP 6192] FAB kilobyte spread across MPI nodes: [41687969 ... 41687969]

STEP = 6192 TIME = 55.96 DT = 0.005

Now regridding at level lbase = 0
grid_places() time: 0.027652235 new finest: 5
STEP = 6192 TIME = 55.96 : REGRID  with lbase = 0
  Level 1   125 grids  4096000 cells  24.4140625 % of domain
            smallest grid: 32 x 32 x 32  biggest grid: 32 x 32 x 32
  Level 2   125 grids  4096000 cells  3.051757812 % of domain
            smallest grid: 32 x 32 x 32  biggest grid: 32 x 32 x 32
  Level 3   125 grids  4096000 cells  0.3814697266 % of domain
            smallest grid: 32 x 32 x 32  biggest grid: 32 x 32 x 32
  Level 4   125 grids  4096000 cells  0.04768371582 % of domain
            smallest grid: 32 x 32 x 32  biggest grid: 32 x 32 x 32
  Level 5   125 grids  4096000 cells  0.005960464478 % of domain
            smallest grid: 32 x 32 x 32  biggest grid: 32 x 32 x 32

[Level 0 step 6193] ADVANCE at time 55.96 with dt = 0.005
[Level 0 step 6193] average evolution speed = 2.189358861 code units/h
[Level 0 step 6193] Advanced 2097152 cells
[Level 1 step 12385] ADVANCE at time 55.96 with dt = 0.0025
[Level 1 step 12385] average evolution speed = 2.189339672 code units/h
[Level 1 step 12385] Advanced 4096000 cells
[Level 2 step 24769] ADVANCE at time 55.96 with dt = 0.00125
[Level 2 step 24769] average evolution speed = 2.189311566 code units/h
[Level 2 step 24769] Advanced 4096000 cells
[Level 3 step 49537] ADVANCE at time 55.96 with dt = 0.000625
[Level 3 step 49537] average evolution speed = 2.189283531 code units/h
[Level 3 step 49537] Advanced 4096000 cells
[Level 4 step 99073] ADVANCE at time 55.96 with dt = 0.0003125
[Level 4 step 99073] average evolution speed = 2.189255317 code units/h
[Level 4 step 99073] Advanced 4096000 cells
[Level 5 step 198145] ADVANCE at time 55.96 with dt = 0.00015625
[Level 5 step 198145] average evolution speed = 2.189227065 code units/h
[Level 5 step 198145] Advanced 4096000 cells
[Level 5 step 198146] ADVANCE at time 55.96015625 with dt = 0.00015625
[Level 5 step 198146] average evolution speed = 2.189255702 code units/h
[Level 5 step 198146] Advanced 4096000 cells
[Level 4 step 99074] ADVANCE at time 55.9603125 with dt = 0.0003125
[Level 4 step 99074] average evolution speed = 2.189282661 code units/h
[Level 4 step 99074] Advanced 4096000 cells
[Level 5 step 198147] ADVANCE at time 55.9603125 with dt = 0.00015625
[Level 5 step 198147] average evolution speed = 2.189254533 code units/h
[Level 5 step 198147] Advanced 4096000 cells
[Level 5 step 198148] ADVANCE at time 55.96046875 with dt = 0.00015625
[Level 5 step 198148] average evolution speed = 2.189283627 code units/h
[Level 5 step 198148] Advanced 4096000 cells
[Level 3 step 49538] ADVANCE at time 55.960625 with dt = 0.000625
[Level 3 step 49538] average evolution speed = 2.18930903 code units/h
[Level 3 step 49538] Advanced 4096000 cells
[Level 4 step 99075] ADVANCE at time 55.960625 with dt = 0.0003125
[Level 4 step 99075] average evolution speed = 2.189280923 code units/h
[Level 4 step 99075] Advanced 4096000 cells
[Level 5 step 198149] ADVANCE at time 55.960625 with dt = 0.00015625
[Level 5 step 198149] average evolution speed = 2.18925279 code units/h
[Level 5 step 198149] Advanced 4096000 cells
[Level 5 step 198150] ADVANCE at time 55.96078125 with dt = 0.00015625
[Level 5 step 198150] average evolution speed = 2.189281888 code units/h
[Level 5 step 198150] Advanced 4096000 cells
[Level 4 step 99076] ADVANCE at time 55.9609375 with dt = 0.0003125
[Level 4 step 99076] average evolution speed = 2.189309166 code units/h
[Level 4 step 99076] Advanced 4096000 cells
[Level 5 step 198151] ADVANCE at time 55.9609375 with dt = 0.00015625
[Level 5 step 198151] average evolution speed = 2.189281052 code units/h
[Level 5 step 198151] Advanced 4096000 cells
[Level 5 step 198152] ADVANCE at time 55.96109375 with dt = 0.00015625
[Level 5 step 198152] average evolution speed = 2.189310114 code units/h
[Level 5 step 198152] Advanced 4096000 cells
[Level 2 step 24770] ADVANCE at time 55.96125 with dt = 0.00125
[Level 2 step 24770] average evolution speed = 2.189333667 code units/h
[Level 2 step 24770] Advanced 4096000 cells
[Level 3 step 49539] ADVANCE at time 55.96125 with dt = 0.000625
[Level 3 step 49539] average evolution speed = 2.189305574 code units/h
[Level 3 step 49539] Advanced 4096000 cells
[Level 4 step 99077] ADVANCE at time 55.96125 with dt = 0.0003125
[Level 4 step 99077] average evolution speed = 2.189277469 code units/h
[Level 4 step 99077] Advanced 4096000 cells
[Level 5 step 198153] ADVANCE at time 55.96125 with dt = 0.00015625
[Level 5 step 198153] average evolution speed = 2.189249424 code units/h
[Level 5 step 198153] Advanced 4096000 cells
[Level 5 step 198154] ADVANCE at time 55.96140625 with dt = 0.00015625
[Level 5 step 198154] average evolution speed = 2.189278576 code units/h
[Level 5 step 198154] Advanced 4096000 cells
NaN diagnostic: rank=0 level=5 component=1 name=h11
amrex::Abort::0::NaN in GRAMRLevel::post_timestep !!!
SIGABRT
See Backtrace.0 file for details
--------------------------------------------------------------------------
MPI_ABORT was invoked on rank 0 in communicator MPI_COMM_WORLD
  Proc: [[33272,0],0]
  Errorcode: 6

NOTE: invoking MPI_ABORT causes Open MPI to kill all MPI processes.
You may or may not see output from other processes, depending on
exactly when Open MPI kills them.
--------------------------------------------------------------------------
