[Level 3 step 9534] Advanced 9011200 cells
[Level 2 step 4768] ADVANCE at time 11.9175 with dt = 0.0025
[Level 2 step 4768] average evolution speed = 10.32295301 code units/h
[Level 2 step 4768] Advanced 6553600 cells
[Level 3 step 9535] ADVANCE at time 11.9175 with dt = 0.00125
[Level 3 step 9535] average evolution speed = 10.32246379 code units/h
[Level 3 step 9535] Advanced 9011200 cells
[Level 3 step 9536] ADVANCE at time 11.91875 with dt = 0.00125
[Level 3 step 9536] average evolution speed = 10.3228779 code units/h
[Level 3 step 9536] Advanced 9011200 cells

[STEP 1192] Coarse TimeStep time: 3.457865698
[STEP 1192] FAB kilobyte spread across MPI nodes: [30080106 ... 30080106]

STEP = 1192 TIME = 11.92 DT = 0.01

Now regridding at level lbase = 1
grid_places() time: 0.01399287 new finest: 3
TIME = 11.92 : REGRID  with lbase = 1
  Level 2   200 grids  6553600 cells  4.8828125 % of domain
            smallest grid: 32 x 32 x 32  biggest grid: 32 x 32 x 32
  Level 3   275 grids  9011200 cells  0.8392333984 % of domain
            smallest grid: 32 x 32 x 32  biggest grid: 32 x 32 x 32

[Level 0 step 1193] ADVANCE at time 11.92 with dt = 0.01
[Level 0 step 1193] average evolution speed = 10.3230556 code units/h
[Level 0 step 1193] Advanced 2097152 cells
[Level 1 step 2385] ADVANCE at time 11.92 with dt = 0.005
[Level 1 step 2385] average evolution speed = 10.32283981 code units/h
[Level 1 step 2385] Advanced 4915200 cells
[Level 2 step 4769] ADVANCE at time 11.92 with dt = 0.0025
[Level 2 step 4769] average evolution speed = 10.32246852 code units/h
[Level 2 step 4769] Advanced 6553600 cells
[Level 3 step 9537] ADVANCE at time 11.92 with dt = 0.00125
[Level 3 step 9537] average evolution speed = 10.32198075 code units/h
[Level 3 step 9537] Advanced 9011200 cells
[Level 3 step 9538] ADVANCE at time 11.92125 with dt = 0.00125
[Level 3 step 9538] average evolution speed = 10.32239336 code units/h
[Level 3 step 9538] Advanced 9011200 cells
[Level 2 step 4770] ADVANCE at time 11.9225 with dt = 0.0025
[Level 2 step 4770] average evolution speed = 10.32276919 code units/h
[Level 2 step 4770] Advanced 6553600 cells
[Level 3 step 9539] ADVANCE at time 11.9225 with dt = 0.00125
[Level 3 step 9539] average evolution speed = 10.32228257 code units/h
[Level 3 step 9539] Advanced 9011200 cells
[Level 3 step 9540] ADVANCE at time 11.92375 with dt = 0.00125
[Level 3 step 9540] average evolution speed = 10.3226971 code units/h
[Level 3 step 9540] Advanced 9011200 cells
[Level 1 step 2386] ADVANCE at time 11.925 with dt = 0.005
[Level 1 step 2386] average evolution speed = 10.32304377 code units/h
[Level 1 step 2386] Advanced 4915200 cells
[Level 2 step 4771] ADVANCE at time 11.925 with dt = 0.0025
[Level 2 step 4771] average evolution speed = 10.32267349 code units/h
[Level 2 step 4771] Advanced 6553600 cells
[Level 3 step 9541] ADVANCE at time 11.925 with dt = 0.00125
[Level 3 step 9541] average evolution speed = 10.32218669 code units/h
[Level 3 step 9541] Advanced 9011200 cells
[Level 3 step 9542] ADVANCE at time 11.92625 with dt = 0.00125
[Level 3 step 9542] average evolution speed = 10.3226013 code units/h
[Level 3 step 9542] Advanced 9011200 cells
[Level 2 step 4772] ADVANCE at time 11.9275 with dt = 0.0025
[Level 2 step 4772] average evolution speed = 10.32297673 code units/h
[Level 2 step 4772] Advanced 6553600 cells
[Level 3 step 9543] ADVANCE at time 11.9275 with dt = 0.00125
[Level 3 step 9543] average evolution speed = 10.32249038 code units/h
[Level 3 step 9543] Advanced 9011200 cells
[Level 3 step 9544] ADVANCE at time 11.92875 with dt = 0.00125
[Level 3 step 9544] average evolution speed = 10.3229049 code units/h
[Level 3 step 9544] Advanced 9011200 cells

[STEP 1193] Coarse TimeStep time: 3.47555899
[STEP 1193] FAB kilobyte spread across MPI nodes: [30080106 ... 30080106]

STEP = 1193 TIME = 11.93 DT = 0.01

[Level 0 step 1194] ADVANCE at time 11.93 with dt = 0.01
[Level 0 step 1194] average evolution speed = 10.3231376 code units/h
[Level 0 step 1194] Advanced 2097152 cells
[Level 1 step 2387] ADVANCE at time 11.93 with dt = 0.005
[Level 1 step 2387] average evolution speed = 10.32292391 code units/h
[Level 1 step 2387] Advanced 4915200 cells
[Level 2 step 4773] ADVANCE at time 11.93 with dt = 0.0025
[Level 2 step 4773] average evolution speed = 10.3225541 code units/h
[Level 2 step 4773] Advanced 6553600 cells
[Level 3 step 9545] ADVANCE at time 11.93 with dt = 0.00125
[Level 3 step 9545] average evolution speed = 10.32206728 code units/h
[Level 3 step 9545] Advanced 9011200 cells
[Level 3 step 9546] ADVANCE at time 11.93125 with dt = 0.00125
[Level 3 step 9546] average evolution speed = 10.32248118 code units/h
[Level 3 step 9546] Advanced 9011200 cells
[Level 2 step 4774] ADVANCE at time 11.9325 with dt = 0.0025
[Level 2 step 4774] average evolution speed = 10.32285602 code units/h
[Level 2 step 4774] Advanced 6553600 cells
[Level 3 step 9547] ADVANCE at time 11.9325 with dt = 0.00125
[Level 3 step 9547] average evolution speed = 10.32236934 code units/h
[Level 3 step 9547] Advanced 9011200 cells
[Level 3 step 9548] ADVANCE at time 11.93375 with dt = 0.00125
[Level 3 step 9548] average evolution speed = 10.32278289 code units/h
[Level 3 step 9548] Advanced 9011200 cells
[Level 1 step 2388] ADVANCE at time 11.935 with dt = 0.005
[Level 1 step 2388] average evolution speed = 10.32312848 code units/h
[Level 1 step 2388] Advanced 4915200 cells
[Level 2 step 4775] ADVANCE at time 11.935 with dt = 0.0025
[Level 2 step 4775] average evolution speed = 10.32275855 code units/h
[Level 2 step 4775] Advanced 6553600 cells
[Level 3 step 9549] ADVANCE at time 11.935 with dt = 0.00125
[Level 3 step 9549] average evolution speed = 10.32227147 code units/h
[Level 3 step 9549] Advanced 9011200 cells
[Level 3 step 9550] ADVANCE at time 11.93625 with dt = 0.00125
[Level 3 step 9550] average evolution speed = 10.32268503 code units/h
[Level 3 step 9550] Advanced 9011200 cells
[Level 2 step 4776] ADVANCE at time 11.9375 with dt = 0.0025
[Level 2 step 4776] average evolution speed = 10.32305958 code units/h
[Level 2 step 4776] Advanced 6553600 cells
[Level 3 step 9551] ADVANCE at time 11.9375 with dt = 0.00125
[Level 3 step 9551] average evolution speed = 10.32257293 code units/h
[Level 3 step 9551] Advanced 9011200 cells
[Level 3 step 9552] ADVANCE at time 11.93875 with dt = 0.00125
[Level 3 step 9552] average evolution speed = 10.32298644 code units/h
[Level 3 step 9552] Advanced 9011200 cells

[STEP 1194] Coarse TimeStep time: 3.456300271
[STEP 1194] FAB kilobyte spread across MPI nodes: [30080106 ... 30080106]

STEP = 1194 TIME = 11.94 DT = 0.01

[Level 0 step 1195] ADVANCE at time 11.94 with dt = 0.01
[Level 0 step 1195] average evolution speed = 10.32321441 code units/h
[Level 0 step 1195] Advanced 2097152 cells
[Level 1 step 2389] ADVANCE at time 11.94 with dt = 0.005
[Level 1 step 2389] average evolution speed = 10.32300275 code units/h
[Level 1 step 2389] Advanced 4915200 cells
[Level 2 step 4777] ADVANCE at time 11.94 with dt = 0.0025
[Level 2 step 4777] average evolution speed = 10.32263181 code units/h
[Level 2 step 4777] Advanced 6553600 cells
[Level 3 step 9553] ADVANCE at time 11.94 with dt = 0.00125
[Level 3 step 9553] average evolution speed = 10.32214364 code units/h
[Level 3 step 9553] Advanced 9011200 cells
[Level 3 step 9554] ADVANCE at time 11.94125 with dt = 0.00125
[Level 3 step 9554] average evolution speed = 10.32255547 code units/h
[Level 3 step 9554] Advanced 9011200 cells
[Level 2 step 4778] ADVANCE at time 11.9425 with dt = 0.0025
[Level 2 step 4778] average evolution speed = 10.32292897 code units/h
[Level 2 step 4778] Advanced 6553600 cells
[Level 3 step 9555] ADVANCE at time 11.9425 with dt = 0.00125
[Level 3 step 9555] average evolution speed = 10.32244131 code units/h
[Level 3 step 9555] Advanced 9011200 cells
[Level 3 step 9556] ADVANCE at time 11.94375 with dt = 0.00125
[Level 3 step 9556] average evolution speed = 10.32285366 code units/h
[Level 3 step 9556] Advanced 9011200 cells
[Level 1 step 2390] ADVANCE at time 11.945 with dt = 0.005
[Level 1 step 2390] average evolution speed = 10.32319713 code units/h
[Level 1 step 2390] Advanced 4915200 cells
[Level 2 step 4779] ADVANCE at time 11.945 with dt = 0.0025
[Level 2 step 4779] average evolution speed = 10.3228258 code units/h
[Level 2 step 4779] Advanced 6553600 cells
[Level 3 step 9557] ADVANCE at time 11.945 with dt = 0.00125
[Level 3 step 9557] average evolution speed = 10.32233786 code units/h
[Level 3 step 9557] Advanced 9011200 cells
[Level 3 step 9558] ADVANCE at time 11.94625 with dt = 0.00125
[Level 3 step 9558] average evolution speed = 10.32275049 code units/h
[Level 3 step 9558] Advanced 9011200 cells
[Level 2 step 4780] ADVANCE at time 11.9475 with dt = 0.0025
[Level 2 step 4780] average evolution speed = 10.32312538 code units/h
[Level 2 step 4780] Advanced 6553600 cells
[Level 3 step 9559] ADVANCE at time 11.9475 with dt = 0.00125
[Level 3 step 9559] average evolution speed = 10.32263789 code units/h
[Level 3 step 9559] Advanced 9011200 cells
[Level 3 step 9560] ADVANCE at time 11.94875 with dt = 0.00125
[Level 3 step 9560] average evolution speed = 10.32304957 code units/h
[Level 3 step 9560] Advanced 9011200 cells

[STEP 1195] Coarse TimeStep time: 3.464163909
[STEP 1195] FAB kilobyte spread across MPI nodes: [30080106 ... 30080106]

STEP = 1195 TIME = 11.95 DT = 0.01

[Level 0 step 1196] ADVANCE at time 11.95 with dt = 0.01
[Level 0 step 1196] average evolution speed = 10.32327164 code units/h
[Level 0 step 1196] Advanced 2097152 cells
[Level 1 step 2391] ADVANCE at time 11.95 with dt = 0.005
[Level 1 step 2391] average evolution speed = 10.32305964 code units/h
[Level 1 step 2391] Advanced 4915200 cells
[Level 2 step 4781] ADVANCE at time 11.95 with dt = 0.0025
[Level 2 step 4781] average evolution speed = 10.32268963 code units/h
[Level 2 step 4781] Advanced 6553600 cells
[Level 3 step 9561] ADVANCE at time 11.95 with dt = 0.00125
[Level 3 step 9561] average evolution speed = 10.32220169 code units/h
[Level 3 step 9561] Advanced 9011200 cells
[Level 3 step 9562] ADVANCE at time 11.95125 with dt = 0.00125
[Level 3 step 9562] average evolution speed = 10.32261306 code units/h
[Level 3 step 9562] Advanced 9011200 cells
[Level 2 step 4782] ADVANCE at time 11.9525 with dt = 0.0025
[Level 2 step 4782] average evolution speed = 10.32298831 code units/h
[Level 2 step 4782] Advanced 6553600 cells
[Level 3 step 9563] ADVANCE at time 11.9525 with dt = 0.00125
[Level 3 step 9563] average evolution speed = 10.32250114 code units/h
[Level 3 step 9563] Advanced 9011200 cells
[Level 3 step 9564] ADVANCE at time 11.95375 with dt = 0.00125
[Level 3 step 9564] average evolution speed = 10.32291301 code units/h
