[Level 4 step 127970] ADVANCE at time 79.980625 with dt = 0.000625
[Level 4 step 127970] average evolution speed = 7.148089167 code units/h
[Level 4 step 127970] Advanced 4096000 cells
[Level 3 step 63986] ADVANCE at time 79.98125 with dt = 0.00125
[Level 3 step 63986] average evolution speed = 7.148174384 code units/h
[Level 3 step 63986] Advanced 4096000 cells
[Level 4 step 127971] ADVANCE at time 79.98125 with dt = 0.000625
[Level 4 step 127971] average evolution speed = 7.148114297 code units/h
[Level 4 step 127971] Advanced 4096000 cells
[Level 4 step 127972] ADVANCE at time 79.981875 with dt = 0.000625
[Level 4 step 127972] average evolution speed = 7.148202938 code units/h
[Level 4 step 127972] Advanced 4096000 cells
[Level 2 step 31994] ADVANCE at time 79.9825 with dt = 0.0025
[Level 2 step 31994] average evolution speed = 7.148284523 code units/h
[Level 2 step 31994] Advanced 4096000 cells
[Level 3 step 63987] ADVANCE at time 79.9825 with dt = 0.00125
[Level 3 step 63987] average evolution speed = 7.148224363 code units/h
[Level 3 step 63987] Advanced 4096000 cells
[Level 4 step 127973] ADVANCE at time 79.9825 with dt = 0.000625
[Level 4 step 127973] average evolution speed = 7.148163924 code units/h
[Level 4 step 127973] Advanced 4096000 cells
[Level 4 step 127974] ADVANCE at time 79.983125 with dt = 0.000625
[Level 4 step 127974] average evolution speed = 7.148252513 code units/h
[Level 4 step 127974] Advanced 4096000 cells
[Level 3 step 63988] ADVANCE at time 79.98375 with dt = 0.00125
[Level 3 step 63988] average evolution speed = 7.148337595 code units/h
[Level 3 step 63988] Advanced 4096000 cells
[Level 4 step 127975] ADVANCE at time 79.98375 with dt = 0.000625
[Level 4 step 127975] average evolution speed = 7.148277288 code units/h
[Level 4 step 127975] Advanced 4096000 cells
[Level 4 step 127976] ADVANCE at time 79.984375 with dt = 0.000625
[Level 4 step 127976] average evolution speed = 7.148365762 code units/h
[Level 4 step 127976] Advanced 4096000 cells
[Level 1 step 15998] ADVANCE at time 79.985 with dt = 0.005
[Level 1 step 15998] average evolution speed = 7.148441776 code units/h
[Level 1 step 15998] Advanced 4096000 cells
[Level 2 step 31995] ADVANCE at time 79.985 with dt = 0.0025
[Level 2 step 31995] average evolution speed = 7.148376262 code units/h
[Level 2 step 31995] Advanced 4096000 cells
[Level 3 step 63989] ADVANCE at time 79.985 with dt = 0.00125
[Level 3 step 63989] average evolution speed = 7.148315684 code units/h
[Level 3 step 63989] Advanced 4096000 cells
[Level 4 step 127977] ADVANCE at time 79.985 with dt = 0.000625
[Level 4 step 127977] average evolution speed = 7.148255086 code units/h
[Level 4 step 127977] Advanced 4096000 cells
[Level 4 step 127978] ADVANCE at time 79.985625 with dt = 0.000625
[Level 4 step 127978] average evolution speed = 7.148343598 code units/h
[Level 4 step 127978] Advanced 4096000 cells
[Level 3 step 63990] ADVANCE at time 79.98625 with dt = 0.00125
[Level 3 step 63990] average evolution speed = 7.148428841 code units/h
[Level 3 step 63990] Advanced 4096000 cells
[Level 4 step 127979] ADVANCE at time 79.98625 with dt = 0.000625
[Level 4 step 127979] average evolution speed = 7.148368711 code units/h
[Level 4 step 127979] Advanced 4096000 cells
[Level 4 step 127980] ADVANCE at time 79.986875 with dt = 0.000625
[Level 4 step 127980] average evolution speed = 7.148457264 code units/h
[Level 4 step 127980] Advanced 4096000 cells
[Level 2 step 31996] ADVANCE at time 79.9875 with dt = 0.0025
[Level 2 step 31996] average evolution speed = 7.148538843 code units/h
[Level 2 step 31996] Advanced 4096000 cells
[Level 3 step 63991] ADVANCE at time 79.9875 with dt = 0.00125
[Level 3 step 63991] average evolution speed = 7.148478653 code units/h
[Level 3 step 63991] Advanced 4096000 cells
[Level 4 step 127981] ADVANCE at time 79.9875 with dt = 0.000625
[Level 4 step 127981] average evolution speed = 7.148418093 code units/h
[Level 4 step 127981] Advanced 4096000 cells
[Level 4 step 127982] ADVANCE at time 79.988125 with dt = 0.000625
[Level 4 step 127982] average evolution speed = 7.148506608 code units/h
[Level 4 step 127982] Advanced 4096000 cells
[Level 3 step 63992] ADVANCE at time 79.98875 with dt = 0.00125
[Level 3 step 63992] average evolution speed = 7.148591653 code units/h
[Level 3 step 63992] Advanced 4096000 cells
[Level 4 step 127983] ADVANCE at time 79.98875 with dt = 0.000625
[Level 4 step 127983] average evolution speed = 7.148531389 code units/h
[Level 4 step 127983] Advanced 4096000 cells
[Level 4 step 127984] ADVANCE at time 79.989375 with dt = 0.000625
[Level 4 step 127984] average evolution speed = 7.148619738 code units/h
[Level 4 step 127984] Advanced 4096000 cells

[STEP 7999] Coarse TimeStep time: 4.97616276
[STEP 7999] FAB kilobyte spread across MPI nodes: [45260592 ... 45260592]

STEP = 7999 TIME = 79.99 DT = 0.01

[Level 0 step 8000] ADVANCE at time 79.99 with dt = 0.01
[Level 0 step 8000] average evolution speed = 7.148479566 code units/h
[Level 0 step 8000] Advanced 16777216 cells
[Level 1 step 15999] ADVANCE at time 79.99 with dt = 0.005
[Level 1 step 15999] average evolution speed = 7.148218445 code units/h
[Level 1 step 15999] Advanced 4096000 cells
[Level 2 step 31997] ADVANCE at time 79.99 with dt = 0.0025
[Level 2 step 31997] average evolution speed = 7.148152369 code units/h
[Level 2 step 31997] Advanced 4096000 cells
[Level 3 step 63993] ADVANCE at time 79.99 with dt = 0.00125
[Level 3 step 63993] average evolution speed = 7.148091944 code units/h
[Level 3 step 63993] Advanced 4096000 cells
[Level 4 step 127985] ADVANCE at time 79.99 with dt = 0.000625
[Level 4 step 127985] average evolution speed = 7.148031513 code units/h
[Level 4 step 127985] Advanced 4096000 cells
[Level 4 step 127986] ADVANCE at time 79.990625 with dt = 0.000625
[Level 4 step 127986] average evolution speed = 7.148120041 code units/h
[Level 4 step 127986] Advanced 4096000 cells
[Level 3 step 63994] ADVANCE at time 79.99125 with dt = 0.00125
[Level 3 step 63994] average evolution speed = 7.148205031 code units/h
[Level 3 step 63994] Advanced 4096000 cells
[Level 4 step 127987] ADVANCE at time 79.99125 with dt = 0.000625
[Level 4 step 127987] average evolution speed = 7.14814486 code units/h
[Level 4 step 127987] Advanced 4096000 cells
[Level 4 step 127988] ADVANCE at time 79.991875 with dt = 0.000625
[Level 4 step 127988] average evolution speed = 7.14823343 code units/h
[Level 4 step 127988] Advanced 4096000 cells
[Level 2 step 31998] ADVANCE at time 79.9925 with dt = 0.0025
[Level 2 step 31998] average evolution speed = 7.148314811 code units/h
[Level 2 step 31998] Advanced 4096000 cells
[Level 3 step 63995] ADVANCE at time 79.9925 with dt = 0.00125
[Level 3 step 63995] average evolution speed = 7.148254648 code units/h
[Level 3 step 63995] Advanced 4096000 cells
[Level 4 step 127989] ADVANCE at time 79.9925 with dt = 0.000625
[Level 4 step 127989] average evolution speed = 7.148194199 code units/h
[Level 4 step 127989] Advanced 4096000 cells
[Level 4 step 127990] ADVANCE at time 79.993125 with dt = 0.000625
[Level 4 step 127990] average evolution speed = 7.148282724 code units/h
[Level 4 step 127990] Advanced 4096000 cells
[Level 3 step 63996] ADVANCE at time 79.99375 with dt = 0.00125
[Level 3 step 63996] average evolution speed = 7.148367851 code units/h
[Level 3 step 63996] Advanced 4096000 cells
[Level 4 step 127991] ADVANCE at time 79.99375 with dt = 0.000625
[Level 4 step 127991] average evolution speed = 7.148307641 code units/h
[Level 4 step 127991] Advanced 4096000 cells
[Level 4 step 127992] ADVANCE at time 79.994375 with dt = 0.000625
[Level 4 step 127992] average evolution speed = 7.14839617 code units/h
[Level 4 step 127992] Advanced 4096000 cells
[Level 1 step 16000] ADVANCE at time 79.995 with dt = 0.005
[Level 1 step 16000] average evolution speed = 7.148474483 code units/h
[Level 1 step 16000] Advanced 4096000 cells
[Level 2 step 31999] ADVANCE at time 79.995 with dt = 0.0025
[Level 2 step 31999] average evolution speed = 7.148409034 code units/h
[Level 2 step 31999] Advanced 4096000 cells
[Level 3 step 63997] ADVANCE at time 79.995 with dt = 0.00125
[Level 3 step 63997] average evolution speed = 7.148348625 code units/h
[Level 3 step 63997] Advanced 4096000 cells
[Level 4 step 127993] ADVANCE at time 79.995 with dt = 0.000625
[Level 4 step 127993] average evolution speed = 7.148288059 code units/h
[Level 4 step 127993] Advanced 4096000 cells
[Level 4 step 127994] ADVANCE at time 79.995625 with dt = 0.000625
[Level 4 step 127994] average evolution speed = 7.148376485 code units/h
[Level 4 step 127994] Advanced 4096000 cells
[Level 3 step 63998] ADVANCE at time 79.99625 with dt = 0.00125
[Level 3 step 63998] average evolution speed = 7.148461692 code units/h
[Level 3 step 63998] Advanced 4096000 cells
[Level 4 step 127995] ADVANCE at time 79.99625 with dt = 0.000625
[Level 4 step 127995] average evolution speed = 7.148401474 code units/h
[Level 4 step 127995] Advanced 4096000 cells
[Level 4 step 127996] ADVANCE at time 79.996875 with dt = 0.000625
[Level 4 step 127996] average evolution speed = 7.148490077 code units/h
[Level 4 step 127996] Advanced 4096000 cells
[Level 2 step 32000] ADVANCE at time 79.9975 with dt = 0.0025
[Level 2 step 32000] average evolution speed = 7.148571778 code units/h
[Level 2 step 32000] Advanced 4096000 cells
[Level 3 step 63999] ADVANCE at time 79.9975 with dt = 0.00125
[Level 3 step 63999] average evolution speed = 7.148511588 code units/h
[Level 3 step 63999] Advanced 4096000 cells
[Level 4 step 127997] ADVANCE at time 79.9975 with dt = 0.000625
[Level 4 step 127997] average evolution speed = 7.148451004 code units/h
[Level 4 step 127997] Advanced 4096000 cells
[Level 4 step 127998] ADVANCE at time 79.998125 with dt = 0.000625
[Level 4 step 127998] average evolution speed = 7.148539398 code units/h
[Level 4 step 127998] Advanced 4096000 cells
[Level 3 step 64000] ADVANCE at time 79.99875 with dt = 0.00125
[Level 3 step 64000] average evolution speed = 7.148624562 code units/h
[Level 3 step 64000] Advanced 4096000 cells
[Level 4 step 127999] ADVANCE at time 79.99875 with dt = 0.000625
[Level 4 step 127999] average evolution speed = 7.148564324 code units/h
[Level 4 step 127999] Advanced 4096000 cells
[Level 4 step 128000] ADVANCE at time 79.999375 with dt = 0.000625
[Level 4 step 128000] average evolution speed = 7.148652772 code units/h
[Level 4 step 128000] Advanced 4096000 cells

[STEP 8000] Coarse TimeStep time: 4.955563345
[STEP 8000] FAB kilobyte spread across MPI nodes: [45260592 ... 45260592]

STEP = 8000 TIME = 80 DT = 0.01

PLOTFILE: file = /tmp/grteclyn_scratch/merge_headon_flip_d8_v1_L128_lvl4from50_sig03_t080_csm_r05000/BinaryWormholePlt08000
Write plotfile time = 4.191145115  seconds

Unused ParmParse Variables:
  [TOP]::hdf5_subpath(nvals = 1)  :: [hdf5]
  [TOP]::nonzero_asymptotic_values(nvals = 5)  :: [1.0, 1.0, 1.0, 1.0, 1.0]
  [TOP]::nonzero_asymptotic_vars(nvals = 5)  :: [chi, h11, h22, h33, lapse]

Total GPU global memory (MB) spread across MPI: [81079 ... 81079]
Free  GPU global memory (MB) spread across MPI: [34820 ... 34820]
[The         Arena] max space (MB) allocated spread across MPI: [44389 ... 44389]
[The         Arena] max space (MB) used      spread across MPI: [44258 ... 44258]
[The Managed Arena] max space (MB) allocated spread across MPI: [8 ... 8]
[The Managed Arena] max space (MB) used      spread across MPI: [0 ... 0]
[The  Pinned Arena] max space (MB) allocated spread across MPI: [19 ... 19]
[The  Pinned Arena] max space (MB) used      spread across MPI: [12 ... 12]
AMReX (26.02-12-gd7da50458966) finalized
