[Level 1 step 4695] average evolution speed = 23.11220745 code units/h
[Level 1 step 4695] Advanced 4096000 cells
[Level 2 step 9389] ADVANCE at time 23.47 with dt = 0.0025
[Level 2 step 9389] average evolution speed = 23.11108821 code units/h
[Level 2 step 9389] Advanced 4096000 cells
[Level 2 step 9390] ADVANCE at time 23.4725 with dt = 0.0025
[Level 2 step 9390] average evolution speed = 23.11179631 code units/h
[Level 2 step 9390] Advanced 4096000 cells
[Level 1 step 4696] ADVANCE at time 23.475 with dt = 0.005
[Level 1 step 4696] average evolution speed = 23.1130076 code units/h
[Level 1 step 4696] Advanced 4096000 cells
[Level 2 step 9391] ADVANCE at time 23.475 with dt = 0.0025
[Level 2 step 9391] average evolution speed = 23.11130828 code units/h
[Level 2 step 9391] Advanced 4096000 cells
[Level 2 step 9392] ADVANCE at time 23.4775 with dt = 0.0025
[Level 2 step 9392] average evolution speed = 23.11261127 code units/h
[Level 2 step 9392] Advanced 4096000 cells

[STEP 2348] Coarse TimeStep time: 1.829105517
[STEP 2348] FAB kilobyte spread across MPI nodes: [13967682 ... 13967682]

STEP = 2348 TIME = 23.48 DT = 0.01

[Level 0 step 2349] ADVANCE at time 23.48 with dt = 0.01
[Level 0 step 2349] average evolution speed = 23.11249798 code units/h
[Level 0 step 2349] Advanced 2097152 cells
[Level 1 step 4697] ADVANCE at time 23.48 with dt = 0.005
[Level 1 step 4697] average evolution speed = 23.11110276 code units/h
[Level 1 step 4697] Advanced 4096000 cells
[Level 2 step 9393] ADVANCE at time 23.48 with dt = 0.0025
[Level 2 step 9393] average evolution speed = 23.10997635 code units/h
[Level 2 step 9393] Advanced 4096000 cells
[Level 2 step 9394] ADVANCE at time 23.4825 with dt = 0.0025
[Level 2 step 9394] average evolution speed = 23.11130972 code units/h
[Level 2 step 9394] Advanced 4096000 cells
[Level 1 step 4698] ADVANCE at time 23.485 with dt = 0.005
[Level 1 step 4698] average evolution speed = 23.11252767 code units/h
[Level 1 step 4698] Advanced 4096000 cells
[Level 2 step 9395] ADVANCE at time 23.485 with dt = 0.0025
[Level 2 step 9395] average evolution speed = 23.11142715 code units/h
[Level 2 step 9395] Advanced 4096000 cells
[Level 2 step 9396] ADVANCE at time 23.4875 with dt = 0.0025
[Level 2 step 9396] average evolution speed = 23.11275143 code units/h
[Level 2 step 9396] Advanced 4096000 cells

[STEP 2349] Coarse TimeStep time: 1.434738671
[STEP 2349] FAB kilobyte spread across MPI nodes: [13967682 ... 13967682]

STEP = 2349 TIME = 23.49 DT = 0.01

[Level 0 step 2350] ADVANCE at time 23.49 with dt = 0.01
[Level 0 step 2350] average evolution speed = 23.11327399 code units/h
[Level 0 step 2350] Advanced 2097152 cells
[Level 1 step 4699] ADVANCE at time 23.49 with dt = 0.005
[Level 1 step 4699] average evolution speed = 23.11185763 code units/h
[Level 1 step 4699] Advanced 4096000 cells
[Level 2 step 9397] ADVANCE at time 23.49 with dt = 0.0025
[Level 2 step 9397] average evolution speed = 23.1107351 code units/h
[Level 2 step 9397] Advanced 4096000 cells
[Level 2 step 9398] ADVANCE at time 23.4925 with dt = 0.0025
[Level 2 step 9398] average evolution speed = 23.11210723 code units/h
[Level 2 step 9398] Advanced 4096000 cells
[Level 1 step 4700] ADVANCE at time 23.495 with dt = 0.005
[Level 1 step 4700] average evolution speed = 23.11330081 code units/h
[Level 1 step 4700] Advanced 4096000 cells
[Level 2 step 9399] ADVANCE at time 23.495 with dt = 0.0025
[Level 2 step 9399] average evolution speed = 23.11217327 code units/h
[Level 2 step 9399] Advanced 4096000 cells
[Level 2 step 9400] ADVANCE at time 23.4975 with dt = 0.0025
[Level 2 step 9400] average evolution speed = 23.11350339 code units/h
[Level 2 step 9400] Advanced 4096000 cells

[STEP 2350] Coarse TimeStep time: 1.505100314
[STEP 2350] FAB kilobyte spread across MPI nodes: [13967682 ... 13967682]

STEP = 2350 TIME = 23.5 DT = 0.01

PLOTFILE: file = /tmp/grteclyn_scratch/s15_lapse5_sg00_fg/BinaryWormholePlt02350
Write plotfile time = 1.105461501  seconds

[Level 0 step 2351] ADVANCE at time 23.5 with dt = 0.01
[Level 0 step 2351] average evolution speed = 23.10662556 code units/h
[Level 0 step 2351] Advanced 2097152 cells
[Level 1 step 4701] ADVANCE at time 23.5 with dt = 0.005
[Level 1 step 4701] average evolution speed = 23.1052153 code units/h
[Level 1 step 4701] Advanced 4096000 cells
[Level 2 step 9401] ADVANCE at time 23.5 with dt = 0.0025
[Level 2 step 9401] average evolution speed = 23.10407477 code units/h
[Level 2 step 9401] Advanced 4096000 cells
[Level 2 step 9402] ADVANCE at time 23.5025 with dt = 0.0025
[Level 2 step 9402] average evolution speed = 23.10540398 code units/h
[Level 2 step 9402] Advanced 4096000 cells
[Level 1 step 4702] ADVANCE at time 23.505 with dt = 0.005
[Level 1 step 4702] average evolution speed = 23.10662503 code units/h
[Level 1 step 4702] Advanced 4096000 cells
[Level 2 step 9403] ADVANCE at time 23.505 with dt = 0.0025
[Level 2 step 9403] average evolution speed = 23.10551769 code units/h
[Level 2 step 9403] Advanced 4096000 cells
[Level 2 step 9404] ADVANCE at time 23.5075 with dt = 0.0025
[Level 2 step 9404] average evolution speed = 23.10685696 code units/h
[Level 2 step 9404] Advanced 4096000 cells

[STEP 2351] Coarse TimeStep time: 1.418086806
[STEP 2351] FAB kilobyte spread across MPI nodes: [13967682 ... 13967682]

STEP = 2351 TIME = 23.51 DT = 0.01

[Level 0 step 2352] ADVANCE at time 23.51 with dt = 0.01
[Level 0 step 2352] average evolution speed = 23.1075081 code units/h
[Level 0 step 2352] Advanced 2097152 cells
[Level 1 step 4703] ADVANCE at time 23.51 with dt = 0.005
[Level 1 step 4703] average evolution speed = 23.10612966 code units/h
[Level 1 step 4703] Advanced 4096000 cells
[Level 2 step 9405] ADVANCE at time 23.51 with dt = 0.0025
[Level 2 step 9405] average evolution speed = 23.1049987 code units/h
[Level 2 step 9405] Advanced 4096000 cells
[Level 2 step 9406] ADVANCE at time 23.5125 with dt = 0.0025
[Level 2 step 9406] average evolution speed = 23.10634101 code units/h
[Level 2 step 9406] Advanced 4096000 cells
[Level 1 step 4704] ADVANCE at time 23.515 with dt = 0.005
[Level 1 step 4704] average evolution speed = 23.10756075 code units/h
[Level 1 step 4704] Advanced 4096000 cells
[Level 2 step 9407] ADVANCE at time 23.515 with dt = 0.0025
[Level 2 step 9407] average evolution speed = 23.10646152 code units/h
[Level 2 step 9407] Advanced 4096000 cells
[Level 2 step 9408] ADVANCE at time 23.5175 with dt = 0.0025
[Level 2 step 9408] average evolution speed = 23.10778735 code units/h
[Level 2 step 9408] Advanced 4096000 cells

[STEP 2352] Coarse TimeStep time: 1.441951212
[STEP 2352] FAB kilobyte spread across MPI nodes: [13967682 ... 13967682]

STEP = 2352 TIME = 23.52 DT = 0.01

Now regridding at level lbase = 0
grid_places() time: 0.088397761 new finest: 2
STEP = 2352 TIME = 23.52 : REGRID  with lbase = 0
  Level 1   125 grids  4096000 cells  24.4140625 % of domain
            smallest grid: 32 x 32 x 32  biggest grid: 32 x 32 x 32
  Level 2   125 grids  4096000 cells  3.051757812 % of domain
            smallest grid: 32 x 32 x 32  biggest grid: 32 x 32 x 32

[Level 0 step 2353] ADVANCE at time 23.52 with dt = 0.01
[Level 0 step 2353] average evolution speed = 23.10762417 code units/h
[Level 0 step 2353] Advanced 2097152 cells
[Level 1 step 4705] ADVANCE at time 23.52 with dt = 0.005
[Level 1 step 4705] average evolution speed = 23.10617193 code units/h
[Level 1 step 4705] Advanced 4096000 cells
[Level 2 step 9409] ADVANCE at time 23.52 with dt = 0.0025
[Level 2 step 9409] average evolution speed = 23.10509453 code units/h
[Level 2 step 9409] Advanced 4096000 cells
[Level 2 step 9410] ADVANCE at time 23.5225 with dt = 0.0025
[Level 2 step 9410] average evolution speed = 23.10642118 code units/h
[Level 2 step 9410] Advanced 4096000 cells
[Level 1 step 4706] ADVANCE at time 23.525 with dt = 0.005
[Level 1 step 4706] average evolution speed = 23.10693455 code units/h
[Level 1 step 4706] Advanced 4096000 cells
[Level 2 step 9411] ADVANCE at time 23.525 with dt = 0.0025
[Level 2 step 9411] average evolution speed = 23.10591395 code units/h
[Level 2 step 9411] Advanced 4096000 cells
[Level 2 step 9412] ADVANCE at time 23.5275 with dt = 0.0025
[Level 2 step 9412] average evolution speed = 23.10725578 code units/h
[Level 2 step 9412] Advanced 4096000 cells

[STEP 2353] Coarse TimeStep time: 1.708751712
[STEP 2353] FAB kilobyte spread across MPI nodes: [13967682 ... 13967682]

STEP = 2353 TIME = 23.53 DT = 0.01

[Level 0 step 2354] ADVANCE at time 23.53 with dt = 0.01
[Level 0 step 2354] average evolution speed = 23.10728831 code units/h
[Level 0 step 2354] Advanced 2097152 cells
[Level 1 step 4707] ADVANCE at time 23.53 with dt = 0.005
[Level 1 step 4707] average evolution speed = 23.10528128 code units/h
[Level 1 step 4707] Advanced 4096000 cells
[Level 2 step 9413] ADVANCE at time 23.53 with dt = 0.0025
[Level 2 step 9413] average evolution speed = 23.10424927 code units/h
[Level 2 step 9413] Advanced 4096000 cells
[Level 2 step 9414] ADVANCE at time 23.5325 with dt = 0.0025
[Level 2 step 9414] average evolution speed = 23.1048939 code units/h
[Level 2 step 9414] Advanced 4096000 cells
[Level 1 step 4708] ADVANCE at time 23.535 with dt = 0.005
[Level 1 step 4708] average evolution speed = 23.10601343 code units/h
[Level 1 step 4708] Advanced 4096000 cells
[Level 2 step 9415] ADVANCE at time 23.535 with dt = 0.0025
[Level 2 step 9415] average evolution speed = 23.10492635 code units/h
[Level 2 step 9415] Advanced 4096000 cells
NaN diagnostic: rank=0 level=2 component=1 name=h11
amrex::Abort::0::NaN in GRAMRLevel::post_timestep !!!
SIGABRT
See Backtrace.0 file for details
--------------------------------------------------------------------------
MPI_ABORT was invoked on rank 0 in communicator MPI_COMM_WORLD
  Proc: [[11736,0],0]
  Errorcode: 6

NOTE: invoking MPI_ABORT causes Open MPI to kill all MPI processes.
You may or may not see output from other processes, depending on
exactly when Open MPI kills them.
--------------------------------------------------------------------------
