[Level 3 step 39200] ADVANCE at time 48.99875 with dt = 0.00125
[Level 3 step 39200] average evolution speed = 12.32368411 code units/h
[Level 3 step 39200] Advanced 4096000 cells

[STEP 4900] Coarse TimeStep time: 2.137355873
[STEP 4900] FAB kilobyte spread across MPI nodes: [30080106 ... 30080106]

STEP = 4900 TIME = 49 DT = 0.01

PLOTFILE: file = /tmp/grteclyn_scratch/merge_twin_p012_lp2_t060/BinaryWormholePlt04900
Write plotfile time = 1.809051448  seconds

Now regridding at level lbase = 2
grid_places() time: 0.005448414 new finest: 3
TIME = 49 : REGRID  with lbase = 2
  Level 3   125 grids  4096000 cells  0.3814697266 % of domain
            smallest grid: 32 x 32 x 32  biggest grid: 32 x 32 x 32

[Level 0 step 4901] ADVANCE at time 49 with dt = 0.01
[Level 0 step 4901] average evolution speed = 12.32212718 code units/h
[Level 0 step 4901] Advanced 2097152 cells
[Level 1 step 9801] ADVANCE at time 49 with dt = 0.005
[Level 1 step 9801] average evolution speed = 12.3220528 code units/h
[Level 1 step 9801] Advanced 4096000 cells
[Level 2 step 19601] ADVANCE at time 49 with dt = 0.0025
[Level 2 step 19601] average evolution speed = 12.32194254 code units/h
[Level 2 step 19601] Advanced 4096000 cells
[Level 3 step 39201] ADVANCE at time 49 with dt = 0.00125
[Level 3 step 39201] average evolution speed = 12.32183233 code units/h
[Level 3 step 39201] Advanced 4096000 cells
[Level 3 step 39202] ADVANCE at time 49.00125 with dt = 0.00125
[Level 3 step 39202] average evolution speed = 12.3220359 code units/h
[Level 3 step 39202] Advanced 4096000 cells
[Level 2 step 19602] ADVANCE at time 49.0025 with dt = 0.0025
[Level 2 step 19602] average evolution speed = 12.32223374 code units/h
[Level 2 step 19602] Advanced 4096000 cells
[Level 3 step 39203] ADVANCE at time 49.0025 with dt = 0.00125
[Level 3 step 39203] average evolution speed = 12.32212362 code units/h
[Level 3 step 39203] Advanced 4096000 cells
[Level 3 step 39204] ADVANCE at time 49.00375 with dt = 0.00125
[Level 3 step 39204] average evolution speed = 12.32232744 code units/h
[Level 3 step 39204] Advanced 4096000 cells
[Level 1 step 9802] ADVANCE at time 49.005 with dt = 0.005
[Level 1 step 9802] average evolution speed = 12.32251923 code units/h
[Level 1 step 9802] Advanced 4096000 cells
[Level 2 step 19603] ADVANCE at time 49.005 with dt = 0.0025
[Level 2 step 19603] average evolution speed = 12.32240936 code units/h
[Level 2 step 19603] Advanced 4096000 cells
[Level 3 step 39205] ADVANCE at time 49.005 with dt = 0.00125
[Level 3 step 39205] average evolution speed = 12.32229919 code units/h
[Level 3 step 39205] Advanced 4096000 cells
[Level 3 step 39206] ADVANCE at time 49.00625 with dt = 0.00125
[Level 3 step 39206] average evolution speed = 12.32250308 code units/h
[Level 3 step 39206] Advanced 4096000 cells
[Level 2 step 19604] ADVANCE at time 49.0075 with dt = 0.0025
[Level 2 step 19604] average evolution speed = 12.32269923 code units/h
[Level 2 step 19604] Advanced 4096000 cells
[Level 3 step 39207] ADVANCE at time 49.0075 with dt = 0.00125
[Level 3 step 39207] average evolution speed = 12.32258872 code units/h
[Level 3 step 39207] Advanced 4096000 cells
[Level 3 step 39208] ADVANCE at time 49.00875 with dt = 0.00125
[Level 3 step 39208] average evolution speed = 12.32279235 code units/h
[Level 3 step 39208] Advanced 4096000 cells

[STEP 4901] Coarse TimeStep time: 2.157918477
[STEP 4901] FAB kilobyte spread across MPI nodes: [30080106 ... 30080106]

STEP = 4901 TIME = 49.01 DT = 0.01

[Level 0 step 4902] ADVANCE at time 49.01 with dt = 0.01
[Level 0 step 4902] average evolution speed = 12.32279089 code units/h
[Level 0 step 4902] Advanced 2097152 cells
[Level 1 step 9803] ADVANCE at time 49.01 with dt = 0.005
[Level 1 step 9803] average evolution speed = 12.32270747 code units/h
[Level 1 step 9803] Advanced 4096000 cells
[Level 2 step 19605] ADVANCE at time 49.01 with dt = 0.0025
[Level 2 step 19605] average evolution speed = 12.32259712 code units/h
[Level 2 step 19605] Advanced 4096000 cells
[Level 3 step 39209] ADVANCE at time 49.01 with dt = 0.00125
[Level 3 step 39209] average evolution speed = 12.32248672 code units/h
[Level 3 step 39209] Advanced 4096000 cells
[Level 3 step 39210] ADVANCE at time 49.01125 with dt = 0.00125
[Level 3 step 39210] average evolution speed = 12.32269002 code units/h
[Level 3 step 39210] Advanced 4096000 cells
[Level 2 step 19606] ADVANCE at time 49.0125 with dt = 0.0025
[Level 2 step 19606] average evolution speed = 12.32288615 code units/h
[Level 2 step 19606] Advanced 4096000 cells
[Level 3 step 39211] ADVANCE at time 49.0125 with dt = 0.00125
[Level 3 step 39211] average evolution speed = 12.32277569 code units/h
[Level 3 step 39211] Advanced 4096000 cells
[Level 3 step 39212] ADVANCE at time 49.01375 with dt = 0.00125
[Level 3 step 39212] average evolution speed = 12.32297926 code units/h
[Level 3 step 39212] Advanced 4096000 cells
[Level 1 step 9804] ADVANCE at time 49.015 with dt = 0.005
[Level 1 step 9804] average evolution speed = 12.32316786 code units/h
[Level 1 step 9804] Advanced 4096000 cells
[Level 2 step 19607] ADVANCE at time 49.015 with dt = 0.0025
[Level 2 step 19607] average evolution speed = 12.32305749 code units/h
[Level 2 step 19607] Advanced 4096000 cells
[Level 3 step 39213] ADVANCE at time 49.015 with dt = 0.00125
[Level 3 step 39213] average evolution speed = 12.32294707 code units/h
[Level 3 step 39213] Advanced 4096000 cells
[Level 3 step 39214] ADVANCE at time 49.01625 with dt = 0.00125
[Level 3 step 39214] average evolution speed = 12.32315049 code units/h
[Level 3 step 39214] Advanced 4096000 cells
[Level 2 step 19608] ADVANCE at time 49.0175 with dt = 0.0025
[Level 2 step 19608] average evolution speed = 12.32334803 code units/h
[Level 2 step 19608] Advanced 4096000 cells
[Level 3 step 39215] ADVANCE at time 49.0175 with dt = 0.00125
[Level 3 step 39215] average evolution speed = 12.32323796 code units/h
[Level 3 step 39215] Advanced 4096000 cells
[Level 3 step 39216] ADVANCE at time 49.01875 with dt = 0.00125
[Level 3 step 39216] average evolution speed = 12.3234417 code units/h
[Level 3 step 39216] Advanced 4096000 cells

[STEP 4902] Coarse TimeStep time: 2.155962884
[STEP 4902] FAB kilobyte spread across MPI nodes: [30080106 ... 30080106]

STEP = 4902 TIME = 49.02 DT = 0.01

[Level 0 step 4903] ADVANCE at time 49.02 with dt = 0.01
[Level 0 step 4903] average evolution speed = 12.32344956 code units/h
[Level 0 step 4903] Advanced 2097152 cells
[Level 1 step 9805] ADVANCE at time 49.02 with dt = 0.005
[Level 1 step 9805] average evolution speed = 12.32337526 code units/h
[Level 1 step 9805] Advanced 4096000 cells
[Level 2 step 19609] ADVANCE at time 49.02 with dt = 0.0025
[Level 2 step 19609] average evolution speed = 12.32326504 code units/h
[Level 2 step 19609] Advanced 4096000 cells
[Level 3 step 39217] ADVANCE at time 49.02 with dt = 0.00125
[Level 3 step 39217] average evolution speed = 12.323155 code units/h
[Level 3 step 39217] Advanced 4096000 cells
[Level 3 step 39218] ADVANCE at time 49.02125 with dt = 0.00125
[Level 3 step 39218] average evolution speed = 12.32335856 code units/h
[Level 3 step 39218] Advanced 4096000 cells
[Level 2 step 19610] ADVANCE at time 49.0225 with dt = 0.0025
[Level 2 step 19610] average evolution speed = 12.32355603 code units/h
[Level 2 step 19610] Advanced 4096000 cells
[Level 3 step 39219] ADVANCE at time 49.0225 with dt = 0.00125
[Level 3 step 39219] average evolution speed = 12.32344598 code units/h
[Level 3 step 39219] Advanced 4096000 cells
[Level 3 step 39220] ADVANCE at time 49.02375 with dt = 0.00125
[Level 3 step 39220] average evolution speed = 12.32364975 code units/h
[Level 3 step 39220] Advanced 4096000 cells
[Level 1 step 9806] ADVANCE at time 49.025 with dt = 0.005
[Level 1 step 9806] average evolution speed = 12.32384137 code units/h
[Level 1 step 9806] Advanced 4096000 cells
[Level 2 step 19611] ADVANCE at time 49.025 with dt = 0.0025
[Level 2 step 19611] average evolution speed = 12.32373152 code units/h
[Level 2 step 19611] Advanced 4096000 cells
[Level 3 step 39221] ADVANCE at time 49.025 with dt = 0.00125
[Level 3 step 39221] average evolution speed = 12.3236214 code units/h
[Level 3 step 39221] Advanced 4096000 cells
[Level 3 step 39222] ADVANCE at time 49.02625 with dt = 0.00125
[Level 3 step 39222] average evolution speed = 12.3238252 code units/h
[Level 3 step 39222] Advanced 4096000 cells
[Level 2 step 19612] ADVANCE at time 49.0275 with dt = 0.0025
[Level 2 step 19612] average evolution speed = 12.32402285 code units/h
[Level 2 step 19612] Advanced 4096000 cells
[Level 3 step 39223] ADVANCE at time 49.0275 with dt = 0.00125
[Level 3 step 39223] average evolution speed = 12.3239127 code units/h
[Level 3 step 39223] Advanced 4096000 cells
[Level 3 step 39224] ADVANCE at time 49.02875 with dt = 0.00125
[Level 3 step 39224] average evolution speed = 12.32411644 code units/h
[Level 3 step 39224] Advanced 4096000 cells
NaN diagnostic: rank=0 level=3 component=1 name=h11
amrex::Abort::0::NaN in GRAMRLevel::post_timestep !!!
SIGABRT
addr2line: 'runs/wormhole_merger/merge_twin_p012_lp2_t060/test': No such file
addr2line: 'runs/wormhole_merger/merge_twin_p012_lp2_t060/test': No such file
addr2line: 'runs/wormhole_merger/merge_twin_p012_lp2_t060/test': No such file
addr2line: 'runs/wormhole_merger/merge_twin_p012_lp2_t060/test': No such file
addr2line: 'runs/wormhole_merger/merge_twin_p012_lp2_t060/test': No such file
addr2line: 'runs/wormhole_merger/merge_twin_p012_lp2_t060/test': No such file
addr2line: 'runs/wormhole_merger/merge_twin_p012_lp2_t060/test': No such file
addr2line: 'runs/wormhole_merger/merge_twin_p012_lp2_t060/test': No such file
addr2line: 'runs/wormhole_merger/merge_twin_p012_lp2_t060/test': No such file
addr2line: 'runs/wormhole_merger/merge_twin_p012_lp2_t060/test': No such file
addr2line: 'runs/wormhole_merger/merge_twin_p012_lp2_t060/test': No such file
addr2line: 'runs/wormhole_merger/merge_twin_p012_lp2_t060/test': No such file
addr2line: 'runs/wormhole_merger/merge_twin_p012_lp2_t060/test': No such file
addr2line: 'runs/wormhole_merger/merge_twin_p012_lp2_t060/test': No such file
addr2line: 'runs/wormhole_merger/merge_twin_p012_lp2_t060/test': No such file
addr2line: 'runs/wormhole_merger/merge_twin_p012_lp2_t060/test': No such file
addr2line: 'runs/wormhole_merger/merge_twin_p012_lp2_t060/test': No such file
addr2line: 'runs/wormhole_merger/merge_twin_p012_lp2_t060/test': No such file
addr2line: 'runs/wormhole_merger/merge_twin_p012_lp2_t060/test': No such file
addr2line: 'runs/wormhole_merger/merge_twin_p012_lp2_t060/test': No such file
addr2line: 'runs/wormhole_merger/merge_twin_p012_lp2_t060/test': No such file
addr2line: 'runs/wormhole_merger/merge_twin_p012_lp2_t060/test': No such file
See Backtrace.0 file for details
--------------------------------------------------------------------------
MPI_ABORT was invoked on rank 0 in communicator MPI_COMM_WORLD
  Proc: [[48593,0],0]
  Errorcode: 6

NOTE: invoking MPI_ABORT causes Open MPI to kill all MPI processes.
You may or may not see output from other processes, depending on
exactly when Open MPI kills them.
--------------------------------------------------------------------------
