[Level 2 step 10466] Advanced 4096000 cells
[Level 1 step 5234] ADVANCE at time 26.165 with dt = 0.005
[Level 1 step 5234] average evolution speed = 22.51627605 code units/h
[Level 1 step 5234] Advanced 4096000 cells
[Level 2 step 10467] ADVANCE at time 26.165 with dt = 0.0025
[Level 2 step 10467] average evolution speed = 22.51543166 code units/h
[Level 2 step 10467] Advanced 4096000 cells
[Level 2 step 10468] ADVANCE at time 26.1675 with dt = 0.0025
[Level 2 step 10468] average evolution speed = 22.51673132 code units/h
[Level 2 step 10468] Advanced 4096000 cells

[STEP 2617] Coarse TimeStep time: 1.227889614
[STEP 2617] FAB kilobyte spread across MPI nodes: [13967682 ... 13967682]

STEP = 2617 TIME = 26.17 DT = 0.01

[Level 0 step 2618] ADVANCE at time 26.17 with dt = 0.01
[Level 0 step 2618] average evolution speed = 22.51762774 code units/h
[Level 0 step 2618] Advanced 2097152 cells
[Level 1 step 5235] ADVANCE at time 26.17 with dt = 0.005
[Level 1 step 5235] average evolution speed = 22.51671076 code units/h
[Level 1 step 5235] Advanced 4096000 cells
[Level 2 step 10469] ADVANCE at time 26.17 with dt = 0.0025
[Level 2 step 10469] average evolution speed = 22.51585909 code units/h
[Level 2 step 10469] Advanced 4096000 cells
[Level 2 step 10470] ADVANCE at time 26.1725 with dt = 0.0025
[Level 2 step 10470] average evolution speed = 22.51716297 code units/h
[Level 2 step 10470] Advanced 4096000 cells
[Level 1 step 5236] ADVANCE at time 26.175 with dt = 0.005
[Level 1 step 5236] average evolution speed = 22.51837936 code units/h
[Level 1 step 5236] Advanced 4096000 cells
[Level 2 step 10471] ADVANCE at time 26.175 with dt = 0.0025
[Level 2 step 10471] average evolution speed = 22.51753966 code units/h
[Level 2 step 10471] Advanced 4096000 cells
[Level 2 step 10472] ADVANCE at time 26.1775 with dt = 0.0025
[Level 2 step 10472] average evolution speed = 22.51883869 code units/h
[Level 2 step 10472] Advanced 4096000 cells

[STEP 2618] Coarse TimeStep time: 1.208844792
[STEP 2618] FAB kilobyte spread across MPI nodes: [13967682 ... 13967682]

STEP = 2618 TIME = 26.18 DT = 0.01

[Level 0 step 2619] ADVANCE at time 26.18 with dt = 0.01
[Level 0 step 2619] average evolution speed = 22.51972541 code units/h
[Level 0 step 2619] Advanced 2097152 cells
[Level 1 step 5237] ADVANCE at time 26.18 with dt = 0.005
[Level 1 step 5237] average evolution speed = 22.51880931 code units/h
[Level 1 step 5237] Advanced 4096000 cells
[Level 2 step 10473] ADVANCE at time 26.18 with dt = 0.0025
[Level 2 step 10473] average evolution speed = 22.51796134 code units/h
[Level 2 step 10473] Advanced 4096000 cells
[Level 2 step 10474] ADVANCE at time 26.1825 with dt = 0.0025
[Level 2 step 10474] average evolution speed = 22.51927425 code units/h
[Level 2 step 10474] Advanced 4096000 cells
[Level 1 step 5238] ADVANCE at time 26.185 with dt = 0.005
[Level 1 step 5238] average evolution speed = 22.52051007 code units/h
[Level 1 step 5238] Advanced 4096000 cells
[Level 2 step 10475] ADVANCE at time 26.185 with dt = 0.0025
[Level 2 step 10475] average evolution speed = 22.51967104 code units/h
[Level 2 step 10475] Advanced 4096000 cells
[Level 2 step 10476] ADVANCE at time 26.1875 with dt = 0.0025
[Level 2 step 10476] average evolution speed = 22.52097252 code units/h
[Level 2 step 10476] Advanced 4096000 cells

[STEP 2619] Coarse TimeStep time: 1.196723232
[STEP 2619] FAB kilobyte spread across MPI nodes: [13967682 ... 13967682]

STEP = 2619 TIME = 26.19 DT = 0.01

[Level 0 step 2620] ADVANCE at time 26.19 with dt = 0.01
[Level 0 step 2620] average evolution speed = 22.52188712 code units/h
[Level 0 step 2620] Advanced 2097152 cells
[Level 1 step 5239] ADVANCE at time 26.19 with dt = 0.005
[Level 1 step 5239] average evolution speed = 22.52104693 code units/h
[Level 1 step 5239] Advanced 4096000 cells
[Level 2 step 10477] ADVANCE at time 26.19 with dt = 0.0025
[Level 2 step 10477] average evolution speed = 22.51996963 code units/h
[Level 2 step 10477] Advanced 4096000 cells
[Level 2 step 10478] ADVANCE at time 26.1925 with dt = 0.0025
[Level 2 step 10478] average evolution speed = 22.52114845 code units/h
[Level 2 step 10478] Advanced 4096000 cells
[Level 1 step 5240] ADVANCE at time 26.195 with dt = 0.005
[Level 1 step 5240] average evolution speed = 22.5217017 code units/h
[Level 1 step 5240] Advanced 4096000 cells
[Level 2 step 10479] ADVANCE at time 26.195 with dt = 0.0025
[Level 2 step 10479] average evolution speed = 22.52028567 code units/h
[Level 2 step 10479] Advanced 4096000 cells
[Level 2 step 10480] ADVANCE at time 26.1975 with dt = 0.0025
[Level 2 step 10480] average evolution speed = 22.52098072 code units/h
[Level 2 step 10480] Advanced 4096000 cells

[STEP 2620] Coarse TimeStep time: 1.743001111
[STEP 2620] FAB kilobyte spread across MPI nodes: [13967682 ... 13967682]

STEP = 2620 TIME = 26.2 DT = 0.01

[Level 0 step 2621] ADVANCE at time 26.2 with dt = 0.01
[Level 0 step 2621] average evolution speed = 22.52110953 code units/h
[Level 0 step 2621] Advanced 2097152 cells
[Level 1 step 5241] ADVANCE at time 26.2 with dt = 0.005
[Level 1 step 5241] average evolution speed = 22.51993209 code units/h
[Level 1 step 5241] Advanced 4096000 cells
[Level 2 step 10481] ADVANCE at time 26.2 with dt = 0.0025
[Level 2 step 10481] average evolution speed = 22.51899249 code units/h
[Level 2 step 10481] Advanced 4096000 cells
[Level 2 step 10482] ADVANCE at time 26.2025 with dt = 0.0025
[Level 2 step 10482] average evolution speed = 22.52019178 code units/h
[Level 2 step 10482] Advanced 4096000 cells
[Level 1 step 5242] ADVANCE at time 26.205 with dt = 0.005
[Level 1 step 5242] average evolution speed = 22.52130125 code units/h
[Level 1 step 5242] Advanced 4096000 cells
[Level 2 step 10483] ADVANCE at time 26.205 with dt = 0.0025
[Level 2 step 10483] average evolution speed = 22.52030833 code units/h
[Level 2 step 10483] Advanced 4096000 cells
[Level 2 step 10484] ADVANCE at time 26.2075 with dt = 0.0025
[Level 2 step 10484] average evolution speed = 22.52150856 code units/h
[Level 2 step 10484] Advanced 4096000 cells

[STEP 2621] Coarse TimeStep time: 1.394500156
[STEP 2621] FAB kilobyte spread across MPI nodes: [13967682 ... 13967682]

STEP = 2621 TIME = 26.21 DT = 0.01

[Level 0 step 2622] ADVANCE at time 26.21 with dt = 0.01
[Level 0 step 2622] average evolution speed = 22.52220599 code units/h
[Level 0 step 2622] Advanced 2097152 cells
[Level 1 step 5243] ADVANCE at time 26.21 with dt = 0.005
[Level 1 step 5243] average evolution speed = 22.52108128 code units/h
[Level 1 step 5243] Advanced 4096000 cells
[Level 2 step 10485] ADVANCE at time 26.21 with dt = 0.0025
[Level 2 step 10485] average evolution speed = 22.519989 code units/h
[Level 2 step 10485] Advanced 4096000 cells
[Level 2 step 10486] ADVANCE at time 26.2125 with dt = 0.0025
[Level 2 step 10486] average evolution speed = 22.52084075 code units/h
[Level 2 step 10486] Advanced 4096000 cells
[Level 1 step 5244] ADVANCE at time 26.215 with dt = 0.005
[Level 1 step 5244] average evolution speed = 22.52172624 code units/h
[Level 1 step 5244] Advanced 4096000 cells
[Level 2 step 10487] ADVANCE at time 26.215 with dt = 0.0025
[Level 2 step 10487] average evolution speed = 22.52028913 code units/h
[Level 2 step 10487] Advanced 4096000 cells
[Level 2 step 10488] ADVANCE at time 26.2175 with dt = 0.0025
[Level 2 step 10488] average evolution speed = 22.52143324 code units/h
[Level 2 step 10488] Advanced 4096000 cells

[STEP 2622] Coarse TimeStep time: 1.819085893
[STEP 2622] FAB kilobyte spread across MPI nodes: [13967682 ... 13967682]

STEP = 2622 TIME = 26.22 DT = 0.01

[Level 0 step 2623] ADVANCE at time 26.22 with dt = 0.01
[Level 0 step 2623] average evolution speed = 22.52102015 code units/h
[Level 0 step 2623] Advanced 2097152 cells
[Level 1 step 5245] ADVANCE at time 26.22 with dt = 0.005
[Level 1 step 5245] average evolution speed = 22.51932259 code units/h
[Level 1 step 5245] Advanced 4096000 cells
[Level 2 step 10489] ADVANCE at time 26.22 with dt = 0.0025
[Level 2 step 10489] average evolution speed = 22.51836496 code units/h
[Level 2 step 10489] Advanced 4096000 cells
[Level 2 step 10490] ADVANCE at time 26.2225 with dt = 0.0025
[Level 2 step 10490] average evolution speed = 22.51957793 code units/h
[Level 2 step 10490] Advanced 4096000 cells
[Level 1 step 5246] ADVANCE at time 26.225 with dt = 0.005
[Level 1 step 5246] average evolution speed = 22.52065381 code units/h
[Level 1 step 5246] Advanced 4096000 cells
[Level 2 step 10491] ADVANCE at time 26.225 with dt = 0.0025
[Level 2 step 10491] average evolution speed = 22.51972383 code units/h
[Level 2 step 10491] Advanced 4096000 cells
[Level 2 step 10492] ADVANCE at time 26.2275 with dt = 0.0025
[Level 2 step 10492] average evolution speed = 22.5208723 code units/h
[Level 2 step 10492] Advanced 4096000 cells

[STEP 2623] Coarse TimeStep time: 1.505537387
[STEP 2623] FAB kilobyte spread across MPI nodes: [13967682 ... 13967682]

STEP = 2623 TIME = 26.23 DT = 0.01

[Level 0 step 2624] ADVANCE at time 26.23 with dt = 0.01
[Level 0 step 2624] average evolution speed = 22.52151939 code units/h
[Level 0 step 2624] Advanced 2097152 cells
[Level 1 step 5247] ADVANCE at time 26.23 with dt = 0.005
[Level 1 step 5247] average evolution speed = 22.52035325 code units/h
[Level 1 step 5247] Advanced 4096000 cells
[Level 2 step 10493] ADVANCE at time 26.23 with dt = 0.0025
[Level 2 step 10493] average evolution speed = 22.51942606 code units/h
[Level 2 step 10493] Advanced 4096000 cells
NaN diagnostic: rank=0 level=2 component=1 name=h11
amrex::Abort::0::NaN in GRAMRLevel::post_timestep !!!
SIGABRT
See Backtrace.0 file for details
--------------------------------------------------------------------------
MPI_ABORT was invoked on rank 0 in communicator MPI_COMM_WORLD
  Proc: [[51467,0],0]
  Errorcode: 6

NOTE: invoking MPI_ABORT causes Open MPI to kill all MPI processes.
You may or may not see output from other processes, depending on
exactly when Open MPI kills them.
--------------------------------------------------------------------------
