[Level 5 step 313877] average evolution speed = 32.97317648 code units/h
[Level 5 step 313877] Advanced 2985984 cells
[Level 5 step 313878] ADVANCE at time 392.34625 with dt = 0.00125
[Level 5 step 313878] average evolution speed = 32.97320793 code units/h
[Level 5 step 313878] Advanced 2985984 cells
[Level 4 step 156940] ADVANCE at time 392.3475 with dt = 0.0025
[Level 4 step 156940] average evolution speed = 32.97323456 code units/h
[Level 4 step 156940] Advanced 2097152 cells
[Level 5 step 313879] ADVANCE at time 392.3475 with dt = 0.00125
[Level 5 step 313879] average evolution speed = 32.97317431 code units/h
[Level 5 step 313879] Advanced 2985984 cells
[Level 5 step 313880] ADVANCE at time 392.34875 with dt = 0.00125
[Level 5 step 313880] average evolution speed = 32.97320564 code units/h
[Level 5 step 313880] Advanced 2985984 cells
[Level 2 step 39236] ADVANCE at time 392.35 with dt = 0.01
[Level 2 step 39236] average evolution speed = 32.97322572 code units/h
[Level 2 step 39236] Advanced 884736 cells
[Level 3 step 78471] ADVANCE at time 392.35 with dt = 0.005
[Level 3 step 78471] average evolution speed = 32.97319964 code units/h
[Level 3 step 78471] Advanced 884736 cells
[Level 4 step 156941] ADVANCE at time 392.35 with dt = 0.0025
[Level 4 step 156941] average evolution speed = 32.97317342 code units/h
[Level 4 step 156941] Advanced 2097152 cells
[Level 5 step 313881] ADVANCE at time 392.35 with dt = 0.00125
[Level 5 step 313881] average evolution speed = 32.97311171 code units/h
[Level 5 step 313881] Advanced 2985984 cells
[Level 5 step 313882] ADVANCE at time 392.35125 with dt = 0.00125
[Level 5 step 313882] average evolution speed = 32.97314292 code units/h
[Level 5 step 313882] Advanced 2985984 cells
[Level 4 step 156942] ADVANCE at time 392.3525 with dt = 0.0025
[Level 4 step 156942] average evolution speed = 32.97316856 code units/h
[Level 4 step 156942] Advanced 2097152 cells
[Level 5 step 313883] ADVANCE at time 392.3525 with dt = 0.00125
[Level 5 step 313883] average evolution speed = 32.97310526 code units/h
[Level 5 step 313883] Advanced 2985984 cells
[Level 5 step 313884] ADVANCE at time 392.35375 with dt = 0.00125
[Level 5 step 313884] average evolution speed = 32.97313646 code units/h
[Level 5 step 313884] Advanced 2985984 cells
[Level 3 step 78472] ADVANCE at time 392.355 with dt = 0.005
[Level 3 step 78472] average evolution speed = 32.97315855 code units/h
[Level 3 step 78472] Advanced 884736 cells
[Level 4 step 156943] ADVANCE at time 392.355 with dt = 0.0025
[Level 4 step 156943] average evolution speed = 32.9731321 code units/h
[Level 4 step 156943] Advanced 2097152 cells
[Level 5 step 313885] ADVANCE at time 392.355 with dt = 0.00125
[Level 5 step 313885] average evolution speed = 32.973072 code units/h
[Level 5 step 313885] Advanced 2985984 cells
[Level 5 step 313886] ADVANCE at time 392.35625 with dt = 0.00125
[Level 5 step 313886] average evolution speed = 32.97310339 code units/h
[Level 5 step 313886] Advanced 2985984 cells
[Level 4 step 156944] ADVANCE at time 392.3575 with dt = 0.0025
[Level 4 step 156944] average evolution speed = 32.97312998 code units/h
[Level 4 step 156944] Advanced 2097152 cells
[Level 5 step 313887] ADVANCE at time 392.3575 with dt = 0.00125
[Level 5 step 313887] average evolution speed = 32.9730698 code units/h
[Level 5 step 313887] Advanced 2985984 cells
[Level 5 step 313888] ADVANCE at time 392.35875 with dt = 0.00125
[Level 5 step 313888] average evolution speed = 32.97310114 code units/h
[Level 5 step 313888] Advanced 2985984 cells

[STEP 9809] Coarse TimeStep time: 5.211503009
[STEP 9809] FAB kilobyte spread across MPI nodes: [12605059 ... 12605059]

STEP = 9809 TIME = 392.36 DT = 0.04

Now regridding at level lbase = 4
grid_places() time: 0.002985904001 new finest: 5
TIME = 392.36 : REGRID  with lbase = 4
  Level 5   125 grids  2985984 cells  0.004345178604 % of domain
            smallest grid: 16 x 16 x 16  biggest grid: 32 x 32 x 32

[Level 0 step 9810] ADVANCE at time 392.36 with dt = 0.04
[Level 0 step 9810] average evolution speed = 32.97301576 code units/h
[Level 0 step 9810] Advanced 2097152 cells
[Level 1 step 19619] ADVANCE at time 392.36 with dt = 0.02
[Level 1 step 19619] average evolution speed = 32.97295273 code units/h
[Level 1 step 19619] Advanced 512000 cells
[Level 2 step 39237] ADVANCE at time 392.36 with dt = 0.01
[Level 2 step 39237] average evolution speed = 32.97293334 code units/h
[Level 2 step 39237] Advanced 884736 cells
[Level 3 step 78473] ADVANCE at time 392.36 with dt = 0.005
[Level 3 step 78473] average evolution speed = 32.97290756 code units/h
[Level 3 step 78473] Advanced 884736 cells
[Level 4 step 156945] ADVANCE at time 392.36 with dt = 0.0025
[Level 4 step 156945] average evolution speed = 32.97288141 code units/h
[Level 4 step 156945] Advanced 2097152 cells
[Level 5 step 313889] ADVANCE at time 392.36 with dt = 0.00125
[Level 5 step 313889] average evolution speed = 32.9728216 code units/h
[Level 5 step 313889] Advanced 2985984 cells
[Level 5 step 313890] ADVANCE at time 392.36125 with dt = 0.00125
[Level 5 step 313890] average evolution speed = 32.97285257 code units/h
[Level 5 step 313890] Advanced 2985984 cells
[Level 4 step 156946] ADVANCE at time 392.3625 with dt = 0.0025
[Level 4 step 156946] average evolution speed = 32.97287911 code units/h
[Level 4 step 156946] Advanced 2097152 cells
[Level 5 step 313891] ADVANCE at time 392.3625 with dt = 0.00125
[Level 5 step 313891] average evolution speed = 32.97281904 code units/h
[Level 5 step 313891] Advanced 2985984 cells
[Level 5 step 313892] ADVANCE at time 392.36375 with dt = 0.00125
[Level 5 step 313892] average evolution speed = 32.9728504 code units/h
[Level 5 step 313892] Advanced 2985984 cells
[Level 3 step 78474] ADVANCE at time 392.365 with dt = 0.005
[Level 3 step 78474] average evolution speed = 32.97287273 code units/h
[Level 3 step 78474] Advanced 884736 cells
[Level 4 step 156947] ADVANCE at time 392.365 with dt = 0.0025
[Level 4 step 156947] average evolution speed = 32.97284655 code units/h
[Level 4 step 156947] Advanced 2097152 cells
[Level 5 step 313893] ADVANCE at time 392.365 with dt = 0.00125
[Level 5 step 313893] average evolution speed = 32.97278683 code units/h
[Level 5 step 313893] Advanced 2985984 cells
[Level 5 step 313894] ADVANCE at time 392.36625 with dt = 0.00125
[Level 5 step 313894] average evolution speed = 32.97281821 code units/h
[Level 5 step 313894] Advanced 2985984 cells
[Level 4 step 156948] ADVANCE at time 392.3675 with dt = 0.0025
[Level 4 step 156948] average evolution speed = 32.97284469 code units/h
[Level 4 step 156948] Advanced 2097152 cells
[Level 5 step 313895] ADVANCE at time 392.3675 with dt = 0.00125
[Level 5 step 313895] average evolution speed = 32.97278475 code units/h
[Level 5 step 313895] Advanced 2985984 cells
[Level 5 step 313896] ADVANCE at time 392.36875 with dt = 0.00125
[Level 5 step 313896] average evolution speed = 32.97281616 code units/h
[Level 5 step 313896] Advanced 2985984 cells
[Level 2 step 39238] ADVANCE at time 392.37 with dt = 0.01
[Level 2 step 39238] average evolution speed = 32.97283652 code units/h
[Level 2 step 39238] Advanced 884736 cells
[Level 3 step 78475] ADVANCE at time 392.37 with dt = 0.005
[Level 3 step 78475] average evolution speed = 32.97281046 code units/h
[Level 3 step 78475] Advanced 884736 cells
[Level 4 step 156949] ADVANCE at time 392.37 with dt = 0.0025
[Level 4 step 156949] average evolution speed = 32.97278423 code units/h
[Level 4 step 156949] Advanced 2097152 cells
[Level 5 step 313897] ADVANCE at time 392.37 with dt = 0.00125
[Level 5 step 313897] average evolution speed = 32.97272441 code units/h
[Level 5 step 313897] Advanced 2985984 cells
[Level 5 step 313898] ADVANCE at time 392.37125 with dt = 0.00125
[Level 5 step 313898] average evolution speed = 32.97275587 code units/h
[Level 5 step 313898] Advanced 2985984 cells
[Level 4 step 156950] ADVANCE at time 392.3725 with dt = 0.0025
[Level 4 step 156950] average evolution speed = 32.97278242 code units/h
[Level 4 step 156950] Advanced 2097152 cells
[Level 5 step 313899] ADVANCE at time 392.3725 with dt = 0.00125
[Level 5 step 313899] average evolution speed = 32.97271982 code units/h
[Level 5 step 313899] Advanced 2985984 cells
[Level 5 step 313900] ADVANCE at time 392.37375 with dt = 0.00125
[Level 5 step 313900] average evolution speed = 32.97275091 code units/h
[Level 5 step 313900] Advanced 2985984 cells
[Level 3 step 78476] ADVANCE at time 392.375 with dt = 0.005
[Level 3 step 78476] average evolution speed = 32.97277152 code units/h
[Level 3 step 78476] Advanced 884736 cells
[Level 4 step 156951] ADVANCE at time 392.375 with dt = 0.0025
[Level 4 step 156951] average evolution speed = 32.97274271 code units/h
[Level 4 step 156951] Advanced 2097152 cells
[Level 5 step 313901] ADVANCE at time 392.375 with dt = 0.00125
[Level 5 step 313901] average evolution speed = 32.97267949 code units/h
[Level 5 step 313901] Advanced 2985984 cells
[Level 5 step 313902] ADVANCE at time 392.37625 with dt = 0.00125
[Level 5 step 313902] average evolution speed = 32.97271063 code units/h
[Level 5 step 313902] Advanced 2985984 cells
[Level 4 step 156952] ADVANCE at time 392.3775 with dt = 0.0025
[Level 4 step 156952] average evolution speed = 32.97273625 code units/h
[Level 4 step 156952] Advanced 2097152 cells
[Level 5 step 313903] ADVANCE at time 392.3775 with dt = 0.00125
[Level 5 step 313903] average evolution speed = 32.97267276 code units/h
[Level 5 step 313903] Advanced 2985984 cells
[Level 5 step 313904] ADVANCE at time 392.37875 with dt = 0.00125
[Level 5 step 313904] average evolution speed = 32.97270387 code units/h
[Level 5 step 313904] Advanced 2985984 cells
NaN diagnostic: rank=0 level=2 component=1 name=h11
amrex::Abort::0::NaN in GRAMRLevel::post_timestep !!!
SIGABRT
addr2line: 'runs/wormhole_merger/single_eps_m1e2_L512_ml5_oct_t400/test': No such file
addr2line: 'runs/wormhole_merger/single_eps_m1e2_L512_ml5_oct_t400/test': No such file
addr2line: 'runs/wormhole_merger/single_eps_m1e2_L512_ml5_oct_t400/test': No such file
addr2line: 'runs/wormhole_merger/single_eps_m1e2_L512_ml5_oct_t400/test': No such file
addr2line: 'runs/wormhole_merger/single_eps_m1e2_L512_ml5_oct_t400/test': No such file
addr2line: 'runs/wormhole_merger/single_eps_m1e2_L512_ml5_oct_t400/test': No such file
addr2line: 'runs/wormhole_merger/single_eps_m1e2_L512_ml5_oct_t400/test': No such file
addr2line: 'runs/wormhole_merger/single_eps_m1e2_L512_ml5_oct_t400/test': No such file
addr2line: 'runs/wormhole_merger/single_eps_m1e2_L512_ml5_oct_t400/test': No such file
addr2line: 'runs/wormhole_merger/single_eps_m1e2_L512_ml5_oct_t400/test': No such file
addr2line: 'runs/wormhole_merger/single_eps_m1e2_L512_ml5_oct_t400/test': No such file
addr2line: 'runs/wormhole_merger/single_eps_m1e2_L512_ml5_oct_t400/test': No such file
addr2line: 'runs/wormhole_merger/single_eps_m1e2_L512_ml5_oct_t400/test': No such file
addr2line: 'runs/wormhole_merger/single_eps_m1e2_L512_ml5_oct_t400/test': No such file
addr2line: 'runs/wormhole_merger/single_eps_m1e2_L512_ml5_oct_t400/test': No such file
addr2line: 'runs/wormhole_merger/single_eps_m1e2_L512_ml5_oct_t400/test': No such file
addr2line: 'runs/wormhole_merger/single_eps_m1e2_L512_ml5_oct_t400/test': No such file
addr2line: 'runs/wormhole_merger/single_eps_m1e2_L512_ml5_oct_t400/test': No such file
addr2line: 'runs/wormhole_merger/single_eps_m1e2_L512_ml5_oct_t400/test': No such file
addr2line: 'runs/wormhole_merger/single_eps_m1e2_L512_ml5_oct_t400/test': No such file
See Backtrace.0 file for details
--------------------------------------------------------------------------
MPI_ABORT was invoked on rank 0 in communicator MPI_COMM_WORLD
  Proc: [[6187,0],0]
  Errorcode: 6

NOTE: invoking MPI_ABORT causes Open MPI to kill all MPI processes.
You may or may not see output from other processes, depending on
exactly when Open MPI kills them.
--------------------------------------------------------------------------
