[Level 3 step 61] ADVANCE at time 0.075 with dt = 0.00125
[Level 3 step 61] average evolution speed = 7.921863573 code units/h
[Level 3 step 61] Advanced 4096000 cells
[Level 3 step 62] ADVANCE at time 0.07625 with dt = 0.00125
[Level 3 step 62] average evolution speed = 7.988545946 code units/h
[Level 3 step 62] Advanced 4096000 cells
[Level 2 step 32] ADVANCE at time 0.0775 with dt = 0.0025
[Level 2 step 32] average evolution speed = 8.049505504 code units/h
[Level 2 step 32] Advanced 4096000 cells
[Level 3 step 63] ADVANCE at time 0.0775 with dt = 0.00125
[Level 3 step 63] average evolution speed = 7.984488947 code units/h
[Level 3 step 63] Advanced 4096000 cells
[Level 3 step 64] ADVANCE at time 0.07875 with dt = 0.00125
[Level 3 step 64] average evolution speed = 8.046162562 code units/h
[Level 3 step 64] Advanced 4096000 cells

[STEP 8] Coarse TimeStep time: 4.427472952
[STEP 8] FAB kilobyte spread across MPI nodes: [17299254 ... 17299254]

STEP = 8 TIME = 0.08 DT = 0.01

Now regridding at level lbase = 1
grid_places() time: 0.041614881 new finest: 3
TIME = 0.08 : REGRID  with lbase = 1
  Level 2   125 grids  4096000 cells  3.051757812 % of domain
            smallest grid: 32 x 32 x 32  biggest grid: 32 x 32 x 32
  Level 3   125 grids  4096000 cells  0.3814697266 % of domain
            smallest grid: 32 x 32 x 32  biggest grid: 32 x 32 x 32

[Level 0 step 9] ADVANCE at time 0.08 with dt = 0.01
[Level 0 step 9] average evolution speed = 8.086473021 code units/h
[Level 0 step 9] Advanced 2097152 cells
[Level 1 step 17] ADVANCE at time 0.08 with dt = 0.005
[Level 1 step 17] average evolution speed = 8.022766977 code units/h
[Level 1 step 17] Advanced 4096000 cells
[Level 2 step 33] ADVANCE at time 0.08 with dt = 0.0025
[Level 2 step 33] average evolution speed = 7.959557043 code units/h
[Level 2 step 33] Advanced 4096000 cells
[Level 3 step 65] ADVANCE at time 0.08 with dt = 0.00125
[Level 3 step 65] average evolution speed = 7.897127049 code units/h
[Level 3 step 65] Advanced 4096000 cells
[Level 3 step 66] ADVANCE at time 0.08125 with dt = 0.00125
[Level 3 step 66] average evolution speed = 7.952159461 code units/h
[Level 3 step 66] Advanced 4096000 cells
[Level 2 step 34] ADVANCE at time 0.0825 with dt = 0.0025
[Level 2 step 34] average evolution speed = 8.008556221 code units/h
[Level 2 step 34] Advanced 4096000 cells
[Level 3 step 67] ADVANCE at time 0.0825 with dt = 0.00125
[Level 3 step 67] average evolution speed = 7.95152846 code units/h
[Level 3 step 67] Advanced 4096000 cells
[Level 3 step 68] ADVANCE at time 0.08375 with dt = 0.00125
[Level 3 step 68] average evolution speed = 8.008660923 code units/h
[Level 3 step 68] Advanced 4096000 cells
[Level 1 step 18] ADVANCE at time 0.085 with dt = 0.005
[Level 1 step 18] average evolution speed = 8.059322529 code units/h
[Level 1 step 18] Advanced 4096000 cells
[Level 2 step 35] ADVANCE at time 0.085 with dt = 0.0025
[Level 2 step 35] average evolution speed = 8.000823467 code units/h
[Level 2 step 35] Advanced 4096000 cells
[Level 3 step 69] ADVANCE at time 0.085 with dt = 0.00125
[Level 3 step 69] average evolution speed = 7.941579661 code units/h
[Level 3 step 69] Advanced 4096000 cells
[Level 3 step 70] ADVANCE at time 0.08625 with dt = 0.00125
[Level 3 step 70] average evolution speed = 7.998292824 code units/h
[Level 3 step 70] Advanced 4096000 cells
[Level 2 step 36] ADVANCE at time 0.0875 with dt = 0.0025
[Level 2 step 36] average evolution speed = 8.05105736 code units/h
[Level 2 step 36] Advanced 4096000 cells
[Level 3 step 71] ADVANCE at time 0.0875 with dt = 0.00125
[Level 3 step 71] average evolution speed = 7.993857278 code units/h
[Level 3 step 71] Advanced 4096000 cells
[Level 3 step 72] ADVANCE at time 0.08875 with dt = 0.00125
[Level 3 step 72] average evolution speed = 8.050405908 code units/h
[Level 3 step 72] Advanced 4096000 cells

[STEP 9] Coarse TimeStep time: 4.496340385
[STEP 9] FAB kilobyte spread across MPI nodes: [17299254 ... 17299254]

STEP = 9 TIME = 0.09 DT = 0.01

[Level 0 step 10] ADVANCE at time 0.09 with dt = 0.01
[Level 0 step 10] average evolution speed = 8.087171002 code units/h
[Level 0 step 10] Advanced 2097152 cells
[Level 1 step 19] ADVANCE at time 0.09 with dt = 0.005
[Level 1 step 19] average evolution speed = 8.036341499 code units/h
[Level 1 step 19] Advanced 4096000 cells
[Level 2 step 37] ADVANCE at time 0.09 with dt = 0.0025
[Level 2 step 37] average evolution speed = 7.979516762 code units/h
[Level 2 step 37] Advanced 4096000 cells
[Level 3 step 73] ADVANCE at time 0.09 with dt = 0.00125
[Level 3 step 73] average evolution speed = 7.923619458 code units/h
[Level 3 step 73] Advanced 4096000 cells
[Level 3 step 74] ADVANCE at time 0.09125 with dt = 0.00125
[Level 3 step 74] average evolution speed = 7.976170708 code units/h
[Level 3 step 74] Advanced 4096000 cells
[Level 2 step 38] ADVANCE at time 0.0925 with dt = 0.0025
[Level 2 step 38] average evolution speed = 8.027545533 code units/h
[Level 2 step 38] Advanced 4096000 cells
[Level 3 step 75] ADVANCE at time 0.0925 with dt = 0.00125
[Level 3 step 75] average evolution speed = 7.973828055 code units/h
[Level 3 step 75] Advanced 4096000 cells
[Level 3 step 76] ADVANCE at time 0.09375 with dt = 0.00125
[Level 3 step 76] average evolution speed = 8.026676823 code units/h
[Level 3 step 76] Advanced 4096000 cells
[Level 1 step 20] ADVANCE at time 0.095 with dt = 0.005
[Level 1 step 20] average evolution speed = 8.070513252 code units/h
[Level 1 step 20] Advanced 4096000 cells
[Level 2 step 39] ADVANCE at time 0.095 with dt = 0.0025
[Level 2 step 39] average evolution speed = 8.016769221 code units/h
[Level 2 step 39] Advanced 4096000 cells
[Level 3 step 77] ADVANCE at time 0.095 with dt = 0.00125
[Level 3 step 77] average evolution speed = 7.96332742 code units/h
[Level 3 step 77] Advanced 4096000 cells
[Level 3 step 78] ADVANCE at time 0.09625 with dt = 0.00125
[Level 3 step 78] average evolution speed = 8.014834459 code units/h
[Level 3 step 78] Advanced 4096000 cells
[Level 2 step 40] ADVANCE at time 0.0975 with dt = 0.0025
[Level 2 step 40] average evolution speed = 8.06164392 code units/h
[Level 2 step 40] Advanced 4096000 cells
[Level 3 step 79] ADVANCE at time 0.0975 with dt = 0.00125
[Level 3 step 79] average evolution speed = 8.009353435 code units/h
[Level 3 step 79] Advanced 4096000 cells
[Level 3 step 80] ADVANCE at time 0.09875 with dt = 0.00125
[Level 3 step 80] average evolution speed = 8.0599808 code units/h
[Level 3 step 80] Advanced 4096000 cells

[STEP 10] Coarse TimeStep time: 4.452982592
[STEP 10] FAB kilobyte spread across MPI nodes: [17299254 ... 17299254]

STEP = 10 TIME = 0.1 DT = 0.01

[Level 0 step 11] ADVANCE at time 0.1 with dt = 0.01
[Level 0 step 11] average evolution speed = 8.086602503 code units/h
[Level 0 step 11] Advanced 2097152 cells
[Level 1 step 21] ADVANCE at time 0.1 with dt = 0.005
[Level 1 step 21] average evolution speed = 8.04579448 code units/h
[Level 1 step 21] Advanced 4096000 cells
[Level 2 step 41] ADVANCE at time 0.1 with dt = 0.0025
[Level 2 step 41] average evolution speed = 7.997553881 code units/h
[Level 2 step 41] Advanced 4096000 cells
[Level 3 step 81] ADVANCE at time 0.1 with dt = 0.00125
[Level 3 step 81] average evolution speed = 7.947093395 code units/h
[Level 3 step 81] Advanced 4096000 cells
[Level 3 step 82] ADVANCE at time 0.10125 with dt = 0.00125
[Level 3 step 82] average evolution speed = 7.998735993 code units/h
[Level 3 step 82] Advanced 4096000 cells
[Level 2 step 42] ADVANCE at time 0.1025 with dt = 0.0025
[Level 2 step 42] average evolution speed = 8.036242959 code units/h
[Level 2 step 42] Advanced 4096000 cells
[Level 3 step 83] ADVANCE at time 0.1025 with dt = 0.00125
[Level 3 step 83] average evolution speed = 7.993215107 code units/h
[Level 3 step 83] Advanced 4096000 cells
[Level 3 step 84] ADVANCE at time 0.10375 with dt = 0.00125
[Level 3 step 84] average evolution speed = 8.042614812 code units/h
[Level 3 step 84] Advanced 4096000 cells
[Level 1 step 22] ADVANCE at time 0.105 with dt = 0.005
[Level 1 step 22] average evolution speed = 8.07398203 code units/h
[Level 1 step 22] Advanced 4096000 cells
[Level 2 step 43] ADVANCE at time 0.105 with dt = 0.0025
[Level 2 step 43] average evolution speed = 8.0334453 code units/h
[Level 2 step 43] Advanced 4096000 cells
[Level 3 step 85] ADVANCE at time 0.105 with dt = 0.00125
[Level 3 step 85] average evolution speed = 7.985372034 code units/h
[Level 3 step 85] Advanced 4096000 cells
[Level 3 step 86] ADVANCE at time 0.10625 with dt = 0.00125
[Level 3 step 86] average evolution speed = 8.032344697 code units/h
[Level 3 step 86] Advanced 4096000 cells
[Level 2 step 44] ADVANCE at time 0.1075 with dt = 0.0025
[Level 2 step 44] average evolution speed = 8.066360856 code units/h
[Level 2 step 44] Advanced 4096000 cells
[Level 3 step 87] ADVANCE at time 0.1075 with dt = 0.00125
[Level 3 step 87] average evolution speed = 8.026428883 code units/h
[Level 3 step 87] Advanced 4096000 cells
[Level 3 step 88] ADVANCE at time 0.10875 with dt = 0.00125
[Level 3 step 88] average evolution speed = 8.073065751 code units/h
[Level 3 step 88] Advanced 4096000 cells

[STEP 11] Coarse TimeStep time: 4.441613941
[STEP 11] FAB kilobyte spread across MPI nodes: [17299254 ... 17299254]

STEP = 11 TIME = 0.11 DT = 0.01

PLOTFILE: file = /tmp/grteclyn_scratch/t0_single_boost_p000_lbc/BinaryWormholePlt00011
Write plotfile time = 1.839651784  seconds

Unused ParmParse Variables:
  [TOP]::hdf5_subpath(nvals = 1)  :: [hdf5]
  [TOP]::nonzero_asymptotic_values(nvals = 5)  :: [1.0, 1.0, 1.0, 1.0, 1.0]
  [TOP]::nonzero_asymptotic_vars(nvals = 5)  :: [chi, h11, h22, h33, lapse]
  [TOP]::write_extraction(nvals = 1)  :: [0]

Total GPU global memory (MB) spread across MPI: [81079 ... 81079]
Free  GPU global memory (MB) spread across MPI: [42254 ... 42254]
[The         Arena] max space (MB) allocated spread across MPI: [17933 ... 17933]
[The         Arena] max space (MB) used      spread across MPI: [16946 ... 16946]
[The Managed Arena] max space (MB) allocated spread across MPI: [8 ... 8]
[The Managed Arena] max space (MB) used      spread across MPI: [0 ... 0]
[The  Pinned Arena] max space (MB) allocated spread across MPI: [16 ... 16]
[The  Pinned Arena] max space (MB) used      spread across MPI: [8 ... 8]
AMReX (26.02-12-gd7da50458966) finalized
