[Level 3 step 43975] Advanced 4096000 cells
[Level 3 step 43976] ADVANCE at time 54.96875 with dt = 0.00125
[Level 3 step 43976] average evolution speed = 18.2903745 code units/h
[Level 3 step 43976] Advanced 4096000 cells

[STEP 5497] Coarse TimeStep time: 1.959660499
[STEP 5497] FAB kilobyte spread across MPI nodes: [29446378 ... 29446378]

STEP = 5497 TIME = 54.97 DT = 0.01

[Level 0 step 5498] ADVANCE at time 54.97 with dt = 0.01
[Level 0 step 5498] average evolution speed = 18.29142835 code units/h
[Level 0 step 5498] Advanced 2097152 cells
[Level 1 step 10995] ADVANCE at time 54.97 with dt = 0.005
[Level 1 step 10995] average evolution speed = 18.28982883 code units/h
[Level 1 step 10995] Advanced 4096000 cells
[Level 2 step 21989] ADVANCE at time 54.97 with dt = 0.0025
[Level 2 step 21989] average evolution speed = 18.28748499 code units/h
[Level 2 step 21989] Advanced 4096000 cells
[Level 3 step 43977] ADVANCE at time 54.97 with dt = 0.00125
[Level 3 step 43977] average evolution speed = 18.28514385 code units/h
[Level 3 step 43977] Advanced 4096000 cells
[Level 3 step 43978] ADVANCE at time 54.97125 with dt = 0.00125
[Level 3 step 43978] average evolution speed = 18.28739512 code units/h
[Level 3 step 43978] Advanced 4096000 cells
[Level 2 step 21990] ADVANCE at time 54.9725 with dt = 0.0025
[Level 2 step 21990] average evolution speed = 18.28949232 code units/h
[Level 2 step 21990] Advanced 4096000 cells
[Level 3 step 43979] ADVANCE at time 54.9725 with dt = 0.00125
[Level 3 step 43979] average evolution speed = 18.28715688 code units/h
[Level 3 step 43979] Advanced 4096000 cells
[Level 3 step 43980] ADVANCE at time 54.97375 with dt = 0.00125
[Level 3 step 43980] average evolution speed = 18.28940851 code units/h
[Level 3 step 43980] Advanced 4096000 cells
[Level 1 step 10996] ADVANCE at time 54.975 with dt = 0.005
[Level 1 step 10996] average evolution speed = 18.29134621 code units/h
[Level 1 step 10996] Advanced 4096000 cells
[Level 2 step 21991] ADVANCE at time 54.975 with dt = 0.0025
[Level 2 step 21991] average evolution speed = 18.28901245 code units/h
[Level 2 step 21991] Advanced 4096000 cells
[Level 3 step 43981] ADVANCE at time 54.975 with dt = 0.00125
[Level 3 step 43981] average evolution speed = 18.28667282 code units/h
[Level 3 step 43981] Advanced 4096000 cells
[Level 3 step 43982] ADVANCE at time 54.97625 with dt = 0.00125
[Level 3 step 43982] average evolution speed = 18.28892227 code units/h
[Level 3 step 43982] Advanced 4096000 cells
[Level 2 step 21992] ADVANCE at time 54.9775 with dt = 0.0025
[Level 2 step 21992] average evolution speed = 18.29102639 code units/h
[Level 2 step 21992] Advanced 4096000 cells
[Level 3 step 43983] ADVANCE at time 54.9775 with dt = 0.00125
[Level 3 step 43983] average evolution speed = 18.2886911 code units/h
[Level 3 step 43983] Advanced 4096000 cells
[Level 3 step 43984] ADVANCE at time 54.97875 with dt = 0.00125
[Level 3 step 43984] average evolution speed = 18.29094093 code units/h
[Level 3 step 43984] Advanced 4096000 cells

[STEP 5498] Coarse TimeStep time: 1.926643203
[STEP 5498] FAB kilobyte spread across MPI nodes: [29446378 ... 29446378]

STEP = 5498 TIME = 54.98 DT = 0.01

[Level 0 step 5499] ADVANCE at time 54.98 with dt = 0.01
[Level 0 step 5499] average evolution speed = 18.29220239 code units/h
[Level 0 step 5499] Advanced 2097152 cells
[Level 1 step 10997] ADVANCE at time 54.98 with dt = 0.005
[Level 1 step 10997] average evolution speed = 18.29063366 code units/h
[Level 1 step 10997] Advanced 4096000 cells
[Level 2 step 21993] ADVANCE at time 54.98 with dt = 0.0025
[Level 2 step 21993] average evolution speed = 18.28830015 code units/h
[Level 2 step 21993] Advanced 4096000 cells
[Level 3 step 43985] ADVANCE at time 54.98 with dt = 0.00125
[Level 3 step 43985] average evolution speed = 18.2859623 code units/h
[Level 3 step 43985] Advanced 4096000 cells
[Level 3 step 43986] ADVANCE at time 54.98125 with dt = 0.00125
[Level 3 step 43986] average evolution speed = 18.2882069 code units/h
[Level 3 step 43986] Advanced 4096000 cells
[Level 2 step 21994] ADVANCE at time 54.9825 with dt = 0.0025
[Level 2 step 21994] average evolution speed = 18.29031313 code units/h
[Level 2 step 21994] Advanced 4096000 cells
[Level 3 step 43987] ADVANCE at time 54.9825 with dt = 0.00125
[Level 3 step 43987] average evolution speed = 18.28798114 code units/h
[Level 3 step 43987] Advanced 4096000 cells
[Level 3 step 43988] ADVANCE at time 54.98375 with dt = 0.00125
[Level 3 step 43988] average evolution speed = 18.29022679 code units/h
[Level 3 step 43988] Advanced 4096000 cells
[Level 1 step 10998] ADVANCE at time 54.985 with dt = 0.005
[Level 1 step 10998] average evolution speed = 18.29216207 code units/h
[Level 1 step 10998] Advanced 4096000 cells
[Level 2 step 21995] ADVANCE at time 54.985 with dt = 0.0025
[Level 2 step 21995] average evolution speed = 18.28983374 code units/h
[Level 2 step 21995] Advanced 4096000 cells
[Level 3 step 43989] ADVANCE at time 54.985 with dt = 0.00125
[Level 3 step 43989] average evolution speed = 18.287502 code units/h
[Level 3 step 43989] Advanced 4096000 cells
[Level 3 step 43990] ADVANCE at time 54.98625 with dt = 0.00125
[Level 3 step 43990] average evolution speed = 18.28974649 code units/h
[Level 3 step 43990] Advanced 4096000 cells
[Level 2 step 21996] ADVANCE at time 54.9875 with dt = 0.0025
[Level 2 step 21996] average evolution speed = 18.29182847 code units/h
[Level 2 step 21996] Advanced 4096000 cells
[Level 3 step 43991] ADVANCE at time 54.9875 with dt = 0.00125
[Level 3 step 43991] average evolution speed = 18.28950001 code units/h
[Level 3 step 43991] Advanced 4096000 cells
[Level 3 step 43992] ADVANCE at time 54.98875 with dt = 0.00125
[Level 3 step 43992] average evolution speed = 18.2917454 code units/h
[Level 3 step 43992] Advanced 4096000 cells

[STEP 5499] Coarse TimeStep time: 1.926537699
[STEP 5499] FAB kilobyte spread across MPI nodes: [29446378 ... 29446378]

STEP = 5499 TIME = 54.99 DT = 0.01

[Level 0 step 5500] ADVANCE at time 54.99 with dt = 0.01
[Level 0 step 5500] average evolution speed = 18.29297532 code units/h
[Level 0 step 5500] Advanced 2097152 cells
[Level 1 step 10999] ADVANCE at time 54.99 with dt = 0.005
[Level 1 step 10999] average evolution speed = 18.29142378 code units/h
[Level 1 step 10999] Advanced 4096000 cells
[Level 2 step 21997] ADVANCE at time 54.99 with dt = 0.0025
[Level 2 step 21997] average evolution speed = 18.2891021 code units/h
[Level 2 step 21997] Advanced 4096000 cells
[Level 3 step 43993] ADVANCE at time 54.99 with dt = 0.00125
[Level 3 step 43993] average evolution speed = 18.28677277 code units/h
[Level 3 step 43993] Advanced 4096000 cells
[Level 3 step 43994] ADVANCE at time 54.99125 with dt = 0.00125
[Level 3 step 43994] average evolution speed = 18.28901476 code units/h
[Level 3 step 43994] Advanced 4096000 cells
[Level 2 step 21998] ADVANCE at time 54.9925 with dt = 0.0025
[Level 2 step 21998] average evolution speed = 18.29109249 code units/h
[Level 2 step 21998] Advanced 4096000 cells
[Level 3 step 43995] ADVANCE at time 54.9925 with dt = 0.00125
[Level 3 step 43995] average evolution speed = 18.28876421 code units/h
[Level 3 step 43995] Advanced 4096000 cells
[Level 3 step 43996] ADVANCE at time 54.99375 with dt = 0.00125
[Level 3 step 43996] average evolution speed = 18.29100433 code units/h
[Level 3 step 43996] Advanced 4096000 cells
[Level 1 step 11000] ADVANCE at time 54.995 with dt = 0.005
[Level 1 step 11000] average evolution speed = 18.29293978 code units/h
[Level 1 step 11000] Advanced 4096000 cells
[Level 2 step 21999] ADVANCE at time 54.995 with dt = 0.0025
[Level 2 step 21999] average evolution speed = 18.29061613 code units/h
[Level 2 step 21999] Advanced 4096000 cells
[Level 3 step 43997] ADVANCE at time 54.995 with dt = 0.00125
[Level 3 step 43997] average evolution speed = 18.28828827 code units/h
[Level 3 step 43997] Advanced 4096000 cells
[Level 3 step 43998] ADVANCE at time 54.99625 with dt = 0.00125
[Level 3 step 43998] average evolution speed = 18.29052597 code units/h
[Level 3 step 43998] Advanced 4096000 cells
[Level 2 step 22000] ADVANCE at time 54.9975 with dt = 0.0025
[Level 2 step 22000] average evolution speed = 18.29260374 code units/h
[Level 2 step 22000] Advanced 4096000 cells
[Level 3 step 43999] ADVANCE at time 54.9975 with dt = 0.00125
[Level 3 step 43999] average evolution speed = 18.29027881 code units/h
[Level 3 step 43999] Advanced 4096000 cells
[Level 3 step 44000] ADVANCE at time 54.99875 with dt = 0.00125
[Level 3 step 44000] average evolution speed = 18.29251712 code units/h
[Level 3 step 44000] Advanced 4096000 cells

[STEP 5500] Coarse TimeStep time: 1.927133781
[STEP 5500] FAB kilobyte spread across MPI nodes: [29446378 ... 29446378]

STEP = 5500 TIME = 55 DT = 0.01

PLOTFILE: file = /tmp/grteclyn_scratch/merge_orbit_flip_d12_rw_r05000/BinaryWormholePlt05500
Write plotfile time = 1.448589184  seconds

Now regridding at level lbase = 2
grid_places() time: 0.006024902 new finest: 3
TIME = 55 : REGRID  with lbase = 2
  Level 3   125 grids  4096000 cells  0.3814697266 % of domain
            smallest grid: 32 x 32 x 32  biggest grid: 32 x 32 x 32

[Level 0 step 5501] ADVANCE at time 55 with dt = 0.01
[Level 0 step 5501] average evolution speed = 18.26668785 code units/h
[Level 0 step 5501] Advanced 2097152 cells
[Level 1 step 11001] ADVANCE at time 55 with dt = 0.005
[Level 1 step 11001] average evolution speed = 18.26512692 code units/h
[Level 1 step 11001] Advanced 4096000 cells
[Level 2 step 22001] ADVANCE at time 55 with dt = 0.0025
[Level 2 step 22001] average evolution speed = 18.26280918 code units/h
[Level 2 step 22001] Advanced 4096000 cells
[Level 3 step 44001] ADVANCE at time 55 with dt = 0.00125
[Level 3 step 44001] average evolution speed = 18.26048633 code units/h
[Level 3 step 44001] Advanced 4096000 cells
[Level 3 step 44002] ADVANCE at time 55.00125 with dt = 0.00125
[Level 3 step 44002] average evolution speed = 18.2627128 code units/h
[Level 3 step 44002] Advanced 4096000 cells
NaN diagnostic: rank=0 level=3 component=7 name=K
amrex::Abort::0::NaN in GRAMRLevel::post_timestep !!!
SIGABRT
See Backtrace.0 file for details
--------------------------------------------------------------------------
MPI_ABORT was invoked on rank 0 in communicator MPI_COMM_WORLD
  Proc: [[17441,0],0]
  Errorcode: 6

NOTE: invoking MPI_ABORT causes Open MPI to kill all MPI processes.
You may or may not see output from other processes, depending on
exactly when Open MPI kills them.
--------------------------------------------------------------------------
