[Level 3 step 11982] average evolution speed = 8.118980598 code units/h
[Level 3 step 11982] Advanced 11468800 cells
[Level 2 step 5992] ADVANCE at time 14.9775 with dt = 0.0025
[Level 2 step 5992] average evolution speed = 8.119202257 code units/h
[Level 2 step 5992] Advanced 7372800 cells
[Level 3 step 11983] ADVANCE at time 14.9775 with dt = 0.00125
[Level 3 step 11983] average evolution speed = 8.118927881 code units/h
[Level 3 step 11983] Advanced 11468800 cells
[Level 3 step 11984] ADVANCE at time 14.97875 with dt = 0.00125
[Level 3 step 11984] average evolution speed = 8.119177983 code units/h
[Level 3 step 11984] Advanced 11468800 cells

[STEP 1498] Coarse TimeStep time: 4.306407979
[STEP 1498] FAB kilobyte spread across MPI nodes: [36384131 ... 36384131]

STEP = 1498 TIME = 14.98 DT = 0.01

[Level 0 step 1499] ADVANCE at time 14.98 with dt = 0.01
[Level 0 step 1499] average evolution speed = 8.119310463 code units/h
[Level 0 step 1499] Advanced 2097152 cells
[Level 1 step 2997] ADVANCE at time 14.98 with dt = 0.005
[Level 1 step 2997] average evolution speed = 8.119193318 code units/h
[Level 1 step 2997] Advanced 5734400 cells
[Level 2 step 5993] ADVANCE at time 14.98 with dt = 0.0025
[Level 2 step 5993] average evolution speed = 8.118979372 code units/h
[Level 2 step 5993] Advanced 7372800 cells
[Level 3 step 11985] ADVANCE at time 14.98 with dt = 0.00125
[Level 3 step 11985] average evolution speed = 8.118704959 code units/h
[Level 3 step 11985] Advanced 11468800 cells
[Level 3 step 11986] ADVANCE at time 14.98125 with dt = 0.00125
[Level 3 step 11986] average evolution speed = 8.118954918 code units/h
[Level 3 step 11986] Advanced 11468800 cells
[Level 2 step 5994] ADVANCE at time 14.9825 with dt = 0.0025
[Level 2 step 5994] average evolution speed = 8.119180692 code units/h
[Level 2 step 5994] Advanced 7372800 cells
[Level 3 step 11987] ADVANCE at time 14.9825 with dt = 0.00125
[Level 3 step 11987] average evolution speed = 8.118906803 code units/h
[Level 3 step 11987] Advanced 11468800 cells
[Level 3 step 11988] ADVANCE at time 14.98375 with dt = 0.00125
[Level 3 step 11988] average evolution speed = 8.119156924 code units/h
[Level 3 step 11988] Advanced 11468800 cells
[Level 1 step 2998] ADVANCE at time 14.985 with dt = 0.005
[Level 1 step 2998] average evolution speed = 8.119366885 code units/h
[Level 1 step 2998] Advanced 5734400 cells
[Level 2 step 5995] ADVANCE at time 14.985 with dt = 0.0025
[Level 2 step 5995] average evolution speed = 8.119153441 code units/h
[Level 2 step 5995] Advanced 7372800 cells
[Level 3 step 11989] ADVANCE at time 14.985 with dt = 0.00125
[Level 3 step 11989] average evolution speed = 8.118878952 code units/h
[Level 3 step 11989] Advanced 11468800 cells
[Level 3 step 11990] ADVANCE at time 14.98625 with dt = 0.00125
[Level 3 step 11990] average evolution speed = 8.119128995 code units/h
[Level 3 step 11990] Advanced 11468800 cells
[Level 2 step 5996] ADVANCE at time 14.9875 with dt = 0.0025
[Level 2 step 5996] average evolution speed = 8.119349898 code units/h
[Level 2 step 5996] Advanced 7372800 cells
[Level 3 step 11991] ADVANCE at time 14.9875 with dt = 0.00125
[Level 3 step 11991] average evolution speed = 8.119075566 code units/h
[Level 3 step 11991] Advanced 11468800 cells
[Level 3 step 11992] ADVANCE at time 14.98875 with dt = 0.00125
[Level 3 step 11992] average evolution speed = 8.119325866 code units/h
[Level 3 step 11992] Advanced 11468800 cells

[STEP 1499] Coarse TimeStep time: 4.312094583
[STEP 1499] FAB kilobyte spread across MPI nodes: [36384131 ... 36384131]

STEP = 1499 TIME = 14.99 DT = 0.01

[Level 0 step 1500] ADVANCE at time 14.99 with dt = 0.01
[Level 0 step 1500] average evolution speed = 8.119459192 code units/h
[Level 0 step 1500] Advanced 2097152 cells
[Level 1 step 2999] ADVANCE at time 14.99 with dt = 0.005
[Level 1 step 2999] average evolution speed = 8.119342094 code units/h
[Level 1 step 2999] Advanced 5734400 cells
[Level 2 step 5997] ADVANCE at time 14.99 with dt = 0.0025
[Level 2 step 5997] average evolution speed = 8.119128459 code units/h
[Level 2 step 5997] Advanced 7372800 cells
[Level 3 step 11993] ADVANCE at time 14.99 with dt = 0.00125
[Level 3 step 11993] average evolution speed = 8.118854235 code units/h
[Level 3 step 11993] Advanced 11468800 cells
[Level 3 step 11994] ADVANCE at time 14.99125 with dt = 0.00125
[Level 3 step 11994] average evolution speed = 8.119104174 code units/h
[Level 3 step 11994] Advanced 11468800 cells
[Level 2 step 5998] ADVANCE at time 14.9925 with dt = 0.0025
[Level 2 step 5998] average evolution speed = 8.119325376 code units/h
[Level 2 step 5998] Advanced 7372800 cells
[Level 3 step 11995] ADVANCE at time 14.9925 with dt = 0.00125
[Level 3 step 11995] average evolution speed = 8.119051099 code units/h
[Level 3 step 11995] Advanced 11468800 cells
[Level 3 step 11996] ADVANCE at time 14.99375 with dt = 0.00125
[Level 3 step 11996] average evolution speed = 8.119301234 code units/h
[Level 3 step 11996] Advanced 11468800 cells
[Level 1 step 3000] ADVANCE at time 14.995 with dt = 0.005
[Level 1 step 3000] average evolution speed = 8.119504 code units/h
[Level 1 step 3000] Advanced 5734400 cells
[Level 2 step 5999] ADVANCE at time 14.995 with dt = 0.0025
[Level 2 step 5999] average evolution speed = 8.119290266 code units/h
[Level 2 step 5999] Advanced 7372800 cells
[Level 3 step 11997] ADVANCE at time 14.995 with dt = 0.00125
[Level 3 step 11997] average evolution speed = 8.119016 code units/h
[Level 3 step 11997] Advanced 11468800 cells
[Level 3 step 11998] ADVANCE at time 14.99625 with dt = 0.00125
[Level 3 step 11998] average evolution speed = 8.119265801 code units/h
[Level 3 step 11998] Advanced 11468800 cells
[Level 2 step 6000] ADVANCE at time 14.9975 with dt = 0.0025
[Level 2 step 6000] average evolution speed = 8.119492787 code units/h
[Level 2 step 6000] Advanced 7372800 cells
[Level 3 step 11999] ADVANCE at time 14.9975 with dt = 0.00125
[Level 3 step 11999] average evolution speed = 8.119219123 code units/h
[Level 3 step 11999] Advanced 11468800 cells
[Level 3 step 12000] ADVANCE at time 14.99875 with dt = 0.00125
[Level 3 step 12000] average evolution speed = 8.119469494 code units/h
[Level 3 step 12000] Advanced 11468800 cells

[STEP 1500] Coarse TimeStep time: 4.306578049
[STEP 1500] FAB kilobyte spread across MPI nodes: [36384131 ... 36384131]

STEP = 1500 TIME = 15 DT = 0.01

PLOTFILE: file = /tmp/grteclyn_scratch/ctrl_rest_d18_csm/BinaryWormholePlt01500
Write plotfile time = 3.24661451  seconds

Now regridding at level lbase = 2
grid_places() time: 0.00893384 new finest: 3
TIME = 15 : REGRID  with lbase = 2
  Level 3   350 grids  11468800 cells  1.068115234 % of domain
            smallest grid: 32 x 32 x 32  biggest grid: 32 x 32 x 32

[Level 0 step 1501] ADVANCE at time 15 with dt = 0.01
[Level 0 step 1501] average evolution speed = 8.115634715 code units/h
[Level 0 step 1501] Advanced 2097152 cells
[Level 1 step 3001] ADVANCE at time 15 with dt = 0.005
[Level 1 step 3001] average evolution speed = 8.115530132 code units/h
[Level 1 step 3001] Advanced 5734400 cells
[Level 2 step 6001] ADVANCE at time 15 with dt = 0.0025
[Level 2 step 6001] average evolution speed = 8.115316336 code units/h
[Level 2 step 6001] Advanced 7372800 cells
[Level 3 step 12001] ADVANCE at time 15 with dt = 0.00125
[Level 3 step 12001] average evolution speed = 8.115044858 code units/h
[Level 3 step 12001] Advanced 11468800 cells
[Level 3 step 12002] ADVANCE at time 15.00125 with dt = 0.00125
[Level 3 step 12002] average evolution speed = 8.115292988 code units/h
[Level 3 step 12002] Advanced 11468800 cells
[Level 2 step 6002] ADVANCE at time 15.0025 with dt = 0.0025
[Level 2 step 6002] average evolution speed = 8.115519367 code units/h
[Level 2 step 6002] Advanced 7372800 cells
[Level 3 step 12003] ADVANCE at time 15.0025 with dt = 0.00125
[Level 3 step 12003] average evolution speed = 8.115245565 code units/h
[Level 3 step 12003] Advanced 11468800 cells
[Level 3 step 12004] ADVANCE at time 15.00375 with dt = 0.00125
[Level 3 step 12004] average evolution speed = 8.115495089 code units/h
[Level 3 step 12004] Advanced 11468800 cells
[Level 1 step 3002] ADVANCE at time 15.005 with dt = 0.005
[Level 1 step 3002] average evolution speed = 8.115706406 code units/h
[Level 1 step 3002] Advanced 5734400 cells
[Level 2 step 6003] ADVANCE at time 15.005 with dt = 0.0025
[Level 2 step 6003] average evolution speed = 8.115492239 code units/h
[Level 2 step 6003] Advanced 7372800 cells
[Level 3 step 12005] ADVANCE at time 15.005 with dt = 0.00125
[Level 3 step 12005] average evolution speed = 8.115218419 code units/h
[Level 3 step 12005] Advanced 11468800 cells
[Level 3 step 12006] ADVANCE at time 15.00625 with dt = 0.00125
[Level 3 step 12006] average evolution speed = 8.115468151 code units/h
[Level 3 step 12006] Advanced 11468800 cells
[Level 2 step 6004] ADVANCE at time 15.0075 with dt = 0.0025
[Level 2 step 6004] average evolution speed = 8.115694881 code units/h
[Level 2 step 6004] Advanced 7372800 cells
[Level 3 step 12007] ADVANCE at time 15.0075 with dt = 0.00125
[Level 3 step 12007] average evolution speed = 8.115421662 code units/h
[Level 3 step 12007] Advanced 11468800 cells
[Level 3 step 12008] ADVANCE at time 15.00875 with dt = 0.00125
[Level 3 step 12008] average evolution speed = 8.115671506 code units/h
[Level 3 step 12008] Advanced 11468800 cells

[STEP 1501] Coarse TimeStep time: 4.300930971
[STEP 1501] FAB kilobyte spread across MPI nodes: [36384131 ... 36384131]

STEP = 1501 TIME = 15.01 DT = 0.01

CHECKPOINT: file = /tmp/grteclyn_scratch/ctrl_rest_d18_csm/BinaryWormholeChk01501
checkPoint() time = 14.0104152 secs.
[checkpoint_keep] removed /tmp/grteclyn_scratch/ctrl_rest_d18_csm/BinaryWormholeChk01000 (keeping newest 3)
PLOTFILE: file = /tmp/grteclyn_scratch/ctrl_rest_d18_csm/BinaryWormholePlt01501
Write plotfile time = 3.652099556  seconds

Unused ParmParse Variables:
  [TOP]::hdf5_subpath(nvals = 1)  :: [hdf5]
  [TOP]::nonzero_asymptotic_values(nvals = 5)  :: [1.0, 1.0, 1.0, 1.0, 1.0]
  [TOP]::nonzero_asymptotic_vars(nvals = 5)  :: [chi, h11, h22, h33, lapse]
  [TOP]::write_extraction(nvals = 1)  :: [0]

Total GPU global memory (MB) spread across MPI: [81079 ... 81079]
Free  GPU global memory (MB) spread across MPI: [40158 ... 40158]
[The         Arena] max space (MB) allocated spread across MPI: [39029 ... 39029]
[The         Arena] max space (MB) used      spread across MPI: [35586 ... 35586]
[The Managed Arena] max space (MB) allocated spread across MPI: [8 ... 8]
[The Managed Arena] max space (MB) used      spread across MPI: [0 ... 0]
[The  Pinned Arena] max space (MB) allocated spread across MPI: [49 ... 49]
[The  Pinned Arena] max space (MB) used      spread across MPI: [17 ... 17]
AMReX (26.02-12-gd7da50458966) finalized
