[Level 4 step 19185] Advanced 6897664 cells
[Level 5 step 38369] ADVANCE at time 149.875 with dt = 0.00390625
[Level 5 step 38369] average evolution speed = 37.52329166 code units/h
[Level 5 step 38369] Advanced 6897664 cells
[Level 5 step 38370] ADVANCE at time 149.8789062 with dt = 0.00390625
[Level 5 step 38370] average evolution speed = 37.52387806 code units/h
[Level 5 step 38370] Advanced 6897664 cells
[Level 4 step 19186] ADVANCE at time 149.8828125 with dt = 0.0078125
[Level 4 step 19186] average evolution speed = 37.52442167 code units/h
[Level 4 step 19186] Advanced 6897664 cells
[Level 5 step 38371] ADVANCE at time 149.8828125 with dt = 0.00390625
[Level 5 step 38371] average evolution speed = 37.52403195 code units/h
[Level 5 step 38371] Advanced 6897664 cells
[Level 5 step 38372] ADVANCE at time 149.8867188 with dt = 0.00390625
[Level 5 step 38372] average evolution speed = 37.5246154 code units/h
[Level 5 step 38372] Advanced 6897664 cells
[Level 3 step 9594] ADVANCE at time 149.890625 with dt = 0.015625
[Level 3 step 9594] average evolution speed = 37.5251201 code units/h
[Level 3 step 9594] Advanced 2097152 cells
[Level 4 step 19187] ADVANCE at time 149.890625 with dt = 0.0078125
[Level 4 step 19187] average evolution speed = 37.52501836 code units/h
[Level 4 step 19187] Advanced 6897664 cells
[Level 5 step 38373] ADVANCE at time 149.890625 with dt = 0.00390625
[Level 5 step 38373] average evolution speed = 37.52462106 code units/h
[Level 5 step 38373] Advanced 6897664 cells
[Level 5 step 38374] ADVANCE at time 149.8945312 with dt = 0.00390625
[Level 5 step 38374] average evolution speed = 37.52520497 code units/h
[Level 5 step 38374] Advanced 6897664 cells
[Level 4 step 19188] ADVANCE at time 149.8984375 with dt = 0.0078125
[Level 4 step 19188] average evolution speed = 37.52574919 code units/h
[Level 4 step 19188] Advanced 6897664 cells
[Level 5 step 38375] ADVANCE at time 149.8984375 with dt = 0.00390625
[Level 5 step 38375] average evolution speed = 37.52535665 code units/h
[Level 5 step 38375] Advanced 6897664 cells
[Level 5 step 38376] ADVANCE at time 149.9023438 with dt = 0.00390625
[Level 5 step 38376] average evolution speed = 37.52594142 code units/h
[Level 5 step 38376] Advanced 6897664 cells
[Level 2 step 4798] ADVANCE at time 149.90625 with dt = 0.03125
[Level 2 step 4798] average evolution speed = 37.52643592 code units/h
[Level 2 step 4798] Advanced 884736 cells
[Level 3 step 9595] ADVANCE at time 149.90625 with dt = 0.015625
[Level 3 step 9595] average evolution speed = 37.52639331 code units/h
[Level 3 step 9595] Advanced 2097152 cells
[Level 4 step 19189] ADVANCE at time 149.90625 with dt = 0.0078125
[Level 4 step 19189] average evolution speed = 37.52629136 code units/h
[Level 4 step 19189] Advanced 6897664 cells
[Level 5 step 38377] ADVANCE at time 149.90625 with dt = 0.00390625
[Level 5 step 38377] average evolution speed = 37.5258953 code units/h
[Level 5 step 38377] Advanced 6897664 cells
[Level 5 step 38378] ADVANCE at time 149.9101562 with dt = 0.00390625
[Level 5 step 38378] average evolution speed = 37.52648162 code units/h
[Level 5 step 38378] Advanced 6897664 cells
[Level 4 step 19190] ADVANCE at time 149.9140625 with dt = 0.0078125
[Level 4 step 19190] average evolution speed = 37.52702823 code units/h
[Level 4 step 19190] Advanced 6897664 cells
[Level 5 step 38379] ADVANCE at time 149.9140625 with dt = 0.00390625
[Level 5 step 38379] average evolution speed = 37.5266251 code units/h
[Level 5 step 38379] Advanced 6897664 cells
[Level 5 step 38380] ADVANCE at time 149.9179688 with dt = 0.00390625
[Level 5 step 38380] average evolution speed = 37.52721514 code units/h
[Level 5 step 38380] Advanced 6897664 cells
[Level 3 step 9596] ADVANCE at time 149.921875 with dt = 0.015625
[Level 3 step 9596] average evolution speed = 37.52771307 code units/h
[Level 3 step 9596] Advanced 2097152 cells
[Level 4 step 19191] ADVANCE at time 149.921875 with dt = 0.0078125
[Level 4 step 19191] average evolution speed = 37.52761134 code units/h
[Level 4 step 19191] Advanced 6897664 cells
[Level 5 step 38381] ADVANCE at time 149.921875 with dt = 0.00390625
[Level 5 step 38381] average evolution speed = 37.52722261 code units/h
[Level 5 step 38381] Advanced 6897664 cells
[Level 5 step 38382] ADVANCE at time 149.9257812 with dt = 0.00390625
[Level 5 step 38382] average evolution speed = 37.52779528 code units/h
[Level 5 step 38382] Advanced 6897664 cells
[Level 4 step 19192] ADVANCE at time 149.9296875 with dt = 0.0078125
[Level 4 step 19192] average evolution speed = 37.52831391 code units/h
[Level 4 step 19192] Advanced 6897664 cells
[Level 5 step 38383] ADVANCE at time 149.9296875 with dt = 0.00390625
[Level 5 step 38383] average evolution speed = 37.52790696 code units/h
[Level 5 step 38383] Advanced 6897664 cells
[Level 5 step 38384] ADVANCE at time 149.9335938 with dt = 0.00390625
[Level 5 step 38384] average evolution speed = 37.5284659 code units/h
[Level 5 step 38384] Advanced 6897664 cells
[Level 1 step 2400] ADVANCE at time 149.9375 with dt = 0.0625
[Level 1 step 2400] average evolution speed = 37.5289235 code units/h
[Level 1 step 2400] Advanced 262144 cells
[Level 2 step 4799] ADVANCE at time 149.9375 with dt = 0.03125
[Level 2 step 4799] average evolution speed = 37.52890867 code units/h
[Level 2 step 4799] Advanced 884736 cells
[Level 3 step 9597] ADVANCE at time 149.9375 with dt = 0.015625
[Level 3 step 9597] average evolution speed = 37.52886573 code units/h
[Level 3 step 9597] Advanced 2097152 cells
[Level 4 step 19193] ADVANCE at time 149.9375 with dt = 0.0078125
[Level 4 step 19193] average evolution speed = 37.52876334 code units/h
[Level 4 step 19193] Advanced 6897664 cells
[Level 5 step 38385] ADVANCE at time 149.9375 with dt = 0.00390625
[Level 5 step 38385] average evolution speed = 37.52835443 code units/h
[Level 5 step 38385] Advanced 6897664 cells
[Level 5 step 38386] ADVANCE at time 149.9414062 with dt = 0.00390625
[Level 5 step 38386] average evolution speed = 37.52892381 code units/h
[Level 5 step 38386] Advanced 6897664 cells
[Level 4 step 19194] ADVANCE at time 149.9453125 with dt = 0.0078125
[Level 4 step 19194] average evolution speed = 37.52943956 code units/h
[Level 4 step 19194] Advanced 6897664 cells
[Level 5 step 38387] ADVANCE at time 149.9453125 with dt = 0.00390625
[Level 5 step 38387] average evolution speed = 37.52903187 code units/h
[Level 5 step 38387] Advanced 6897664 cells
[Level 5 step 38388] ADVANCE at time 149.9492188 with dt = 0.00390625
[Level 5 step 38388] average evolution speed = 37.52959982 code units/h
[Level 5 step 38388] Advanced 6897664 cells
[Level 3 step 9598] ADVANCE at time 149.953125 with dt = 0.015625
[Level 3 step 9598] average evolution speed = 37.53007061 code units/h
[Level 3 step 9598] Advanced 2097152 cells
[Level 4 step 19195] ADVANCE at time 149.953125 with dt = 0.0078125
[Level 4 step 19195] average evolution speed = 37.52996826 code units/h
[Level 4 step 19195] Advanced 6897664 cells
[Level 5 step 38389] ADVANCE at time 149.953125 with dt = 0.00390625
[Level 5 step 38389] average evolution speed = 37.52955814 code units/h
[Level 5 step 38389] Advanced 6897664 cells
[Level 5 step 38390] ADVANCE at time 149.9570312 with dt = 0.00390625
[Level 5 step 38390] average evolution speed = 37.53012643 code units/h
[Level 5 step 38390] Advanced 6897664 cells
[Level 4 step 19196] ADVANCE at time 149.9609375 with dt = 0.0078125
[Level 4 step 19196] average evolution speed = 37.53060878 code units/h
[Level 4 step 19196] Advanced 6897664 cells
[Level 5 step 38391] ADVANCE at time 149.9609375 with dt = 0.00390625
[Level 5 step 38391] average evolution speed = 37.53017403 code units/h
[Level 5 step 38391] Advanced 6897664 cells
[Level 5 step 38392] ADVANCE at time 149.9648438 with dt = 0.00390625
[Level 5 step 38392] average evolution speed = 37.53071043 code units/h
[Level 5 step 38392] Advanced 6897664 cells
[Level 2 step 4800] ADVANCE at time 149.96875 with dt = 0.03125
[Level 2 step 4800] average evolution speed = 37.53113214 code units/h
[Level 2 step 4800] Advanced 884736 cells
[Level 3 step 9599] ADVANCE at time 149.96875 with dt = 0.015625
[Level 3 step 9599] average evolution speed = 37.5310888 code units/h
[Level 3 step 9599] Advanced 2097152 cells
[Level 4 step 19197] ADVANCE at time 149.96875 with dt = 0.0078125
[Level 4 step 19197] average evolution speed = 37.53098522 code units/h
[Level 4 step 19197] Advanced 6897664 cells
[Level 5 step 38393] ADVANCE at time 149.96875 with dt = 0.00390625
[Level 5 step 38393] average evolution speed = 37.53054769 code units/h
[Level 5 step 38393] Advanced 6897664 cells
[Level 5 step 38394] ADVANCE at time 149.9726562 with dt = 0.00390625
[Level 5 step 38394] average evolution speed = 37.53108895 code units/h
[Level 5 step 38394] Advanced 6897664 cells
[Level 4 step 19198] ADVANCE at time 149.9765625 with dt = 0.0078125
[Level 4 step 19198] average evolution speed = 37.53157318 code units/h
[Level 4 step 19198] Advanced 6897664 cells
[Level 5 step 38395] ADVANCE at time 149.9765625 with dt = 0.00390625
[Level 5 step 38395] average evolution speed = 37.53113946 code units/h
[Level 5 step 38395] Advanced 6897664 cells
[Level 5 step 38396] ADVANCE at time 149.9804688 with dt = 0.00390625
[Level 5 step 38396] average evolution speed = 37.53168049 code units/h
[Level 5 step 38396] Advanced 6897664 cells
[Level 3 step 9600] ADVANCE at time 149.984375 with dt = 0.015625
[Level 3 step 9600] average evolution speed = 37.53210941 code units/h
[Level 3 step 9600] Advanced 2097152 cells
[Level 4 step 19199] ADVANCE at time 149.984375 with dt = 0.0078125
[Level 4 step 19199] average evolution speed = 37.53200621 code units/h
[Level 4 step 19199] Advanced 6897664 cells
[Level 5 step 38397] ADVANCE at time 149.984375 with dt = 0.00390625
[Level 5 step 38397] average evolution speed = 37.53156863 code units/h
[Level 5 step 38397] Advanced 6897664 cells
[Level 5 step 38398] ADVANCE at time 149.9882812 with dt = 0.00390625
[Level 5 step 38398] average evolution speed = 37.53210913 code units/h
[Level 5 step 38398] Advanced 6897664 cells
[Level 4 step 19200] ADVANCE at time 149.9921875 with dt = 0.0078125
[Level 4 step 19200] average evolution speed = 37.53259178 code units/h
[Level 4 step 19200] Advanced 6897664 cells
[Level 5 step 38399] ADVANCE at time 149.9921875 with dt = 0.00390625
[Level 5 step 38399] average evolution speed = 37.532155 code units/h
[Level 5 step 38399] Advanced 6897664 cells
[Level 5 step 38400] ADVANCE at time 149.9960938 with dt = 0.00390625
[Level 5 step 38400] average evolution speed = 37.53269342 code units/h
[Level 5 step 38400] Advanced 6897664 cells

[STEP 1200] Coarse TimeStep time: 8.664383765
[STEP 1200] FAB kilobyte spread across MPI nodes: [39180255 ... 39180255]

STEP = 1200 TIME = 150 DT = 0.125

CHECKPOINT: file = /tmp/grteclyn_scratch/bbh_control_d12_p012_t150/BinaryWormholeChk01200
checkPoint() time = 6.108008778 secs.
PLOTFILE: file = /tmp/grteclyn_scratch/bbh_control_d12_p012_t150/BinaryWormholePlt01200
Write plotfile time = 0.836934813  seconds

GRTeclyn finished.
Unused ParmParse Variables:
  [TOP]::center(nvals = 3)  :: [32.0, 32.0, 32.0]
  [TOP]::output_path(nvals = 1)  :: [runs/wormhole_merger/bbh_control_d12_p012_t150]

Total GPU global memory (MB) spread across MPI: [81079 ... 81079]
Free  GPU global memory (MB) spread across MPI: [19304 ... 19304]
[The         Arena] max space (MB) allocated spread across MPI: [60809 ... 60809]
[The         Arena] max space (MB) used      spread across MPI: [38689 ... 38689]
[The Managed Arena] max space (MB) allocated spread across MPI: [8 ... 8]
[The Managed Arena] max space (MB) used      spread across MPI: [0 ... 0]
[The  Pinned Arena] max space (MB) allocated spread across MPI: [138 ... 138]
[The  Pinned Arena] max space (MB) used      spread across MPI: [68 ... 68]
AMReX (26.02-12-gd7da50458966) finalized
