[Level 5 step 255969] average evolution speed = 4.318202607 code units/h
[Level 5 step 255969] Advanced 4096000 cells
[Level 5 step 255970] ADVANCE at time 79.9903125 with dt = 0.0003125
[Level 5 step 255970] average evolution speed = 4.318225156 code units/h
[Level 5 step 255970] Advanced 4096000 cells
[Level 4 step 127986] ADVANCE at time 79.990625 with dt = 0.000625
[Level 4 step 127986] average evolution speed = 4.318246393 code units/h
[Level 4 step 127986] Advanced 4096000 cells
[Level 5 step 255971] ADVANCE at time 79.990625 with dt = 0.0003125
[Level 5 step 255971] average evolution speed = 4.318224482 code units/h
[Level 5 step 255971] Advanced 4096000 cells
[Level 5 step 255972] ADVANCE at time 79.9909375 with dt = 0.0003125
[Level 5 step 255972] average evolution speed = 4.318247106 code units/h
[Level 5 step 255972] Advanced 4096000 cells
[Level 3 step 63994] ADVANCE at time 79.99125 with dt = 0.00125
[Level 3 step 63994] average evolution speed = 4.318266891 code units/h
[Level 3 step 63994] Advanced 4096000 cells
[Level 4 step 127987] ADVANCE at time 79.99125 with dt = 0.000625
[Level 4 step 127987] average evolution speed = 4.318245139 code units/h
[Level 4 step 127987] Advanced 4096000 cells
[Level 5 step 255973] ADVANCE at time 79.99125 with dt = 0.0003125
[Level 5 step 255973] average evolution speed = 4.318223244 code units/h
[Level 5 step 255973] Advanced 4096000 cells
[Level 5 step 255974] ADVANCE at time 79.9915625 with dt = 0.0003125
[Level 5 step 255974] average evolution speed = 4.318245687 code units/h
[Level 5 step 255974] Advanced 4096000 cells
[Level 4 step 127988] ADVANCE at time 79.991875 with dt = 0.000625
[Level 4 step 127988] average evolution speed = 4.318266743 code units/h
[Level 4 step 127988] Advanced 4096000 cells
[Level 5 step 255975] ADVANCE at time 79.991875 with dt = 0.0003125
[Level 5 step 255975] average evolution speed = 4.318244734 code units/h
[Level 5 step 255975] Advanced 4096000 cells
[Level 5 step 255976] ADVANCE at time 79.9921875 with dt = 0.0003125
[Level 5 step 255976] average evolution speed = 4.318267157 code units/h
[Level 5 step 255976] Advanced 4096000 cells
[Level 2 step 31998] ADVANCE at time 79.9925 with dt = 0.0025
[Level 2 step 31998] average evolution speed = 4.318285417 code units/h
[Level 2 step 31998] Advanced 4096000 cells
[Level 3 step 63995] ADVANCE at time 79.9925 with dt = 0.00125
[Level 3 step 63995] average evolution speed = 4.318263635 code units/h
[Level 3 step 63995] Advanced 4096000 cells
[Level 4 step 127989] ADVANCE at time 79.9925 with dt = 0.000625
[Level 4 step 127989] average evolution speed = 4.318241808 code units/h
[Level 4 step 127989] Advanced 4096000 cells
[Level 5 step 255977] ADVANCE at time 79.9925 with dt = 0.0003125
[Level 5 step 255977] average evolution speed = 4.318219812 code units/h
[Level 5 step 255977] Advanced 4096000 cells
[Level 5 step 255978] ADVANCE at time 79.9928125 with dt = 0.0003125
[Level 5 step 255978] average evolution speed = 4.318242393 code units/h
[Level 5 step 255978] Advanced 4096000 cells
[Level 4 step 127990] ADVANCE at time 79.993125 with dt = 0.000625
[Level 4 step 127990] average evolution speed = 4.318263605 code units/h
[Level 4 step 127990] Advanced 4096000 cells
[Level 5 step 255979] ADVANCE at time 79.993125 with dt = 0.0003125
[Level 5 step 255979] average evolution speed = 4.318241674 code units/h
[Level 5 step 255979] Advanced 4096000 cells
[Level 5 step 255980] ADVANCE at time 79.9934375 with dt = 0.0003125
[Level 5 step 255980] average evolution speed = 4.318264237 code units/h
[Level 5 step 255980] Advanced 4096000 cells
[Level 3 step 63996] ADVANCE at time 79.99375 with dt = 0.00125
[Level 3 step 63996] average evolution speed = 4.318284084 code units/h
[Level 3 step 63996] Advanced 4096000 cells
[Level 4 step 127991] ADVANCE at time 79.99375 with dt = 0.000625
[Level 4 step 127991] average evolution speed = 4.318262329 code units/h
[Level 4 step 127991] Advanced 4096000 cells
[Level 5 step 255981] ADVANCE at time 79.99375 with dt = 0.0003125
[Level 5 step 255981] average evolution speed = 4.318240409 code units/h
[Level 5 step 255981] Advanced 4096000 cells
[Level 5 step 255982] ADVANCE at time 79.9940625 with dt = 0.0003125
[Level 5 step 255982] average evolution speed = 4.318263022 code units/h
[Level 5 step 255982] Advanced 4096000 cells
[Level 4 step 127992] ADVANCE at time 79.994375 with dt = 0.000625
[Level 4 step 127992] average evolution speed = 4.318284271 code units/h
[Level 4 step 127992] Advanced 4096000 cells
[Level 5 step 255983] ADVANCE at time 79.994375 with dt = 0.0003125
[Level 5 step 255983] average evolution speed = 4.318262376 code units/h
[Level 5 step 255983] Advanced 4096000 cells
[Level 5 step 255984] ADVANCE at time 79.9946875 with dt = 0.0003125
[Level 5 step 255984] average evolution speed = 4.31828498 code units/h
[Level 5 step 255984] Advanced 4096000 cells
[Level 1 step 16000] ADVANCE at time 79.995 with dt = 0.005
[Level 1 step 16000] average evolution speed = 4.318301938 code units/h
[Level 1 step 16000] Advanced 4096000 cells
[Level 2 step 31999] ADVANCE at time 79.995 with dt = 0.0025
[Level 2 step 31999] average evolution speed = 4.318280303 code units/h
[Level 2 step 31999] Advanced 4096000 cells
[Level 3 step 63997] ADVANCE at time 79.995 with dt = 0.00125
[Level 3 step 63997] average evolution speed = 4.318258511 code units/h
[Level 3 step 63997] Advanced 4096000 cells
[Level 4 step 127993] ADVANCE at time 79.995 with dt = 0.000625
[Level 4 step 127993] average evolution speed = 4.318236721 code units/h
[Level 4 step 127993] Advanced 4096000 cells
[Level 5 step 255985] ADVANCE at time 79.995 with dt = 0.0003125
[Level 5 step 255985] average evolution speed = 4.318214823 code units/h
[Level 5 step 255985] Advanced 4096000 cells
[Level 5 step 255986] ADVANCE at time 79.9953125 with dt = 0.0003125
[Level 5 step 255986] average evolution speed = 4.318237275 code units/h
[Level 5 step 255986] Advanced 4096000 cells
[Level 4 step 127994] ADVANCE at time 79.995625 with dt = 0.000625
[Level 4 step 127994] average evolution speed = 4.318258333 code units/h
[Level 4 step 127994] Advanced 4096000 cells
[Level 5 step 255987] ADVANCE at time 79.995625 with dt = 0.0003125
[Level 5 step 255987] average evolution speed = 4.318236365 code units/h
[Level 5 step 255987] Advanced 4096000 cells
[Level 5 step 255988] ADVANCE at time 79.9959375 with dt = 0.0003125
[Level 5 step 255988] average evolution speed = 4.318258793 code units/h
[Level 5 step 255988] Advanced 4096000 cells
[Level 3 step 63998] ADVANCE at time 79.99625 with dt = 0.00125
[Level 3 step 63998] average evolution speed = 4.318278452 code units/h
[Level 3 step 63998] Advanced 4096000 cells
[Level 4 step 127995] ADVANCE at time 79.99625 with dt = 0.000625
[Level 4 step 127995] average evolution speed = 4.318256655 code units/h
[Level 4 step 127995] Advanced 4096000 cells
[Level 5 step 255989] ADVANCE at time 79.99625 with dt = 0.0003125
[Level 5 step 255989] average evolution speed = 4.318234673 code units/h
[Level 5 step 255989] Advanced 4096000 cells
[Level 5 step 255990] ADVANCE at time 79.9965625 with dt = 0.0003125
[Level 5 step 255990] average evolution speed = 4.318257116 code units/h
[Level 5 step 255990] Advanced 4096000 cells
[Level 4 step 127996] ADVANCE at time 79.996875 with dt = 0.000625
[Level 4 step 127996] average evolution speed = 4.318278159 code units/h
[Level 4 step 127996] Advanced 4096000 cells
[Level 5 step 255991] ADVANCE at time 79.996875 with dt = 0.0003125
[Level 5 step 255991] average evolution speed = 4.318256175 code units/h
[Level 5 step 255991] Advanced 4096000 cells
[Level 5 step 255992] ADVANCE at time 79.9971875 with dt = 0.0003125
[Level 5 step 255992] average evolution speed = 4.318278631 code units/h
[Level 5 step 255992] Advanced 4096000 cells
[Level 2 step 32000] ADVANCE at time 79.9975 with dt = 0.0025
[Level 2 step 32000] average evolution speed = 4.318296864 code units/h
[Level 2 step 32000] Advanced 4096000 cells
[Level 3 step 63999] ADVANCE at time 79.9975 with dt = 0.00125
[Level 3 step 63999] average evolution speed = 4.318275104 code units/h
[Level 3 step 63999] Advanced 4096000 cells
[Level 4 step 127997] ADVANCE at time 79.9975 with dt = 0.000625
[Level 4 step 127997] average evolution speed = 4.318253296 code units/h
[Level 4 step 127997] Advanced 4096000 cells
[Level 5 step 255993] ADVANCE at time 79.9975 with dt = 0.0003125
[Level 5 step 255993] average evolution speed = 4.318231294 code units/h
[Level 5 step 255993] Advanced 4096000 cells
[Level 5 step 255994] ADVANCE at time 79.9978125 with dt = 0.0003125
[Level 5 step 255994] average evolution speed = 4.318253722 code units/h
[Level 5 step 255994] Advanced 4096000 cells
[Level 4 step 127998] ADVANCE at time 79.998125 with dt = 0.000625
[Level 4 step 127998] average evolution speed = 4.318274781 code units/h
[Level 4 step 127998] Advanced 4096000 cells
[Level 5 step 255995] ADVANCE at time 79.998125 with dt = 0.0003125
[Level 5 step 255995] average evolution speed = 4.318252824 code units/h
[Level 5 step 255995] Advanced 4096000 cells
[Level 5 step 255996] ADVANCE at time 79.9984375 with dt = 0.0003125
[Level 5 step 255996] average evolution speed = 4.318275267 code units/h
[Level 5 step 255996] Advanced 4096000 cells
[Level 3 step 64000] ADVANCE at time 79.99875 with dt = 0.00125
[Level 3 step 64000] average evolution speed = 4.318295074 code units/h
[Level 3 step 64000] Advanced 4096000 cells
[Level 4 step 127999] ADVANCE at time 79.99875 with dt = 0.000625
[Level 4 step 127999] average evolution speed = 4.318273344 code units/h
[Level 4 step 127999] Advanced 4096000 cells
[Level 5 step 255997] ADVANCE at time 79.99875 with dt = 0.0003125
[Level 5 step 255997] average evolution speed = 4.318251394 code units/h
[Level 5 step 255997] Advanced 4096000 cells
[Level 5 step 255998] ADVANCE at time 79.9990625 with dt = 0.0003125
[Level 5 step 255998] average evolution speed = 4.318273129 code units/h
[Level 5 step 255998] Advanced 4096000 cells
[Level 4 step 128000] ADVANCE at time 79.999375 with dt = 0.000625
[Level 4 step 128000] average evolution speed = 4.318294356 code units/h
[Level 4 step 128000] Advanced 4096000 cells
[Level 5 step 255999] ADVANCE at time 79.999375 with dt = 0.0003125
[Level 5 step 255999] average evolution speed = 4.318272453 code units/h
[Level 5 step 255999] Advanced 4096000 cells
[Level 5 step 256000] ADVANCE at time 79.9996875 with dt = 0.0003125
[Level 5 step 256000] average evolution speed = 4.31829496 code units/h
[Level 5 step 256000] Advanced 4096000 cells

[STEP 8000] Coarse TimeStep time: 8.336055288
[STEP 8000] FAB kilobyte spread across MPI nodes: [41687969 ... 41687969]

STEP = 8000 TIME = 80 DT = 0.01

CHECKPOINT: file = /tmp/grteclyn_scratch/m9b_fillwide80_r05000/BinaryWormholeChk08000
checkPoint() time = 8.185203575 secs.
[checkpoint_keep] removed /tmp/grteclyn_scratch/m9b_fillwide80_r05000/BinaryWormholeChk07000 (keeping newest 1)
PLOTFILE: file = /tmp/grteclyn_scratch/m9b_fillwide80_r05000/BinaryWormholePlt08000
Write plotfile time = 2.311988368  seconds

Unused ParmParse Variables:
  [TOP]::hdf5_subpath(nvals = 1)  :: [hdf5]
  [TOP]::nonzero_asymptotic_values(nvals = 5)  :: [1.0, 1.0, 1.0, 1.0, 1.0]
  [TOP]::nonzero_asymptotic_vars(nvals = 5)  :: [chi, h11, h22, h33, lapse]
  [TOP]::write_extraction(nvals = 1)  :: [0]

Total GPU global memory (MB) spread across MPI: [81079 ... 81079]
Free  GPU global memory (MB) spread across MPI: [37226 ... 37226]
[The         Arena] max space (MB) allocated spread across MPI: [42121 ... 42121]
[The         Arena] max space (MB) used      spread across MPI: [40767 ... 40767]
[The Managed Arena] max space (MB) allocated spread across MPI: [8 ... 8]
[The Managed Arena] max space (MB) used      spread across MPI: [0 ... 0]
[The  Pinned Arena] max space (MB) allocated spread across MPI: [41 ... 41]
[The  Pinned Arena] max space (MB) used      spread across MPI: [15 ... 15]
AMReX (26.02-12-gd7da50458966) finalized
