[Level 1 step 6613] Advanced 4096000 cells
[Level 2 step 13225] ADVANCE at time 33.06 with dt = 0.0025
[Level 2 step 13225] average evolution speed = 10.4536576 code units/h
[Level 2 step 13225] Advanced 4915200 cells
[Level 3 step 26449] ADVANCE at time 33.06 with dt = 0.00125
[Level 3 step 26449] average evolution speed = 10.45351937 code units/h
[Level 3 step 26449] Advanced 6881280 cells
[Level 3 step 26450] ADVANCE at time 33.06125 with dt = 0.00125
[Level 3 step 26450] average evolution speed = 10.45372304 code units/h
[Level 3 step 26450] Advanced 6881280 cells
[Level 2 step 13226] ADVANCE at time 33.0625 with dt = 0.0025
[Level 2 step 13226] average evolution speed = 10.45391466 code units/h
[Level 2 step 13226] Advanced 4915200 cells
[Level 3 step 26451] ADVANCE at time 33.0625 with dt = 0.00125
[Level 3 step 26451] average evolution speed = 10.45377622 code units/h
[Level 3 step 26451] Advanced 6881280 cells
[Level 3 step 26452] ADVANCE at time 33.06375 with dt = 0.00125
[Level 3 step 26452] average evolution speed = 10.45398017 code units/h
[Level 3 step 26452] Advanced 6881280 cells
[Level 1 step 6614] ADVANCE at time 33.065 with dt = 0.005
[Level 1 step 6614] average evolution speed = 10.45416263 code units/h
[Level 1 step 6614] Advanced 4096000 cells
[Level 2 step 13227] ADVANCE at time 33.065 with dt = 0.0025
[Level 2 step 13227] average evolution speed = 10.45404662 code units/h
[Level 2 step 13227] Advanced 4915200 cells
[Level 3 step 26453] ADVANCE at time 33.065 with dt = 0.00125
[Level 3 step 26453] average evolution speed = 10.45390838 code units/h
[Level 3 step 26453] Advanced 6881280 cells
[Level 3 step 26454] ADVANCE at time 33.06625 with dt = 0.00125
[Level 3 step 26454] average evolution speed = 10.45411224 code units/h
[Level 3 step 26454] Advanced 6881280 cells
[Level 2 step 13228] ADVANCE at time 33.0675 with dt = 0.0025
[Level 2 step 13228] average evolution speed = 10.45430402 code units/h
[Level 2 step 13228] Advanced 4915200 cells
[Level 3 step 26455] ADVANCE at time 33.0675 with dt = 0.00125
[Level 3 step 26455] average evolution speed = 10.45416582 code units/h
[Level 3 step 26455] Advanced 6881280 cells
[Level 3 step 26456] ADVANCE at time 33.06875 with dt = 0.00125
[Level 3 step 26456] average evolution speed = 10.45436955 code units/h
[Level 3 step 26456] Advanced 6881280 cells

[STEP 3307] Coarse TimeStep time: 2.932086401
[STEP 3307] FAB kilobyte spread across MPI nodes: [30080106 ... 30080106]

STEP = 3307 TIME = 33.07 DT = 0.01

[Level 0 step 3308] ADVANCE at time 33.07 with dt = 0.01
[Level 0 step 3308] average evolution speed = 10.45432948 code units/h
[Level 0 step 3308] Advanced 2097152 cells
[Level 1 step 6615] ADVANCE at time 33.07 with dt = 0.005
[Level 1 step 6615] average evolution speed = 10.45424337 code units/h
[Level 1 step 6615] Advanced 4096000 cells
[Level 2 step 13229] ADVANCE at time 33.07 with dt = 0.0025
[Level 2 step 13229] average evolution speed = 10.45412696 code units/h
[Level 2 step 13229] Advanced 4915200 cells
[Level 3 step 26457] ADVANCE at time 33.07 with dt = 0.00125
[Level 3 step 26457] average evolution speed = 10.45398847 code units/h
[Level 3 step 26457] Advanced 6881280 cells
[Level 3 step 26458] ADVANCE at time 33.07125 with dt = 0.00125
[Level 3 step 26458] average evolution speed = 10.45419184 code units/h
[Level 3 step 26458] Advanced 6881280 cells
[Level 2 step 13230] ADVANCE at time 33.0725 with dt = 0.0025
[Level 2 step 13230] average evolution speed = 10.45438324 code units/h
[Level 2 step 13230] Advanced 4915200 cells
[Level 3 step 26459] ADVANCE at time 33.0725 with dt = 0.00125
[Level 3 step 26459] average evolution speed = 10.45424485 code units/h
[Level 3 step 26459] Advanced 6881280 cells
[Level 3 step 26460] ADVANCE at time 33.07375 with dt = 0.00125
[Level 3 step 26460] average evolution speed = 10.45444859 code units/h
[Level 3 step 26460] Advanced 6881280 cells
[Level 1 step 6616] ADVANCE at time 33.075 with dt = 0.005
[Level 1 step 6616] average evolution speed = 10.45463111 code units/h
[Level 1 step 6616] Advanced 4096000 cells
[Level 2 step 13231] ADVANCE at time 33.075 with dt = 0.0025
[Level 2 step 13231] average evolution speed = 10.4545153 code units/h
[Level 2 step 13231] Advanced 4915200 cells
[Level 3 step 26461] ADVANCE at time 33.075 with dt = 0.00125
[Level 3 step 26461] average evolution speed = 10.45437742 code units/h
[Level 3 step 26461] Advanced 6881280 cells
[Level 3 step 26462] ADVANCE at time 33.07625 with dt = 0.00125
[Level 3 step 26462] average evolution speed = 10.4545812 code units/h
[Level 3 step 26462] Advanced 6881280 cells
[Level 2 step 13232] ADVANCE at time 33.0775 with dt = 0.0025
[Level 2 step 13232] average evolution speed = 10.45477255 code units/h
[Level 2 step 13232] Advanced 4915200 cells
[Level 3 step 26463] ADVANCE at time 33.0775 with dt = 0.00125
[Level 3 step 26463] average evolution speed = 10.45463408 code units/h
[Level 3 step 26463] Advanced 6881280 cells
[Level 3 step 26464] ADVANCE at time 33.07875 with dt = 0.00125
[Level 3 step 26464] average evolution speed = 10.45483761 code units/h
[Level 3 step 26464] Advanced 6881280 cells

[STEP 3308] Coarse TimeStep time: 2.932334895
[STEP 3308] FAB kilobyte spread across MPI nodes: [30080106 ... 30080106]

STEP = 3308 TIME = 33.08 DT = 0.01

Now regridding at level lbase = 2
grid_places() time: 0.007838125 new finest: 3
TIME = 33.08 : REGRID  with lbase = 2
  Level 3   210 grids  6881280 cells  0.6408691406 % of domain
            smallest grid: 32 x 32 x 32  biggest grid: 32 x 32 x 32

[Level 0 step 3309] ADVANCE at time 33.08 with dt = 0.01
[Level 0 step 3309] average evolution speed = 10.45478822 code units/h
[Level 0 step 3309] Advanced 2097152 cells
[Level 1 step 6617] ADVANCE at time 33.08 with dt = 0.005
[Level 1 step 6617] average evolution speed = 10.45470272 code units/h
[Level 1 step 6617] Advanced 4096000 cells
[Level 2 step 13233] ADVANCE at time 33.08 with dt = 0.0025
[Level 2 step 13233] average evolution speed = 10.45458636 code units/h
[Level 2 step 13233] Advanced 4915200 cells
[Level 3 step 26465] ADVANCE at time 33.08 with dt = 0.00125
[Level 3 step 26465] average evolution speed = 10.45444821 code units/h
[Level 3 step 26465] Advanced 6881280 cells
[Level 3 step 26466] ADVANCE at time 33.08125 with dt = 0.00125
[Level 3 step 26466] average evolution speed = 10.45465089 code units/h
[Level 3 step 26466] Advanced 6881280 cells
[Level 2 step 13234] ADVANCE at time 33.0825 with dt = 0.0025
[Level 2 step 13234] average evolution speed = 10.45484239 code units/h
[Level 2 step 13234] Advanced 4915200 cells
[Level 3 step 26467] ADVANCE at time 33.0825 with dt = 0.00125
[Level 3 step 26467] average evolution speed = 10.45470407 code units/h
[Level 3 step 26467] Advanced 6881280 cells
[Level 3 step 26468] ADVANCE at time 33.08375 with dt = 0.00125
[Level 3 step 26468] average evolution speed = 10.45490715 code units/h
[Level 3 step 26468] Advanced 6881280 cells
[Level 1 step 6618] ADVANCE at time 33.085 with dt = 0.005
[Level 1 step 6618] average evolution speed = 10.4550914 code units/h
[Level 1 step 6618] Advanced 4096000 cells
[Level 2 step 13235] ADVANCE at time 33.085 with dt = 0.0025
[Level 2 step 13235] average evolution speed = 10.45497583 code units/h
[Level 2 step 13235] Advanced 4915200 cells
[Level 3 step 26469] ADVANCE at time 33.085 with dt = 0.00125
[Level 3 step 26469] average evolution speed = 10.45483789 code units/h
[Level 3 step 26469] Advanced 6881280 cells
[Level 3 step 26470] ADVANCE at time 33.08625 with dt = 0.00125
[Level 3 step 26470] average evolution speed = 10.45504121 code units/h
[Level 3 step 26470] Advanced 6881280 cells
[Level 2 step 13236] ADVANCE at time 33.0875 with dt = 0.0025
[Level 2 step 13236] average evolution speed = 10.45523355 code units/h
[Level 2 step 13236] Advanced 4915200 cells
[Level 3 step 26471] ADVANCE at time 33.0875 with dt = 0.00125
[Level 3 step 26471] average evolution speed = 10.45509564 code units/h
[Level 3 step 26471] Advanced 6881280 cells
[Level 3 step 26472] ADVANCE at time 33.08875 with dt = 0.00125
[Level 3 step 26472] average evolution speed = 10.45529908 code units/h
[Level 3 step 26472] Advanced 6881280 cells

[STEP 3309] Coarse TimeStep time: 2.942220366
[STEP 3309] FAB kilobyte spread across MPI nodes: [30080106 ... 30080106]

STEP = 3309 TIME = 33.09 DT = 0.01

[Level 0 step 3310] ADVANCE at time 33.09 with dt = 0.01
[Level 0 step 3310] average evolution speed = 10.4552585 code units/h
[Level 0 step 3310] Advanced 2097152 cells
[Level 1 step 6619] ADVANCE at time 33.09 with dt = 0.005
[Level 1 step 6619] average evolution speed = 10.45517847 code units/h
[Level 1 step 6619] Advanced 4096000 cells
[Level 2 step 13237] ADVANCE at time 33.09 with dt = 0.0025
[Level 2 step 13237] average evolution speed = 10.45506251 code units/h
[Level 2 step 13237] Advanced 4915200 cells
[Level 3 step 26473] ADVANCE at time 33.09 with dt = 0.00125
[Level 3 step 26473] average evolution speed = 10.45492471 code units/h
[Level 3 step 26473] Advanced 6881280 cells
[Level 3 step 26474] ADVANCE at time 33.09125 with dt = 0.00125
[Level 3 step 26474] average evolution speed = 10.45512512 code units/h
[Level 3 step 26474] Advanced 6881280 cells
[Level 2 step 13238] ADVANCE at time 33.0925 with dt = 0.0025
[Level 2 step 13238] average evolution speed = 10.45531801 code units/h
[Level 2 step 13238] Advanced 4915200 cells
[Level 3 step 26475] ADVANCE at time 33.0925 with dt = 0.00125
[Level 3 step 26475] average evolution speed = 10.45517995 code units/h
[Level 3 step 26475] Advanced 6881280 cells
[Level 3 step 26476] ADVANCE at time 33.09375 with dt = 0.00125
[Level 3 step 26476] average evolution speed = 10.4553833 code units/h
[Level 3 step 26476] Advanced 6881280 cells
[Level 1 step 6620] ADVANCE at time 33.095 with dt = 0.005
[Level 1 step 6620] average evolution speed = 10.45556469 code units/h
[Level 1 step 6620] Advanced 4096000 cells
[Level 2 step 13239] ADVANCE at time 33.095 with dt = 0.0025
[Level 2 step 13239] average evolution speed = 10.45544904 code units/h
[Level 2 step 13239] Advanced 4915200 cells
[Level 3 step 26477] ADVANCE at time 33.095 with dt = 0.00125
[Level 3 step 26477] average evolution speed = 10.455311 code units/h
[Level 3 step 26477] Advanced 6881280 cells
[Level 3 step 26478] ADVANCE at time 33.09625 with dt = 0.00125
[Level 3 step 26478] average evolution speed = 10.45551456 code units/h
[Level 3 step 26478] Advanced 6881280 cells
[Level 2 step 13240] ADVANCE at time 33.0975 with dt = 0.0025
[Level 2 step 13240] average evolution speed = 10.45570662 code units/h
[Level 2 step 13240] Advanced 4915200 cells
[Level 3 step 26479] ADVANCE at time 33.0975 with dt = 0.00125
[Level 3 step 26479] average evolution speed = 10.45556883 code units/h
[Level 3 step 26479] Advanced 6881280 cells
[Level 3 step 26480] ADVANCE at time 33.09875 with dt = 0.00125
[Level 3 step 26480] average evolution speed = 10.45577245 code units/h
[Level 3 step 26480] Advanced 6881280 cells
Terminated
