[Level 5 step 192001] ADVANCE at time 60 with dt = 0.0003125
[Level 5 step 192001] average evolution speed = 3.85419126 code units/h
[Level 5 step 192001] Advanced 4096000 cells
[Level 5 step 192002] ADVANCE at time 60.0003125 with dt = 0.0003125
[Level 5 step 192002] average evolution speed = 3.854224982 code units/h
[Level 5 step 192002] Advanced 4096000 cells
[Level 4 step 96002] ADVANCE at time 60.000625 with dt = 0.000625
[Level 4 step 96002] average evolution speed = 3.854257084 code units/h
[Level 4 step 96002] Advanced 4096000 cells
[Level 5 step 192003] ADVANCE at time 60.000625 with dt = 0.0003125
[Level 5 step 192003] average evolution speed = 3.854230769 code units/h
[Level 5 step 192003] Advanced 4096000 cells
[Level 5 step 192004] ADVANCE at time 60.0009375 with dt = 0.0003125
[Level 5 step 192004] average evolution speed = 3.854264597 code units/h
[Level 5 step 192004] Advanced 4096000 cells
[Level 3 step 48002] ADVANCE at time 60.00125 with dt = 0.00125
[Level 3 step 48002] average evolution speed = 3.854294979 code units/h
[Level 3 step 48002] Advanced 4096000 cells
[Level 4 step 96003] ADVANCE at time 60.00125 with dt = 0.000625
[Level 4 step 96003] average evolution speed = 3.854268674 code units/h
[Level 4 step 96003] Advanced 4096000 cells
[Level 5 step 192005] ADVANCE at time 60.00125 with dt = 0.0003125
[Level 5 step 192005] average evolution speed = 3.854242221 code units/h
[Level 5 step 192005] Advanced 4096000 cells
[Level 5 step 192006] ADVANCE at time 60.0015625 with dt = 0.0003125
[Level 5 step 192006] average evolution speed = 3.854276099 code units/h
[Level 5 step 192006] Advanced 4096000 cells
[Level 4 step 96004] ADVANCE at time 60.001875 with dt = 0.000625
[Level 4 step 96004] average evolution speed = 3.854308452 code units/h
[Level 4 step 96004] Advanced 4096000 cells
[Level 5 step 192007] ADVANCE at time 60.001875 with dt = 0.0003125
[Level 5 step 192007] average evolution speed = 3.854282231 code units/h
[Level 5 step 192007] Advanced 4096000 cells
[Level 5 step 192008] ADVANCE at time 60.0021875 with dt = 0.0003125
[Level 5 step 192008] average evolution speed = 3.854316119 code units/h
[Level 5 step 192008] Advanced 4096000 cells
[Level 2 step 24002] ADVANCE at time 60.0025 with dt = 0.0025
[Level 2 step 24002] average evolution speed = 3.854345563 code units/h
[Level 2 step 24002] Advanced 4096000 cells
[Level 3 step 48003] ADVANCE at time 60.0025 with dt = 0.00125
[Level 3 step 48003] average evolution speed = 3.854319416 code units/h
[Level 3 step 48003] Advanced 4096000 cells
[Level 4 step 96005] ADVANCE at time 60.0025 with dt = 0.000625
[Level 4 step 96005] average evolution speed = 3.854293179 code units/h
[Level 4 step 96005] Advanced 4096000 cells
[Level 5 step 192009] ADVANCE at time 60.0025 with dt = 0.0003125
[Level 5 step 192009] average evolution speed = 3.854266884 code units/h
[Level 5 step 192009] Advanced 4096000 cells
[Level 5 step 192010] ADVANCE at time 60.0028125 with dt = 0.0003125
[Level 5 step 192010] average evolution speed = 3.854300786 code units/h
[Level 5 step 192010] Advanced 4096000 cells
[Level 4 step 96006] ADVANCE at time 60.003125 with dt = 0.000625
[Level 4 step 96006] average evolution speed = 3.854333189 code units/h
[Level 4 step 96006] Advanced 4096000 cells
[Level 5 step 192011] ADVANCE at time 60.003125 with dt = 0.0003125
[Level 5 step 192011] average evolution speed = 3.854306958 code units/h
[Level 5 step 192011] Advanced 4096000 cells
[Level 5 step 192012] ADVANCE at time 60.0034375 with dt = 0.0003125
[Level 5 step 192012] average evolution speed = 3.854340852 code units/h
[Level 5 step 192012] Advanced 4096000 cells
[Level 3 step 48004] ADVANCE at time 60.00375 with dt = 0.00125
[Level 3 step 48004] average evolution speed = 3.854371791 code units/h
[Level 3 step 48004] Advanced 4096000 cells
[Level 4 step 96007] ADVANCE at time 60.00375 with dt = 0.000625
[Level 4 step 96007] average evolution speed = 3.854345521 code units/h
[Level 4 step 96007] Advanced 4096000 cells
[Level 5 step 192013] ADVANCE at time 60.00375 with dt = 0.0003125
[Level 5 step 192013] average evolution speed = 3.854319217 code units/h
[Level 5 step 192013] Advanced 4096000 cells
[Level 5 step 192014] ADVANCE at time 60.0040625 with dt = 0.0003125
[Level 5 step 192014] average evolution speed = 3.854353105 code units/h
[Level 5 step 192014] Advanced 4096000 cells
[Level 4 step 96008] ADVANCE at time 60.004375 with dt = 0.000625
[Level 4 step 96008] average evolution speed = 3.854385504 code units/h
[Level 4 step 96008] Advanced 4096000 cells
[Level 5 step 192015] ADVANCE at time 60.004375 with dt = 0.0003125
[Level 5 step 192015] average evolution speed = 3.854359282 code units/h
[Level 5 step 192015] Advanced 4096000 cells
[Level 5 step 192016] ADVANCE at time 60.0046875 with dt = 0.0003125
[Level 5 step 192016] average evolution speed = 3.854393179 code units/h
[Level 5 step 192016] Advanced 4096000 cells
[Level 1 step 12002] ADVANCE at time 60.005 with dt = 0.005
[Level 1 step 12002] average evolution speed = 3.854421164 code units/h
[Level 1 step 12002] Advanced 4096000 cells
[Level 2 step 24003] ADVANCE at time 60.005 with dt = 0.0025
[Level 2 step 24003] average evolution speed = 3.854392485 code units/h
[Level 2 step 24003] Advanced 4096000 cells
[Level 3 step 48005] ADVANCE at time 60.005 with dt = 0.00125
[Level 3 step 48005] average evolution speed = 3.854366323 code units/h
[Level 3 step 48005] Advanced 4096000 cells
[Level 4 step 96009] ADVANCE at time 60.005 with dt = 0.000625
[Level 4 step 96009] average evolution speed = 3.854340091 code units/h
[Level 4 step 96009] Advanced 4096000 cells
[Level 5 step 192017] ADVANCE at time 60.005 with dt = 0.0003125
[Level 5 step 192017] average evolution speed = 3.854313836 code units/h
[Level 5 step 192017] Advanced 4096000 cells
[Level 5 step 192018] ADVANCE at time 60.0053125 with dt = 0.0003125
[Level 5 step 192018] average evolution speed = 3.854347716 code units/h
[Level 5 step 192018] Advanced 4096000 cells
[Level 4 step 96010] ADVANCE at time 60.005625 with dt = 0.000625
[Level 4 step 96010] average evolution speed = 3.854380167 code units/h
[Level 4 step 96010] Advanced 4096000 cells
[Level 5 step 192019] ADVANCE at time 60.005625 with dt = 0.0003125
[Level 5 step 192019] average evolution speed = 3.854353961 code units/h
[Level 5 step 192019] Advanced 4096000 cells
[Level 5 step 192020] ADVANCE at time 60.0059375 with dt = 0.0003125
[Level 5 step 192020] average evolution speed = 3.854387875 code units/h
[Level 5 step 192020] Advanced 4096000 cells
[Level 3 step 48006] ADVANCE at time 60.00625 with dt = 0.00125
[Level 3 step 48006] average evolution speed = 3.854418792 code units/h
[Level 3 step 48006] Advanced 4096000 cells
[Level 4 step 96011] ADVANCE at time 60.00625 with dt = 0.000625
[Level 4 step 96011] average evolution speed = 3.854392543 code units/h
[Level 4 step 96011] Advanced 4096000 cells
[Level 5 step 192021] ADVANCE at time 60.00625 with dt = 0.0003125
[Level 5 step 192021] average evolution speed = 3.854366276 code units/h
[Level 5 step 192021] Advanced 4096000 cells
[Level 5 step 192022] ADVANCE at time 60.0065625 with dt = 0.0003125
[Level 5 step 192022] average evolution speed = 3.854400164 code units/h
[Level 5 step 192022] Advanced 4096000 cells
[Level 4 step 96012] ADVANCE at time 60.006875 with dt = 0.000625
[Level 4 step 96012] average evolution speed = 3.85443247 code units/h
[Level 4 step 96012] Advanced 4096000 cells
[Level 5 step 192023] ADVANCE at time 60.006875 with dt = 0.0003125
[Level 5 step 192023] average evolution speed = 3.854406247 code units/h
[Level 5 step 192023] Advanced 4096000 cells
[Level 5 step 192024] ADVANCE at time 60.0071875 with dt = 0.0003125
[Level 5 step 192024] average evolution speed = 3.854440117 code units/h
[Level 5 step 192024] Advanced 4096000 cells
[Level 2 step 24004] ADVANCE at time 60.0075 with dt = 0.0025
[Level 2 step 24004] average evolution speed = 3.854469544 code units/h
[Level 2 step 24004] Advanced 4096000 cells
[Level 3 step 48007] ADVANCE at time 60.0075 with dt = 0.00125
[Level 3 step 48007] average evolution speed = 3.854443397 code units/h
[Level 3 step 48007] Advanced 4096000 cells
[Level 4 step 96013] ADVANCE at time 60.0075 with dt = 0.000625
[Level 4 step 96013] average evolution speed = 3.854417159 code units/h
[Level 4 step 96013] Advanced 4096000 cells
[Level 5 step 192025] ADVANCE at time 60.0075 with dt = 0.0003125
[Level 5 step 192025] average evolution speed = 3.854390903 code units/h
[Level 5 step 192025] Advanced 4096000 cells
[Level 5 step 192026] ADVANCE at time 60.0078125 with dt = 0.0003125
[Level 5 step 192026] average evolution speed = 3.854424775 code units/h
[Level 5 step 192026] Advanced 4096000 cells
[Level 4 step 96014] ADVANCE at time 60.008125 with dt = 0.000625
[Level 4 step 96014] average evolution speed = 3.854457041 code units/h
[Level 4 step 96014] Advanced 4096000 cells
[Level 5 step 192027] ADVANCE at time 60.008125 with dt = 0.0003125
[Level 5 step 192027] average evolution speed = 3.85443074 code units/h
[Level 5 step 192027] Advanced 4096000 cells
[Level 5 step 192028] ADVANCE at time 60.0084375 with dt = 0.0003125
[Level 5 step 192028] average evolution speed = 3.854464515 code units/h
[Level 5 step 192028] Advanced 4096000 cells
[Level 3 step 48008] ADVANCE at time 60.00875 with dt = 0.00125
[Level 3 step 48008] average evolution speed = 3.854494857 code units/h
[Level 3 step 48008] Advanced 4096000 cells
[Level 4 step 96015] ADVANCE at time 60.00875 with dt = 0.000625
[Level 4 step 96015] average evolution speed = 3.854468524 code units/h
[Level 4 step 96015] Advanced 4096000 cells
[Level 5 step 192029] ADVANCE at time 60.00875 with dt = 0.0003125
[Level 5 step 192029] average evolution speed = 3.854442166 code units/h
[Level 5 step 192029] Advanced 4096000 cells
[Level 5 step 192030] ADVANCE at time 60.0090625 with dt = 0.0003125
[Level 5 step 192030] average evolution speed = 3.854475939 code units/h
[Level 5 step 192030] Advanced 4096000 cells
[Level 4 step 96016] ADVANCE at time 60.009375 with dt = 0.000625
[Level 4 step 96016] average evolution speed = 3.854507686 code units/h
[Level 4 step 96016] Advanced 4096000 cells
[Level 5 step 192031] ADVANCE at time 60.009375 with dt = 0.0003125
[Level 5 step 192031] average evolution speed = 3.854481355 code units/h
[Level 5 step 192031] Advanced 4096000 cells
[Level 5 step 192032] ADVANCE at time 60.0096875 with dt = 0.0003125
[Level 5 step 192032] average evolution speed = 3.854515142 code units/h
[Level 5 step 192032] Advanced 4096000 cells

[STEP 6001] Coarse TimeStep time: 9.298000912
[STEP 6001] FAB kilobyte spread across MPI nodes: [57302543 ... 57302543]

STEP = 6001 TIME = 60.01 DT = 0.01

CHECKPOINT: file = /tmp/grteclyn_scratch/merge_orbit_flip_d12_p060_L128_lvl5from40_chi1e4_t060_lbf_csm_r04000/BinaryWormholeChk06001
checkPoint() time = 12.67076318 secs.
[checkpoint_keep] removed /tmp/grteclyn_scratch/merge_orbit_flip_d12_p060_L128_lvl5from40_chi1e4_t060_lbf_csm_r04000/BinaryWormholeChk05000 (keeping newest 3)
PLOTFILE: file = /tmp/grteclyn_scratch/merge_orbit_flip_d12_p060_L128_lvl5from40_chi1e4_t060_lbf_csm_r04000/BinaryWormholePlt06001
Write plotfile time = 3.622085865  seconds

Unused ParmParse Variables:
  [TOP]::hdf5_subpath(nvals = 1)  :: [hdf5]
  [TOP]::nonzero_asymptotic_values(nvals = 5)  :: [1.0, 1.0, 1.0, 1.0, 1.0]
  [TOP]::nonzero_asymptotic_vars(nvals = 5)  :: [chi, h11, h22, h33, lapse]

Total GPU global memory (MB) spread across MPI: [81079 ... 81079]
Free  GPU global memory (MB) spread across MPI: [22228 ... 22228]
[The         Arena] max space (MB) allocated spread across MPI: [56568 ... 56568]
[The         Arena] max space (MB) used      spread across MPI: [56020 ... 56020]
[The Managed Arena] max space (MB) allocated spread across MPI: [8 ... 8]
[The Managed Arena] max space (MB) used      spread across MPI: [0 ... 0]
[The  Pinned Arena] max space (MB) allocated spread across MPI: [41 ... 41]
[The  Pinned Arena] max space (MB) used      spread across MPI: [19 ... 19]
AMReX (26.02-12-gd7da50458966) finalized
