[Level 3 step 20595] ADVANCE at time 25.7425 with dt = 0.00125
[Level 3 step 20595] average evolution speed = 12.57127909 code units/h
[Level 3 step 20595] Advanced 4096000 cells
[Level 3 step 20596] ADVANCE at time 25.74375 with dt = 0.00125
[Level 3 step 20596] average evolution speed = 12.57167061 code units/h
[Level 3 step 20596] Advanced 4096000 cells
[Level 1 step 5150] ADVANCE at time 25.745 with dt = 0.005
[Level 1 step 5150] average evolution speed = 12.57203864 code units/h
[Level 1 step 5150] Advanced 4096000 cells
[Level 2 step 10299] ADVANCE at time 25.745 with dt = 0.0025
[Level 2 step 10299] average evolution speed = 12.57182217 code units/h
[Level 2 step 10299] Advanced 4096000 cells
[Level 3 step 20597] ADVANCE at time 25.745 with dt = 0.00125
[Level 3 step 20597] average evolution speed = 12.57160585 code units/h
[Level 3 step 20597] Advanced 4096000 cells
[Level 3 step 20598] ADVANCE at time 25.74625 with dt = 0.00125
[Level 3 step 20598] average evolution speed = 12.57199873 code units/h
[Level 3 step 20598] Advanced 4096000 cells
[Level 2 step 10300] ADVANCE at time 25.7475 with dt = 0.0025
[Level 2 step 10300] average evolution speed = 12.57237885 code units/h
[Level 2 step 10300] Advanced 4096000 cells
[Level 3 step 20599] ADVANCE at time 25.7475 with dt = 0.00125
[Level 3 step 20599] average evolution speed = 12.57216115 code units/h
[Level 3 step 20599] Advanced 4096000 cells
[Level 3 step 20600] ADVANCE at time 25.74875 with dt = 0.00125
[Level 3 step 20600] average evolution speed = 12.57255391 code units/h
[Level 3 step 20600] Advanced 4096000 cells

[STEP 2575] Coarse TimeStep time: 2.114939074
[STEP 2575] FAB kilobyte spread across MPI nodes: [26031064 ... 26031064]

STEP = 2575 TIME = 25.75 DT = 0.01

[Level 0 step 2576] ADVANCE at time 25.75 with dt = 0.01
[Level 0 step 2576] average evolution speed = 12.57258253 code units/h
[Level 0 step 2576] Advanced 2097152 cells
[Level 1 step 5151] ADVANCE at time 25.75 with dt = 0.005
[Level 1 step 5151] average evolution speed = 12.5724238 code units/h
[Level 1 step 5151] Advanced 4096000 cells
[Level 2 step 10301] ADVANCE at time 25.75 with dt = 0.0025
[Level 2 step 10301] average evolution speed = 12.57220723 code units/h
[Level 2 step 10301] Advanced 4096000 cells
[Level 3 step 20601] ADVANCE at time 25.75 with dt = 0.00125
[Level 3 step 20601] average evolution speed = 12.57199096 code units/h
[Level 3 step 20601] Advanced 4096000 cells
[Level 3 step 20602] ADVANCE at time 25.75125 with dt = 0.00125
[Level 3 step 20602] average evolution speed = 12.57238378 code units/h
[Level 3 step 20602] Advanced 4096000 cells
[Level 2 step 10302] ADVANCE at time 25.7525 with dt = 0.0025
[Level 2 step 10302] average evolution speed = 12.57276331 code units/h
[Level 2 step 10302] Advanced 4096000 cells
[Level 3 step 20603] ADVANCE at time 25.7525 with dt = 0.00125
[Level 3 step 20603] average evolution speed = 12.57254699 code units/h
[Level 3 step 20603] Advanced 4096000 cells
[Level 3 step 20604] ADVANCE at time 25.75375 with dt = 0.00125
[Level 3 step 20604] average evolution speed = 12.57294059 code units/h
[Level 3 step 20604] Advanced 4096000 cells
[Level 1 step 5152] ADVANCE at time 25.755 with dt = 0.005
[Level 1 step 5152] average evolution speed = 12.57330928 code units/h
[Level 1 step 5152] Advanced 4096000 cells
[Level 2 step 10303] ADVANCE at time 25.755 with dt = 0.0025
[Level 2 step 10303] average evolution speed = 12.57309373 code units/h
[Level 2 step 10303] Advanced 4096000 cells
[Level 3 step 20605] ADVANCE at time 25.755 with dt = 0.00125
[Level 3 step 20605] average evolution speed = 12.57287741 code units/h
[Level 3 step 20605] Advanced 4096000 cells
NaN diagnostic: rank=0 level=3 component=7 name=K
NaN autopsy [rank 0]: level 3 step 20605 (29 steps since this level was last regridded) t_old 25.755 -> t_new 25.75625 dt 0.00125
  cell (504,511,505) at x = (31.53125, 31.96875, 31.59375), dx = 0.0625
  cells to the edge of this level's grids (+x -x +y -y +z -z; c/f = coarse-fine, dom = domain): 16(+) 16(+) 16(+) 16(+) 16(+) 16(+)
  floors: min_chi 1e-20 min_lapse 1e-10 chi_rhs_floor 1e-08
  variable: old -> new   [|new-old|/dt when both finite]
         chi: 0.006770682335 -> 1e-20   [5.416545868]
         h11: 1.514999797 -> 3.142279412e+154   [2.51382353e+157]
         h12: 0.006778254568 -> -7.468257745e+153   [5.974606196e+156]
         h13: -0.076591704 -> -1.288705419e+155   [1.030964336e+158]
         h22: 0.7862658091 -> -1.885657014e+154   [1.508525611e+157]
         h23: 0.004179099714 -> 3.599095281e+153   [2.879276225e+156]
         h33: -1.910934308 -> 2.1885545e+156   [1.7508436e+159]
           K: 30.58285096 -> 5.256327873e+242   [4.205062298e+245]
         A11: 0.5469700284 -> -nan   <-- NON-FINITE
         A12: 0.2000464853 -> -nan   <-- NON-FINITE
         A13: -3.530171824 -> -nan   <-- NON-FINITE
         A22: 0.270604603 -> -nan   <-- NON-FINITE
         A23: 0.6333739518 -> -nan   <-- NON-FINITE
         A33: 1.709148402 -> -nan   <-- NON-FINITE
       Theta: 15.24509436 -> 2.628163936e+242   [2.102531149e+245]
      Gamma1: -6.485746203 -> -3.093671245e+216   [2.474936996e+219]
      Gamma2: 0.2340723036 -> 1.345590002e+215   [1.076472002e+218]
      Gamma3: 2.341429163 -> 7.101771994e+215   [5.681417595e+218]
       lapse: 0.1868610601 -> 1e-10   [149.488848]
      shift1: -0.1135247724 -> 1.485585488e+137   [1.18846839e+140]
      shift2: -0.003809151306 -> -6.430158395e+135   [5.144126716e+138]
      shift3: -0.04958117959 -> -3.068016805e+136   [2.454413444e+139]
          B1: -6.33437984 -> -3.093671245e+216   [2.474936996e+219]
          B2: 0.239151172 -> 1.345590002e+215   [1.076472002e+218]
          B3: 2.407537402 -> 7.101771994e+215   [5.681417595e+218]
         phi: -0.4496955209 -> 4.010357974e+137   [3.208286379e+140]
          Pi: -0.007020095153 -> 1.353454137e+210   [1.08276331e+213]
  old chi/lapse at the six neighbours (-x +x -y +y -z +z; '-' = outside this box): 0.009442723863/0.1897912548 0.005222393787/0.179247081 0.00726494536/0.1840831689 0.006831616494/0.186860854 0.009913710396/0.1700432165 0.005946385054/0.1980701607
NaN autopsy [rank 0]: level 3 step 20605 (29 steps since this level was last regridded) t_old 25.755 -> t_new 25.75625 dt 0.00125
  cell (504,511,506) at x = (31.53125, 31.96875, 31.65625), dx = 0.0625
  cells to the edge of this level's grids (+x -x +y -y +z -z; c/f = coarse-fine, dom = domain): 16(+) 16(+) 16(+) 16(+) 16(+) 16(+)
  floors: min_chi 1e-20 min_lapse 1e-10 chi_rhs_floor 1e-08
  variable: old -> new   [|new-old|/dt when both finite]
         chi: 0.005946385054 -> 1e-20   [4.757108044]
         h11: -687593.6645 -> -9.94202436e+191   [7.953619488e+194]
         h12: 163364.4244 -> 8.052606252e+191   [6.442085002e+194]
         h13: -29817.19182 -> 3.266666673e+192   [2.613333338e+195]
         h22: 407089.7073 -> -3.259654743e+191   [2.607723794e+194]
         h23: 31426.28124 -> -1.894675543e+190   [1.515740435e+193]
         h33: -110573.9504 -> -5.456368437e+193   [4.365094749e+196]
           K: -171768525.2 -> -nan   <-- NON-FINITE
         A11: -74859762.75 -> -nan   <-- NON-FINITE
         A12: 246581426.5 -> -nan   <-- NON-FINITE
         A13: 28371276.41 -> -nan   <-- NON-FINITE
         A22: -327127783.2 -> -nan   <-- NON-FINITE
         A23: 27870888.96 -> -nan   <-- NON-FINITE
         A33: -35152249.79 -> -nan   <-- NON-FINITE
       Theta: -136994600.1 -> -1.969476178e+289   [1.575580943e+292]
      Gamma1: -1.615357664e+10 -> -3.541096366e+291   [2.832877093e+294]
      Gamma2: 701917358.7 -> 1.540266065e+290   [1.232212852e+293]
      Gamma3: 3707908333 -> 8.128978955e+290   [6.503183164e+293]
       lapse: 0.1980701607 -> 1e-10   [158.4561285]
      shift1: 1913467.084 -> 2.414223607e+186   [1.931378886e+189]
      shift2: -82861.5606 -> -1.044964539e+185   [8.359716314e+187]
      shift3: -395168.538 -> -4.985831285e+185   [3.988665028e+188]
          B1: -1.615612793e+10 -> -3.541096366e+291   [2.832877093e+294]
          B2: 702027840.8 -> 1.540266065e+290   [1.232212852e+293]
          B3: 3708435224 -> 8.128978955e+290   [6.503183164e+293]
         phi: 1034.335079 -> 6.534861817e+186   [5.227889454e+189]
          Pi: 3131.896291 -> -2.323560442e+285   [1.858848354e+288]
  old chi/lapse at the six neighbours (-x +x -y +y -z +z; '-' = outside this box): 0.006872797325/0.205473732 0.003013274879/0.2045746272 0.004790345711/0.2029076797 0.004471320727/0.2055352421 0.006770682335/0.1868610601 1e-20/0.3491490388
NaN autopsy [rank 0]: level 3 step 20605 (29 steps since this level was last regridded) t_old 25.755 -> t_new 25.75625 dt 0.00125
  cell (505,511,506) at x = (31.59375, 31.96875, 31.65625), dx = 0.0625
  cells to the edge of this level's grids (+x -x +y -y +z -z; c/f = coarse-fine, dom = domain): 16(+) 16(+) 16(+) 16(+) 16(+) 16(+)
  floors: min_chi 1e-20 min_lapse 1e-10 chi_rhs_floor 1e-08
  variable: old -> new   [|new-old|/dt when both finite]
         chi: 0.003013274879 -> 5.521374116e+92   [4.417099293e+95]
         h11: 348.4106644 -> 9.551258528e+171   [7.641006822e+174]
         h12: -7.093425904 -> -2.79008204e+172   [2.232065632e+175]
         h13: 0.6538792304 -> -3.030096343e+171   [2.424077074e+174]
         h22: -7.56033476 -> 3.629167863e+172   [2.90333429e+175]
         h23: -0.7997030626 -> -3.15584301e+171   [2.524674408e+174]
         h33: 2.164963362 -> 4.106191699e+171   [3.284953359e+174]
           K: -851.0163391 -> -3.622435948e+214   [2.897948758e+217]
         A11: -4273.542143 -> -nan   <-- NON-FINITE
         A12: 2024.341662 -> -nan   <-- NON-FINITE
         A13: 127.0118861 -> -nan   <-- NON-FINITE
         A22: -658.6409074 -> -nan   <-- NON-FINITE
         A23: 184.6072509 -> -nan   <-- NON-FINITE
         A33: -96.82987144 -> -nan   <-- NON-FINITE
       Theta: -665.6789141 -> -2.889011287e+214   [2.31120903e+217]
      Gamma1: -64129.62255 -> -4.535065234e+216   [3.628052187e+219]
      Gamma2: 2961.983218 -> 1.972611406e+215   [1.578089125e+218]
      Gamma3: 18499.42543 -> 1.041074459e+216   [8.328595676e+218]
       lapse: 0.2045746272 -> 1e-10   [163.6597016]
      shift1: -56.17711438 -> -1.089283149e+167   [8.714265193e+169]
      shift2: 2.381794932 -> 4.714817056e+165   [3.771853645e+168]
      shift3: 11.52806741 -> 2.249577043e+166   [1.799661634e+169]
          B1: -64054.71973 -> -4.535065234e+216   [3.628052187e+219]
          B2: 2958.807492 -> 1.972611406e+215   [1.578089125e+218]
          B3: 18484.05468 -> 1.041074459e+216   [8.328595676e+218]
         phi: -0.5460028698 -> -2.949325645e+167   [2.359460516e+170]
          Pi: -0.01460426562 -> 1.983848521e+210   [1.587078817e+213]
  old chi/lapse at the six neighbours (-x +x -y +y -z +z; '-' = outside this box): 0.005946385054/0.1980701607 0.002485351147/0.1891220014 0.003396949466/0.198222674 0.003058417496/0.2028052956 0.005222393787/0.179247081 0.7764193752/0.2169068511
amrex::Abort::0::NaN in GRAMRLevel::post_timestep !!!
SIGABRT
addr2line: 'runs/wormhole_merger/merge_headon_flip_d8_v1c_eps_p1e2_t100/test': No such file
addr2line: 'runs/wormhole_merger/merge_headon_flip_d8_v1c_eps_p1e2_t100/test': No such file
addr2line: 'runs/wormhole_merger/merge_headon_flip_d8_v1c_eps_p1e2_t100/test': No such file
addr2line: 'runs/wormhole_merger/merge_headon_flip_d8_v1c_eps_p1e2_t100/test': No such file
addr2line: 'runs/wormhole_merger/merge_headon_flip_d8_v1c_eps_p1e2_t100/test': No such file
addr2line: 'runs/wormhole_merger/merge_headon_flip_d8_v1c_eps_p1e2_t100/test': No such file
addr2line: 'runs/wormhole_merger/merge_headon_flip_d8_v1c_eps_p1e2_t100/test': No such file
addr2line: 'runs/wormhole_merger/merge_headon_flip_d8_v1c_eps_p1e2_t100/test': No such file
addr2line: 'runs/wormhole_merger/merge_headon_flip_d8_v1c_eps_p1e2_t100/test': No such file
addr2line: 'runs/wormhole_merger/merge_headon_flip_d8_v1c_eps_p1e2_t100/test': No such file
addr2line: 'runs/wormhole_merger/merge_headon_flip_d8_v1c_eps_p1e2_t100/test': No such file
addr2line: 'runs/wormhole_merger/merge_headon_flip_d8_v1c_eps_p1e2_t100/test': No such file
addr2line: 'runs/wormhole_merger/merge_headon_flip_d8_v1c_eps_p1e2_t100/test': No such file
addr2line: 'runs/wormhole_merger/merge_headon_flip_d8_v1c_eps_p1e2_t100/test': No such file
addr2line: 'runs/wormhole_merger/merge_headon_flip_d8_v1c_eps_p1e2_t100/test': No such file
addr2line: 'runs/wormhole_merger/merge_headon_flip_d8_v1c_eps_p1e2_t100/test': No such file
addr2line: 'runs/wormhole_merger/merge_headon_flip_d8_v1c_eps_p1e2_t100/test': No such file
addr2line: 'runs/wormhole_merger/merge_headon_flip_d8_v1c_eps_p1e2_t100/test': No such file
addr2line: 'runs/wormhole_merger/merge_headon_flip_d8_v1c_eps_p1e2_t100/test': No such file
addr2line: 'runs/wormhole_merger/merge_headon_flip_d8_v1c_eps_p1e2_t100/test': No such file
addr2line: 'runs/wormhole_merger/merge_headon_flip_d8_v1c_eps_p1e2_t100/test': No such file
addr2line: 'runs/wormhole_merger/merge_headon_flip_d8_v1c_eps_p1e2_t100/test': No such file
See Backtrace.0 file for details
--------------------------------------------------------------------------
MPI_ABORT was invoked on rank 0 in communicator MPI_COMM_WORLD
  Proc: [[39835,0],0]
  Errorcode: 6

NOTE: invoking MPI_ABORT causes Open MPI to kill all MPI processes.
You may or may not see output from other processes, depending on
exactly when Open MPI kills them.
--------------------------------------------------------------------------
