[Level 3 step 22038] Advanced 4096000 cells
[Level 2 step 11020] ADVANCE at time 27.5475 with dt = 0.0025
[Level 2 step 11020] average evolution speed = 18.10844316 code units/h
[Level 2 step 11020] Advanced 4096000 cells
[Level 3 step 22039] ADVANCE at time 27.5475 with dt = 0.00125
[Level 3 step 22039] average evolution speed = 18.10801877 code units/h
[Level 3 step 22039] Advanced 4096000 cells
[Level 3 step 22040] ADVANCE at time 27.54875 with dt = 0.00125
[Level 3 step 22040] average evolution speed = 18.10841478 code units/h
[Level 3 step 22040] Advanced 4096000 cells

[STEP 2755] Coarse TimeStep time: 1.97857785
[STEP 2755] FAB kilobyte spread across MPI nodes: [17299254 ... 17299254]

STEP = 2755 TIME = 27.55 DT = 0.01

[Level 0 step 2756] ADVANCE at time 27.55 with dt = 0.01
[Level 0 step 2756] average evolution speed = 18.10863485 code units/h
[Level 0 step 2756] Advanced 2097152 cells
[Level 1 step 5511] ADVANCE at time 27.55 with dt = 0.005
[Level 1 step 5511] average evolution speed = 18.10834611 code units/h
[Level 1 step 5511] Advanced 4096000 cells
[Level 2 step 11021] ADVANCE at time 27.55 with dt = 0.0025
[Level 2 step 11021] average evolution speed = 18.10792461 code units/h
[Level 2 step 11021] Advanced 4096000 cells
[Level 3 step 22041] ADVANCE at time 27.55 with dt = 0.00125
[Level 3 step 22041] average evolution speed = 18.10750061 code units/h
[Level 3 step 22041] Advanced 4096000 cells
[Level 3 step 22042] ADVANCE at time 27.55125 with dt = 0.00125
[Level 3 step 22042] average evolution speed = 18.10789753 code units/h
[Level 3 step 22042] Advanced 4096000 cells
[Level 2 step 11022] ADVANCE at time 27.5525 with dt = 0.0025
[Level 2 step 11022] average evolution speed = 18.10826997 code units/h
[Level 2 step 11022] Advanced 4096000 cells
[Level 3 step 22043] ADVANCE at time 27.5525 with dt = 0.00125
[Level 3 step 22043] average evolution speed = 18.10784655 code units/h
[Level 3 step 22043] Advanced 4096000 cells
[Level 3 step 22044] ADVANCE at time 27.55375 with dt = 0.00125
[Level 3 step 22044] average evolution speed = 18.108243 code units/h
[Level 3 step 22044] Advanced 4096000 cells
[Level 1 step 5512] ADVANCE at time 27.555 with dt = 0.005
[Level 1 step 5512] average evolution speed = 18.10858445 code units/h
[Level 1 step 5512] Advanced 4096000 cells
[Level 2 step 11023] ADVANCE at time 27.555 with dt = 0.0025
[Level 2 step 11023] average evolution speed = 18.10816203 code units/h
[Level 2 step 11023] Advanced 4096000 cells
[Level 3 step 22045] ADVANCE at time 27.555 with dt = 0.00125
[Level 3 step 22045] average evolution speed = 18.10773815 code units/h
[Level 3 step 22045] Advanced 4096000 cells
[Level 3 step 22046] ADVANCE at time 27.55625 with dt = 0.00125
[Level 3 step 22046] average evolution speed = 18.10813521 code units/h
[Level 3 step 22046] Advanced 4096000 cells
[Level 2 step 11024] ADVANCE at time 27.5575 with dt = 0.0025
[Level 2 step 11024] average evolution speed = 18.10850757 code units/h
[Level 2 step 11024] Advanced 4096000 cells
[Level 3 step 22047] ADVANCE at time 27.5575 with dt = 0.00125
[Level 3 step 22047] average evolution speed = 18.10808427 code units/h
[Level 3 step 22047] Advanced 4096000 cells
[Level 3 step 22048] ADVANCE at time 27.55875 with dt = 0.00125
[Level 3 step 22048] average evolution speed = 18.10848145 code units/h
[Level 3 step 22048] Advanced 4096000 cells

[STEP 2756] Coarse TimeStep time: 1.96980302
[STEP 2756] FAB kilobyte spread across MPI nodes: [17299254 ... 17299254]

STEP = 2756 TIME = 27.56 DT = 0.01

Now regridding at level lbase = 2
grid_places() time: 0.005314215 new finest: 3
TIME = 27.56 : REGRID  with lbase = 2
  Level 3   125 grids  4096000 cells  0.3814697266 % of domain
            smallest grid: 32 x 32 x 32  biggest grid: 32 x 32 x 32

[Level 0 step 2757] ADVANCE at time 27.56 with dt = 0.01
[Level 0 step 2757] average evolution speed = 18.1086704 code units/h
[Level 0 step 2757] Advanced 2097152 cells
[Level 1 step 5513] ADVANCE at time 27.56 with dt = 0.005
[Level 1 step 5513] average evolution speed = 18.1083685 code units/h
[Level 1 step 5513] Advanced 4096000 cells
[Level 2 step 11025] ADVANCE at time 27.56 with dt = 0.0025
[Level 2 step 11025] average evolution speed = 18.107949 code units/h
[Level 2 step 11025] Advanced 4096000 cells
[Level 3 step 22049] ADVANCE at time 27.56 with dt = 0.00125
[Level 3 step 22049] average evolution speed = 18.1075284 code units/h
[Level 3 step 22049] Advanced 4096000 cells
[Level 3 step 22050] ADVANCE at time 27.56125 with dt = 0.00125
[Level 3 step 22050] average evolution speed = 18.10792268 code units/h
[Level 3 step 22050] Advanced 4096000 cells
[Level 2 step 11026] ADVANCE at time 27.5625 with dt = 0.0025
[Level 2 step 11026] average evolution speed = 18.10829158 code units/h
[Level 2 step 11026] Advanced 4096000 cells
[Level 3 step 22051] ADVANCE at time 27.5625 with dt = 0.00125
[Level 3 step 22051] average evolution speed = 18.10786701 code units/h
[Level 3 step 22051] Advanced 4096000 cells
[Level 3 step 22052] ADVANCE at time 27.56375 with dt = 0.00125
[Level 3 step 22052] average evolution speed = 18.1082625 code units/h
[Level 3 step 22052] Advanced 4096000 cells
[Level 1 step 5514] ADVANCE at time 27.565 with dt = 0.005
[Level 1 step 5514] average evolution speed = 18.1086039 code units/h
[Level 1 step 5514] Advanced 4096000 cells
[Level 2 step 11027] ADVANCE at time 27.565 with dt = 0.0025
[Level 2 step 11027] average evolution speed = 18.10818167 code units/h
[Level 2 step 11027] Advanced 4096000 cells
[Level 3 step 22053] ADVANCE at time 27.565 with dt = 0.00125
[Level 3 step 22053] average evolution speed = 18.10775694 code units/h
[Level 3 step 22053] Advanced 4096000 cells
[Level 3 step 22054] ADVANCE at time 27.56625 with dt = 0.00125
[Level 3 step 22054] average evolution speed = 18.10815262 code units/h
[Level 3 step 22054] Advanced 4096000 cells
[Level 2 step 11028] ADVANCE at time 27.5675 with dt = 0.0025
[Level 2 step 11028] average evolution speed = 18.10852161 code units/h
[Level 2 step 11028] Advanced 4096000 cells
[Level 3 step 22055] ADVANCE at time 27.5675 with dt = 0.00125
[Level 3 step 22055] average evolution speed = 18.10809741 code units/h
[Level 3 step 22055] Advanced 4096000 cells
[Level 3 step 22056] ADVANCE at time 27.56875 with dt = 0.00125
[Level 3 step 22056] average evolution speed = 18.10849295 code units/h
[Level 3 step 22056] Advanced 4096000 cells

[STEP 2757] Coarse TimeStep time: 1.984352687
[STEP 2757] FAB kilobyte spread across MPI nodes: [17299254 ... 17299254]

STEP = 2757 TIME = 27.57 DT = 0.01

[Level 0 step 2758] ADVANCE at time 27.57 with dt = 0.01
[Level 0 step 2758] average evolution speed = 18.10870688 code units/h
[Level 0 step 2758] Advanced 2097152 cells
[Level 1 step 5515] ADVANCE at time 27.57 with dt = 0.005
[Level 1 step 5515] average evolution speed = 18.10841083 code units/h
[Level 1 step 5515] Advanced 4096000 cells
[Level 2 step 11029] ADVANCE at time 27.57 with dt = 0.0025
[Level 2 step 11029] average evolution speed = 18.10798827 code units/h
[Level 2 step 11029] Advanced 4096000 cells
[Level 3 step 22057] ADVANCE at time 27.57 with dt = 0.00125
[Level 3 step 22057] average evolution speed = 18.1075637 code units/h
[Level 3 step 22057] Advanced 4096000 cells
[Level 3 step 22058] ADVANCE at time 27.57125 with dt = 0.00125
[Level 3 step 22058] average evolution speed = 18.10795891 code units/h
[Level 3 step 22058] Advanced 4096000 cells
[Level 2 step 11030] ADVANCE at time 27.5725 with dt = 0.0025
[Level 2 step 11030] average evolution speed = 18.10832722 code units/h
[Level 2 step 11030] Advanced 4096000 cells
[Level 3 step 22059] ADVANCE at time 27.5725 with dt = 0.00125
[Level 3 step 22059] average evolution speed = 18.10790229 code units/h
[Level 3 step 22059] Advanced 4096000 cells
[Level 3 step 22060] ADVANCE at time 27.57375 with dt = 0.00125
[Level 3 step 22060] average evolution speed = 18.10829742 code units/h
[Level 3 step 22060] Advanced 4096000 cells
[Level 1 step 5516] ADVANCE at time 27.575 with dt = 0.005
[Level 1 step 5516] average evolution speed = 18.10863748 code units/h
[Level 1 step 5516] Advanced 4096000 cells
[Level 2 step 11031] ADVANCE at time 27.575 with dt = 0.0025
[Level 2 step 11031] average evolution speed = 18.10821434 code units/h
[Level 2 step 11031] Advanced 4096000 cells
[Level 3 step 22061] ADVANCE at time 27.575 with dt = 0.00125
[Level 3 step 22061] average evolution speed = 18.10778969 code units/h
[Level 3 step 22061] Advanced 4096000 cells
[Level 3 step 22062] ADVANCE at time 27.57625 with dt = 0.00125
[Level 3 step 22062] average evolution speed = 18.10818496 code units/h
[Level 3 step 22062] Advanced 4096000 cells
[Level 2 step 11032] ADVANCE at time 27.5775 with dt = 0.0025
[Level 2 step 11032] average evolution speed = 18.10855322 code units/h
[Level 2 step 11032] Advanced 4096000 cells
[Level 3 step 22063] ADVANCE at time 27.5775 with dt = 0.00125
[Level 3 step 22063] average evolution speed = 18.10812882 code units/h
[Level 3 step 22063] Advanced 4096000 cells
[Level 3 step 22064] ADVANCE at time 27.57875 with dt = 0.00125
[Level 3 step 22064] average evolution speed = 18.10852413 code units/h
[Level 3 step 22064] Advanced 4096000 cells

[STEP 2758] Coarse TimeStep time: 1.976726317
[STEP 2758] FAB kilobyte spread across MPI nodes: [17299254 ... 17299254]

STEP = 2758 TIME = 27.58 DT = 0.01

[Level 0 step 2759] ADVANCE at time 27.58 with dt = 0.01
[Level 0 step 2759] average evolution speed = 18.10874404 code units/h
[Level 0 step 2759] Advanced 2097152 cells
[Level 1 step 5517] ADVANCE at time 27.58 with dt = 0.005
[Level 1 step 5517] average evolution speed = 18.10843864 code units/h
[Level 1 step 5517] Advanced 4096000 cells
[Level 2 step 11033] ADVANCE at time 27.58 with dt = 0.0025
[Level 2 step 11033] average evolution speed = 18.10801623 code units/h
[Level 2 step 11033] Advanced 4096000 cells
[Level 3 step 22065] ADVANCE at time 27.58 with dt = 0.00125
[Level 3 step 22065] average evolution speed = 18.1075913 code units/h
[Level 3 step 22065] Advanced 4096000 cells
NaN diagnostic: rank=0 level=3 component=1 name=h11
amrex::Abort::0::NaN in GRAMRLevel::post_timestep !!!
SIGABRT
See Backtrace.0 file for details
--------------------------------------------------------------------------
MPI_ABORT was invoked on rank 0 in communicator MPI_COMM_WORLD
  Proc: [[46649,0],0]
  Errorcode: 6

NOTE: invoking MPI_ABORT causes Open MPI to kill all MPI processes.
You may or may not see output from other processes, depending on
exactly when Open MPI kills them.
--------------------------------------------------------------------------
