[Level 3 step 61] ADVANCE at time 0.075 with dt = 0.00125
[Level 3 step 61] average evolution speed = 3.953705593 code units/h
[Level 3 step 61] Advanced 4096000 cells
[Level 3 step 62] ADVANCE at time 0.07625 with dt = 0.00125
[Level 3 step 62] average evolution speed = 3.991387753 code units/h
[Level 3 step 62] Advanced 4096000 cells
[Level 2 step 32] ADVANCE at time 0.0775 with dt = 0.0025
[Level 2 step 32] average evolution speed = 4.029081618 code units/h
[Level 2 step 32] Advanced 4096000 cells
[Level 3 step 63] ADVANCE at time 0.0775 with dt = 0.00125
[Level 3 step 63] average evolution speed = 4.002448346 code units/h
[Level 3 step 63] Advanced 4096000 cells
[Level 3 step 64] ADVANCE at time 0.07875 with dt = 0.00125
[Level 3 step 64] average evolution speed = 4.03786918 code units/h
[Level 3 step 64] Advanced 4096000 cells

[STEP 8] Coarse TimeStep time: 8.916506126
[STEP 8] FAB kilobyte spread across MPI nodes: [17299254 ... 17299254]

STEP = 8 TIME = 0.08 DT = 0.01

Now regridding at level lbase = 1
grid_places() time: 0.265046272 new finest: 3
TIME = 0.08 : REGRID  with lbase = 1
  Level 2   125 grids  4096000 cells  3.051757812 % of domain
            smallest grid: 32 x 32 x 32  biggest grid: 32 x 32 x 32
  Level 3   125 grids  4096000 cells  0.3814697266 % of domain
            smallest grid: 32 x 32 x 32  biggest grid: 32 x 32 x 32

[Level 0 step 9] ADVANCE at time 0.08 with dt = 0.01
[Level 0 step 9] average evolution speed = 4.024908065 code units/h
[Level 0 step 9] Advanced 2097152 cells
[Level 1 step 17] ADVANCE at time 0.08 with dt = 0.005
[Level 1 step 17] average evolution speed = 3.973669613 code units/h
[Level 1 step 17] Advanced 4096000 cells
[Level 2 step 33] ADVANCE at time 0.08 with dt = 0.0025
[Level 2 step 33] average evolution speed = 3.951103438 code units/h
[Level 2 step 33] Advanced 4096000 cells
[Level 3 step 65] ADVANCE at time 0.08 with dt = 0.00125
[Level 3 step 65] average evolution speed = 3.927299964 code units/h
[Level 3 step 65] Advanced 4096000 cells
[Level 3 step 66] ADVANCE at time 0.08125 with dt = 0.00125
[Level 3 step 66] average evolution speed = 3.96315237 code units/h
[Level 3 step 66] Advanced 4096000 cells
[Level 2 step 34] ADVANCE at time 0.0825 with dt = 0.0025
[Level 2 step 34] average evolution speed = 3.993236304 code units/h
[Level 2 step 34] Advanced 4096000 cells
[Level 3 step 67] ADVANCE at time 0.0825 with dt = 0.00125
[Level 3 step 67] average evolution speed = 3.964626996 code units/h
[Level 3 step 67] Advanced 4096000 cells
[Level 3 step 68] ADVANCE at time 0.08375 with dt = 0.00125
[Level 3 step 68] average evolution speed = 3.995862683 code units/h
[Level 3 step 68] Advanced 4096000 cells
[Level 1 step 18] ADVANCE at time 0.085 with dt = 0.005
[Level 1 step 18] average evolution speed = 4.014170381 code units/h
[Level 1 step 18] Advanced 4096000 cells
[Level 2 step 35] ADVANCE at time 0.085 with dt = 0.0025
[Level 2 step 35] average evolution speed = 3.988312004 code units/h
[Level 2 step 35] Advanced 4096000 cells
[Level 3 step 69] ADVANCE at time 0.085 with dt = 0.00125
[Level 3 step 69] average evolution speed = 3.964245495 code units/h
[Level 3 step 69] Advanced 4096000 cells
[Level 3 step 70] ADVANCE at time 0.08625 with dt = 0.00125
[Level 3 step 70] average evolution speed = 3.997468691 code units/h
[Level 3 step 70] Advanced 4096000 cells
[Level 2 step 36] ADVANCE at time 0.0875 with dt = 0.0025
[Level 2 step 36] average evolution speed = 4.029890975 code units/h
[Level 2 step 36] Advanced 4096000 cells
[Level 3 step 71] ADVANCE at time 0.0875 with dt = 0.00125
[Level 3 step 71] average evolution speed = 4.005730331 code units/h
[Level 3 step 71] Advanced 4096000 cells
[Level 3 step 72] ADVANCE at time 0.08875 with dt = 0.00125
[Level 3 step 72] average evolution speed = 4.034800336 code units/h
[Level 3 step 72] Advanced 4096000 cells

[STEP 9] Coarse TimeStep time: 8.974539244
[STEP 9] FAB kilobyte spread across MPI nodes: [17299254 ... 17299254]

STEP = 9 TIME = 0.09 DT = 0.01

[Level 0 step 10] ADVANCE at time 0.09 with dt = 0.01
[Level 0 step 10] average evolution speed = 4.038078571 code units/h
[Level 0 step 10] Advanced 2097152 cells
[Level 1 step 19] ADVANCE at time 0.09 with dt = 0.005
[Level 1 step 19] average evolution speed = 3.987173112 code units/h
[Level 1 step 19] Advanced 4096000 cells
[Level 2 step 37] ADVANCE at time 0.09 with dt = 0.0025
[Level 2 step 37] average evolution speed = 3.965935677 code units/h
[Level 2 step 37] Advanced 4096000 cells
[Level 3 step 73] ADVANCE at time 0.09 with dt = 0.00125
[Level 3 step 73] average evolution speed = 3.94476451 code units/h
[Level 3 step 73] Advanced 4096000 cells
[Level 3 step 74] ADVANCE at time 0.09125 with dt = 0.00125
[Level 3 step 74] average evolution speed = 3.977009272 code units/h
[Level 3 step 74] Advanced 4096000 cells
[Level 2 step 38] ADVANCE at time 0.0925 with dt = 0.0025
[Level 2 step 38] average evolution speed = 4.003364026 code units/h
[Level 2 step 38] Advanced 4096000 cells
[Level 3 step 75] ADVANCE at time 0.0925 with dt = 0.00125
[Level 3 step 75] average evolution speed = 3.976641768 code units/h
[Level 3 step 75] Advanced 4096000 cells
[Level 3 step 76] ADVANCE at time 0.09375 with dt = 0.00125
[Level 3 step 76] average evolution speed = 4.005756224 code units/h
[Level 3 step 76] Advanced 4096000 cells
[Level 1 step 20] ADVANCE at time 0.095 with dt = 0.005
[Level 1 step 20] average evolution speed = 4.019545229 code units/h
[Level 1 step 20] Advanced 4096000 cells
[Level 2 step 39] ADVANCE at time 0.095 with dt = 0.0025
[Level 2 step 39] average evolution speed = 3.99714666 code units/h
[Level 2 step 39] Advanced 4096000 cells
[Level 3 step 77] ADVANCE at time 0.095 with dt = 0.00125
[Level 3 step 77] average evolution speed = 3.976011075 code units/h
[Level 3 step 77] Advanced 4096000 cells
[Level 3 step 78] ADVANCE at time 0.09625 with dt = 0.00125
[Level 3 step 78] average evolution speed = 4.00603295 code units/h
[Level 3 step 78] Advanced 4096000 cells
[Level 2 step 40] ADVANCE at time 0.0975 with dt = 0.0025
[Level 2 step 40] average evolution speed = 4.037203467 code units/h
[Level 2 step 40] Advanced 4096000 cells
[Level 3 step 79] ADVANCE at time 0.0975 with dt = 0.00125
[Level 3 step 79] average evolution speed = 4.016966068 code units/h
[Level 3 step 79] Advanced 4096000 cells
[Level 3 step 80] ADVANCE at time 0.09875 with dt = 0.00125
[Level 3 step 80] average evolution speed = 4.047263319 code units/h
[Level 3 step 80] Advanced 4096000 cells

[STEP 10] Coarse TimeStep time: 8.316869959
[STEP 10] FAB kilobyte spread across MPI nodes: [17299254 ... 17299254]

STEP = 10 TIME = 0.1 DT = 0.01

[Level 0 step 11] ADVANCE at time 0.1 with dt = 0.01
[Level 0 step 11] average evolution speed = 4.065299365 code units/h
[Level 0 step 11] Advanced 2097152 cells
[Level 1 step 21] ADVANCE at time 0.1 with dt = 0.005
[Level 1 step 21] average evolution speed = 4.033754104 code units/h
[Level 1 step 21] Advanced 4096000 cells
[Level 2 step 41] ADVANCE at time 0.1 with dt = 0.0025
[Level 2 step 41] average evolution speed = 4.017991183 code units/h
[Level 2 step 41] Advanced 4096000 cells
[Level 3 step 81] ADVANCE at time 0.1 with dt = 0.00125
[Level 3 step 81] average evolution speed = 4.001830736 code units/h
[Level 3 step 81] Advanced 4096000 cells
[Level 3 step 82] ADVANCE at time 0.10125 with dt = 0.00125
[Level 3 step 82] average evolution speed = 4.035369747 code units/h
[Level 3 step 82] Advanced 4096000 cells
[Level 2 step 42] ADVANCE at time 0.1025 with dt = 0.0025
[Level 2 step 42] average evolution speed = 4.065027349 code units/h
[Level 2 step 42] Advanced 4096000 cells
[Level 3 step 83] ADVANCE at time 0.1025 with dt = 0.00125
[Level 3 step 83] average evolution speed = 4.045181231 code units/h
[Level 3 step 83] Advanced 4096000 cells
[Level 3 step 84] ADVANCE at time 0.10375 with dt = 0.00125
[Level 3 step 84] average evolution speed = 4.075292269 code units/h
[Level 3 step 84] Advanced 4096000 cells
[Level 1 step 22] ADVANCE at time 0.105 with dt = 0.005
[Level 1 step 22] average evolution speed = 4.097985756 code units/h
[Level 1 step 22] Advanced 4096000 cells
[Level 2 step 43] ADVANCE at time 0.105 with dt = 0.0025
[Level 2 step 43] average evolution speed = 4.078394219 code units/h
[Level 2 step 43] Advanced 4096000 cells
[Level 3 step 85] ADVANCE at time 0.105 with dt = 0.00125
[Level 3 step 85] average evolution speed = 4.058217874 code units/h
[Level 3 step 85] Advanced 4096000 cells
[Level 3 step 86] ADVANCE at time 0.10625 with dt = 0.00125
[Level 3 step 86] average evolution speed = 4.088994704 code units/h
[Level 3 step 86] Advanced 4096000 cells
[Level 2 step 44] ADVANCE at time 0.1075 with dt = 0.0025
[Level 2 step 44] average evolution speed = 4.115035204 code units/h
[Level 2 step 44] Advanced 4096000 cells
[Level 3 step 87] ADVANCE at time 0.1075 with dt = 0.00125
[Level 3 step 87] average evolution speed = 4.095611698 code units/h
[Level 3 step 87] Advanced 4096000 cells
[Level 3 step 88] ADVANCE at time 0.10875 with dt = 0.00125
[Level 3 step 88] average evolution speed = 4.126599926 code units/h
[Level 3 step 88] Advanced 4096000 cells

[STEP 11] Coarse TimeStep time: 6.961712429
[STEP 11] FAB kilobyte spread across MPI nodes: [17299254 ... 17299254]

STEP = 11 TIME = 0.11 DT = 0.01

PLOTFILE: file = /tmp/grteclyn_scratch/t0_single_boost_p025_lbc/BinaryWormholePlt00011
Write plotfile time = 13.75494436  seconds

Unused ParmParse Variables:
  [TOP]::hdf5_subpath(nvals = 1)  :: [hdf5]
  [TOP]::nonzero_asymptotic_values(nvals = 5)  :: [1.0, 1.0, 1.0, 1.0, 1.0]
  [TOP]::nonzero_asymptotic_vars(nvals = 5)  :: [chi, h11, h22, h33, lapse]
  [TOP]::write_extraction(nvals = 1)  :: [0]

Total GPU global memory (MB) spread across MPI: [81079 ... 81079]
Free  GPU global memory (MB) spread across MPI: [40671 ... 40671]
[The         Arena] max space (MB) allocated spread across MPI: [17943 ... 17943]
[The         Arena] max space (MB) used      spread across MPI: [16946 ... 16946]
[The Managed Arena] max space (MB) allocated spread across MPI: [8 ... 8]
[The Managed Arena] max space (MB) used      spread across MPI: [0 ... 0]
[The  Pinned Arena] max space (MB) allocated spread across MPI: [16 ... 16]
[The  Pinned Arena] max space (MB) used      spread across MPI: [8 ... 8]
AMReX (26.02-12-gd7da50458966) finalized
