[Level 3 step 26352] average evolution speed = 5.459161467 code units/h
[Level 3 step 26352] Advanced 4096000 cells

[STEP 3294] Coarse TimeStep time: 6.443876525
[STEP 3294] FAB kilobyte spread across MPI nodes: [17299254 ... 17299254]

STEP = 3294 TIME = 32.94 DT = 0.01

[Level 0 step 3295] ADVANCE at time 32.94 with dt = 0.01
[Level 0 step 3295] average evolution speed = 5.459155864 code units/h
[Level 0 step 3295] Advanced 2097152 cells
[Level 1 step 6589] ADVANCE at time 32.94 with dt = 0.005
[Level 1 step 6589] average evolution speed = 5.458934827 code units/h
[Level 1 step 6589] Advanced 3686400 cells
[Level 2 step 13177] ADVANCE at time 32.94 with dt = 0.0025
[Level 2 step 13177] average evolution speed = 5.458834359 code units/h
[Level 2 step 13177] Advanced 4096000 cells
[Level 3 step 26353] ADVANCE at time 32.94 with dt = 0.00125
[Level 3 step 26353] average evolution speed = 5.458734041 code units/h
[Level 3 step 26353] Advanced 4096000 cells
[Level 3 step 26354] ADVANCE at time 32.94125 with dt = 0.00125
[Level 3 step 26354] average evolution speed = 5.458861298 code units/h
[Level 3 step 26354] Advanced 4096000 cells
[Level 2 step 13178] ADVANCE at time 32.9425 with dt = 0.0025
[Level 2 step 13178] average evolution speed = 5.458997336 code units/h
[Level 2 step 13178] Advanced 4096000 cells
[Level 3 step 26355] ADVANCE at time 32.9425 with dt = 0.00125
[Level 3 step 26355] average evolution speed = 5.45894277 code units/h
[Level 3 step 26355] Advanced 4096000 cells
[Level 3 step 26356] ADVANCE at time 32.94375 with dt = 0.00125
[Level 3 step 26356] average evolution speed = 5.459091967 code units/h
[Level 3 step 26356] Advanced 4096000 cells
[Level 1 step 6590] ADVANCE at time 32.945 with dt = 0.005
[Level 1 step 6590] average evolution speed = 5.459177482 code units/h
[Level 1 step 6590] Advanced 3686400 cells
[Level 2 step 13179] ADVANCE at time 32.945 with dt = 0.0025
[Level 2 step 13179] average evolution speed = 5.459093612 code units/h
[Level 2 step 13179] Advanced 4096000 cells
[Level 3 step 26357] ADVANCE at time 32.945 with dt = 0.00125
[Level 3 step 26357] average evolution speed = 5.458985659 code units/h
[Level 3 step 26357] Advanced 4096000 cells
[Level 3 step 26358] ADVANCE at time 32.94625 with dt = 0.00125
[Level 3 step 26358] average evolution speed = 5.459092907 code units/h
[Level 3 step 26358] Advanced 4096000 cells
[Level 2 step 13180] ADVANCE at time 32.9475 with dt = 0.0025
[Level 2 step 13180] average evolution speed = 5.459166349 code units/h
[Level 2 step 13180] Advanced 4096000 cells
[Level 3 step 26359] ADVANCE at time 32.9475 with dt = 0.00125
[Level 3 step 26359] average evolution speed = 5.459071089 code units/h
[Level 3 step 26359] Advanced 4096000 cells
[Level 3 step 26360] ADVANCE at time 32.94875 with dt = 0.00125
[Level 3 step 26360] average evolution speed = 5.459192144 code units/h
[Level 3 step 26360] Advanced 4096000 cells

[STEP 3295] Coarse TimeStep time: 6.476925864
[STEP 3295] FAB kilobyte spread across MPI nodes: [17299254 ... 17299254]

STEP = 3295 TIME = 32.95 DT = 0.01

[Level 0 step 3296] ADVANCE at time 32.95 with dt = 0.01
[Level 0 step 3296] average evolution speed = 5.459185379 code units/h
[Level 0 step 3296] Advanced 2097152 cells
[Level 1 step 6591] ADVANCE at time 32.95 with dt = 0.005
[Level 1 step 6591] average evolution speed = 5.458962624 code units/h
[Level 1 step 6591] Advanced 3686400 cells
[Level 2 step 13181] ADVANCE at time 32.95 with dt = 0.0025
[Level 2 step 13181] average evolution speed = 5.458855347 code units/h
[Level 2 step 13181] Advanced 4096000 cells
[Level 3 step 26361] ADVANCE at time 32.95 with dt = 0.00125
[Level 3 step 26361] average evolution speed = 5.458769296 code units/h
[Level 3 step 26361] Advanced 4096000 cells
[Level 3 step 26362] ADVANCE at time 32.95125 with dt = 0.00125
[Level 3 step 26362] average evolution speed = 5.458894685 code units/h
[Level 3 step 26362] Advanced 4096000 cells
[Level 2 step 13182] ADVANCE at time 32.9525 with dt = 0.0025
[Level 2 step 13182] average evolution speed = 5.458999609 code units/h
[Level 2 step 13182] Advanced 4096000 cells
[Level 3 step 26363] ADVANCE at time 32.9525 with dt = 0.00125
[Level 3 step 26363] average evolution speed = 5.458944683 code units/h
[Level 3 step 26363] Advanced 4096000 cells
[Level 3 step 26364] ADVANCE at time 32.95375 with dt = 0.00125
[Level 3 step 26364] average evolution speed = 5.459082799 code units/h
[Level 3 step 26364] Advanced 4096000 cells
[Level 1 step 6592] ADVANCE at time 32.955 with dt = 0.005
[Level 1 step 6592] average evolution speed = 5.459168689 code units/h
[Level 1 step 6592] Advanced 3686400 cells
[Level 2 step 13183] ADVANCE at time 32.955 with dt = 0.0025
[Level 2 step 13183] average evolution speed = 5.459084655 code units/h
[Level 2 step 13183] Advanced 4096000 cells
[Level 3 step 26365] ADVANCE at time 32.955 with dt = 0.00125
[Level 3 step 26365] average evolution speed = 5.45898516 code units/h
[Level 3 step 26365] Advanced 4096000 cells
[Level 3 step 26366] ADVANCE at time 32.95625 with dt = 0.00125
[Level 3 step 26366] average evolution speed = 5.459084328 code units/h
[Level 3 step 26366] Advanced 4096000 cells
[Level 2 step 13184] ADVANCE at time 32.9575 with dt = 0.0025
[Level 2 step 13184] average evolution speed = 5.459162879 code units/h
[Level 2 step 13184] Advanced 4096000 cells
[Level 3 step 26367] ADVANCE at time 32.9575 with dt = 0.00125
[Level 3 step 26367] average evolution speed = 5.45907494 code units/h
[Level 3 step 26367] Advanced 4096000 cells
[Level 3 step 26368] ADVANCE at time 32.95875 with dt = 0.00125
[Level 3 step 26368] average evolution speed = 5.459188019 code units/h
[Level 3 step 26368] Advanced 4096000 cells

[STEP 3296] Coarse TimeStep time: 6.617035138
[STEP 3296] FAB kilobyte spread across MPI nodes: [17299254 ... 17299254]

STEP = 3296 TIME = 32.96 DT = 0.01

Now regridding at level lbase = 0
grid_places() time: 0.294853744 new finest: 3
STEP = 3296 TIME = 32.96 : REGRID  with lbase = 0
  Level 1   125 grids  3686400 cells  21.97265625 % of domain
            smallest grid: 32 x 16 x 32  biggest grid: 32 x 32 x 32
  Level 2   125 grids  4096000 cells  3.051757812 % of domain
            smallest grid: 32 x 32 x 32  biggest grid: 32 x 32 x 32
  Level 3   125 grids  4096000 cells  0.3814697266 % of domain
            smallest grid: 32 x 32 x 32  biggest grid: 32 x 32 x 32

[Level 0 step 3297] ADVANCE at time 32.96 with dt = 0.01
[Level 0 step 3297] average evolution speed = 5.459092993 code units/h
[Level 0 step 3297] Advanced 2097152 cells
[Level 1 step 6593] ADVANCE at time 32.96 with dt = 0.005
[Level 1 step 6593] average evolution speed = 5.458866372 code units/h
[Level 1 step 6593] Advanced 3686400 cells
[Level 2 step 13185] ADVANCE at time 32.96 with dt = 0.0025
[Level 2 step 13185] average evolution speed = 5.458796403 code units/h
[Level 2 step 13185] Advanced 4096000 cells
[Level 3 step 26369] ADVANCE at time 32.96 with dt = 0.00125
[Level 3 step 26369] average evolution speed = 5.458715645 code units/h
[Level 3 step 26369] Advanced 4096000 cells
[Level 3 step 26370] ADVANCE at time 32.96125 with dt = 0.00125
[Level 3 step 26370] average evolution speed = 5.458836045 code units/h
[Level 3 step 26370] Advanced 4096000 cells
[Level 2 step 13186] ADVANCE at time 32.9625 with dt = 0.0025
[Level 2 step 13186] average evolution speed = 5.458971549 code units/h
[Level 2 step 13186] Advanced 4096000 cells
[Level 3 step 26371] ADVANCE at time 32.9625 with dt = 0.00125
[Level 3 step 26371] average evolution speed = 5.458894969 code units/h
[Level 3 step 26371] Advanced 4096000 cells
[Level 3 step 26372] ADVANCE at time 32.96375 with dt = 0.00125
[Level 3 step 26372] average evolution speed = 5.459017361 code units/h
[Level 3 step 26372] Advanced 4096000 cells
[Level 1 step 6594] ADVANCE at time 32.965 with dt = 0.005
[Level 1 step 6594] average evolution speed = 5.459108572 code units/h
[Level 1 step 6594] Advanced 3686400 cells
[Level 2 step 13187] ADVANCE at time 32.965 with dt = 0.0025
[Level 2 step 13187] average evolution speed = 5.459017406 code units/h
[Level 2 step 13187] Advanced 4096000 cells
[Level 3 step 26373] ADVANCE at time 32.965 with dt = 0.00125
[Level 3 step 26373] average evolution speed = 5.458909726 code units/h
[Level 3 step 26373] Advanced 4096000 cells
[Level 3 step 26374] ADVANCE at time 32.96625 with dt = 0.00125
[Level 3 step 26374] average evolution speed = 5.459008085 code units/h
[Level 3 step 26374] Advanced 4096000 cells
[Level 2 step 13188] ADVANCE at time 32.9675 with dt = 0.0025
[Level 2 step 13188] average evolution speed = 5.459110459 code units/h
[Level 2 step 13188] Advanced 4096000 cells
[Level 3 step 26375] ADVANCE at time 32.9675 with dt = 0.00125
[Level 3 step 26375] average evolution speed = 5.459006205 code units/h
[Level 3 step 26375] Advanced 4096000 cells
[Level 3 step 26376] ADVANCE at time 32.96875 with dt = 0.00125
[Level 3 step 26376] average evolution speed = 5.459103124 code units/h
[Level 3 step 26376] Advanced 4096000 cells

[STEP 3297] Coarse TimeStep time: 6.92635277
[STEP 3297] FAB kilobyte spread across MPI nodes: [17299254 ... 17299254]

STEP = 3297 TIME = 32.97 DT = 0.01

[Level 0 step 3298] ADVANCE at time 32.97 with dt = 0.01
[Level 0 step 3298] average evolution speed = 5.45909633 code units/h
[Level 0 step 3298] Advanced 2097152 cells
[Level 1 step 6595] ADVANCE at time 32.97 with dt = 0.005
[Level 1 step 6595] average evolution speed = 5.45887779 code units/h
[Level 1 step 6595] Advanced 3686400 cells
[Level 2 step 13189] ADVANCE at time 32.97 with dt = 0.0025
[Level 2 step 13189] average evolution speed = 5.458808399 code units/h
[Level 2 step 13189] Advanced 4096000 cells
[Level 3 step 26377] ADVANCE at time 32.97 with dt = 0.00125
[Level 3 step 26377] average evolution speed = 5.458729274 code units/h
[Level 3 step 26377] Advanced 4096000 cells
[Level 3 step 26378] ADVANCE at time 32.97125 with dt = 0.00125
[Level 3 step 26378] average evolution speed = 5.458856121 code units/h
[Level 3 step 26378] Advanced 4096000 cells
[Level 2 step 13190] ADVANCE at time 32.9725 with dt = 0.0025
[Level 2 step 13190] average evolution speed = 5.458985004 code units/h
[Level 2 step 13190] Advanced 4096000 cells
[Level 3 step 26379] ADVANCE at time 32.9725 with dt = 0.00125
[Level 3 step 26379] average evolution speed = 5.458927497 code units/h
[Level 3 step 26379] Advanced 4096000 cells
[Level 3 step 26380] ADVANCE at time 32.97375 with dt = 0.00125
[Level 3 step 26380] average evolution speed = 5.459056172 code units/h
[Level 3 step 26380] Advanced 4096000 cells
[Level 1 step 6596] ADVANCE at time 32.975 with dt = 0.005
[Level 1 step 6596] average evolution speed = 5.459148356 code units/h
[Level 1 step 6596] Advanced 3686400 cells
[Level 2 step 13191] ADVANCE at time 32.975 with dt = 0.0025
[Level 2 step 13191] average evolution speed = 5.459070857 code units/h
