[Level 0 step 4398] ADVANCE at time 43.97 with dt = 0.01
[Level 0 step 4398] average evolution speed = 13.22744291 code units/h
[Level 0 step 4398] Advanced 2097152 cells
[Level 1 step 8795] ADVANCE at time 43.97 with dt = 0.005
[Level 1 step 8795] average evolution speed = 13.22734114 code units/h
[Level 1 step 8795] Advanced 4096000 cells
[Level 2 step 17589] ADVANCE at time 43.97 with dt = 0.0025
[Level 2 step 17589] average evolution speed = 13.22720249 code units/h
[Level 2 step 17589] Advanced 4096000 cells
[Level 3 step 35177] ADVANCE at time 43.97 with dt = 0.00125
[Level 3 step 35177] average evolution speed = 13.22706348 code units/h
[Level 3 step 35177] Advanced 4096000 cells
[Level 3 step 35178] ADVANCE at time 43.97125 with dt = 0.00125
[Level 3 step 35178] average evolution speed = 13.22729987 code units/h
[Level 3 step 35178] Advanced 4096000 cells
[Level 2 step 17590] ADVANCE at time 43.9725 with dt = 0.0025
[Level 2 step 17590] average evolution speed = 13.2275284 code units/h
[Level 2 step 17590] Advanced 4096000 cells
[Level 3 step 35179] ADVANCE at time 43.9725 with dt = 0.00125
[Level 3 step 35179] average evolution speed = 13.22739041 code units/h
[Level 3 step 35179] Advanced 4096000 cells
[Level 3 step 35180] ADVANCE at time 43.97375 with dt = 0.00125
[Level 3 step 35180] average evolution speed = 13.22762707 code units/h
[Level 3 step 35180] Advanced 4096000 cells
[Level 1 step 8796] ADVANCE at time 43.975 with dt = 0.005
[Level 1 step 8796] average evolution speed = 13.22784726 code units/h
[Level 1 step 8796] Advanced 4096000 cells
[Level 2 step 17591] ADVANCE at time 43.975 with dt = 0.0025
[Level 2 step 17591] average evolution speed = 13.22770936 code units/h
[Level 2 step 17591] Advanced 4096000 cells
[Level 3 step 35181] ADVANCE at time 43.975 with dt = 0.00125
[Level 3 step 35181] average evolution speed = 13.22757092 code units/h
[Level 3 step 35181] Advanced 4096000 cells
[Level 3 step 35182] ADVANCE at time 43.97625 with dt = 0.00125
[Level 3 step 35182] average evolution speed = 13.22780753 code units/h
[Level 3 step 35182] Advanced 4096000 cells
[Level 2 step 17592] ADVANCE at time 43.9775 with dt = 0.0025
[Level 2 step 17592] average evolution speed = 13.22803612 code units/h
[Level 2 step 17592] Advanced 4096000 cells
[Level 3 step 35183] ADVANCE at time 43.9775 with dt = 0.00125
[Level 3 step 35183] average evolution speed = 13.22789811 code units/h
[Level 3 step 35183] Advanced 4096000 cells
[Level 3 step 35184] ADVANCE at time 43.97875 with dt = 0.00125
[Level 3 step 35184] average evolution speed = 13.22813465 code units/h
[Level 3 step 35184] Advanced 4096000 cells

[STEP 4398] Coarse TimeStep time: 1.934487546
[STEP 4398] FAB kilobyte spread across MPI nodes: [30080106 ... 30080106]

STEP = 4398 TIME = 43.98 DT = 0.01

[Level 0 step 4399] ADVANCE at time 43.98 with dt = 0.01
[Level 0 step 4399] average evolution speed = 13.22831278 code units/h
[Level 0 step 4399] Advanced 2097152 cells
[Level 1 step 8797] ADVANCE at time 43.98 with dt = 0.005
[Level 1 step 8797] average evolution speed = 13.22820944 code units/h
[Level 1 step 8797] Advanced 4096000 cells
[Level 2 step 17593] ADVANCE at time 43.98 with dt = 0.0025
[Level 2 step 17593] average evolution speed = 13.22807104 code units/h
[Level 2 step 17593] Advanced 4096000 cells
[Level 3 step 35185] ADVANCE at time 43.98 with dt = 0.00125
[Level 3 step 35185] average evolution speed = 13.22793239 code units/h
[Level 3 step 35185] Advanced 4096000 cells
[Level 3 step 35186] ADVANCE at time 43.98125 with dt = 0.00125
[Level 3 step 35186] average evolution speed = 13.22816908 code units/h
[Level 3 step 35186] Advanced 4096000 cells
[Level 2 step 17594] ADVANCE at time 43.9825 with dt = 0.0025
[Level 2 step 17594] average evolution speed = 13.22839757 code units/h
[Level 2 step 17594] Advanced 4096000 cells
[Level 3 step 35187] ADVANCE at time 43.9825 with dt = 0.00125
[Level 3 step 35187] average evolution speed = 13.22825952 code units/h
[Level 3 step 35187] Advanced 4096000 cells
[Level 3 step 35188] ADVANCE at time 43.98375 with dt = 0.00125
[Level 3 step 35188] average evolution speed = 13.22849601 code units/h
[Level 3 step 35188] Advanced 4096000 cells
[Level 1 step 8798] ADVANCE at time 43.985 with dt = 0.005
[Level 1 step 8798] average evolution speed = 13.22871614 code units/h
[Level 1 step 8798] Advanced 4096000 cells
[Level 2 step 17595] ADVANCE at time 43.985 with dt = 0.0025
[Level 2 step 17595] average evolution speed = 13.22857828 code units/h
[Level 2 step 17595] Advanced 4096000 cells
[Level 3 step 35189] ADVANCE at time 43.985 with dt = 0.00125
[Level 3 step 35189] average evolution speed = 13.22843988 code units/h
[Level 3 step 35189] Advanced 4096000 cells
[Level 3 step 35190] ADVANCE at time 43.98625 with dt = 0.00125
[Level 3 step 35190] average evolution speed = 13.22867643 code units/h
[Level 3 step 35190] Advanced 4096000 cells
[Level 2 step 17596] ADVANCE at time 43.9875 with dt = 0.0025
[Level 2 step 17596] average evolution speed = 13.22890494 code units/h
[Level 2 step 17596] Advanced 4096000 cells
[Level 3 step 35191] ADVANCE at time 43.9875 with dt = 0.00125
[Level 3 step 35191] average evolution speed = 13.22876682 code units/h
[Level 3 step 35191] Advanced 4096000 cells
[Level 3 step 35192] ADVANCE at time 43.98875 with dt = 0.00125
[Level 3 step 35192] average evolution speed = 13.22900337 code units/h
[Level 3 step 35192] Advanced 4096000 cells

[STEP 4399] Coarse TimeStep time: 1.932655931
[STEP 4399] FAB kilobyte spread across MPI nodes: [30080106 ... 30080106]

STEP = 4399 TIME = 43.99 DT = 0.01

[Level 0 step 4400] ADVANCE at time 43.99 with dt = 0.01
[Level 0 step 4400] average evolution speed = 13.2291844 code units/h
[Level 0 step 4400] Advanced 2097152 cells
[Level 1 step 8799] ADVANCE at time 43.99 with dt = 0.005
[Level 1 step 8799] average evolution speed = 13.22908829 code units/h
[Level 1 step 8799] Advanced 4096000 cells
[Level 2 step 17597] ADVANCE at time 43.99 with dt = 0.0025
[Level 2 step 17597] average evolution speed = 13.22895 code units/h
[Level 2 step 17597] Advanced 4096000 cells
[Level 3 step 35193] ADVANCE at time 43.99 with dt = 0.00125
[Level 3 step 35193] average evolution speed = 13.22881165 code units/h
[Level 3 step 35193] Advanced 4096000 cells
[Level 3 step 35194] ADVANCE at time 43.99125 with dt = 0.00125
[Level 3 step 35194] average evolution speed = 13.22904805 code units/h
[Level 3 step 35194] Advanced 4096000 cells
[Level 2 step 17598] ADVANCE at time 43.9925 with dt = 0.0025
[Level 2 step 17598] average evolution speed = 13.22927664 code units/h
[Level 2 step 17598] Advanced 4096000 cells
[Level 3 step 35195] ADVANCE at time 43.9925 with dt = 0.00125
[Level 3 step 35195] average evolution speed = 13.2291385 code units/h
[Level 3 step 35195] Advanced 4096000 cells
[Level 3 step 35196] ADVANCE at time 43.99375 with dt = 0.00125
[Level 3 step 35196] average evolution speed = 13.22937488 code units/h
[Level 3 step 35196] Advanced 4096000 cells
[Level 1 step 8800] ADVANCE at time 43.995 with dt = 0.005
[Level 1 step 8800] average evolution speed = 13.22959483 code units/h
[Level 1 step 8800] Advanced 4096000 cells
[Level 2 step 17599] ADVANCE at time 43.995 with dt = 0.0025
[Level 2 step 17599] average evolution speed = 13.22945693 code units/h
[Level 2 step 17599] Advanced 4096000 cells
[Level 3 step 35197] ADVANCE at time 43.995 with dt = 0.00125
[Level 3 step 35197] average evolution speed = 13.22931851 code units/h
[Level 3 step 35197] Advanced 4096000 cells
[Level 3 step 35198] ADVANCE at time 43.99625 with dt = 0.00125
[Level 3 step 35198] average evolution speed = 13.22955484 code units/h
[Level 3 step 35198] Advanced 4096000 cells
[Level 2 step 17600] ADVANCE at time 43.9975 with dt = 0.0025
[Level 2 step 17600] average evolution speed = 13.22978329 code units/h
[Level 2 step 17600] Advanced 4096000 cells
[Level 3 step 35199] ADVANCE at time 43.9975 with dt = 0.00125
[Level 3 step 35199] average evolution speed = 13.22964531 code units/h
[Level 3 step 35199] Advanced 4096000 cells
[Level 3 step 35200] ADVANCE at time 43.99875 with dt = 0.00125
[Level 3 step 35200] average evolution speed = 13.22988189 code units/h
[Level 3 step 35200] Advanced 4096000 cells

[STEP 4400] Coarse TimeStep time: 1.92723736
[STEP 4400] FAB kilobyte spread across MPI nodes: [30080106 ... 30080106]

STEP = 4400 TIME = 44 DT = 0.01

PLOTFILE: file = /tmp/grteclyn_scratch/merge_headon_flip_d12/BinaryWormholePlt04400
Write plotfile time = 0.588757904  seconds

Now regridding at level lbase = 0
grid_places() time: 0.016302228 new finest: 3
STEP = 4400 TIME = 44 : REGRID  with lbase = 0
  Level 1   125 grids  4096000 cells  24.4140625 % of domain
            smallest grid: 32 x 32 x 32  biggest grid: 32 x 32 x 32
  Level 2   125 grids  4096000 cells  3.051757812 % of domain
            smallest grid: 32 x 32 x 32  biggest grid: 32 x 32 x 32
  Level 3   125 grids  4096000 cells  0.3814697266 % of domain
            smallest grid: 32 x 32 x 32  biggest grid: 32 x 32 x 32

[Level 0 step 4401] ADVANCE at time 44 with dt = 0.01
[Level 0 step 4401] average evolution speed = 13.22938628 code units/h
[Level 0 step 4401] Advanced 2097152 cells
[Level 1 step 8801] ADVANCE at time 44 with dt = 0.005
[Level 1 step 8801] average evolution speed = 13.22928362 code units/h
[Level 1 step 8801] Advanced 4096000 cells
[Level 2 step 17601] ADVANCE at time 44 with dt = 0.0025
[Level 2 step 17601] average evolution speed = 13.22914533 code units/h
[Level 2 step 17601] Advanced 4096000 cells
[Level 3 step 35201] ADVANCE at time 44 with dt = 0.00125
[Level 3 step 35201] average evolution speed = 13.22900663 code units/h
[Level 3 step 35201] Advanced 4096000 cells
[Level 3 step 35202] ADVANCE at time 44.00125 with dt = 0.00125
[Level 3 step 35202] average evolution speed = 13.22924249 code units/h
[Level 3 step 35202] Advanced 4096000 cells
[Level 2 step 17602] ADVANCE at time 44.0025 with dt = 0.0025
[Level 2 step 17602] average evolution speed = 13.22947039 code units/h
[Level 2 step 17602] Advanced 4096000 cells
[Level 3 step 35203] ADVANCE at time 44.0025 with dt = 0.00125
[Level 3 step 35203] average evolution speed = 13.22933195 code units/h
[Level 3 step 35203] Advanced 4096000 cells
NaN diagnostic: rank=0 level=3 component=1 name=h11
amrex::Abort::0::NaN in GRAMRLevel::post_timestep !!!
SIGABRT
See Backtrace.0 file for details
--------------------------------------------------------------------------
MPI_ABORT was invoked on rank 0 in communicator MPI_COMM_WORLD
  Proc: [[27030,0],0]
  Errorcode: 6

NOTE: invoking MPI_ABORT causes Open MPI to kill all MPI processes.
You may or may not see output from other processes, depending on
exactly when Open MPI kills them.
--------------------------------------------------------------------------
