[Level 3 step 53585] Advanced 7077888 cells
[Level 3 step 53586] ADVANCE at time 53.585 with dt = 0.001
[Level 3 step 53586] average evolution speed = 6.161822737 code units/h
[Level 3 step 53586] Advanced 7077888 cells
[Level 2 step 26794] ADVANCE at time 53.586 with dt = 0.002
[Level 2 step 26794] average evolution speed = 6.161893027 code units/h
[Level 2 step 26794] Advanced 7077888 cells
[Level 3 step 53587] ADVANCE at time 53.586 with dt = 0.001
[Level 3 step 53587] average evolution speed = 6.161850917 code units/h
[Level 3 step 53587] Advanced 7077888 cells
[Level 3 step 53588] ADVANCE at time 53.587 with dt = 0.001
[Level 3 step 53588] average evolution speed = 6.161923629 code units/h
[Level 3 step 53588] Advanced 7077888 cells
[Level 1 step 13398] ADVANCE at time 53.588 with dt = 0.004
[Level 1 step 13398] average evolution speed = 6.161991002 code units/h
[Level 1 step 13398] Advanced 7077888 cells
[Level 2 step 26795] ADVANCE at time 53.588 with dt = 0.002
[Level 2 step 26795] average evolution speed = 6.161949041 code units/h
[Level 2 step 26795] Advanced 7077888 cells
[Level 3 step 53589] ADVANCE at time 53.588 with dt = 0.001
[Level 3 step 53589] average evolution speed = 6.161906918 code units/h
[Level 3 step 53589] Advanced 7077888 cells
[Level 3 step 53590] ADVANCE at time 53.589 with dt = 0.001
[Level 3 step 53590] average evolution speed = 6.161979677 code units/h
[Level 3 step 53590] Advanced 7077888 cells
[Level 2 step 26796] ADVANCE at time 53.59 with dt = 0.002
[Level 2 step 26796] average evolution speed = 6.162049908 code units/h
[Level 2 step 26796] Advanced 7077888 cells
[Level 3 step 53591] ADVANCE at time 53.59 with dt = 0.001
[Level 3 step 53591] average evolution speed = 6.162007848 code units/h
[Level 3 step 53591] Advanced 7077888 cells
[Level 3 step 53592] ADVANCE at time 53.591 with dt = 0.001
[Level 3 step 53592] average evolution speed = 6.162080606 code units/h
[Level 3 step 53592] Advanced 7077888 cells

[STEP 6699] Coarse TimeStep time: 3.280536284
[STEP 6699] FAB kilobyte spread across MPI nodes: [52414605 ... 52414605]

STEP = 6699 TIME = 53.592 DT = 0.008

[Level 0 step 6700] ADVANCE at time 53.592 with dt = 0.008
[Level 0 step 6700] average evolution speed = 6.162137679 code units/h
[Level 0 step 6700] Advanced 4096000 cells
[Level 1 step 13399] ADVANCE at time 53.592 with dt = 0.004
[Level 1 step 13399] average evolution speed = 6.162108092 code units/h
[Level 1 step 13399] Advanced 7077888 cells
[Level 2 step 26797] ADVANCE at time 53.592 with dt = 0.002
[Level 2 step 26797] average evolution speed = 6.162066081 code units/h
[Level 2 step 26797] Advanced 7077888 cells
[Level 3 step 53593] ADVANCE at time 53.592 with dt = 0.001
[Level 3 step 53593] average evolution speed = 6.162023955 code units/h
[Level 3 step 53593] Advanced 7077888 cells
[Level 3 step 53594] ADVANCE at time 53.593 with dt = 0.001
[Level 3 step 53594] average evolution speed = 6.162096711 code units/h
[Level 3 step 53594] Advanced 7077888 cells
[Level 2 step 26798] ADVANCE at time 53.594 with dt = 0.002
[Level 2 step 26798] average evolution speed = 6.162167021 code units/h
[Level 2 step 26798] Advanced 7077888 cells
[Level 3 step 53595] ADVANCE at time 53.594 with dt = 0.001
[Level 3 step 53595] average evolution speed = 6.162124966 code units/h
[Level 3 step 53595] Advanced 7077888 cells
[Level 3 step 53596] ADVANCE at time 53.595 with dt = 0.001
[Level 3 step 53596] average evolution speed = 6.162197777 code units/h
[Level 3 step 53596] Advanced 7077888 cells
[Level 1 step 13400] ADVANCE at time 53.596 with dt = 0.004
[Level 1 step 13400] average evolution speed = 6.162265553 code units/h
[Level 1 step 13400] Advanced 7077888 cells
[Level 2 step 26799] ADVANCE at time 53.596 with dt = 0.002
[Level 2 step 26799] average evolution speed = 6.162223623 code units/h
[Level 2 step 26799] Advanced 7077888 cells
[Level 3 step 53597] ADVANCE at time 53.596 with dt = 0.001
[Level 3 step 53597] average evolution speed = 6.162181524 code units/h
[Level 3 step 53597] Advanced 7077888 cells
[Level 3 step 53598] ADVANCE at time 53.597 with dt = 0.001
[Level 3 step 53598] average evolution speed = 6.162254328 code units/h
[Level 3 step 53598] Advanced 7077888 cells
[Level 2 step 26800] ADVANCE at time 53.598 with dt = 0.002
[Level 2 step 26800] average evolution speed = 6.16232461 code units/h
[Level 2 step 26800] Advanced 7077888 cells
[Level 3 step 53599] ADVANCE at time 53.598 with dt = 0.001
[Level 3 step 53599] average evolution speed = 6.162282541 code units/h
[Level 3 step 53599] Advanced 7077888 cells
[Level 3 step 53600] ADVANCE at time 53.599 with dt = 0.001
[Level 3 step 53600] average evolution speed = 6.162355338 code units/h
[Level 3 step 53600] Advanced 7077888 cells

[STEP 6700] Coarse TimeStep time: 3.278826855
[STEP 6700] FAB kilobyte spread across MPI nodes: [52414605 ... 52414605]

STEP = 6700 TIME = 53.6 DT = 0.008

PLOTFILE: file = /tmp/grteclyn_scratch/merge_orbit_flip_d12_n160/BinaryWormholePlt06700
Write plotfile time = 0.990661338  seconds

Now regridding at level lbase = 2
grid_places() time: 0.009337583 new finest: 3
TIME = 53.6 : REGRID  with lbase = 2
  Level 3   216 grids  7077888 cells  0.3375 % of domain
            smallest grid: 32 x 32 x 32  biggest grid: 32 x 32 x 32

[Level 0 step 6701] ADVANCE at time 53.6 with dt = 0.008
[Level 0 step 6701] average evolution speed = 6.162214663 code units/h
[Level 0 step 6701] Advanced 4096000 cells
[Level 1 step 13401] ADVANCE at time 53.6 with dt = 0.004
[Level 1 step 13401] average evolution speed = 6.162185249 code units/h
[Level 1 step 13401] Advanced 7077888 cells
[Level 2 step 26801] ADVANCE at time 53.6 with dt = 0.002
[Level 2 step 26801] average evolution speed = 6.162143364 code units/h
[Level 2 step 26801] Advanced 7077888 cells
[Level 3 step 53601] ADVANCE at time 53.6 with dt = 0.001
[Level 3 step 53601] average evolution speed = 6.162101262 code units/h
[Level 3 step 53601] Advanced 7077888 cells
[Level 3 step 53602] ADVANCE at time 53.601 with dt = 0.001
[Level 3 step 53602] average evolution speed = 6.162173843 code units/h
[Level 3 step 53602] Advanced 7077888 cells
[Level 2 step 26802] ADVANCE at time 53.602 with dt = 0.002
[Level 2 step 26802] average evolution speed = 6.162243724 code units/h
[Level 2 step 26802] Advanced 7077888 cells
[Level 3 step 53603] ADVANCE at time 53.602 with dt = 0.001
[Level 3 step 53603] average evolution speed = 6.162201497 code units/h
[Level 3 step 53603] Advanced 7077888 cells
[Level 3 step 53604] ADVANCE at time 53.603 with dt = 0.001
[Level 3 step 53604] average evolution speed = 6.162274183 code units/h
[Level 3 step 53604] Advanced 7077888 cells
[Level 1 step 13402] ADVANCE at time 53.604 with dt = 0.004
[Level 1 step 13402] average evolution speed = 6.162341837 code units/h
[Level 1 step 13402] Advanced 7077888 cells
[Level 2 step 26803] ADVANCE at time 53.604 with dt = 0.002
[Level 2 step 26803] average evolution speed = 6.162299882 code units/h
[Level 2 step 26803] Advanced 7077888 cells
[Level 3 step 53605] ADVANCE at time 53.604 with dt = 0.001
[Level 3 step 53605] average evolution speed = 6.162257709 code units/h
[Level 3 step 53605] Advanced 7077888 cells
[Level 3 step 53606] ADVANCE at time 53.605 with dt = 0.001
[Level 3 step 53606] average evolution speed = 6.162330367 code units/h
[Level 3 step 53606] Advanced 7077888 cells
[Level 2 step 26804] ADVANCE at time 53.606 with dt = 0.002
[Level 2 step 26804] average evolution speed = 6.162400466 code units/h
[Level 2 step 26804] Advanced 7077888 cells
[Level 3 step 53607] ADVANCE at time 53.606 with dt = 0.001
[Level 3 step 53607] average evolution speed = 6.16235823 code units/h
[Level 3 step 53607] Advanced 7077888 cells
[Level 3 step 53608] ADVANCE at time 53.607 with dt = 0.001
[Level 3 step 53608] average evolution speed = 6.162430841 code units/h
[Level 3 step 53608] Advanced 7077888 cells

[STEP 6701] Coarse TimeStep time: 3.304619437
[STEP 6701] FAB kilobyte spread across MPI nodes: [52414605 ... 52414605]

STEP = 6701 TIME = 53.608 DT = 0.008

[Level 0 step 6702] ADVANCE at time 53.608 with dt = 0.008
[Level 0 step 6702] average evolution speed = 6.162486576 code units/h
[Level 0 step 6702] Advanced 4096000 cells
[Level 1 step 13403] ADVANCE at time 53.608 with dt = 0.004
[Level 1 step 13403] average evolution speed = 6.162455186 code units/h
[Level 1 step 13403] Advanced 7077888 cells
[Level 2 step 26805] ADVANCE at time 53.608 with dt = 0.002
[Level 2 step 26805] average evolution speed = 6.162413179 code units/h
[Level 2 step 26805] Advanced 7077888 cells
[Level 3 step 53609] ADVANCE at time 53.608 with dt = 0.001
[Level 3 step 53609] average evolution speed = 6.162370993 code units/h
[Level 3 step 53609] Advanced 7077888 cells
[Level 3 step 53610] ADVANCE at time 53.609 with dt = 0.001
[Level 3 step 53610] average evolution speed = 6.162443651 code units/h
[Level 3 step 53610] Advanced 7077888 cells
[Level 2 step 26806] ADVANCE at time 53.61 with dt = 0.002
[Level 2 step 26806] average evolution speed = 6.162513618 code units/h
[Level 2 step 26806] Advanced 7077888 cells
[Level 3 step 53611] ADVANCE at time 53.61 with dt = 0.001
[Level 3 step 53611] average evolution speed = 6.162471461 code units/h
[Level 3 step 53611] Advanced 7077888 cells
[Level 3 step 53612] ADVANCE at time 53.611 with dt = 0.001
[Level 3 step 53612] average evolution speed = 6.162544105 code units/h
[Level 3 step 53612] Advanced 7077888 cells
[Level 1 step 13404] ADVANCE at time 53.612 with dt = 0.004
[Level 1 step 13404] average evolution speed = 6.162611434 code units/h
[Level 1 step 13404] Advanced 7077888 cells
[Level 2 step 26807] ADVANCE at time 53.612 with dt = 0.002
[Level 2 step 26807] average evolution speed = 6.162569461 code units/h
[Level 2 step 26807] Advanced 7077888 cells
[Level 3 step 53613] ADVANCE at time 53.612 with dt = 0.001
[Level 3 step 53613] average evolution speed = 6.162527285 code units/h
[Level 3 step 53613] Advanced 7077888 cells
[Level 3 step 53614] ADVANCE at time 53.613 with dt = 0.001
[Level 3 step 53614] average evolution speed = 6.162599957 code units/h
[Level 3 step 53614] Advanced 7077888 cells
NaN diagnostic: rank=0 level=3 component=1 name=h11
amrex::Abort::0::NaN in GRAMRLevel::post_timestep !!!
SIGABRT
See Backtrace.0 file for details
--------------------------------------------------------------------------
MPI_ABORT was invoked on rank 0 in communicator MPI_COMM_WORLD
  Proc: [[65365,0],0]
  Errorcode: 6

NOTE: invoking MPI_ABORT causes Open MPI to kill all MPI processes.
You may or may not see output from other processes, depending on
exactly when Open MPI kills them.
--------------------------------------------------------------------------
