[Level 1 step 2994] Advanced 4915200 cells
[Level 2 step 5987] ADVANCE at time 14.965 with dt = 0.0025
[Level 2 step 5987] average evolution speed = 4.564120527 code units/h
[Level 2 step 5987] Advanced 5734400 cells
[Level 3 step 11973] ADVANCE at time 14.965 with dt = 0.00125
[Level 3 step 11973] average evolution speed = 4.56398604 code units/h
[Level 3 step 11973] Advanced 8192000 cells
[Level 3 step 11974] ADVANCE at time 14.96625 with dt = 0.00125
[Level 3 step 11974] average evolution speed = 4.564156571 code units/h
[Level 3 step 11974] Advanced 8192000 cells
[Level 2 step 5988] ADVANCE at time 14.9675 with dt = 0.0025
[Level 2 step 5988] average evolution speed = 4.564269012 code units/h
[Level 2 step 5988] Advanced 5734400 cells
[Level 3 step 11975] ADVANCE at time 14.9675 with dt = 0.00125
[Level 3 step 11975] average evolution speed = 4.564154375 code units/h
[Level 3 step 11975] Advanced 8192000 cells
[Level 3 step 11976] ADVANCE at time 14.96875 with dt = 0.00125
[Level 3 step 11976] average evolution speed = 4.564362314 code units/h
[Level 3 step 11976] Advanced 8192000 cells

[STEP 1497] Coarse TimeStep time: 7.406401945
[STEP 1497] FAB kilobyte spread across MPI nodes: [30080106 ... 30080106]

STEP = 1497 TIME = 14.97 DT = 0.01

[Level 0 step 1498] ADVANCE at time 14.97 with dt = 0.01
[Level 0 step 1498] average evolution speed = 4.564372764 code units/h
[Level 0 step 1498] Advanced 2097152 cells
[Level 1 step 2995] ADVANCE at time 14.97 with dt = 0.005
[Level 1 step 2995] average evolution speed = 4.564188386 code units/h
[Level 1 step 2995] Advanced 4915200 cells
[Level 2 step 5989] ADVANCE at time 14.97 with dt = 0.0025
[Level 2 step 5989] average evolution speed = 4.564037933 code units/h
[Level 2 step 5989] Advanced 5734400 cells
[Level 3 step 11977] ADVANCE at time 14.97 with dt = 0.00125
[Level 3 step 11977] average evolution speed = 4.56387208 code units/h
[Level 3 step 11977] Advanced 8192000 cells
[Level 3 step 11978] ADVANCE at time 14.97125 with dt = 0.00125
[Level 3 step 11978] average evolution speed = 4.564036914 code units/h
[Level 3 step 11978] Advanced 8192000 cells
[Level 2 step 5990] ADVANCE at time 14.9725 with dt = 0.0025
[Level 2 step 5990] average evolution speed = 4.564229298 code units/h
[Level 2 step 5990] Advanced 5734400 cells
[Level 3 step 11979] ADVANCE at time 14.9725 with dt = 0.00125
[Level 3 step 11979] average evolution speed = 4.564135389 code units/h
[Level 3 step 11979] Advanced 8192000 cells
[Level 3 step 11980] ADVANCE at time 14.97375 with dt = 0.00125
[Level 3 step 11980] average evolution speed = 4.564385378 code units/h
[Level 3 step 11980] Advanced 8192000 cells
[Level 1 step 2996] ADVANCE at time 14.975 with dt = 0.005
[Level 1 step 2996] average evolution speed = 4.564525721 code units/h
[Level 1 step 2996] Advanced 4915200 cells
[Level 2 step 5991] ADVANCE at time 14.975 with dt = 0.0025
[Level 2 step 5991] average evolution speed = 4.564390296 code units/h
[Level 2 step 5991] Advanced 5734400 cells
[Level 3 step 11981] ADVANCE at time 14.975 with dt = 0.00125
[Level 3 step 11981] average evolution speed = 4.564222667 code units/h
[Level 3 step 11981] Advanced 8192000 cells
[Level 3 step 11982] ADVANCE at time 14.97625 with dt = 0.00125
[Level 3 step 11982] average evolution speed = 4.564388543 code units/h
[Level 3 step 11982] Advanced 8192000 cells
[Level 2 step 5992] ADVANCE at time 14.9775 with dt = 0.0025
[Level 2 step 5992] average evolution speed = 4.564550983 code units/h
[Level 2 step 5992] Advanced 5734400 cells
[Level 3 step 11983] ADVANCE at time 14.9775 with dt = 0.00125
[Level 3 step 11983] average evolution speed = 4.564395068 code units/h
[Level 3 step 11983] Advanced 8192000 cells
[Level 3 step 11984] ADVANCE at time 14.97875 with dt = 0.00125
[Level 3 step 11984] average evolution speed = 4.564555405 code units/h
[Level 3 step 11984] Advanced 8192000 cells

[STEP 1498] Coarse TimeStep time: 7.278519574
[STEP 1498] FAB kilobyte spread across MPI nodes: [30080106 ... 30080106]

STEP = 1498 TIME = 14.98 DT = 0.01

[Level 0 step 1499] ADVANCE at time 14.98 with dt = 0.01
[Level 0 step 1499] average evolution speed = 4.564607899 code units/h
[Level 0 step 1499] Advanced 2097152 cells
[Level 1 step 2997] ADVANCE at time 14.98 with dt = 0.005
[Level 1 step 2997] average evolution speed = 4.564375153 code units/h
[Level 1 step 2997] Advanced 4915200 cells
[Level 2 step 5993] ADVANCE at time 14.98 with dt = 0.0025
[Level 2 step 5993] average evolution speed = 4.564217996 code units/h
[Level 2 step 5993] Advanced 5734400 cells
[Level 3 step 11985] ADVANCE at time 14.98 with dt = 0.00125
[Level 3 step 11985] average evolution speed = 4.564068529 code units/h
[Level 3 step 11985] Advanced 8192000 cells
[Level 3 step 11986] ADVANCE at time 14.98125 with dt = 0.00125
[Level 3 step 11986] average evolution speed = 4.564257693 code units/h
[Level 3 step 11986] Advanced 8192000 cells
[Level 2 step 5994] ADVANCE at time 14.9825 with dt = 0.0025
[Level 2 step 5994] average evolution speed = 4.564386393 code units/h
[Level 2 step 5994] Advanced 5734400 cells
[Level 3 step 11987] ADVANCE at time 14.9825 with dt = 0.00125
[Level 3 step 11987] average evolution speed = 4.564220237 code units/h
[Level 3 step 11987] Advanced 8192000 cells
[Level 3 step 11988] ADVANCE at time 14.98375 with dt = 0.00125
[Level 3 step 11988] average evolution speed = 4.564449825 code units/h
[Level 3 step 11988] Advanced 8192000 cells
[Level 1 step 2998] ADVANCE at time 14.985 with dt = 0.005
[Level 1 step 2998] average evolution speed = 4.564670437 code units/h
[Level 1 step 2998] Advanced 4915200 cells
[Level 2 step 5995] ADVANCE at time 14.985 with dt = 0.0025
[Level 2 step 5995] average evolution speed = 4.564584731 code units/h
[Level 2 step 5995] Advanced 5734400 cells
[Level 3 step 11989] ADVANCE at time 14.985 with dt = 0.00125
[Level 3 step 11989] average evolution speed = 4.564458969 code units/h
[Level 3 step 11989] Advanced 8192000 cells
[Level 3 step 11990] ADVANCE at time 14.98625 with dt = 0.00125
[Level 3 step 11990] average evolution speed = 4.564639323 code units/h
[Level 3 step 11990] Advanced 8192000 cells
[Level 2 step 5996] ADVANCE at time 14.9875 with dt = 0.0025
[Level 2 step 5996] average evolution speed = 4.564759288 code units/h
[Level 2 step 5996] Advanced 5734400 cells
[Level 3 step 11991] ADVANCE at time 14.9875 with dt = 0.00125
[Level 3 step 11991] average evolution speed = 4.564591184 code units/h
[Level 3 step 11991] Advanced 8192000 cells
[Level 3 step 11992] ADVANCE at time 14.98875 with dt = 0.00125
[Level 3 step 11992] average evolution speed = 4.564795535 code units/h
[Level 3 step 11992] Advanced 8192000 cells

[STEP 1499] Coarse TimeStep time: 7.398513761
[STEP 1499] FAB kilobyte spread across MPI nodes: [30080106 ... 30080106]

STEP = 1499 TIME = 14.99 DT = 0.01

[Level 0 step 1500] ADVANCE at time 14.99 with dt = 0.01
[Level 0 step 1500] average evolution speed = 4.564796411 code units/h
[Level 0 step 1500] Advanced 2097152 cells
[Level 1 step 2999] ADVANCE at time 14.99 with dt = 0.005
[Level 1 step 2999] average evolution speed = 4.564638817 code units/h
[Level 1 step 2999] Advanced 4915200 cells
[Level 2 step 5997] ADVANCE at time 14.99 with dt = 0.0025
[Level 2 step 5997] average evolution speed = 4.564504857 code units/h
[Level 2 step 5997] Advanced 5734400 cells
[Level 3 step 11993] ADVANCE at time 14.99 with dt = 0.00125
[Level 3 step 11993] average evolution speed = 4.564340964 code units/h
[Level 3 step 11993] Advanced 8192000 cells
[Level 3 step 11994] ADVANCE at time 14.99125 with dt = 0.00125
[Level 3 step 11994] average evolution speed = 4.564511466 code units/h
[Level 3 step 11994] Advanced 8192000 cells
[Level 2 step 5998] ADVANCE at time 14.9925 with dt = 0.0025
[Level 2 step 5998] average evolution speed = 4.564627736 code units/h
[Level 2 step 5998] Advanced 5734400 cells
[Level 3 step 11995] ADVANCE at time 14.9925 with dt = 0.00125
[Level 3 step 11995] average evolution speed = 4.564509192 code units/h
[Level 3 step 11995] Advanced 8192000 cells
[Level 3 step 11996] ADVANCE at time 14.99375 with dt = 0.00125
[Level 3 step 11996] average evolution speed = 4.564680166 code units/h
[Level 3 step 11996] Advanced 8192000 cells
[Level 1 step 3000] ADVANCE at time 14.995 with dt = 0.005
[Level 1 step 3000] average evolution speed = 4.564753923 code units/h
[Level 1 step 3000] Advanced 4915200 cells
[Level 2 step 5999] ADVANCE at time 14.995 with dt = 0.0025
[Level 2 step 5999] average evolution speed = 4.564659394 code units/h
[Level 2 step 5999] Advanced 5734400 cells
[Level 3 step 11997] ADVANCE at time 14.995 with dt = 0.00125
[Level 3 step 11997] average evolution speed = 4.56456848 code units/h
[Level 3 step 11997] Advanced 8192000 cells
[Level 3 step 11998] ADVANCE at time 14.99625 with dt = 0.00125
[Level 3 step 11998] average evolution speed = 4.56482268 code units/h
[Level 3 step 11998] Advanced 8192000 cells
[Level 2 step 6000] ADVANCE at time 14.9975 with dt = 0.0025
[Level 2 step 6000] average evolution speed = 4.565054073 code units/h
[Level 2 step 6000] Advanced 5734400 cells
[Level 3 step 11999] ADVANCE at time 14.9975 with dt = 0.00125
[Level 3 step 11999] average evolution speed = 4.564911892 code units/h
[Level 3 step 11999] Advanced 8192000 cells
[Level 3 step 12000] ADVANCE at time 14.99875 with dt = 0.00125
[Level 3 step 12000] average evolution speed = 4.565086854 code units/h
[Level 3 step 12000] Advanced 8192000 cells

[STEP 1500] Coarse TimeStep time: 7.153507328
[STEP 1500] FAB kilobyte spread across MPI nodes: [30080106 ... 30080106]

STEP = 1500 TIME = 15 DT = 0.01

CHECKPOINT: file = /tmp/grteclyn_scratch/ctrl_flip_d12_csm/BinaryWormholeChk01500
checkPoint() time = 27.74095144 secs.
[checkpoint_keep] removed /tmp/grteclyn_scratch/ctrl_flip_d12_csm/BinaryWormholeChk01000 (keeping newest 3)
PLOTFILE: file = /tmp/grteclyn_scratch/ctrl_flip_d12_csm/BinaryWormholePlt01500
Write plotfile time = 9.993198999  seconds

Stopped by user w/ checkpoint
Unused ParmParse Variables:
  [TOP]::hdf5_subpath(nvals = 1)  :: [hdf5]
  [TOP]::nonzero_asymptotic_values(nvals = 5)  :: [1.0, 1.0, 1.0, 1.0, 1.0]
  [TOP]::nonzero_asymptotic_vars(nvals = 5)  :: [chi, h11, h22, h33, lapse]
  [TOP]::write_extraction(nvals = 1)  :: [0]

Total GPU global memory (MB) spread across MPI: [81079 ... 81079]
Free  GPU global memory (MB) spread across MPI: [10620 ... 10620]
[The         Arena] max space (MB) allocated spread across MPI: [32567 ... 32567]
[The         Arena] max space (MB) used      spread across MPI: [29429 ... 29429]
[The Managed Arena] max space (MB) allocated spread across MPI: [8 ... 8]
[The Managed Arena] max space (MB) used      spread across MPI: [0 ... 0]
[The  Pinned Arena] max space (MB) allocated spread across MPI: [38 ... 38]
[The  Pinned Arena] max space (MB) used      spread across MPI: [16 ... 16]
AMReX (26.02-12-gd7da50458966) finalized
