Initializing AMReX (26.02-12-gd7da50458966)...
MPI initialized with 1 MPI processes
MPI initialized with thread support level 0
Initializing CUDA...
CUDA initialized with 1 device.
AMReX (26.02-12-gd7da50458966) initialized
GRTeclyn (5f988dbc) initialized
Parameter: verbosity not found in parameter file. It has been set to its default value = 0.
Parameter: num_ghosts not found in parameter file. It has been set to its default value = 3.
Parameter: tag_buffer_size not found in parameter file. It has been set to its default value = 3.
Parameter: grid_buffer_size not found in parameter file. It has been set to its default value = 8.
Parameter: fill_ratio not found in parameter file. It has been set to its default value = 0.7.
Using single regrid threshold.
Parameter: checkpoint_keep not found in parameter file. It has been set to its default value = 0.
Parameter: lapse_shock_kappa not found in parameter file. It has been set to its default value = 0.
Parameter: extraction_center not found in parameter file. It has been set to its default value = 32 32 32.
Parameter: wormhole_lapse_core_fraction not found in parameter file. It has been set to its default value = 0.3.
Parameter: wormhole_lapse_core_power not found in parameter file. It has been set to its default value = 8.
Parameter: wormhole_boost_velocity_A not found in parameter file. It has been set to its default value = 0 0 0.
Parameter: wormhole_boost_velocity_B not found in parameter file. It has been set to its default value = -0 -0 -0.
Parameter: wormhole_seed_amplitude_A not found in parameter file. It has been set to its default value = 0.
Parameter: wormhole_seed_amplitude_B not found in parameter file. It has been set to its default value = 0.
Parameter: wormhole_seed_width_A not found in parameter file. It has been set to its default value = 0.
Parameter: wormhole_seed_width_B not found in parameter file. It has been set to its default value = 0.
Parameter: wormhole_seed_l2_amplitude_A not found in parameter file. It has been set to its default value = 0.
Parameter: wormhole_seed_l2_amplitude_B not found in parameter file. It has been set to its default value = 0.
Parameter: wormhole_helfer_width not found in parameter file. It has been set to its default value = 0.
Parameter: wormhole_helfer_power not found in parameter file. It has been set to its default value = 2.
Parameter: constraint_solve_puncture_coefficient_A not found in parameter file. It has been set to its default value = 0.
Parameter: constraint_solve_puncture_coefficient_B not found in parameter file. It has been set to its default value = 0.
Parameter: constraint_solve_match_charge not found in parameter file. It has been set to its default value = 1.
Parameter: constraint_solve_match_tolerance not found in parameter file. It has been set to its default value = 1e-06.
Parameter: constraint_solve_match_max_iter not found in parameter file. It has been set to its default value = 10.
Parameter: constraint_solve_tolerance not found in parameter file. It has been set to its default value = 1e-10.
Parameter: constraint_solve_tolerance_abs not found in parameter file. It has been set to its default value = 0.
Parameter: constraint_solve_max_iter not found in parameter file. It has been set to its default value = 200.
Parameter: constraint_solve_max_newton not found in parameter file. It has been set to its default value = 30.
Parameter: constraint_solve_newton_tolerance not found in parameter file. It has been set to its default value = 1e-10.
Parameter: recipe_initial_data_file not found in parameter file. It has been set to its default value = .
Parameter: binary_diag_min_radius not found in parameter file. It has been set to its default value = 2.
Parameter: binary_diag_collapsed_lapse not found in parameter file. It has been set to its default value = 1e-06.
Parameter: binary_diag_collapsed_min_radius not found in parameter file. It has been set to its default value = 0.5.
Parameter: core_radial_profile not found in parameter file. It has been set to its default value = 0.
Parameter: core_profile_r_max not found in parameter file. It has been set to its default value = 2.
Parameter: core_profile_dr not found in parameter file. It has been set to its default value = 0.03125.
Parameter: core_profile_interval not found in parameter file. It has been set to its default value = 1.
Parameter: core_damping_lapse_start not found in parameter file. It has been set to its default value = 0.03.
Parameter: core_damping_lapse_full not found in parameter file. It has been set to its default value = 0.001.
Parameter: core_damping_tau not found in parameter file. It has been set to its default value = 0.25.
Parameter: core_damping_radius_start not found in parameter file. It has been set to its default value = 0.
Parameter: core_damping_radius_full not found in parameter file. It has been set to its default value = 0.
Parameter: core_damping_radius_from_time not found in parameter file. It has been set to its default value = 0.
Parameter: core_lapse_freeze not found in parameter file. It has been set to its default value = 0.
Parameter: core_freeze_radius_start not found in parameter file. It has been set to its default value = 0.
Parameter: core_freeze_radius_full not found in parameter file. It has been set to its default value = 0.
Parameter: core_freeze_from_time not found in parameter file. It has been set to its default value = 0.
Parameter: core_freeze_shift not found in parameter file. It has been set to its default value = 0.
Parameter: core_freeze_fill not found in parameter file. It has been set to its default value = 0.
Parameter: core_fill_radius_start not found in parameter file. It has been set to its default value = 0.
Parameter: core_fill_radius_full not found in parameter file. It has been set to its default value = 0.
Parameter: core_fill_from_time not found in parameter file. It has been set to its default value = 0.
Parameter: sponge_center not found in parameter file. It has been set to its default value = 32 32 32.
Parameter: tagging_center not found in parameter file. It has been set to its default value = 32 32 32.
Parameter: tagging_phi_weight not found in parameter file. It has been set to its default value = 0.
Parameter: tagging_K_weight not found in parameter file. It has been set to its default value = 0.
Parameter: rescale_det_h not found in parameter file. It has been set to its default value = 0.
Parameter: tagging_type = 2 warning: selects a geometric tagger (fixed or moving boxes), so regrid_threshold is ignored: refinement no longer responds to the solution at all.  Set tagging_L to control the boxes.!
Parameter: wormhole_support_ramp_start not found in parameter file. It has been set to its default value = -1.
Parameter: wormhole_support_ramp_duration not found in parameter file. It has been set to its default value = 5.
Parameter: wormhole_support_causal_speed not found in parameter file. It has been set to its default value = 0.
Parameter: wormhole_metric_type not found in parameter file. It has been set to its default value = 1.
Constraint solve: Newton 1, MLMG final residual 1.841914851e-11, max |w_new - w_old| = 0.001567844969
Constraint solve, far-side matching: start c = 2.16383684 2.16383684, max |M_far/M_iso - 1| = 0.0003301628143
Constraint solve: Newton 1, MLMG final residual 3.398573269e-11, max |w_new - w_old| = 0.001640939819
Constraint solve: Newton 1, MLMG final residual 1.325883847e-11, max |w_new - w_old| = 0.001558385375
Constraint solve: Newton 1, MLMG final residual 5.953752076e-12, max |w_new - w_old| = 0.002715814582
Constraint solve, far-side matching: pass 1, c = 2.162471222 2.162471222, max |M_far/M_iso - 1| = 1.451309961e-08
Constraint solve (Hamiltonian, t = 0): 1 Newton pass(es), last update 0.002715814582; far-side matching (mass and charge): 1 pass(es), 4 solves, max |M_far/M_iso - 1| = 1.451309961e-08
  puncture coefficient A 2.162471222 (superposed 2.16106963), B 2.162471222 (superposed 2.16106963)
  max |w| per level: 0.001880696285 0.002193028758 0.002368120861 0.002482119492
  M_ADM ~ 1.949813325 + 2 x 0.01200600309 = 1.973825331  (background mass + twice <r w> on the level-0 boundary; biased low by the Robin face)
  mouth A: c 2.162471222, coordinate scale 0.9721034769 (a 1.944206954, m 0.9721034769); d = -1.110693727 + w0 -0.001570196187 (level 3, r < 0.4860517385, 1904 cells)
    far-side mass -4.810477451 (1.000000015 x the isolated -4.810477381), far-side charge 3.034367982 (1 x 3.034367982); one-body drainhole a 1.999999936, m 0.999999986
  mouth B: c 2.162471222, coordinate scale 0.9721034769 (a 1.944206954, m 0.9721034769); d = -1.110693727 + w0 -0.001570196187 (level 3, r < 0.4860517384, 1904 cells)
    far-side mass -4.810477451 (1.000000015 x the isolated -4.810477381), far-side charge 3.034367982 (1 x 3.034367982); one-body drainhole a 1.999999936, m 0.999999986
  M_ADM = 2.108756316 (volume identity; tail 0.2829385536); one-body masses 1.999999972, M_ADM - their sum = 0.1087563437
[Level 0 step 1] average evolution speed = 0 code units/h
[Level 1 step 1] average evolution speed = 0 code units/h
[Level 2 step 1] average evolution speed = 0 code units/h
[Level 3 step 1] average evolution speed = 0 code units/h
[Level 3 step 2] average evolution speed = 3.458371846 code units/h
[Level 2 step 2] average evolution speed = 5.543537549 code units/h
[Level 3 step 3] average evolution speed = 4.512864597 code units/h
[Level 3 step 4] average evolution speed = 6.007753361 code units/h
[Level 1 step 2] average evolution speed = 7.093527234 code units/h
[Level 2 step 3] average evolution speed = 6.529950039 code units/h
[Level 3 step 5] average evolution speed = 5.801684341 code units/h
[Level 3 step 6] average evolution speed = 6.704305911 code units/h
[Level 2 step 4] average evolution speed = 7.451842248 code units/h
[Level 3 step 7] average evolution speed = 6.806838373 code units/h
[Level 3 step 8] average evolution speed = 7.465397684 code units/h
Unused ParmParse Variables:
  [TOP]::hdf5_subpath(nvals = 1)  :: [hdf5]
  [TOP]::nonzero_asymptotic_values(nvals = 5)  :: [1.0, 1.0, 1.0, 1.0, 1.0]
  [TOP]::nonzero_asymptotic_vars(nvals = 5)  :: [chi, h11, h22, h33, lapse]
  [TOP]::write_extraction(nvals = 1)  :: [0]

Total GPU global memory (MB) spread across MPI: [81079 ... 81079]
Free  GPU global memory (MB) spread across MPI: [41890 ... 41890]
[The         Arena] max space (MB) allocated spread across MPI: [37178 ... 37178]
[The         Arena] max space (MB) used      spread across MPI: [36666 ... 36666]
[The Managed Arena] max space (MB) allocated spread across MPI: [8 ... 8]
[The Managed Arena] max space (MB) used      spread across MPI: [0 ... 0]
[The  Pinned Arena] max space (MB) allocated spread across MPI: [24 ... 24]
[The  Pinned Arena] max space (MB) used      spread across MPI: [14 ... 14]
AMReX (26.02-12-gd7da50458966) finalized
